[0.053s] Invoking command in '/home/f1tenth/realsense_ws/build/realsense2_camera_msgs': CMAKE_PREFIX_PATH=${CMAKE_PREFIX_PATH}:/opt/ros/foxy /usr/bin/cmake --build /home/f1tenth/realsense_ws/build/realsense2_camera_msgs -- -j4 -l4
[0.274s] [  1%] Built target realsense2_camera_msgs__cpp
[0.283s] [ 12%] Built target realsense2_camera_msgs__rosidl_generator_c
[0.376s] [ 23%] Built target realsense2_camera_msgs__rosidl_typesupport_cpp
[0.382s] [ 34%] Built target realsense2_camera_msgs__rosidl_typesupport_introspection_cpp
[0.395s] [ 45%] Built target realsense2_camera_msgs__rosidl_typesupport_introspection_c
[0.401s] [ 56%] Built target realsense2_camera_msgs__rosidl_typesupport_fastrtps_cpp
[0.474s] [ 67%] Built target realsense2_camera_msgs__rosidl_typesupport_c
[0.512s] [ 78%] Built target realsense2_camera_msgs__rosidl_typesupport_fastrtps_c
[0.594s] [ 78%] Built target realsense2_camera_msgs
[0.676s] [ 80%] Built target realsense2_camera_msgs__py
[0.784s] [ 89%] Built target realsense2_camera_msgs__python
[0.893s] [ 96%] Built target realsense2_camera_msgs__rosidl_typesupport_fastrtps_c__pyext
[0.893s] [ 96%] Built target realsense2_camera_msgs__rosidl_typesupport_c__pyext
[0.894s] [100%] Built target realsense2_camera_msgs__rosidl_typesupport_introspection_c__pyext
[0.943s] Invoked command in '/home/f1tenth/realsense_ws/build/realsense2_camera_msgs' returned '0': CMAKE_PREFIX_PATH=${CMAKE_PREFIX_PATH}:/opt/ros/foxy /usr/bin/cmake --build /home/f1tenth/realsense_ws/build/realsense2_camera_msgs -- -j4 -l4
[1.000s] Invoking command in '/home/f1tenth/realsense_ws/build/realsense2_camera_msgs': CMAKE_PREFIX_PATH=${CMAKE_PREFIX_PATH}:/opt/ros/foxy /usr/bin/cmake --install /home/f1tenth/realsense_ws/build/realsense2_camera_msgs
[1.032s] -- Install configuration: ""
[1.034s] -- Up-to-date: /home/f1tenth/realsense_ws/install/realsense2_camera_msgs/share/ament_index/resource_index/rosidl_interfaces/realsense2_camera_msgs
[1.035s] -- Up-to-date: /home/f1tenth/realsense_ws/install/realsense2_camera_msgs/include/realsense2_camera_msgs
[1.036s] -- Up-to-date: /home/f1tenth/realsense_ws/install/realsense2_camera_msgs/include/realsense2_camera_msgs/msg
[1.037s] -- Up-to-date: /home/f1tenth/realsense_ws/install/realsense2_camera_msgs/include/realsense2_camera_msgs/msg/rosidl_generator_c__visibility_control.h
[1.037s] -- Up-to-date: /home/f1tenth/realsense_ws/install/realsense2_camera_msgs/include/realsense2_camera_msgs/msg/imu_info.h
[1.038s] -- Up-to-date: /home/f1tenth/realsense_ws/install/realsense2_camera_msgs/include/realsense2_camera_msgs/msg/metadata.h
[1.038s] -- Up-to-date: /home/f1tenth/realsense_ws/install/realsense2_camera_msgs/include/realsense2_camera_msgs/msg/detail
[1.038s] -- Up-to-date: /home/f1tenth/realsense_ws/install/realsense2_camera_msgs/include/realsense2_camera_msgs/msg/detail/extrinsics__functions.h
[1.040s] -- Up-to-date: /home/f1tenth/realsense_ws/install/realsense2_camera_msgs/include/realsense2_camera_msgs/msg/detail/metadata__struct.h
[1.041s] -- Up-to-date: /home/f1tenth/realsense_ws/install/realsense2_camera_msgs/include/realsense2_camera_msgs/msg/detail/imu_info__functions.c
[1.041s] -- Up-to-date: /home/f1tenth/realsense_ws/install/realsense2_camera_msgs/include/realsense2_camera_msgs/msg/detail/extrinsics__functions.c
[1.042s] -- Up-to-date: /home/f1tenth/realsense_ws/install/realsense2_camera_msgs/include/realsense2_camera_msgs/msg/detail/imu_info__struct.h
[1.042s] -- Up-to-date: /home/f1tenth/realsense_ws/install/realsense2_camera_msgs/include/realsense2_camera_msgs/msg/detail/metadata__functions.h
[1.042s] -- Up-to-date: /home/f1tenth/realsense_ws/install/realsense2_camera_msgs/include/realsense2_camera_msgs/msg/detail/metadata__functions.c
[1.042s] -- Up-to-date: /home/f1tenth/realsense_ws/install/realsense2_camera_msgs/include/realsense2_camera_msgs/msg/detail/extrinsics__type_support.h
[1.043s] -- Up-to-date: /home/f1tenth/realsense_ws/install/realsense2_camera_msgs/include/realsense2_camera_msgs/msg/detail/metadata__type_support.h
[1.044s] -- Up-to-date: /home/f1tenth/realsense_ws/install/realsense2_camera_msgs/include/realsense2_camera_msgs/msg/detail/extrinsics__struct.h
[1.044s] -- Up-to-date: /home/f1tenth/realsense_ws/install/realsense2_camera_msgs/include/realsense2_camera_msgs/msg/detail/imu_info__type_support.h
[1.045s] -- Up-to-date: /home/f1tenth/realsense_ws/install/realsense2_camera_msgs/include/realsense2_camera_msgs/msg/detail/imu_info__functions.h
[1.045s] -- Up-to-date: /home/f1tenth/realsense_ws/install/realsense2_camera_msgs/include/realsense2_camera_msgs/msg/extrinsics.h
[1.045s] -- Up-to-date: /home/f1tenth/realsense_ws/install/realsense2_camera_msgs/include/realsense2_camera_msgs/srv
[1.046s] -- Up-to-date: /home/f1tenth/realsense_ws/install/realsense2_camera_msgs/include/realsense2_camera_msgs/srv/device_info.h
[1.046s] -- Up-to-date: /home/f1tenth/realsense_ws/install/realsense2_camera_msgs/include/realsense2_camera_msgs/srv/detail
[1.046s] -- Up-to-date: /home/f1tenth/realsense_ws/install/realsense2_camera_msgs/include/realsense2_camera_msgs/srv/detail/device_info__struct.h
[1.047s] -- Up-to-date: /home/f1tenth/realsense_ws/install/realsense2_camera_msgs/include/realsense2_camera_msgs/srv/detail/device_info__functions.h
[1.048s] -- Up-to-date: /home/f1tenth/realsense_ws/install/realsense2_camera_msgs/include/realsense2_camera_msgs/srv/detail/device_info__type_support.h
[1.048s] -- Up-to-date: /home/f1tenth/realsense_ws/install/realsense2_camera_msgs/include/realsense2_camera_msgs/srv/detail/device_info__functions.c
[1.048s] -- Up-to-date: /home/f1tenth/realsense_ws/install/realsense2_camera_msgs/share/realsense2_camera_msgs/environment/library_path.sh
[1.048s] -- Up-to-date: /home/f1tenth/realsense_ws/install/realsense2_camera_msgs/share/realsense2_camera_msgs/environment/library_path.dsv
[1.049s] -- Up-to-date: /home/f1tenth/realsense_ws/install/realsense2_camera_msgs/lib/librealsense2_camera_msgs__rosidl_generator_c.so
[1.049s] -- Up-to-date: /home/f1tenth/realsense_ws/install/realsense2_camera_msgs/include/realsense2_camera_msgs
[1.050s] -- Up-to-date: /home/f1tenth/realsense_ws/install/realsense2_camera_msgs/include/realsense2_camera_msgs/msg
[1.050s] -- Up-to-date: /home/f1tenth/realsense_ws/install/realsense2_camera_msgs/include/realsense2_camera_msgs/msg/rosidl_typesupport_fastrtps_c__visibility_control.h
[1.050s] -- Up-to-date: /home/f1tenth/realsense_ws/install/realsense2_camera_msgs/include/realsense2_camera_msgs/msg/detail
[1.050s] -- Up-to-date: /home/f1tenth/realsense_ws/install/realsense2_camera_msgs/include/realsense2_camera_msgs/msg/detail/metadata__rosidl_typesupport_fastrtps_c.h
[1.051s] -- Up-to-date: /home/f1tenth/realsense_ws/install/realsense2_camera_msgs/include/realsense2_camera_msgs/msg/detail/imu_info__rosidl_typesupport_fastrtps_c.h
[1.051s] -- Up-to-date: /home/f1tenth/realsense_ws/install/realsense2_camera_msgs/include/realsense2_camera_msgs/msg/detail/extrinsics__rosidl_typesupport_fastrtps_c.h
[1.051s] -- Up-to-date: /home/f1tenth/realsense_ws/install/realsense2_camera_msgs/include/realsense2_camera_msgs/srv
[1.052s] -- Up-to-date: /home/f1tenth/realsense_ws/install/realsense2_camera_msgs/include/realsense2_camera_msgs/srv/detail
[1.052s] -- Up-to-date: /home/f1tenth/realsense_ws/install/realsense2_camera_msgs/include/realsense2_camera_msgs/srv/detail/device_info__rosidl_typesupport_fastrtps_c.h
[1.052s] -- Up-to-date: /home/f1tenth/realsense_ws/install/realsense2_camera_msgs/lib/librealsense2_camera_msgs__rosidl_typesupport_fastrtps_c.so
[1.053s] -- Up-to-date: /home/f1tenth/realsense_ws/install/realsense2_camera_msgs/include/realsense2_camera_msgs
[1.053s] -- Up-to-date: /home/f1tenth/realsense_ws/install/realsense2_camera_msgs/include/realsense2_camera_msgs/msg
[1.053s] -- Up-to-date: /home/f1tenth/realsense_ws/install/realsense2_camera_msgs/include/realsense2_camera_msgs/msg/detail
[1.053s] -- Up-to-date: /home/f1tenth/realsense_ws/install/realsense2_camera_msgs/include/realsense2_camera_msgs/msg/detail/metadata__rosidl_typesupport_fastrtps_cpp.hpp
[1.054s] -- Up-to-date: /home/f1tenth/realsense_ws/install/realsense2_camera_msgs/include/realsense2_camera_msgs/msg/detail/extrinsics__rosidl_typesupport_fastrtps_cpp.hpp
[1.054s] -- Up-to-date: /home/f1tenth/realsense_ws/install/realsense2_camera_msgs/include/realsense2_camera_msgs/msg/detail/dds_fastrtps
[1.055s] -- Up-to-date: /home/f1tenth/realsense_ws/install/realsense2_camera_msgs/include/realsense2_camera_msgs/msg/detail/imu_info__rosidl_typesupport_fastrtps_cpp.hpp
[1.056s] -- Up-to-date: /home/f1tenth/realsense_ws/install/realsense2_camera_msgs/include/realsense2_camera_msgs/msg/rosidl_typesupport_fastrtps_cpp__visibility_control.h
[1.056s] -- Up-to-date: /home/f1tenth/realsense_ws/install/realsense2_camera_msgs/include/realsense2_camera_msgs/srv
[1.057s] -- Up-to-date: /home/f1tenth/realsense_ws/install/realsense2_camera_msgs/include/realsense2_camera_msgs/srv/detail
[1.057s] -- Up-to-date: /home/f1tenth/realsense_ws/install/realsense2_camera_msgs/include/realsense2_camera_msgs/srv/detail/device_info__rosidl_typesupport_fastrtps_cpp.hpp
[1.057s] -- Up-to-date: /home/f1tenth/realsense_ws/install/realsense2_camera_msgs/include/realsense2_camera_msgs/srv/detail/dds_fastrtps
[1.058s] -- Up-to-date: /home/f1tenth/realsense_ws/install/realsense2_camera_msgs/lib/librealsense2_camera_msgs__rosidl_typesupport_fastrtps_cpp.so
[1.058s] -- Up-to-date: /home/f1tenth/realsense_ws/install/realsense2_camera_msgs/include/realsense2_camera_msgs
[1.058s] -- Up-to-date: /home/f1tenth/realsense_ws/install/realsense2_camera_msgs/include/realsense2_camera_msgs/msg
[1.059s] -- Up-to-date: /home/f1tenth/realsense_ws/install/realsense2_camera_msgs/include/realsense2_camera_msgs/msg/rosidl_typesupport_introspection_c__visibility_control.h
[1.059s] -- Up-to-date: /home/f1tenth/realsense_ws/install/realsense2_camera_msgs/include/realsense2_camera_msgs/msg/detail
[1.059s] -- Up-to-date: /home/f1tenth/realsense_ws/install/realsense2_camera_msgs/include/realsense2_camera_msgs/msg/detail/extrinsics__type_support.c
[1.060s] -- Up-to-date: /home/f1tenth/realsense_ws/install/realsense2_camera_msgs/include/realsense2_camera_msgs/msg/detail/imu_info__type_support.c
[1.060s] -- Up-to-date: /home/f1tenth/realsense_ws/install/realsense2_camera_msgs/include/realsense2_camera_msgs/msg/detail/metadata__type_support.c
[1.060s] -- Up-to-date: /home/f1tenth/realsense_ws/install/realsense2_camera_msgs/include/realsense2_camera_msgs/msg/detail/metadata__rosidl_typesupport_introspection_c.h
[1.060s] -- Up-to-date: /home/f1tenth/realsense_ws/install/realsense2_camera_msgs/include/realsense2_camera_msgs/msg/detail/extrinsics__rosidl_typesupport_introspection_c.h
[1.061s] -- Up-to-date: /home/f1tenth/realsense_ws/install/realsense2_camera_msgs/include/realsense2_camera_msgs/msg/detail/imu_info__rosidl_typesupport_introspection_c.h
[1.062s] -- Up-to-date: /home/f1tenth/realsense_ws/install/realsense2_camera_msgs/include/realsense2_camera_msgs/srv
[1.062s] -- Up-to-date: /home/f1tenth/realsense_ws/install/realsense2_camera_msgs/include/realsense2_camera_msgs/srv/detail
[1.063s] -- Up-to-date: /home/f1tenth/realsense_ws/install/realsense2_camera_msgs/include/realsense2_camera_msgs/srv/detail/device_info__rosidl_typesupport_introspection_c.h
[1.063s] -- Up-to-date: /home/f1tenth/realsense_ws/install/realsense2_camera_msgs/include/realsense2_camera_msgs/srv/detail/device_info__type_support.c
[1.064s] -- Up-to-date: /home/f1tenth/realsense_ws/install/realsense2_camera_msgs/lib/librealsense2_camera_msgs__rosidl_typesupport_introspection_c.so
[1.064s] -- Up-to-date: /home/f1tenth/realsense_ws/install/realsense2_camera_msgs/lib/librealsense2_camera_msgs__rosidl_typesupport_c.so
[1.064s] -- Up-to-date: /home/f1tenth/realsense_ws/install/realsense2_camera_msgs/include/realsense2_camera_msgs
[1.064s] -- Up-to-date: /home/f1tenth/realsense_ws/install/realsense2_camera_msgs/include/realsense2_camera_msgs/msg
[1.065s] -- Up-to-date: /home/f1tenth/realsense_ws/install/realsense2_camera_msgs/include/realsense2_camera_msgs/msg/extrinsics.hpp
[1.065s] -- Up-to-date: /home/f1tenth/realsense_ws/install/realsense2_camera_msgs/include/realsense2_camera_msgs/msg/metadata.hpp
[1.065s] -- Up-to-date: /home/f1tenth/realsense_ws/install/realsense2_camera_msgs/include/realsense2_camera_msgs/msg/imu_info.hpp
[1.065s] -- Up-to-date: /home/f1tenth/realsense_ws/install/realsense2_camera_msgs/include/realsense2_camera_msgs/msg/detail
[1.066s] -- Up-to-date: /home/f1tenth/realsense_ws/install/realsense2_camera_msgs/include/realsense2_camera_msgs/msg/detail/extrinsics__type_support.hpp
[1.066s] -- Up-to-date: /home/f1tenth/realsense_ws/install/realsense2_camera_msgs/include/realsense2_camera_msgs/msg/detail/imu_info__builder.hpp
[1.066s] -- Up-to-date: /home/f1tenth/realsense_ws/install/realsense2_camera_msgs/include/realsense2_camera_msgs/msg/detail/extrinsics__builder.hpp
[1.066s] -- Up-to-date: /home/f1tenth/realsense_ws/install/realsense2_camera_msgs/include/realsense2_camera_msgs/msg/detail/metadata__traits.hpp
[1.067s] -- Up-to-date: /home/f1tenth/realsense_ws/install/realsense2_camera_msgs/include/realsense2_camera_msgs/msg/detail/imu_info__type_support.hpp
[1.067s] -- Up-to-date: /home/f1tenth/realsense_ws/install/realsense2_camera_msgs/include/realsense2_camera_msgs/msg/detail/extrinsics__struct.hpp
[1.067s] -- Up-to-date: /home/f1tenth/realsense_ws/install/realsense2_camera_msgs/include/realsense2_camera_msgs/msg/detail/metadata__builder.hpp
[1.068s] -- Up-to-date: /home/f1tenth/realsense_ws/install/realsense2_camera_msgs/include/realsense2_camera_msgs/msg/detail/metadata__type_support.hpp
[1.068s] -- Up-to-date: /home/f1tenth/realsense_ws/install/realsense2_camera_msgs/include/realsense2_camera_msgs/msg/detail/imu_info__struct.hpp
[1.068s] -- Up-to-date: /home/f1tenth/realsense_ws/install/realsense2_camera_msgs/include/realsense2_camera_msgs/msg/detail/extrinsics__traits.hpp
[1.068s] -- Up-to-date: /home/f1tenth/realsense_ws/install/realsense2_camera_msgs/include/realsense2_camera_msgs/msg/detail/metadata__struct.hpp
[1.069s] -- Up-to-date: /home/f1tenth/realsense_ws/install/realsense2_camera_msgs/include/realsense2_camera_msgs/msg/detail/imu_info__traits.hpp
[1.069s] -- Up-to-date: /home/f1tenth/realsense_ws/install/realsense2_camera_msgs/include/realsense2_camera_msgs/msg/rosidl_generator_cpp__visibility_control.hpp
[1.069s] -- Up-to-date: /home/f1tenth/realsense_ws/install/realsense2_camera_msgs/include/realsense2_camera_msgs/srv
[1.069s] -- Up-to-date: /home/f1tenth/realsense_ws/install/realsense2_camera_msgs/include/realsense2_camera_msgs/srv/device_info.hpp
[1.070s] -- Up-to-date: /home/f1tenth/realsense_ws/install/realsense2_camera_msgs/include/realsense2_camera_msgs/srv/detail
[1.070s] -- Up-to-date: /home/f1tenth/realsense_ws/install/realsense2_camera_msgs/include/realsense2_camera_msgs/srv/detail/device_info__builder.hpp
[1.070s] -- Up-to-date: /home/f1tenth/realsense_ws/install/realsense2_camera_msgs/include/realsense2_camera_msgs/srv/detail/device_info__struct.hpp
[1.071s] -- Up-to-date: /home/f1tenth/realsense_ws/install/realsense2_camera_msgs/include/realsense2_camera_msgs/srv/detail/device_info__type_support.hpp
[1.071s] -- Up-to-date: /home/f1tenth/realsense_ws/install/realsense2_camera_msgs/include/realsense2_camera_msgs/srv/detail/device_info__traits.hpp
[1.071s] -- Up-to-date: /home/f1tenth/realsense_ws/install/realsense2_camera_msgs/include/realsense2_camera_msgs
[1.071s] -- Up-to-date: /home/f1tenth/realsense_ws/install/realsense2_camera_msgs/include/realsense2_camera_msgs/msg
[1.072s] -- Up-to-date: /home/f1tenth/realsense_ws/install/realsense2_camera_msgs/include/realsense2_camera_msgs/msg/detail
[1.072s] -- Up-to-date: /home/f1tenth/realsense_ws/install/realsense2_camera_msgs/include/realsense2_camera_msgs/msg/detail/extrinsics__type_support.cpp
[1.072s] -- Up-to-date: /home/f1tenth/realsense_ws/install/realsense2_camera_msgs/include/realsense2_camera_msgs/msg/detail/imu_info__type_support.cpp
[1.072s] -- Up-to-date: /home/f1tenth/realsense_ws/install/realsense2_camera_msgs/include/realsense2_camera_msgs/msg/detail/imu_info__rosidl_typesupport_introspection_cpp.hpp
[1.073s] -- Up-to-date: /home/f1tenth/realsense_ws/install/realsense2_camera_msgs/include/realsense2_camera_msgs/msg/detail/metadata__type_support.cpp
[1.073s] -- Up-to-date: /home/f1tenth/realsense_ws/install/realsense2_camera_msgs/include/realsense2_camera_msgs/msg/detail/metadata__rosidl_typesupport_introspection_cpp.hpp
[1.073s] -- Up-to-date: /home/f1tenth/realsense_ws/install/realsense2_camera_msgs/include/realsense2_camera_msgs/msg/detail/extrinsics__rosidl_typesupport_introspection_cpp.hpp
[1.073s] -- Up-to-date: /home/f1tenth/realsense_ws/install/realsense2_camera_msgs/include/realsense2_camera_msgs/srv
[1.074s] -- Up-to-date: /home/f1tenth/realsense_ws/install/realsense2_camera_msgs/include/realsense2_camera_msgs/srv/detail
[1.074s] -- Up-to-date: /home/f1tenth/realsense_ws/install/realsense2_camera_msgs/include/realsense2_camera_msgs/srv/detail/device_info__rosidl_typesupport_introspection_cpp.hpp
[1.074s] -- Up-to-date: /home/f1tenth/realsense_ws/install/realsense2_camera_msgs/include/realsense2_camera_msgs/srv/detail/device_info__type_support.cpp
[1.075s] -- Up-to-date: /home/f1tenth/realsense_ws/install/realsense2_camera_msgs/lib/librealsense2_camera_msgs__rosidl_typesupport_introspection_cpp.so
[1.075s] -- Up-to-date: /home/f1tenth/realsense_ws/install/realsense2_camera_msgs/lib/librealsense2_camera_msgs__rosidl_typesupport_cpp.so
[1.075s] -- Up-to-date: /home/f1tenth/realsense_ws/install/realsense2_camera_msgs/share/realsense2_camera_msgs/environment/pythonpath.sh
[1.075s] -- Up-to-date: /home/f1tenth/realsense_ws/install/realsense2_camera_msgs/share/realsense2_camera_msgs/environment/pythonpath.dsv
[1.076s] -- Up-to-date: /home/f1tenth/realsense_ws/install/realsense2_camera_msgs/lib/python3.8/site-packages/realsense2_camera_msgs/__init__.py
[1.182s] -- Up-to-date: /home/f1tenth/realsense_ws/install/realsense2_camera_msgs/lib/python3.8/site-packages/realsense2_camera_msgs/msg
[1.183s] -- Up-to-date: /home/f1tenth/realsense_ws/install/realsense2_camera_msgs/lib/python3.8/site-packages/realsense2_camera_msgs/msg/_imu_info.py
[1.183s] -- Up-to-date: /home/f1tenth/realsense_ws/install/realsense2_camera_msgs/lib/python3.8/site-packages/realsense2_camera_msgs/msg/_metadata_s.c
[1.183s] -- Up-to-date: /home/f1tenth/realsense_ws/install/realsense2_camera_msgs/lib/python3.8/site-packages/realsense2_camera_msgs/msg/_metadata.py
[1.184s] -- Up-to-date: /home/f1tenth/realsense_ws/install/realsense2_camera_msgs/lib/python3.8/site-packages/realsense2_camera_msgs/msg/_extrinsics.py
[1.184s] -- Up-to-date: /home/f1tenth/realsense_ws/install/realsense2_camera_msgs/lib/python3.8/site-packages/realsense2_camera_msgs/msg/_extrinsics_s.c
[1.184s] -- Up-to-date: /home/f1tenth/realsense_ws/install/realsense2_camera_msgs/lib/python3.8/site-packages/realsense2_camera_msgs/msg/__init__.py
[1.185s] -- Up-to-date: /home/f1tenth/realsense_ws/install/realsense2_camera_msgs/lib/python3.8/site-packages/realsense2_camera_msgs/msg/_imu_info_s.c
[1.185s] -- Up-to-date: /home/f1tenth/realsense_ws/install/realsense2_camera_msgs/lib/python3.8/site-packages/realsense2_camera_msgs/srv
[1.185s] -- Up-to-date: /home/f1tenth/realsense_ws/install/realsense2_camera_msgs/lib/python3.8/site-packages/realsense2_camera_msgs/srv/_device_info_s.c
[1.185s] -- Up-to-date: /home/f1tenth/realsense_ws/install/realsense2_camera_msgs/lib/python3.8/site-packages/realsense2_camera_msgs/srv/_device_info.py
[1.186s] -- Up-to-date: /home/f1tenth/realsense_ws/install/realsense2_camera_msgs/lib/python3.8/site-packages/realsense2_camera_msgs/srv/__init__.py
[1.186s] -- Up-to-date: /home/f1tenth/realsense_ws/install/realsense2_camera_msgs/lib/python3.8/site-packages/realsense2_camera_msgs/realsense2_camera_msgs_s__rosidl_typesupport_fastrtps_c.cpython-38-aarch64-linux-gnu.so
[1.187s] -- Up-to-date: /home/f1tenth/realsense_ws/install/realsense2_camera_msgs/lib/python3.8/site-packages/realsense2_camera_msgs/realsense2_camera_msgs_s__rosidl_typesupport_introspection_c.cpython-38-aarch64-linux-gnu.so
[1.189s] -- Up-to-date: /home/f1tenth/realsense_ws/install/realsense2_camera_msgs/lib/python3.8/site-packages/realsense2_camera_msgs/realsense2_camera_msgs_s__rosidl_typesupport_c.cpython-38-aarch64-linux-gnu.so
[1.191s] -- Up-to-date: /home/f1tenth/realsense_ws/install/realsense2_camera_msgs/lib/librealsense2_camera_msgs__python.so
[1.192s] -- Up-to-date: /home/f1tenth/realsense_ws/install/realsense2_camera_msgs/share/realsense2_camera_msgs/msg/IMUInfo.idl
[1.192s] -- Up-to-date: /home/f1tenth/realsense_ws/install/realsense2_camera_msgs/share/realsense2_camera_msgs/msg/Extrinsics.idl
[1.193s] -- Up-to-date: /home/f1tenth/realsense_ws/install/realsense2_camera_msgs/share/realsense2_camera_msgs/msg/Metadata.idl
[1.193s] -- Up-to-date: /home/f1tenth/realsense_ws/install/realsense2_camera_msgs/share/realsense2_camera_msgs/srv/DeviceInfo.idl
[1.194s] -- Up-to-date: /home/f1tenth/realsense_ws/install/realsense2_camera_msgs/share/realsense2_camera_msgs/msg/IMUInfo.msg
[1.194s] -- Up-to-date: /home/f1tenth/realsense_ws/install/realsense2_camera_msgs/share/realsense2_camera_msgs/msg/Extrinsics.msg
[1.194s] -- Up-to-date: /home/f1tenth/realsense_ws/install/realsense2_camera_msgs/share/realsense2_camera_msgs/msg/Metadata.msg
[1.195s] -- Up-to-date: /home/f1tenth/realsense_ws/install/realsense2_camera_msgs/share/realsense2_camera_msgs/srv/DeviceInfo.srv
[1.195s] -- Up-to-date: /home/f1tenth/realsense_ws/install/realsense2_camera_msgs/share/realsense2_camera_msgs/srv/DeviceInfo_Request.msg
[1.195s] -- Up-to-date: /home/f1tenth/realsense_ws/install/realsense2_camera_msgs/share/realsense2_camera_msgs/srv/DeviceInfo_Response.msg
[1.196s] -- Up-to-date: /home/f1tenth/realsense_ws/install/realsense2_camera_msgs/share/ament_index/resource_index/package_run_dependencies/realsense2_camera_msgs
[1.196s] -- Up-to-date: /home/f1tenth/realsense_ws/install/realsense2_camera_msgs/share/ament_index/resource_index/parent_prefix_path/realsense2_camera_msgs
[1.196s] -- Up-to-date: /home/f1tenth/realsense_ws/install/realsense2_camera_msgs/share/realsense2_camera_msgs/environment/ament_prefix_path.sh
[1.197s] -- Up-to-date: /home/f1tenth/realsense_ws/install/realsense2_camera_msgs/share/realsense2_camera_msgs/environment/ament_prefix_path.dsv
[1.197s] -- Up-to-date: /home/f1tenth/realsense_ws/install/realsense2_camera_msgs/share/realsense2_camera_msgs/environment/path.sh
[1.198s] -- Up-to-date: /home/f1tenth/realsense_ws/install/realsense2_camera_msgs/share/realsense2_camera_msgs/environment/path.dsv
[1.198s] -- Up-to-date: /home/f1tenth/realsense_ws/install/realsense2_camera_msgs/share/realsense2_camera_msgs/local_setup.bash
[1.198s] -- Up-to-date: /home/f1tenth/realsense_ws/install/realsense2_camera_msgs/share/realsense2_camera_msgs/local_setup.sh
[1.198s] -- Up-to-date: /home/f1tenth/realsense_ws/install/realsense2_camera_msgs/share/realsense2_camera_msgs/local_setup.zsh
[1.199s] -- Up-to-date: /home/f1tenth/realsense_ws/install/realsense2_camera_msgs/share/realsense2_camera_msgs/local_setup.dsv
[1.199s] -- Installing: /home/f1tenth/realsense_ws/install/realsense2_camera_msgs/share/realsense2_camera_msgs/package.dsv
[1.200s] -- Up-to-date: /home/f1tenth/realsense_ws/install/realsense2_camera_msgs/share/ament_index/resource_index/packages/realsense2_camera_msgs
[1.200s] -- Up-to-date: /home/f1tenth/realsense_ws/install/realsense2_camera_msgs/share/realsense2_camera_msgs/cmake/realsense2_camera_msgs__rosidl_generator_cExport.cmake
[1.200s] -- Up-to-date: /home/f1tenth/realsense_ws/install/realsense2_camera_msgs/share/realsense2_camera_msgs/cmake/realsense2_camera_msgs__rosidl_generator_cExport-noconfig.cmake
[1.200s] -- Up-to-date: /home/f1tenth/realsense_ws/install/realsense2_camera_msgs/share/realsense2_camera_msgs/cmake/realsense2_camera_msgs__rosidl_typesupport_introspection_cExport.cmake
[1.201s] -- Up-to-date: /home/f1tenth/realsense_ws/install/realsense2_camera_msgs/share/realsense2_camera_msgs/cmake/realsense2_camera_msgs__rosidl_typesupport_introspection_cExport-noconfig.cmake
[1.201s] -- Up-to-date: /home/f1tenth/realsense_ws/install/realsense2_camera_msgs/share/realsense2_camera_msgs/cmake/realsense2_camera_msgs__rosidl_typesupport_cExport.cmake
[1.201s] -- Up-to-date: /home/f1tenth/realsense_ws/install/realsense2_camera_msgs/share/realsense2_camera_msgs/cmake/realsense2_camera_msgs__rosidl_typesupport_cExport-noconfig.cmake
[1.202s] -- Up-to-date: /home/f1tenth/realsense_ws/install/realsense2_camera_msgs/share/realsense2_camera_msgs/cmake/realsense2_camera_msgs__rosidl_generator_cppExport.cmake
[1.203s] -- Up-to-date: /home/f1tenth/realsense_ws/install/realsense2_camera_msgs/share/realsense2_camera_msgs/cmake/realsense2_camera_msgs__rosidl_typesupport_introspection_cppExport.cmake
[1.203s] -- Up-to-date: /home/f1tenth/realsense_ws/install/realsense2_camera_msgs/share/realsense2_camera_msgs/cmake/realsense2_camera_msgs__rosidl_typesupport_introspection_cppExport-noconfig.cmake
[1.204s] -- Up-to-date: /home/f1tenth/realsense_ws/install/realsense2_camera_msgs/share/realsense2_camera_msgs/cmake/realsense2_camera_msgs__rosidl_typesupport_cppExport.cmake
[1.204s] -- Up-to-date: /home/f1tenth/realsense_ws/install/realsense2_camera_msgs/share/realsense2_camera_msgs/cmake/realsense2_camera_msgs__rosidl_typesupport_cppExport-noconfig.cmake
[1.205s] -- Up-to-date: /home/f1tenth/realsense_ws/install/realsense2_camera_msgs/share/realsense2_camera_msgs/cmake/rosidl_cmake-extras.cmake
[1.205s] -- Up-to-date: /home/f1tenth/realsense_ws/install/realsense2_camera_msgs/share/realsense2_camera_msgs/cmake/ament_cmake_export_dependencies-extras.cmake
[1.206s] -- Up-to-date: /home/f1tenth/realsense_ws/install/realsense2_camera_msgs/share/realsense2_camera_msgs/cmake/ament_cmake_export_libraries-extras.cmake
[1.206s] -- Up-to-date: /home/f1tenth/realsense_ws/install/realsense2_camera_msgs/share/realsense2_camera_msgs/cmake/ament_cmake_export_targets-extras.cmake
[1.207s] -- Up-to-date: /home/f1tenth/realsense_ws/install/realsense2_camera_msgs/share/realsense2_camera_msgs/cmake/ament_cmake_export_include_directories-extras.cmake
[1.207s] -- Up-to-date: /home/f1tenth/realsense_ws/install/realsense2_camera_msgs/share/realsense2_camera_msgs/cmake/rosidl_cmake_export_typesupport_libraries-extras.cmake
[1.208s] -- Up-to-date: /home/f1tenth/realsense_ws/install/realsense2_camera_msgs/share/realsense2_camera_msgs/cmake/rosidl_cmake_export_typesupport_targets-extras.cmake
[1.208s] -- Up-to-date: /home/f1tenth/realsense_ws/install/realsense2_camera_msgs/share/realsense2_camera_msgs/cmake/realsense2_camera_msgsConfig.cmake
[1.208s] -- Up-to-date: /home/f1tenth/realsense_ws/install/realsense2_camera_msgs/share/realsense2_camera_msgs/cmake/realsense2_camera_msgsConfig-version.cmake
[1.208s] -- Up-to-date: /home/f1tenth/realsense_ws/install/realsense2_camera_msgs/share/realsense2_camera_msgs/package.xml
[1.216s] Invoked command in '/home/f1tenth/realsense_ws/build/realsense2_camera_msgs' returned '0': CMAKE_PREFIX_PATH=${CMAKE_PREFIX_PATH}:/opt/ros/foxy /usr/bin/cmake --install /home/f1tenth/realsense_ws/build/realsense2_camera_msgs
