[0.114s] Invoking command in '/home/f1tenth/f1tenth_mrc_ws/build/safety_node': CMAKE_PREFIX_PATH=${CMAKE_PREFIX_PATH}:/home/f1tenth/f1tenth_mrc_ws/install/waypoint_logger:/home/f1tenth/f1tenth_mrc_ws/install/rrt_package:/home/f1tenth/f1tenth_mrc_ws/install/ppo_racing:/home/f1tenth/f1tenth_mrc_ws/install/particle_filter:/home/f1tenth/f1tenth_mrc_ws/install/f1tenth_gym_ros:/home/f1tenth/f1tenth_mrc_ws/install/camera_pkg:/opt/ros/foxy /usr/bin/cmake --build /home/f1tenth/f1tenth_mrc_ws/build/safety_node -- -j4 -l4
[0.394s] Invoked command in '/home/f1tenth/f1tenth_mrc_ws/build/safety_node' returned '0': CMAKE_PREFIX_PATH=${CMAKE_PREFIX_PATH}:/home/f1tenth/f1tenth_mrc_ws/install/waypoint_logger:/home/f1tenth/f1tenth_mrc_ws/install/rrt_package:/home/f1tenth/f1tenth_mrc_ws/install/ppo_racing:/home/f1tenth/f1tenth_mrc_ws/install/particle_filter:/home/f1tenth/f1tenth_mrc_ws/install/f1tenth_gym_ros:/home/f1tenth/f1tenth_mrc_ws/install/camera_pkg:/opt/ros/foxy /usr/bin/cmake --build /home/f1tenth/f1tenth_mrc_ws/build/safety_node -- -j4 -l4
[0.409s] Invoking command in '/home/f1tenth/f1tenth_mrc_ws/build/safety_node': CMAKE_PREFIX_PATH=${CMAKE_PREFIX_PATH}:/home/f1tenth/f1tenth_mrc_ws/install/waypoint_logger:/home/f1tenth/f1tenth_mrc_ws/install/rrt_package:/home/f1tenth/f1tenth_mrc_ws/install/ppo_racing:/home/f1tenth/f1tenth_mrc_ws/install/particle_filter:/home/f1tenth/f1tenth_mrc_ws/install/f1tenth_gym_ros:/home/f1tenth/f1tenth_mrc_ws/install/camera_pkg:/opt/ros/foxy /usr/bin/cmake --install /home/f1tenth/f1tenth_mrc_ws/build/safety_node
[0.459s] -- Install configuration: ""
[0.464s] -- Up-to-date: /home/f1tenth/f1tenth_mrc_ws/install/safety_node/share/safety_node/environment/pythonpath.sh
[0.465s] -- Up-to-date: /home/f1tenth/f1tenth_mrc_ws/install/safety_node/share/safety_node/environment/pythonpath.dsv
[0.466s] -- Up-to-date: /home/f1tenth/f1tenth_mrc_ws/install/safety_node/lib/python3.8/site-packages/safety_node
[0.468s] -- Up-to-date: /home/f1tenth/f1tenth_mrc_ws/install/safety_node/lib/python3.8/site-packages/safety_node/__init__.py
[0.650s] Listing '/home/f1tenth/f1tenth_mrc_ws/install/safety_node/lib/python3.8/site-packages/safety_node'...
[0.688s] -- Up-to-date: /home/f1tenth/f1tenth_mrc_ws/install/safety_node/lib/safety_node/safety_node.py
[0.688s] -- Up-to-date: /home/f1tenth/f1tenth_mrc_ws/install/safety_node/share/ament_index/resource_index/package_run_dependencies/safety_node
[0.690s] -- Up-to-date: /home/f1tenth/f1tenth_mrc_ws/install/safety_node/share/ament_index/resource_index/parent_prefix_path/safety_node
[0.691s] -- Up-to-date: /home/f1tenth/f1tenth_mrc_ws/install/safety_node/share/safety_node/environment/ament_prefix_path.sh
[0.691s] -- Up-to-date: /home/f1tenth/f1tenth_mrc_ws/install/safety_node/share/safety_node/environment/ament_prefix_path.dsv
[0.691s] -- Up-to-date: /home/f1tenth/f1tenth_mrc_ws/install/safety_node/share/safety_node/environment/path.sh
[0.691s] -- Up-to-date: /home/f1tenth/f1tenth_mrc_ws/install/safety_node/share/safety_node/environment/path.dsv
[0.692s] -- Up-to-date: /home/f1tenth/f1tenth_mrc_ws/install/safety_node/share/safety_node/local_setup.bash
[0.692s] -- Up-to-date: /home/f1tenth/f1tenth_mrc_ws/install/safety_node/share/safety_node/local_setup.sh
[0.693s] -- Up-to-date: /home/f1tenth/f1tenth_mrc_ws/install/safety_node/share/safety_node/local_setup.zsh
[0.693s] -- Up-to-date: /home/f1tenth/f1tenth_mrc_ws/install/safety_node/share/safety_node/local_setup.dsv
[0.694s] -- Installing: /home/f1tenth/f1tenth_mrc_ws/install/safety_node/share/safety_node/package.dsv
[0.699s] -- Up-to-date: /home/f1tenth/f1tenth_mrc_ws/install/safety_node/share/ament_index/resource_index/packages/safety_node
[0.700s] -- Up-to-date: /home/f1tenth/f1tenth_mrc_ws/install/safety_node/share/safety_node/cmake/safety_nodeConfig.cmake
[0.701s] -- Up-to-date: /home/f1tenth/f1tenth_mrc_ws/install/safety_node/share/safety_node/cmake/safety_nodeConfig-version.cmake
[0.701s] -- Up-to-date: /home/f1tenth/f1tenth_mrc_ws/install/safety_node/share/safety_node/package.xml
[0.715s] Invoked command in '/home/f1tenth/f1tenth_mrc_ws/build/safety_node' returned '0': CMAKE_PREFIX_PATH=${CMAKE_PREFIX_PATH}:/home/f1tenth/f1tenth_mrc_ws/install/waypoint_logger:/home/f1tenth/f1tenth_mrc_ws/install/rrt_package:/home/f1tenth/f1tenth_mrc_ws/install/ppo_racing:/home/f1tenth/f1tenth_mrc_ws/install/particle_filter:/home/f1tenth/f1tenth_mrc_ws/install/f1tenth_gym_ros:/home/f1tenth/f1tenth_mrc_ws/install/camera_pkg:/opt/ros/foxy /usr/bin/cmake --install /home/f1tenth/f1tenth_mrc_ws/build/safety_node
