[2.631s] Invoking command in '/home/f1tenth/f1tenth_mrc_ws/build/lidar_object_detection': CMAKE_PREFIX_PATH=${CMAKE_PREFIX_PATH}:/home/f1tenth/f1tenth_mrc_ws/install/waypoint_logger:/home/f1tenth/f1tenth_mrc_ws/install/rrt_package:/home/f1tenth/f1tenth_mrc_ws/install/ppo_racing:/home/f1tenth/f1tenth_mrc_ws/install/particle_filter:/home/f1tenth/f1tenth_mrc_ws/install/f1tenth_gym_ros:/home/f1tenth/f1tenth_mrc_ws/install/camera_pkg:/opt/ros/foxy /usr/bin/cmake /home/f1tenth/f1tenth_mrc_ws/src/robotx_lidar_pose_estimation/ros2-lidar-object-detection -DCMAKE_INSTALL_PREFIX=/home/f1tenth/f1tenth_mrc_ws/install/lidar_object_detection
[3.304s] -- The C compiler identification is GNU 9.4.0
[3.909s] -- The CXX compiler identification is GNU 9.4.0
[4.002s] -- Check for working C compiler: /usr/bin/cc
[4.614s] -- Check for working C compiler: /usr/bin/cc -- works
[4.623s] -- Detecting C compiler ABI info
[5.236s] -- Detecting C compiler ABI info - done
[5.384s] -- Detecting C compile features
[5.386s] -- Detecting C compile features - done
[5.411s] -- Check for working CXX compiler: /usr/bin/c++
[6.214s] -- Check for working CXX compiler: /usr/bin/c++ -- works
[6.221s] -- Detecting CXX compiler ABI info
[6.640s] -- Detecting CXX compiler ABI info - done
[6.713s] -- Detecting CXX compile features
[6.717s] -- Detecting CXX compile features - done
[6.741s] -- Found ament_cmake: 0.9.12 (/opt/ros/foxy/share/ament_cmake/cmake)
[6.890s] -- Found PythonInterp: /usr/bin/python3 (found suitable version "3.8.10", minimum required is "3") 
[6.891s] -- Using PYTHON_EXECUTABLE: /usr/bin/python3
[8.349s] -- Found rclcpp: 2.4.3 (/opt/ros/foxy/share/rclcpp/cmake)
[8.909s] -- Using all available rosidl_typesupport_c: rosidl_typesupport_fastrtps_c;rosidl_typesupport_introspection_c
[9.019s] -- Found rosidl_adapter: 1.3.1 (/opt/ros/foxy/share/rosidl_adapter/cmake)
[9.974s] -- Found OpenSSL: /usr/lib/aarch64-linux-gnu/libcrypto.so (found version "1.1.1f")  
[10.258s] -- Found FastRTPS: /opt/ros/foxy/include  
[10.803s] -- Using all available rosidl_typesupport_cpp: rosidl_typesupport_fastrtps_cpp;rosidl_typesupport_introspection_cpp
[11.181s] -- Found rmw_implementation_cmake: 1.0.4 (/opt/ros/foxy/share/rmw_implementation_cmake/cmake)
[11.193s] -- Using RMW implementation 'rmw_fastrtps_cpp' as default
[11.199s] -- Looking for pthread.h
[11.836s] -- Looking for pthread.h - found
[11.837s] -- Performing Test CMAKE_HAVE_LIBC_PTHREAD
[12.756s] -- Performing Test CMAKE_HAVE_LIBC_PTHREAD - Failed
[12.757s] -- Looking for pthread_create in pthreads
[13.281s] -- Looking for pthread_create in pthreads - not found
[13.284s] -- Looking for pthread_create in pthread
[13.775s] -- Looking for pthread_create in pthread - found
[13.784s] -- Found Threads: TRUE  
[14.990s] -- Found sensor_msgs: 2.0.5 (/opt/ros/foxy/share/sensor_msgs/cmake)
[15.848s] -- Found visualization_msgs: 2.0.5 (/opt/ros/foxy/share/visualization_msgs/cmake)
[16.284s] -- Found tf2_ros: 0.13.14 (/opt/ros/foxy/share/tf2_ros/cmake)
[18.246s] -- Found tf2_geometry_msgs: 0.13.14 (/opt/ros/foxy/share/tf2_geometry_msgs/cmake)
[18.296s] -- Found eigen3_cmake_module: 0.1.1 (/opt/ros/foxy/share/eigen3_cmake_module/cmake)
[18.318s] -- Found Eigen3: TRUE (found version "3.3.7") 
[18.430s] -- Found rosidl_default_generators: 1.0.1 (/opt/ros/foxy/share/rosidl_default_generators/cmake)
[18.623s] -- Found PythonInterp: /usr/bin/python3 (found version "3.8.10") 
[19.828s] -- Found ament_cmake_ros: 0.9.2 (/opt/ros/foxy/share/ament_cmake_ros/cmake)
[21.032s] -- Using all available rosidl_typesupport_c: rosidl_typesupport_fastrtps_c;rosidl_typesupport_introspection_c
[21.543s] -- Using all available rosidl_typesupport_cpp: rosidl_typesupport_fastrtps_cpp;rosidl_typesupport_introspection_cpp
[21.693s] -- Found PythonInterp: /usr/bin/python3 (found suitable version "3.8.10", minimum required is "3.5") 
[21.709s] -- Found python_cmake_module: 0.8.1 (/opt/ros/foxy/share/python_cmake_module/cmake)
[21.879s] -- Found PythonLibs: /usr/lib/aarch64-linux-gnu/libpython3.8.so (found suitable version "3.8.10", minimum required is "3.5") 
[21.880s] -- Using PYTHON_EXECUTABLE: /usr/bin/python3
[21.880s] -- Using PYTHON_INCLUDE_DIRS: /usr/include/python3.8
[21.881s] -- Using PYTHON_LIBRARIES: /usr/lib/aarch64-linux-gnu/libpython3.8.so
[21.994s] -- Found PythonExtra: .so  
[22.383s] CMake Error at CMakeLists.txt:31 (rosidl_get_typesupport_target):
[22.383s]   Unknown CMake command "rosidl_get_typesupport_target".
[22.384s] 
[22.384s] 
[22.401s] -- Configuring incomplete, errors occurred!
[22.402s] See also "/home/f1tenth/f1tenth_mrc_ws/build/lidar_object_detection/CMakeFiles/CMakeOutput.log".
[22.403s] See also "/home/f1tenth/f1tenth_mrc_ws/build/lidar_object_detection/CMakeFiles/CMakeError.log".
[22.452s] Invoked command in '/home/f1tenth/f1tenth_mrc_ws/build/lidar_object_detection' returned '1': CMAKE_PREFIX_PATH=${CMAKE_PREFIX_PATH}:/home/f1tenth/f1tenth_mrc_ws/install/waypoint_logger:/home/f1tenth/f1tenth_mrc_ws/install/rrt_package:/home/f1tenth/f1tenth_mrc_ws/install/ppo_racing:/home/f1tenth/f1tenth_mrc_ws/install/particle_filter:/home/f1tenth/f1tenth_mrc_ws/install/f1tenth_gym_ros:/home/f1tenth/f1tenth_mrc_ws/install/camera_pkg:/opt/ros/foxy /usr/bin/cmake /home/f1tenth/f1tenth_mrc_ws/src/robotx_lidar_pose_estimation/ros2-lidar-object-detection -DCMAKE_INSTALL_PREFIX=/home/f1tenth/f1tenth_mrc_ws/install/lidar_object_detection
