/home/f1tenth/.local/lib/python3.8/site-packages/setuptools/dist.py:717: UserWarning: Usage of dash-separated 'script-dir' will not be supported in future versions. Please use the underscore name 'script_dir' instead
  warnings.warn(
running egg_info
writing ../../build/ppo_racing/ppo_racing.egg-info/PKG-INFO
writing dependency_links to ../../build/ppo_racing/ppo_racing.egg-info/dependency_links.txt
writing entry points to ../../build/ppo_racing/ppo_racing.egg-info/entry_points.txt
writing requirements to ../../build/ppo_racing/ppo_racing.egg-info/requires.txt
writing top-level names to ../../build/ppo_racing/ppo_racing.egg-info/top_level.txt
reading manifest file '../../build/ppo_racing/ppo_racing.egg-info/SOURCES.txt'
writing manifest file '../../build/ppo_racing/ppo_racing.egg-info/SOURCES.txt'
running build
running build_py
running install
running install_lib
running install_data
running install_egg_info
removing '/home/f1tenth/f1tenth_mrc_ws/install/ppo_racing/lib/python3.8/site-packages/ppo_racing-0.0.0-py3.8.egg-info' (and everything under it)
Copying ../../build/ppo_racing/ppo_racing.egg-info to /home/f1tenth/f1tenth_mrc_ws/install/ppo_racing/lib/python3.8/site-packages/ppo_racing-0.0.0-py3.8.egg-info
running install_scripts
Installing opp_pose_to_odom script to /home/f1tenth/f1tenth_mrc_ws/install/ppo_racing/lib/ppo_racing
Installing policy_node script to /home/f1tenth/f1tenth_mrc_ws/install/ppo_racing/lib/ppo_racing
Installing policy_node_local_obs script to /home/f1tenth/f1tenth_mrc_ws/install/ppo_racing/lib/ppo_racing
Installing test_logger script to /home/f1tenth/f1tenth_mrc_ws/install/ppo_racing/lib/ppo_racing
writing list of installed files to '/home/f1tenth/f1tenth_mrc_ws/build/ppo_racing/install.log'
