[4.482s] Invoking command in '/home/f1tenth/f1tenth_mrc_ws/src/ppo_racing': PYTHONPATH=/home/f1tenth/f1tenth_mrc_ws/build/ppo_racing/prefix_override:/usr/lib/python3/dist-packages/colcon_core/task/python/colcon_distutils_commands:/home/f1tenth/f1tenth_mrc_ws/install/ppo_racing/lib/python3.8/site-packages:${PYTHONPATH} /usr/bin/python3 -W ignore:setup.py install is deprecated -W ignore:easy_install command is deprecated setup.py egg_info --egg-base ../../build/ppo_racing build --build-base /home/f1tenth/f1tenth_mrc_ws/build/ppo_racing/build install --record /home/f1tenth/f1tenth_mrc_ws/build/ppo_racing/install.log --install-scripts $base/lib/ppo_racing --single-version-externally-managed install_data
[6.302s] /home/f1tenth/.local/lib/python3.8/site-packages/setuptools/dist.py:717: UserWarning: Usage of dash-separated 'script-dir' will not be supported in future versions. Please use the underscore name 'script_dir' instead
[6.303s]   warnings.warn(
[6.457s] running egg_info
[6.458s] writing ../../build/ppo_racing/ppo_racing.egg-info/PKG-INFO
[6.458s] writing dependency_links to ../../build/ppo_racing/ppo_racing.egg-info/dependency_links.txt
[6.459s] writing entry points to ../../build/ppo_racing/ppo_racing.egg-info/entry_points.txt
[6.460s] writing requirements to ../../build/ppo_racing/ppo_racing.egg-info/requires.txt
[6.462s] writing top-level names to ../../build/ppo_racing/ppo_racing.egg-info/top_level.txt
[6.499s] reading manifest file '../../build/ppo_racing/ppo_racing.egg-info/SOURCES.txt'
[6.510s] writing manifest file '../../build/ppo_racing/ppo_racing.egg-info/SOURCES.txt'
[6.513s] running build
[6.513s] running build_py
[6.523s] running install
[6.529s] running install_lib
[6.551s] running install_data
[6.553s] running install_egg_info
[6.558s] removing '/home/f1tenth/f1tenth_mrc_ws/install/ppo_racing/lib/python3.8/site-packages/ppo_racing-0.0.0-py3.8.egg-info' (and everything under it)
[6.560s] Copying ../../build/ppo_racing/ppo_racing.egg-info to /home/f1tenth/f1tenth_mrc_ws/install/ppo_racing/lib/python3.8/site-packages/ppo_racing-0.0.0-py3.8.egg-info
[6.565s] running install_scripts
[6.723s] Installing opp_pose_to_odom script to /home/f1tenth/f1tenth_mrc_ws/install/ppo_racing/lib/ppo_racing
[6.726s] Installing policy_node script to /home/f1tenth/f1tenth_mrc_ws/install/ppo_racing/lib/ppo_racing
[6.728s] Installing policy_node_local_obs script to /home/f1tenth/f1tenth_mrc_ws/install/ppo_racing/lib/ppo_racing
[6.729s] Installing test_logger script to /home/f1tenth/f1tenth_mrc_ws/install/ppo_racing/lib/ppo_racing
[6.733s] writing list of installed files to '/home/f1tenth/f1tenth_mrc_ws/build/ppo_racing/install.log'
[8.085s] Invoked command in '/home/f1tenth/f1tenth_mrc_ws/src/ppo_racing' returned '0': PYTHONPATH=/home/f1tenth/f1tenth_mrc_ws/build/ppo_racing/prefix_override:/usr/lib/python3/dist-packages/colcon_core/task/python/colcon_distutils_commands:/home/f1tenth/f1tenth_mrc_ws/install/ppo_racing/lib/python3.8/site-packages:${PYTHONPATH} /usr/bin/python3 -W ignore:setup.py install is deprecated -W ignore:easy_install command is deprecated setup.py egg_info --egg-base ../../build/ppo_racing build --build-base /home/f1tenth/f1tenth_mrc_ws/build/ppo_racing/build install --record /home/f1tenth/f1tenth_mrc_ws/build/ppo_racing/install.log --install-scripts $base/lib/ppo_racing --single-version-externally-managed install_data
