[0.082s] Invoking command in '/home/f1tenth/realsense_ws/build/realsense2_camera_msgs': CMAKE_PREFIX_PATH=${CMAKE_PREFIX_PATH}:/opt/ros/foxy /usr/bin/cmake --build /home/f1tenth/realsense_ws/build/realsense2_camera_msgs -- -j4 -l4
[0.380s] [  1%] Built target realsense2_camera_msgs__cpp
[0.388s] [ 12%] Built target realsense2_camera_msgs__rosidl_generator_c
[0.494s] [ 23%] Built target realsense2_camera_msgs__rosidl_typesupport_introspection_cpp
[0.517s] [ 34%] Built target realsense2_camera_msgs__rosidl_typesupport_introspection_c
[0.527s] [ 45%] Built target realsense2_camera_msgs__rosidl_typesupport_cpp
[0.533s] [ 56%] Built target realsense2_camera_msgs__rosidl_typesupport_fastrtps_cpp
[0.599s] [ 67%] Built target realsense2_camera_msgs__rosidl_typesupport_c
[0.658s] [ 78%] Built target realsense2_camera_msgs__rosidl_typesupport_fastrtps_c
[0.742s] [ 78%] Built target realsense2_camera_msgs
[0.833s] [ 80%] Built target realsense2_camera_msgs__py
[0.972s] [ 89%] Built target realsense2_camera_msgs__python
[1.084s] [ 96%] Built target realsense2_camera_msgs__rosidl_typesupport_introspection_c__pyext
[1.085s] [ 96%] Built target realsense2_camera_msgs__rosidl_typesupport_fastrtps_c__pyext
[1.094s] [100%] Built target realsense2_camera_msgs__rosidl_typesupport_c__pyext
[1.145s] Invoked command in '/home/f1tenth/realsense_ws/build/realsense2_camera_msgs' returned '0': CMAKE_PREFIX_PATH=${CMAKE_PREFIX_PATH}:/opt/ros/foxy /usr/bin/cmake --build /home/f1tenth/realsense_ws/build/realsense2_camera_msgs -- -j4 -l4
[1.201s] Invoking command in '/home/f1tenth/realsense_ws/build/realsense2_camera_msgs': CMAKE_PREFIX_PATH=${CMAKE_PREFIX_PATH}:/opt/ros/foxy /usr/bin/cmake --install /home/f1tenth/realsense_ws/build/realsense2_camera_msgs
[1.235s] -- Install configuration: ""
[1.236s] -- Up-to-date: /home/f1tenth/realsense_ws/install/realsense2_camera_msgs/share/ament_index/resource_index/rosidl_interfaces/realsense2_camera_msgs
[1.238s] -- Up-to-date: /home/f1tenth/realsense_ws/install/realsense2_camera_msgs/include/realsense2_camera_msgs
[1.239s] -- Up-to-date: /home/f1tenth/realsense_ws/install/realsense2_camera_msgs/include/realsense2_camera_msgs/msg
[1.239s] -- Up-to-date: /home/f1tenth/realsense_ws/install/realsense2_camera_msgs/include/realsense2_camera_msgs/msg/rosidl_generator_c__visibility_control.h
[1.239s] -- Up-to-date: /home/f1tenth/realsense_ws/install/realsense2_camera_msgs/include/realsense2_camera_msgs/msg/imu_info.h
[1.241s] -- Up-to-date: /home/f1tenth/realsense_ws/install/realsense2_camera_msgs/include/realsense2_camera_msgs/msg/metadata.h
[1.242s] -- Up-to-date: /home/f1tenth/realsense_ws/install/realsense2_camera_msgs/include/realsense2_camera_msgs/msg/detail
[1.242s] -- Up-to-date: /home/f1tenth/realsense_ws/install/realsense2_camera_msgs/include/realsense2_camera_msgs/msg/detail/extrinsics__functions.h
[1.243s] -- Up-to-date: /home/f1tenth/realsense_ws/install/realsense2_camera_msgs/include/realsense2_camera_msgs/msg/detail/metadata__struct.h
[1.243s] -- Up-to-date: /home/f1tenth/realsense_ws/install/realsense2_camera_msgs/include/realsense2_camera_msgs/msg/detail/imu_info__functions.c
[1.244s] -- Up-to-date: /home/f1tenth/realsense_ws/install/realsense2_camera_msgs/include/realsense2_camera_msgs/msg/detail/extrinsics__functions.c
[1.244s] -- Up-to-date: /home/f1tenth/realsense_ws/install/realsense2_camera_msgs/include/realsense2_camera_msgs/msg/detail/imu_info__struct.h
[1.244s] -- Up-to-date: /home/f1tenth/realsense_ws/install/realsense2_camera_msgs/include/realsense2_camera_msgs/msg/detail/metadata__functions.h
[1.245s] -- Up-to-date: /home/f1tenth/realsense_ws/install/realsense2_camera_msgs/include/realsense2_camera_msgs/msg/detail/metadata__functions.c
[1.245s] -- Up-to-date: /home/f1tenth/realsense_ws/install/realsense2_camera_msgs/include/realsense2_camera_msgs/msg/detail/extrinsics__type_support.h
[1.246s] -- Up-to-date: /home/f1tenth/realsense_ws/install/realsense2_camera_msgs/include/realsense2_camera_msgs/msg/detail/metadata__type_support.h
[1.246s] -- Up-to-date: /home/f1tenth/realsense_ws/install/realsense2_camera_msgs/include/realsense2_camera_msgs/msg/detail/extrinsics__struct.h
[1.246s] -- Up-to-date: /home/f1tenth/realsense_ws/install/realsense2_camera_msgs/include/realsense2_camera_msgs/msg/detail/imu_info__type_support.h
[1.247s] -- Up-to-date: /home/f1tenth/realsense_ws/install/realsense2_camera_msgs/include/realsense2_camera_msgs/msg/detail/imu_info__functions.h
[1.247s] -- Up-to-date: /home/f1tenth/realsense_ws/install/realsense2_camera_msgs/include/realsense2_camera_msgs/msg/extrinsics.h
[1.248s] -- Up-to-date: /home/f1tenth/realsense_ws/install/realsense2_camera_msgs/include/realsense2_camera_msgs/srv
[1.248s] -- Up-to-date: /home/f1tenth/realsense_ws/install/realsense2_camera_msgs/include/realsense2_camera_msgs/srv/device_info.h
[1.248s] -- Up-to-date: /home/f1tenth/realsense_ws/install/realsense2_camera_msgs/include/realsense2_camera_msgs/srv/detail
[1.249s] -- Up-to-date: /home/f1tenth/realsense_ws/install/realsense2_camera_msgs/include/realsense2_camera_msgs/srv/detail/device_info__struct.h
[1.250s] -- Up-to-date: /home/f1tenth/realsense_ws/install/realsense2_camera_msgs/include/realsense2_camera_msgs/srv/detail/device_info__functions.h
[1.250s] -- Up-to-date: /home/f1tenth/realsense_ws/install/realsense2_camera_msgs/include/realsense2_camera_msgs/srv/detail/device_info__type_support.h
[1.250s] -- Up-to-date: /home/f1tenth/realsense_ws/install/realsense2_camera_msgs/include/realsense2_camera_msgs/srv/detail/device_info__functions.c
[1.251s] -- Up-to-date: /home/f1tenth/realsense_ws/install/realsense2_camera_msgs/share/realsense2_camera_msgs/environment/library_path.sh
[1.252s] -- Up-to-date: /home/f1tenth/realsense_ws/install/realsense2_camera_msgs/share/realsense2_camera_msgs/environment/library_path.dsv
[1.252s] -- Up-to-date: /home/f1tenth/realsense_ws/install/realsense2_camera_msgs/lib/librealsense2_camera_msgs__rosidl_generator_c.so
[1.252s] -- Up-to-date: /home/f1tenth/realsense_ws/install/realsense2_camera_msgs/include/realsense2_camera_msgs
[1.253s] -- Up-to-date: /home/f1tenth/realsense_ws/install/realsense2_camera_msgs/include/realsense2_camera_msgs/msg
[1.253s] -- Up-to-date: /home/f1tenth/realsense_ws/install/realsense2_camera_msgs/include/realsense2_camera_msgs/msg/rosidl_typesupport_fastrtps_c__visibility_control.h
[1.253s] -- Up-to-date: /home/f1tenth/realsense_ws/install/realsense2_camera_msgs/include/realsense2_camera_msgs/msg/detail
[1.254s] -- Up-to-date: /home/f1tenth/realsense_ws/install/realsense2_camera_msgs/include/realsense2_camera_msgs/msg/detail/metadata__rosidl_typesupport_fastrtps_c.h
[1.254s] -- Up-to-date: /home/f1tenth/realsense_ws/install/realsense2_camera_msgs/include/realsense2_camera_msgs/msg/detail/imu_info__rosidl_typesupport_fastrtps_c.h
[1.255s] -- Up-to-date: /home/f1tenth/realsense_ws/install/realsense2_camera_msgs/include/realsense2_camera_msgs/msg/detail/extrinsics__rosidl_typesupport_fastrtps_c.h
[1.255s] -- Up-to-date: /home/f1tenth/realsense_ws/install/realsense2_camera_msgs/include/realsense2_camera_msgs/srv
[1.255s] -- Up-to-date: /home/f1tenth/realsense_ws/install/realsense2_camera_msgs/include/realsense2_camera_msgs/srv/detail
[1.256s] -- Up-to-date: /home/f1tenth/realsense_ws/install/realsense2_camera_msgs/include/realsense2_camera_msgs/srv/detail/device_info__rosidl_typesupport_fastrtps_c.h
[1.256s] -- Up-to-date: /home/f1tenth/realsense_ws/install/realsense2_camera_msgs/lib/librealsense2_camera_msgs__rosidl_typesupport_fastrtps_c.so
[1.256s] -- Up-to-date: /home/f1tenth/realsense_ws/install/realsense2_camera_msgs/include/realsense2_camera_msgs
[1.257s] -- Up-to-date: /home/f1tenth/realsense_ws/install/realsense2_camera_msgs/include/realsense2_camera_msgs/msg
[1.257s] -- Up-to-date: /home/f1tenth/realsense_ws/install/realsense2_camera_msgs/include/realsense2_camera_msgs/msg/detail
[1.257s] -- Up-to-date: /home/f1tenth/realsense_ws/install/realsense2_camera_msgs/include/realsense2_camera_msgs/msg/detail/metadata__rosidl_typesupport_fastrtps_cpp.hpp
[1.257s] -- Up-to-date: /home/f1tenth/realsense_ws/install/realsense2_camera_msgs/include/realsense2_camera_msgs/msg/detail/extrinsics__rosidl_typesupport_fastrtps_cpp.hpp
[1.258s] -- Up-to-date: /home/f1tenth/realsense_ws/install/realsense2_camera_msgs/include/realsense2_camera_msgs/msg/detail/dds_fastrtps
[1.258s] -- Up-to-date: /home/f1tenth/realsense_ws/install/realsense2_camera_msgs/include/realsense2_camera_msgs/msg/detail/imu_info__rosidl_typesupport_fastrtps_cpp.hpp
[1.259s] -- Up-to-date: /home/f1tenth/realsense_ws/install/realsense2_camera_msgs/include/realsense2_camera_msgs/msg/rosidl_typesupport_fastrtps_cpp__visibility_control.h
[1.259s] -- Up-to-date: /home/f1tenth/realsense_ws/install/realsense2_camera_msgs/include/realsense2_camera_msgs/srv
[1.260s] -- Up-to-date: /home/f1tenth/realsense_ws/install/realsense2_camera_msgs/include/realsense2_camera_msgs/srv/detail
[1.260s] -- Up-to-date: /home/f1tenth/realsense_ws/install/realsense2_camera_msgs/include/realsense2_camera_msgs/srv/detail/device_info__rosidl_typesupport_fastrtps_cpp.hpp
[1.260s] -- Up-to-date: /home/f1tenth/realsense_ws/install/realsense2_camera_msgs/include/realsense2_camera_msgs/srv/detail/dds_fastrtps
[1.261s] -- Up-to-date: /home/f1tenth/realsense_ws/install/realsense2_camera_msgs/lib/librealsense2_camera_msgs__rosidl_typesupport_fastrtps_cpp.so
[1.261s] -- Up-to-date: /home/f1tenth/realsense_ws/install/realsense2_camera_msgs/include/realsense2_camera_msgs
[1.262s] -- Up-to-date: /home/f1tenth/realsense_ws/install/realsense2_camera_msgs/include/realsense2_camera_msgs/msg
[1.262s] -- Up-to-date: /home/f1tenth/realsense_ws/install/realsense2_camera_msgs/include/realsense2_camera_msgs/msg/rosidl_typesupport_introspection_c__visibility_control.h
[1.262s] -- Up-to-date: /home/f1tenth/realsense_ws/install/realsense2_camera_msgs/include/realsense2_camera_msgs/msg/detail
[1.262s] -- Up-to-date: /home/f1tenth/realsense_ws/install/realsense2_camera_msgs/include/realsense2_camera_msgs/msg/detail/extrinsics__type_support.c
[1.263s] -- Up-to-date: /home/f1tenth/realsense_ws/install/realsense2_camera_msgs/include/realsense2_camera_msgs/msg/detail/imu_info__type_support.c
[1.263s] -- Up-to-date: /home/f1tenth/realsense_ws/install/realsense2_camera_msgs/include/realsense2_camera_msgs/msg/detail/metadata__type_support.c
[1.263s] -- Up-to-date: /home/f1tenth/realsense_ws/install/realsense2_camera_msgs/include/realsense2_camera_msgs/msg/detail/metadata__rosidl_typesupport_introspection_c.h
[1.264s] -- Up-to-date: /home/f1tenth/realsense_ws/install/realsense2_camera_msgs/include/realsense2_camera_msgs/msg/detail/extrinsics__rosidl_typesupport_introspection_c.h
[1.264s] -- Up-to-date: /home/f1tenth/realsense_ws/install/realsense2_camera_msgs/include/realsense2_camera_msgs/msg/detail/imu_info__rosidl_typesupport_introspection_c.h
[1.264s] -- Up-to-date: /home/f1tenth/realsense_ws/install/realsense2_camera_msgs/include/realsense2_camera_msgs/srv
[1.265s] -- Up-to-date: /home/f1tenth/realsense_ws/install/realsense2_camera_msgs/include/realsense2_camera_msgs/srv/detail
[1.265s] -- Up-to-date: /home/f1tenth/realsense_ws/install/realsense2_camera_msgs/include/realsense2_camera_msgs/srv/detail/device_info__rosidl_typesupport_introspection_c.h
[1.265s] -- Up-to-date: /home/f1tenth/realsense_ws/install/realsense2_camera_msgs/include/realsense2_camera_msgs/srv/detail/device_info__type_support.c
[1.266s] -- Up-to-date: /home/f1tenth/realsense_ws/install/realsense2_camera_msgs/lib/librealsense2_camera_msgs__rosidl_typesupport_introspection_c.so
[1.266s] -- Up-to-date: /home/f1tenth/realsense_ws/install/realsense2_camera_msgs/lib/librealsense2_camera_msgs__rosidl_typesupport_c.so
[1.267s] -- Up-to-date: /home/f1tenth/realsense_ws/install/realsense2_camera_msgs/include/realsense2_camera_msgs
[1.268s] -- Up-to-date: /home/f1tenth/realsense_ws/install/realsense2_camera_msgs/include/realsense2_camera_msgs/msg
[1.268s] -- Up-to-date: /home/f1tenth/realsense_ws/install/realsense2_camera_msgs/include/realsense2_camera_msgs/msg/extrinsics.hpp
[1.268s] -- Up-to-date: /home/f1tenth/realsense_ws/install/realsense2_camera_msgs/include/realsense2_camera_msgs/msg/metadata.hpp
[1.268s] -- Up-to-date: /home/f1tenth/realsense_ws/install/realsense2_camera_msgs/include/realsense2_camera_msgs/msg/imu_info.hpp
[1.269s] -- Up-to-date: /home/f1tenth/realsense_ws/install/realsense2_camera_msgs/include/realsense2_camera_msgs/msg/detail
[1.269s] -- Up-to-date: /home/f1tenth/realsense_ws/install/realsense2_camera_msgs/include/realsense2_camera_msgs/msg/detail/extrinsics__type_support.hpp
[1.270s] -- Up-to-date: /home/f1tenth/realsense_ws/install/realsense2_camera_msgs/include/realsense2_camera_msgs/msg/detail/imu_info__builder.hpp
[1.271s] -- Up-to-date: /home/f1tenth/realsense_ws/install/realsense2_camera_msgs/include/realsense2_camera_msgs/msg/detail/extrinsics__builder.hpp
[1.271s] -- Up-to-date: /home/f1tenth/realsense_ws/install/realsense2_camera_msgs/include/realsense2_camera_msgs/msg/detail/metadata__traits.hpp
[1.271s] -- Up-to-date: /home/f1tenth/realsense_ws/install/realsense2_camera_msgs/include/realsense2_camera_msgs/msg/detail/imu_info__type_support.hpp
[1.272s] -- Up-to-date: /home/f1tenth/realsense_ws/install/realsense2_camera_msgs/include/realsense2_camera_msgs/msg/detail/extrinsics__struct.hpp
[1.272s] -- Up-to-date: /home/f1tenth/realsense_ws/install/realsense2_camera_msgs/include/realsense2_camera_msgs/msg/detail/metadata__builder.hpp
[1.272s] -- Up-to-date: /home/f1tenth/realsense_ws/install/realsense2_camera_msgs/include/realsense2_camera_msgs/msg/detail/metadata__type_support.hpp
[1.273s] -- Up-to-date: /home/f1tenth/realsense_ws/install/realsense2_camera_msgs/include/realsense2_camera_msgs/msg/detail/imu_info__struct.hpp
[1.273s] -- Up-to-date: /home/f1tenth/realsense_ws/install/realsense2_camera_msgs/include/realsense2_camera_msgs/msg/detail/extrinsics__traits.hpp
[1.273s] -- Up-to-date: /home/f1tenth/realsense_ws/install/realsense2_camera_msgs/include/realsense2_camera_msgs/msg/detail/metadata__struct.hpp
[1.274s] -- Up-to-date: /home/f1tenth/realsense_ws/install/realsense2_camera_msgs/include/realsense2_camera_msgs/msg/detail/imu_info__traits.hpp
[1.274s] -- Up-to-date: /home/f1tenth/realsense_ws/install/realsense2_camera_msgs/include/realsense2_camera_msgs/msg/rosidl_generator_cpp__visibility_control.hpp
[1.274s] -- Up-to-date: /home/f1tenth/realsense_ws/install/realsense2_camera_msgs/include/realsense2_camera_msgs/srv
[1.274s] -- Up-to-date: /home/f1tenth/realsense_ws/install/realsense2_camera_msgs/include/realsense2_camera_msgs/srv/device_info.hpp
[1.275s] -- Up-to-date: /home/f1tenth/realsense_ws/install/realsense2_camera_msgs/include/realsense2_camera_msgs/srv/detail
[1.275s] -- Up-to-date: /home/f1tenth/realsense_ws/install/realsense2_camera_msgs/include/realsense2_camera_msgs/srv/detail/device_info__builder.hpp
[1.275s] -- Up-to-date: /home/f1tenth/realsense_ws/install/realsense2_camera_msgs/include/realsense2_camera_msgs/srv/detail/device_info__struct.hpp
[1.276s] -- Up-to-date: /home/f1tenth/realsense_ws/install/realsense2_camera_msgs/include/realsense2_camera_msgs/srv/detail/device_info__type_support.hpp
[1.276s] -- Up-to-date: /home/f1tenth/realsense_ws/install/realsense2_camera_msgs/include/realsense2_camera_msgs/srv/detail/device_info__traits.hpp
[1.276s] -- Up-to-date: /home/f1tenth/realsense_ws/install/realsense2_camera_msgs/include/realsense2_camera_msgs
[1.276s] -- Up-to-date: /home/f1tenth/realsense_ws/install/realsense2_camera_msgs/include/realsense2_camera_msgs/msg
[1.277s] -- Up-to-date: /home/f1tenth/realsense_ws/install/realsense2_camera_msgs/include/realsense2_camera_msgs/msg/detail
[1.277s] -- Up-to-date: /home/f1tenth/realsense_ws/install/realsense2_camera_msgs/include/realsense2_camera_msgs/msg/detail/extrinsics__type_support.cpp
[1.278s] -- Up-to-date: /home/f1tenth/realsense_ws/install/realsense2_camera_msgs/include/realsense2_camera_msgs/msg/detail/imu_info__type_support.cpp
[1.278s] -- Up-to-date: /home/f1tenth/realsense_ws/install/realsense2_camera_msgs/include/realsense2_camera_msgs/msg/detail/imu_info__rosidl_typesupport_introspection_cpp.hpp
[1.278s] -- Up-to-date: /home/f1tenth/realsense_ws/install/realsense2_camera_msgs/include/realsense2_camera_msgs/msg/detail/metadata__type_support.cpp
[1.279s] -- Up-to-date: /home/f1tenth/realsense_ws/install/realsense2_camera_msgs/include/realsense2_camera_msgs/msg/detail/metadata__rosidl_typesupport_introspection_cpp.hpp
[1.279s] -- Up-to-date: /home/f1tenth/realsense_ws/install/realsense2_camera_msgs/include/realsense2_camera_msgs/msg/detail/extrinsics__rosidl_typesupport_introspection_cpp.hpp
[1.279s] -- Up-to-date: /home/f1tenth/realsense_ws/install/realsense2_camera_msgs/include/realsense2_camera_msgs/srv
[1.279s] -- Up-to-date: /home/f1tenth/realsense_ws/install/realsense2_camera_msgs/include/realsense2_camera_msgs/srv/detail
[1.280s] -- Up-to-date: /home/f1tenth/realsense_ws/install/realsense2_camera_msgs/include/realsense2_camera_msgs/srv/detail/device_info__rosidl_typesupport_introspection_cpp.hpp
[1.280s] -- Up-to-date: /home/f1tenth/realsense_ws/install/realsense2_camera_msgs/include/realsense2_camera_msgs/srv/detail/device_info__type_support.cpp
[1.280s] -- Up-to-date: /home/f1tenth/realsense_ws/install/realsense2_camera_msgs/lib/librealsense2_camera_msgs__rosidl_typesupport_introspection_cpp.so
[1.280s] -- Up-to-date: /home/f1tenth/realsense_ws/install/realsense2_camera_msgs/lib/librealsense2_camera_msgs__rosidl_typesupport_cpp.so
[1.281s] -- Up-to-date: /home/f1tenth/realsense_ws/install/realsense2_camera_msgs/share/realsense2_camera_msgs/environment/pythonpath.sh
[1.281s] -- Up-to-date: /home/f1tenth/realsense_ws/install/realsense2_camera_msgs/share/realsense2_camera_msgs/environment/pythonpath.dsv
[1.281s] -- Up-to-date: /home/f1tenth/realsense_ws/install/realsense2_camera_msgs/lib/python3.8/site-packages/realsense2_camera_msgs/__init__.py
[1.419s] -- Up-to-date: /home/f1tenth/realsense_ws/install/realsense2_camera_msgs/lib/python3.8/site-packages/realsense2_camera_msgs/msg
[1.420s] -- Up-to-date: /home/f1tenth/realsense_ws/install/realsense2_camera_msgs/lib/python3.8/site-packages/realsense2_camera_msgs/msg/_imu_info.py
[1.421s] -- Up-to-date: /home/f1tenth/realsense_ws/install/realsense2_camera_msgs/lib/python3.8/site-packages/realsense2_camera_msgs/msg/_metadata_s.c
[1.421s] -- Up-to-date: /home/f1tenth/realsense_ws/install/realsense2_camera_msgs/lib/python3.8/site-packages/realsense2_camera_msgs/msg/_metadata.py
[1.421s] -- Up-to-date: /home/f1tenth/realsense_ws/install/realsense2_camera_msgs/lib/python3.8/site-packages/realsense2_camera_msgs/msg/_extrinsics.py
[1.422s] -- Up-to-date: /home/f1tenth/realsense_ws/install/realsense2_camera_msgs/lib/python3.8/site-packages/realsense2_camera_msgs/msg/_extrinsics_s.c
[1.422s] -- Up-to-date: /home/f1tenth/realsense_ws/install/realsense2_camera_msgs/lib/python3.8/site-packages/realsense2_camera_msgs/msg/__init__.py
[1.422s] -- Up-to-date: /home/f1tenth/realsense_ws/install/realsense2_camera_msgs/lib/python3.8/site-packages/realsense2_camera_msgs/msg/_imu_info_s.c
[1.423s] -- Up-to-date: /home/f1tenth/realsense_ws/install/realsense2_camera_msgs/lib/python3.8/site-packages/realsense2_camera_msgs/srv
[1.430s] -- Up-to-date: /home/f1tenth/realsense_ws/install/realsense2_camera_msgs/lib/python3.8/site-packages/realsense2_camera_msgs/srv/_device_info_s.c
[1.430s] -- Up-to-date: /home/f1tenth/realsense_ws/install/realsense2_camera_msgs/lib/python3.8/site-packages/realsense2_camera_msgs/srv/_device_info.py
[1.430s] -- Up-to-date: /home/f1tenth/realsense_ws/install/realsense2_camera_msgs/lib/python3.8/site-packages/realsense2_camera_msgs/srv/__init__.py
[1.432s] -- Up-to-date: /home/f1tenth/realsense_ws/install/realsense2_camera_msgs/lib/python3.8/site-packages/realsense2_camera_msgs/realsense2_camera_msgs_s__rosidl_typesupport_fastrtps_c.cpython-38-aarch64-linux-gnu.so
[1.432s] -- Up-to-date: /home/f1tenth/realsense_ws/install/realsense2_camera_msgs/lib/python3.8/site-packages/realsense2_camera_msgs/realsense2_camera_msgs_s__rosidl_typesupport_introspection_c.cpython-38-aarch64-linux-gnu.so
[1.433s] -- Up-to-date: /home/f1tenth/realsense_ws/install/realsense2_camera_msgs/lib/python3.8/site-packages/realsense2_camera_msgs/realsense2_camera_msgs_s__rosidl_typesupport_c.cpython-38-aarch64-linux-gnu.so
[1.436s] -- Up-to-date: /home/f1tenth/realsense_ws/install/realsense2_camera_msgs/lib/librealsense2_camera_msgs__python.so
[1.438s] -- Up-to-date: /home/f1tenth/realsense_ws/install/realsense2_camera_msgs/share/realsense2_camera_msgs/msg/IMUInfo.idl
[1.439s] -- Up-to-date: /home/f1tenth/realsense_ws/install/realsense2_camera_msgs/share/realsense2_camera_msgs/msg/Extrinsics.idl
[1.440s] -- Up-to-date: /home/f1tenth/realsense_ws/install/realsense2_camera_msgs/share/realsense2_camera_msgs/msg/Metadata.idl
[1.440s] -- Up-to-date: /home/f1tenth/realsense_ws/install/realsense2_camera_msgs/share/realsense2_camera_msgs/srv/DeviceInfo.idl
[1.441s] -- Up-to-date: /home/f1tenth/realsense_ws/install/realsense2_camera_msgs/share/realsense2_camera_msgs/msg/IMUInfo.msg
[1.442s] -- Up-to-date: /home/f1tenth/realsense_ws/install/realsense2_camera_msgs/share/realsense2_camera_msgs/msg/Extrinsics.msg
[1.442s] -- Up-to-date: /home/f1tenth/realsense_ws/install/realsense2_camera_msgs/share/realsense2_camera_msgs/msg/Metadata.msg
[1.443s] -- Up-to-date: /home/f1tenth/realsense_ws/install/realsense2_camera_msgs/share/realsense2_camera_msgs/srv/DeviceInfo.srv
[1.443s] -- Up-to-date: /home/f1tenth/realsense_ws/install/realsense2_camera_msgs/share/realsense2_camera_msgs/srv/DeviceInfo_Request.msg
[1.443s] -- Up-to-date: /home/f1tenth/realsense_ws/install/realsense2_camera_msgs/share/realsense2_camera_msgs/srv/DeviceInfo_Response.msg
[1.444s] -- Up-to-date: /home/f1tenth/realsense_ws/install/realsense2_camera_msgs/share/ament_index/resource_index/package_run_dependencies/realsense2_camera_msgs
[1.444s] -- Up-to-date: /home/f1tenth/realsense_ws/install/realsense2_camera_msgs/share/ament_index/resource_index/parent_prefix_path/realsense2_camera_msgs
[1.445s] -- Up-to-date: /home/f1tenth/realsense_ws/install/realsense2_camera_msgs/share/realsense2_camera_msgs/environment/ament_prefix_path.sh
[1.445s] -- Up-to-date: /home/f1tenth/realsense_ws/install/realsense2_camera_msgs/share/realsense2_camera_msgs/environment/ament_prefix_path.dsv
[1.445s] -- Up-to-date: /home/f1tenth/realsense_ws/install/realsense2_camera_msgs/share/realsense2_camera_msgs/environment/path.sh
[1.446s] -- Up-to-date: /home/f1tenth/realsense_ws/install/realsense2_camera_msgs/share/realsense2_camera_msgs/environment/path.dsv
[1.446s] -- Up-to-date: /home/f1tenth/realsense_ws/install/realsense2_camera_msgs/share/realsense2_camera_msgs/local_setup.bash
[1.447s] -- Up-to-date: /home/f1tenth/realsense_ws/install/realsense2_camera_msgs/share/realsense2_camera_msgs/local_setup.sh
[1.447s] -- Up-to-date: /home/f1tenth/realsense_ws/install/realsense2_camera_msgs/share/realsense2_camera_msgs/local_setup.zsh
[1.447s] -- Up-to-date: /home/f1tenth/realsense_ws/install/realsense2_camera_msgs/share/realsense2_camera_msgs/local_setup.dsv
[1.448s] -- Installing: /home/f1tenth/realsense_ws/install/realsense2_camera_msgs/share/realsense2_camera_msgs/package.dsv
[1.451s] -- Up-to-date: /home/f1tenth/realsense_ws/install/realsense2_camera_msgs/share/ament_index/resource_index/packages/realsense2_camera_msgs
[1.454s] -- Up-to-date: /home/f1tenth/realsense_ws/install/realsense2_camera_msgs/share/realsense2_camera_msgs/cmake/realsense2_camera_msgs__rosidl_generator_cExport.cmake
[1.455s] -- Up-to-date: /home/f1tenth/realsense_ws/install/realsense2_camera_msgs/share/realsense2_camera_msgs/cmake/realsense2_camera_msgs__rosidl_generator_cExport-noconfig.cmake
[1.456s] -- Up-to-date: /home/f1tenth/realsense_ws/install/realsense2_camera_msgs/share/realsense2_camera_msgs/cmake/realsense2_camera_msgs__rosidl_typesupport_introspection_cExport.cmake
[1.456s] -- Up-to-date: /home/f1tenth/realsense_ws/install/realsense2_camera_msgs/share/realsense2_camera_msgs/cmake/realsense2_camera_msgs__rosidl_typesupport_introspection_cExport-noconfig.cmake
[1.458s] -- Up-to-date: /home/f1tenth/realsense_ws/install/realsense2_camera_msgs/share/realsense2_camera_msgs/cmake/realsense2_camera_msgs__rosidl_typesupport_cExport.cmake
[1.458s] -- Up-to-date: /home/f1tenth/realsense_ws/install/realsense2_camera_msgs/share/realsense2_camera_msgs/cmake/realsense2_camera_msgs__rosidl_typesupport_cExport-noconfig.cmake
[1.459s] -- Up-to-date: /home/f1tenth/realsense_ws/install/realsense2_camera_msgs/share/realsense2_camera_msgs/cmake/realsense2_camera_msgs__rosidl_generator_cppExport.cmake
[1.461s] -- Up-to-date: /home/f1tenth/realsense_ws/install/realsense2_camera_msgs/share/realsense2_camera_msgs/cmake/realsense2_camera_msgs__rosidl_typesupport_introspection_cppExport.cmake
[1.464s] -- Up-to-date: /home/f1tenth/realsense_ws/install/realsense2_camera_msgs/share/realsense2_camera_msgs/cmake/realsense2_camera_msgs__rosidl_typesupport_introspection_cppExport-noconfig.cmake
[1.465s] -- Up-to-date: /home/f1tenth/realsense_ws/install/realsense2_camera_msgs/share/realsense2_camera_msgs/cmake/realsense2_camera_msgs__rosidl_typesupport_cppExport.cmake
[1.466s] -- Up-to-date: /home/f1tenth/realsense_ws/install/realsense2_camera_msgs/share/realsense2_camera_msgs/cmake/realsense2_camera_msgs__rosidl_typesupport_cppExport-noconfig.cmake
[1.466s] -- Up-to-date: /home/f1tenth/realsense_ws/install/realsense2_camera_msgs/share/realsense2_camera_msgs/cmake/rosidl_cmake-extras.cmake
[1.466s] -- Up-to-date: /home/f1tenth/realsense_ws/install/realsense2_camera_msgs/share/realsense2_camera_msgs/cmake/ament_cmake_export_dependencies-extras.cmake
[1.467s] -- Up-to-date: /home/f1tenth/realsense_ws/install/realsense2_camera_msgs/share/realsense2_camera_msgs/cmake/ament_cmake_export_libraries-extras.cmake
[1.467s] -- Up-to-date: /home/f1tenth/realsense_ws/install/realsense2_camera_msgs/share/realsense2_camera_msgs/cmake/ament_cmake_export_targets-extras.cmake
[1.467s] -- Up-to-date: /home/f1tenth/realsense_ws/install/realsense2_camera_msgs/share/realsense2_camera_msgs/cmake/ament_cmake_export_include_directories-extras.cmake
[1.468s] -- Up-to-date: /home/f1tenth/realsense_ws/install/realsense2_camera_msgs/share/realsense2_camera_msgs/cmake/rosidl_cmake_export_typesupport_libraries-extras.cmake
[1.468s] -- Up-to-date: /home/f1tenth/realsense_ws/install/realsense2_camera_msgs/share/realsense2_camera_msgs/cmake/rosidl_cmake_export_typesupport_targets-extras.cmake
[1.469s] -- Up-to-date: /home/f1tenth/realsense_ws/install/realsense2_camera_msgs/share/realsense2_camera_msgs/cmake/realsense2_camera_msgsConfig.cmake
[1.470s] -- Up-to-date: /home/f1tenth/realsense_ws/install/realsense2_camera_msgs/share/realsense2_camera_msgs/cmake/realsense2_camera_msgsConfig-version.cmake
[1.470s] -- Up-to-date: /home/f1tenth/realsense_ws/install/realsense2_camera_msgs/share/realsense2_camera_msgs/package.xml
[1.486s] Invoked command in '/home/f1tenth/realsense_ws/build/realsense2_camera_msgs' returned '0': CMAKE_PREFIX_PATH=${CMAKE_PREFIX_PATH}:/opt/ros/foxy /usr/bin/cmake --install /home/f1tenth/realsense_ws/build/realsense2_camera_msgs
