[0.096s] Invoking command in '/home/f1tenth/f1tenth_mrc_ws/build/lidar_object_detection_ros2': CMAKE_PREFIX_PATH=${CMAKE_PREFIX_PATH}:/home/f1tenth/f1tenth_mrc_ws/install/waypoint_logger:/home/f1tenth/f1tenth_mrc_ws/install/rrt_package:/home/f1tenth/f1tenth_mrc_ws/install/ppo_racing:/home/f1tenth/f1tenth_mrc_ws/install/particle_filter:/home/f1tenth/f1tenth_mrc_ws/install/f1tenth_gym_ros:/home/f1tenth/f1tenth_mrc_ws/install/camera_pkg:/opt/ros/foxy /usr/bin/cmake --build /home/f1tenth/f1tenth_mrc_ws/build/lidar_object_detection_ros2 -- -j4 -l4
[0.557s] [  1%] Built target lidar_object_detection_ros2__cpp
[0.758s] [ 12%] Built target lidar_object_detection_ros2__rosidl_generator_c
[0.922s] [ 23%] Built target lidar_object_detection_ros2__rosidl_typesupport_cpp
[1.071s] [ 34%] Built target lidar_object_detection_ros2__rosidl_typesupport_introspection_c
[1.258s] [ 46%] Built target lidar_object_detection_ros2__rosidl_typesupport_c
[1.465s] [ 57%] Built target lidar_object_detection_ros2__rosidl_typesupport_fastrtps_cpp
[1.652s] [ 68%] Built target lidar_object_detection_ros2__rosidl_typesupport_introspection_cpp
[1.832s] [ 79%] Built target lidar_object_detection_ros2__rosidl_typesupport_fastrtps_c
[1.974s] [ 79%] Built target lidar_object_detection_ros2
[2.112s] [ 80%] Built target lidar_object_detection_ros2__py
[2.294s] [ 90%] Built target lidar_object_detection_ros2__python
[2.481s] [ 93%] Built target lidar_object_detection_ros2__rosidl_typesupport_c__pyext
[2.648s] [ 96%] Built target lidar_object_detection_ros2__rosidl_typesupport_introspection_c__pyext
[2.834s] [100%] Built target lidar_object_detection_ros2__rosidl_typesupport_fastrtps_c__pyext
[2.936s] Invoked command in '/home/f1tenth/f1tenth_mrc_ws/build/lidar_object_detection_ros2' returned '0': CMAKE_PREFIX_PATH=${CMAKE_PREFIX_PATH}:/home/f1tenth/f1tenth_mrc_ws/install/waypoint_logger:/home/f1tenth/f1tenth_mrc_ws/install/rrt_package:/home/f1tenth/f1tenth_mrc_ws/install/ppo_racing:/home/f1tenth/f1tenth_mrc_ws/install/particle_filter:/home/f1tenth/f1tenth_mrc_ws/install/f1tenth_gym_ros:/home/f1tenth/f1tenth_mrc_ws/install/camera_pkg:/opt/ros/foxy /usr/bin/cmake --build /home/f1tenth/f1tenth_mrc_ws/build/lidar_object_detection_ros2 -- -j4 -l4
[3.020s] Invoking command in '/home/f1tenth/f1tenth_mrc_ws/build/lidar_object_detection_ros2': CMAKE_PREFIX_PATH=${CMAKE_PREFIX_PATH}:/home/f1tenth/f1tenth_mrc_ws/install/waypoint_logger:/home/f1tenth/f1tenth_mrc_ws/install/rrt_package:/home/f1tenth/f1tenth_mrc_ws/install/ppo_racing:/home/f1tenth/f1tenth_mrc_ws/install/particle_filter:/home/f1tenth/f1tenth_mrc_ws/install/f1tenth_gym_ros:/home/f1tenth/f1tenth_mrc_ws/install/camera_pkg:/opt/ros/foxy /usr/bin/cmake --install /home/f1tenth/f1tenth_mrc_ws/build/lidar_object_detection_ros2
[3.087s] -- Install configuration: ""
[3.092s] -- Up-to-date: /home/f1tenth/f1tenth_mrc_ws/install/lidar_object_detection_ros2/share/ament_index/resource_index/rosidl_interfaces/lidar_object_detection_ros2
[3.094s] -- Up-to-date: /home/f1tenth/f1tenth_mrc_ws/install/lidar_object_detection_ros2/include/lidar_object_detection_ros2
[3.095s] -- Up-to-date: /home/f1tenth/f1tenth_mrc_ws/install/lidar_object_detection_ros2/include/lidar_object_detection_ros2/msg
[3.097s] -- Up-to-date: /home/f1tenth/f1tenth_mrc_ws/install/lidar_object_detection_ros2/include/lidar_object_detection_ros2/msg/rosidl_generator_c__visibility_control.h
[3.097s] -- Up-to-date: /home/f1tenth/f1tenth_mrc_ws/install/lidar_object_detection_ros2/include/lidar_object_detection_ros2/msg/objects_array.h
[3.098s] -- Up-to-date: /home/f1tenth/f1tenth_mrc_ws/install/lidar_object_detection_ros2/include/lidar_object_detection_ros2/msg/object.h
[3.099s] -- Up-to-date: /home/f1tenth/f1tenth_mrc_ws/install/lidar_object_detection_ros2/include/lidar_object_detection_ros2/msg/pose2_d.h
[3.099s] -- Up-to-date: /home/f1tenth/f1tenth_mrc_ws/install/lidar_object_detection_ros2/include/lidar_object_detection_ros2/msg/scan_clusters.h
[3.099s] -- Up-to-date: /home/f1tenth/f1tenth_mrc_ws/install/lidar_object_detection_ros2/include/lidar_object_detection_ros2/msg/detail
[3.099s] -- Up-to-date: /home/f1tenth/f1tenth_mrc_ws/install/lidar_object_detection_ros2/include/lidar_object_detection_ros2/msg/detail/objects_array__type_support.h
[3.101s] -- Up-to-date: /home/f1tenth/f1tenth_mrc_ws/install/lidar_object_detection_ros2/include/lidar_object_detection_ros2/msg/detail/scan_clusters__type_support.h
[3.102s] -- Up-to-date: /home/f1tenth/f1tenth_mrc_ws/install/lidar_object_detection_ros2/include/lidar_object_detection_ros2/msg/detail/scan_clusters__functions.h
[3.102s] -- Up-to-date: /home/f1tenth/f1tenth_mrc_ws/install/lidar_object_detection_ros2/include/lidar_object_detection_ros2/msg/detail/objects_array__functions.h
[3.109s] -- Up-to-date: /home/f1tenth/f1tenth_mrc_ws/install/lidar_object_detection_ros2/include/lidar_object_detection_ros2/msg/detail/object__type_support.h
[3.109s] -- Up-to-date: /home/f1tenth/f1tenth_mrc_ws/install/lidar_object_detection_ros2/include/lidar_object_detection_ros2/msg/detail/object__functions.h
[3.110s] -- Up-to-date: /home/f1tenth/f1tenth_mrc_ws/install/lidar_object_detection_ros2/include/lidar_object_detection_ros2/msg/detail/objects_array__struct.h
[3.111s] -- Up-to-date: /home/f1tenth/f1tenth_mrc_ws/install/lidar_object_detection_ros2/include/lidar_object_detection_ros2/msg/detail/l_shape__functions.h
[3.111s] -- Up-to-date: /home/f1tenth/f1tenth_mrc_ws/install/lidar_object_detection_ros2/include/lidar_object_detection_ros2/msg/detail/pose2_d__struct.h
[3.112s] -- Up-to-date: /home/f1tenth/f1tenth_mrc_ws/install/lidar_object_detection_ros2/include/lidar_object_detection_ros2/msg/detail/pose2_d__functions.h
[3.112s] -- Up-to-date: /home/f1tenth/f1tenth_mrc_ws/install/lidar_object_detection_ros2/include/lidar_object_detection_ros2/msg/detail/l_shape__functions.c
[3.112s] -- Up-to-date: /home/f1tenth/f1tenth_mrc_ws/install/lidar_object_detection_ros2/include/lidar_object_detection_ros2/msg/detail/pose2_d__functions.c
[3.113s] -- Up-to-date: /home/f1tenth/f1tenth_mrc_ws/install/lidar_object_detection_ros2/include/lidar_object_detection_ros2/msg/detail/objects_array__functions.c
[3.120s] -- Up-to-date: /home/f1tenth/f1tenth_mrc_ws/install/lidar_object_detection_ros2/include/lidar_object_detection_ros2/msg/detail/scan_clusters__struct.h
[3.120s] -- Up-to-date: /home/f1tenth/f1tenth_mrc_ws/install/lidar_object_detection_ros2/include/lidar_object_detection_ros2/msg/detail/l_shape__struct.h
[3.121s] -- Up-to-date: /home/f1tenth/f1tenth_mrc_ws/install/lidar_object_detection_ros2/include/lidar_object_detection_ros2/msg/detail/object__struct.h
[3.121s] -- Up-to-date: /home/f1tenth/f1tenth_mrc_ws/install/lidar_object_detection_ros2/include/lidar_object_detection_ros2/msg/detail/pose2_d__type_support.h
[3.121s] -- Up-to-date: /home/f1tenth/f1tenth_mrc_ws/install/lidar_object_detection_ros2/include/lidar_object_detection_ros2/msg/detail/l_shape__type_support.h
[3.121s] -- Up-to-date: /home/f1tenth/f1tenth_mrc_ws/install/lidar_object_detection_ros2/include/lidar_object_detection_ros2/msg/detail/scan_clusters__functions.c
[3.122s] -- Up-to-date: /home/f1tenth/f1tenth_mrc_ws/install/lidar_object_detection_ros2/include/lidar_object_detection_ros2/msg/detail/object__functions.c
[3.122s] -- Up-to-date: /home/f1tenth/f1tenth_mrc_ws/install/lidar_object_detection_ros2/include/lidar_object_detection_ros2/msg/l_shape.h
[3.122s] -- Up-to-date: /home/f1tenth/f1tenth_mrc_ws/install/lidar_object_detection_ros2/share/lidar_object_detection_ros2/environment/library_path.sh
[3.123s] -- Up-to-date: /home/f1tenth/f1tenth_mrc_ws/install/lidar_object_detection_ros2/share/lidar_object_detection_ros2/environment/library_path.dsv
[3.123s] -- Up-to-date: /home/f1tenth/f1tenth_mrc_ws/install/lidar_object_detection_ros2/lib/liblidar_object_detection_ros2__rosidl_generator_c.so
[3.124s] -- Up-to-date: /home/f1tenth/f1tenth_mrc_ws/install/lidar_object_detection_ros2/include/lidar_object_detection_ros2
[3.124s] -- Up-to-date: /home/f1tenth/f1tenth_mrc_ws/install/lidar_object_detection_ros2/include/lidar_object_detection_ros2/msg
[3.125s] -- Up-to-date: /home/f1tenth/f1tenth_mrc_ws/install/lidar_object_detection_ros2/include/lidar_object_detection_ros2/msg/rosidl_typesupport_fastrtps_c__visibility_control.h
[3.125s] -- Up-to-date: /home/f1tenth/f1tenth_mrc_ws/install/lidar_object_detection_ros2/include/lidar_object_detection_ros2/msg/detail
[3.128s] -- Up-to-date: /home/f1tenth/f1tenth_mrc_ws/install/lidar_object_detection_ros2/include/lidar_object_detection_ros2/msg/detail/objects_array__rosidl_typesupport_fastrtps_c.h
[3.128s] -- Up-to-date: /home/f1tenth/f1tenth_mrc_ws/install/lidar_object_detection_ros2/include/lidar_object_detection_ros2/msg/detail/pose2_d__rosidl_typesupport_fastrtps_c.h
[3.130s] -- Up-to-date: /home/f1tenth/f1tenth_mrc_ws/install/lidar_object_detection_ros2/include/lidar_object_detection_ros2/msg/detail/object__rosidl_typesupport_fastrtps_c.h
[3.130s] -- Up-to-date: /home/f1tenth/f1tenth_mrc_ws/install/lidar_object_detection_ros2/include/lidar_object_detection_ros2/msg/detail/l_shape__rosidl_typesupport_fastrtps_c.h
[3.131s] -- Up-to-date: /home/f1tenth/f1tenth_mrc_ws/install/lidar_object_detection_ros2/include/lidar_object_detection_ros2/msg/detail/scan_clusters__rosidl_typesupport_fastrtps_c.h
[3.136s] -- Up-to-date: /home/f1tenth/f1tenth_mrc_ws/install/lidar_object_detection_ros2/lib/liblidar_object_detection_ros2__rosidl_typesupport_fastrtps_c.so
[3.137s] -- Up-to-date: /home/f1tenth/f1tenth_mrc_ws/install/lidar_object_detection_ros2/include/lidar_object_detection_ros2
[3.143s] -- Up-to-date: /home/f1tenth/f1tenth_mrc_ws/install/lidar_object_detection_ros2/include/lidar_object_detection_ros2/msg
[3.143s] -- Up-to-date: /home/f1tenth/f1tenth_mrc_ws/install/lidar_object_detection_ros2/include/lidar_object_detection_ros2/msg/detail
[3.143s] -- Up-to-date: /home/f1tenth/f1tenth_mrc_ws/install/lidar_object_detection_ros2/include/lidar_object_detection_ros2/msg/detail/scan_clusters__rosidl_typesupport_fastrtps_cpp.hpp
[3.144s] -- Up-to-date: /home/f1tenth/f1tenth_mrc_ws/install/lidar_object_detection_ros2/include/lidar_object_detection_ros2/msg/detail/objects_array__rosidl_typesupport_fastrtps_cpp.hpp
[3.144s] -- Up-to-date: /home/f1tenth/f1tenth_mrc_ws/install/lidar_object_detection_ros2/include/lidar_object_detection_ros2/msg/detail/l_shape__rosidl_typesupport_fastrtps_cpp.hpp
[3.145s] -- Up-to-date: /home/f1tenth/f1tenth_mrc_ws/install/lidar_object_detection_ros2/include/lidar_object_detection_ros2/msg/detail/object__rosidl_typesupport_fastrtps_cpp.hpp
[3.145s] -- Up-to-date: /home/f1tenth/f1tenth_mrc_ws/install/lidar_object_detection_ros2/include/lidar_object_detection_ros2/msg/detail/pose2_d__rosidl_typesupport_fastrtps_cpp.hpp
[3.146s] -- Up-to-date: /home/f1tenth/f1tenth_mrc_ws/install/lidar_object_detection_ros2/include/lidar_object_detection_ros2/msg/detail/dds_fastrtps
[3.146s] -- Up-to-date: /home/f1tenth/f1tenth_mrc_ws/install/lidar_object_detection_ros2/include/lidar_object_detection_ros2/msg/rosidl_typesupport_fastrtps_cpp__visibility_control.h
[3.146s] -- Up-to-date: /home/f1tenth/f1tenth_mrc_ws/install/lidar_object_detection_ros2/lib/liblidar_object_detection_ros2__rosidl_typesupport_fastrtps_cpp.so
[3.151s] -- Up-to-date: /home/f1tenth/f1tenth_mrc_ws/install/lidar_object_detection_ros2/include/lidar_object_detection_ros2
[3.158s] -- Up-to-date: /home/f1tenth/f1tenth_mrc_ws/install/lidar_object_detection_ros2/include/lidar_object_detection_ros2/msg
[3.158s] -- Up-to-date: /home/f1tenth/f1tenth_mrc_ws/install/lidar_object_detection_ros2/include/lidar_object_detection_ros2/msg/rosidl_typesupport_introspection_c__visibility_control.h
[3.159s] -- Up-to-date: /home/f1tenth/f1tenth_mrc_ws/install/lidar_object_detection_ros2/include/lidar_object_detection_ros2/msg/detail
[3.159s] -- Up-to-date: /home/f1tenth/f1tenth_mrc_ws/install/lidar_object_detection_ros2/include/lidar_object_detection_ros2/msg/detail/pose2_d__rosidl_typesupport_introspection_c.h
[3.160s] -- Up-to-date: /home/f1tenth/f1tenth_mrc_ws/install/lidar_object_detection_ros2/include/lidar_object_detection_ros2/msg/detail/scan_clusters__type_support.c
[3.160s] -- Up-to-date: /home/f1tenth/f1tenth_mrc_ws/install/lidar_object_detection_ros2/include/lidar_object_detection_ros2/msg/detail/l_shape__type_support.c
[3.160s] -- Up-to-date: /home/f1tenth/f1tenth_mrc_ws/install/lidar_object_detection_ros2/include/lidar_object_detection_ros2/msg/detail/object__rosidl_typesupport_introspection_c.h
[3.161s] -- Up-to-date: /home/f1tenth/f1tenth_mrc_ws/install/lidar_object_detection_ros2/include/lidar_object_detection_ros2/msg/detail/scan_clusters__rosidl_typesupport_introspection_c.h
[3.161s] -- Up-to-date: /home/f1tenth/f1tenth_mrc_ws/install/lidar_object_detection_ros2/include/lidar_object_detection_ros2/msg/detail/l_shape__rosidl_typesupport_introspection_c.h
[3.162s] -- Up-to-date: /home/f1tenth/f1tenth_mrc_ws/install/lidar_object_detection_ros2/include/lidar_object_detection_ros2/msg/detail/pose2_d__type_support.c
[3.163s] -- Up-to-date: /home/f1tenth/f1tenth_mrc_ws/install/lidar_object_detection_ros2/include/lidar_object_detection_ros2/msg/detail/objects_array__rosidl_typesupport_introspection_c.h
[3.164s] -- Up-to-date: /home/f1tenth/f1tenth_mrc_ws/install/lidar_object_detection_ros2/include/lidar_object_detection_ros2/msg/detail/objects_array__type_support.c
[3.164s] -- Up-to-date: /home/f1tenth/f1tenth_mrc_ws/install/lidar_object_detection_ros2/include/lidar_object_detection_ros2/msg/detail/object__type_support.c
[3.165s] -- Up-to-date: /home/f1tenth/f1tenth_mrc_ws/install/lidar_object_detection_ros2/lib/liblidar_object_detection_ros2__rosidl_typesupport_introspection_c.so
[3.165s] -- Up-to-date: /home/f1tenth/f1tenth_mrc_ws/install/lidar_object_detection_ros2/lib/liblidar_object_detection_ros2__rosidl_typesupport_c.so
[3.166s] -- Up-to-date: /home/f1tenth/f1tenth_mrc_ws/install/lidar_object_detection_ros2/include/lidar_object_detection_ros2
[3.166s] -- Up-to-date: /home/f1tenth/f1tenth_mrc_ws/install/lidar_object_detection_ros2/include/lidar_object_detection_ros2/msg
[3.167s] -- Up-to-date: /home/f1tenth/f1tenth_mrc_ws/install/lidar_object_detection_ros2/include/lidar_object_detection_ros2/msg/object.hpp
[3.169s] -- Up-to-date: /home/f1tenth/f1tenth_mrc_ws/install/lidar_object_detection_ros2/include/lidar_object_detection_ros2/msg/pose2_d.hpp
[3.170s] -- Up-to-date: /home/f1tenth/f1tenth_mrc_ws/install/lidar_object_detection_ros2/include/lidar_object_detection_ros2/msg/l_shape.hpp
[3.171s] -- Up-to-date: /home/f1tenth/f1tenth_mrc_ws/install/lidar_object_detection_ros2/include/lidar_object_detection_ros2/msg/objects_array.hpp
[3.171s] -- Up-to-date: /home/f1tenth/f1tenth_mrc_ws/install/lidar_object_detection_ros2/include/lidar_object_detection_ros2/msg/detail
[3.172s] -- Up-to-date: /home/f1tenth/f1tenth_mrc_ws/install/lidar_object_detection_ros2/include/lidar_object_detection_ros2/msg/detail/scan_clusters__traits.hpp
[3.172s] -- Up-to-date: /home/f1tenth/f1tenth_mrc_ws/install/lidar_object_detection_ros2/include/lidar_object_detection_ros2/msg/detail/objects_array__traits.hpp
[3.172s] -- Up-to-date: /home/f1tenth/f1tenth_mrc_ws/install/lidar_object_detection_ros2/include/lidar_object_detection_ros2/msg/detail/l_shape__traits.hpp
[3.173s] -- Up-to-date: /home/f1tenth/f1tenth_mrc_ws/install/lidar_object_detection_ros2/include/lidar_object_detection_ros2/msg/detail/object__struct.hpp
[3.180s] -- Up-to-date: /home/f1tenth/f1tenth_mrc_ws/install/lidar_object_detection_ros2/include/lidar_object_detection_ros2/msg/detail/pose2_d__builder.hpp
[3.180s] -- Up-to-date: /home/f1tenth/f1tenth_mrc_ws/install/lidar_object_detection_ros2/include/lidar_object_detection_ros2/msg/detail/l_shape__builder.hpp
[3.181s] -- Up-to-date: /home/f1tenth/f1tenth_mrc_ws/install/lidar_object_detection_ros2/include/lidar_object_detection_ros2/msg/detail/object__traits.hpp
[3.181s] -- Up-to-date: /home/f1tenth/f1tenth_mrc_ws/install/lidar_object_detection_ros2/include/lidar_object_detection_ros2/msg/detail/object__builder.hpp
[3.181s] -- Up-to-date: /home/f1tenth/f1tenth_mrc_ws/install/lidar_object_detection_ros2/include/lidar_object_detection_ros2/msg/detail/scan_clusters__struct.hpp
[3.181s] -- Up-to-date: /home/f1tenth/f1tenth_mrc_ws/install/lidar_object_detection_ros2/include/lidar_object_detection_ros2/msg/detail/scan_clusters__type_support.hpp
[3.182s] -- Up-to-date: /home/f1tenth/f1tenth_mrc_ws/install/lidar_object_detection_ros2/include/lidar_object_detection_ros2/msg/detail/objects_array__type_support.hpp
[3.182s] -- Up-to-date: /home/f1tenth/f1tenth_mrc_ws/install/lidar_object_detection_ros2/include/lidar_object_detection_ros2/msg/detail/pose2_d__struct.hpp
[3.182s] -- Up-to-date: /home/f1tenth/f1tenth_mrc_ws/install/lidar_object_detection_ros2/include/lidar_object_detection_ros2/msg/detail/pose2_d__traits.hpp
[3.183s] -- Up-to-date: /home/f1tenth/f1tenth_mrc_ws/install/lidar_object_detection_ros2/include/lidar_object_detection_ros2/msg/detail/objects_array__builder.hpp
[3.183s] -- Up-to-date: /home/f1tenth/f1tenth_mrc_ws/install/lidar_object_detection_ros2/include/lidar_object_detection_ros2/msg/detail/l_shape__struct.hpp
[3.183s] -- Up-to-date: /home/f1tenth/f1tenth_mrc_ws/install/lidar_object_detection_ros2/include/lidar_object_detection_ros2/msg/detail/pose2_d__type_support.hpp
[3.183s] -- Up-to-date: /home/f1tenth/f1tenth_mrc_ws/install/lidar_object_detection_ros2/include/lidar_object_detection_ros2/msg/detail/scan_clusters__builder.hpp
[3.184s] -- Up-to-date: /home/f1tenth/f1tenth_mrc_ws/install/lidar_object_detection_ros2/include/lidar_object_detection_ros2/msg/detail/l_shape__type_support.hpp
[3.188s] -- Up-to-date: /home/f1tenth/f1tenth_mrc_ws/install/lidar_object_detection_ros2/include/lidar_object_detection_ros2/msg/detail/object__type_support.hpp
[3.188s] -- Up-to-date: /home/f1tenth/f1tenth_mrc_ws/install/lidar_object_detection_ros2/include/lidar_object_detection_ros2/msg/detail/objects_array__struct.hpp
[3.189s] -- Up-to-date: /home/f1tenth/f1tenth_mrc_ws/install/lidar_object_detection_ros2/include/lidar_object_detection_ros2/msg/scan_clusters.hpp
[3.189s] -- Up-to-date: /home/f1tenth/f1tenth_mrc_ws/install/lidar_object_detection_ros2/include/lidar_object_detection_ros2/msg/rosidl_generator_cpp__visibility_control.hpp
[3.196s] -- Up-to-date: /home/f1tenth/f1tenth_mrc_ws/install/lidar_object_detection_ros2/include/lidar_object_detection_ros2
[3.197s] -- Up-to-date: /home/f1tenth/f1tenth_mrc_ws/install/lidar_object_detection_ros2/include/lidar_object_detection_ros2/msg
[3.197s] -- Up-to-date: /home/f1tenth/f1tenth_mrc_ws/install/lidar_object_detection_ros2/include/lidar_object_detection_ros2/msg/detail
[3.197s] -- Up-to-date: /home/f1tenth/f1tenth_mrc_ws/install/lidar_object_detection_ros2/include/lidar_object_detection_ros2/msg/detail/object__rosidl_typesupport_introspection_cpp.hpp
[3.197s] -- Up-to-date: /home/f1tenth/f1tenth_mrc_ws/install/lidar_object_detection_ros2/include/lidar_object_detection_ros2/msg/detail/scan_clusters__rosidl_typesupport_introspection_cpp.hpp
[3.198s] -- Up-to-date: /home/f1tenth/f1tenth_mrc_ws/install/lidar_object_detection_ros2/include/lidar_object_detection_ros2/msg/detail/objects_array__type_support.cpp
[3.198s] -- Up-to-date: /home/f1tenth/f1tenth_mrc_ws/install/lidar_object_detection_ros2/include/lidar_object_detection_ros2/msg/detail/l_shape__type_support.cpp
[3.198s] -- Up-to-date: /home/f1tenth/f1tenth_mrc_ws/install/lidar_object_detection_ros2/include/lidar_object_detection_ros2/msg/detail/l_shape__rosidl_typesupport_introspection_cpp.hpp
[3.199s] -- Up-to-date: /home/f1tenth/f1tenth_mrc_ws/install/lidar_object_detection_ros2/include/lidar_object_detection_ros2/msg/detail/objects_array__rosidl_typesupport_introspection_cpp.hpp
[3.199s] -- Up-to-date: /home/f1tenth/f1tenth_mrc_ws/install/lidar_object_detection_ros2/include/lidar_object_detection_ros2/msg/detail/pose2_d__type_support.cpp
[3.199s] -- Up-to-date: /home/f1tenth/f1tenth_mrc_ws/install/lidar_object_detection_ros2/include/lidar_object_detection_ros2/msg/detail/object__type_support.cpp
[3.199s] -- Up-to-date: /home/f1tenth/f1tenth_mrc_ws/install/lidar_object_detection_ros2/include/lidar_object_detection_ros2/msg/detail/scan_clusters__type_support.cpp
[3.200s] -- Up-to-date: /home/f1tenth/f1tenth_mrc_ws/install/lidar_object_detection_ros2/include/lidar_object_detection_ros2/msg/detail/pose2_d__rosidl_typesupport_introspection_cpp.hpp
[3.200s] -- Up-to-date: /home/f1tenth/f1tenth_mrc_ws/install/lidar_object_detection_ros2/lib/liblidar_object_detection_ros2__rosidl_typesupport_introspection_cpp.so
[3.200s] -- Up-to-date: /home/f1tenth/f1tenth_mrc_ws/install/lidar_object_detection_ros2/lib/liblidar_object_detection_ros2__rosidl_typesupport_cpp.so
[3.201s] -- Up-to-date: /home/f1tenth/f1tenth_mrc_ws/install/lidar_object_detection_ros2/share/lidar_object_detection_ros2/environment/pythonpath.sh
[3.201s] -- Up-to-date: /home/f1tenth/f1tenth_mrc_ws/install/lidar_object_detection_ros2/share/lidar_object_detection_ros2/environment/pythonpath.dsv
[3.201s] -- Up-to-date: /home/f1tenth/f1tenth_mrc_ws/install/lidar_object_detection_ros2/lib/python3.8/site-packages/lidar_object_detection_ros2/__init__.py
[3.381s] -- Up-to-date: /home/f1tenth/f1tenth_mrc_ws/install/lidar_object_detection_ros2/lib/python3.8/site-packages/lidar_object_detection_ros2/msg
[3.383s] -- Up-to-date: /home/f1tenth/f1tenth_mrc_ws/install/lidar_object_detection_ros2/lib/python3.8/site-packages/lidar_object_detection_ros2/msg/_object_s.c
[3.396s] -- Up-to-date: /home/f1tenth/f1tenth_mrc_ws/install/lidar_object_detection_ros2/lib/python3.8/site-packages/lidar_object_detection_ros2/msg/_pose2_d_s.c
[3.397s] -- Up-to-date: /home/f1tenth/f1tenth_mrc_ws/install/lidar_object_detection_ros2/lib/python3.8/site-packages/lidar_object_detection_ros2/msg/_object.py
[3.397s] -- Up-to-date: /home/f1tenth/f1tenth_mrc_ws/install/lidar_object_detection_ros2/lib/python3.8/site-packages/lidar_object_detection_ros2/msg/_objects_array.py
[3.398s] -- Up-to-date: /home/f1tenth/f1tenth_mrc_ws/install/lidar_object_detection_ros2/lib/python3.8/site-packages/lidar_object_detection_ros2/msg/_pose2_d.py
[3.412s] -- Up-to-date: /home/f1tenth/f1tenth_mrc_ws/install/lidar_object_detection_ros2/lib/python3.8/site-packages/lidar_object_detection_ros2/msg/_scan_clusters_s.c
[3.412s] -- Up-to-date: /home/f1tenth/f1tenth_mrc_ws/install/lidar_object_detection_ros2/lib/python3.8/site-packages/lidar_object_detection_ros2/msg/_objects_array_s.c
[3.413s] -- Up-to-date: /home/f1tenth/f1tenth_mrc_ws/install/lidar_object_detection_ros2/lib/python3.8/site-packages/lidar_object_detection_ros2/msg/_l_shape_s.c
[3.413s] -- Up-to-date: /home/f1tenth/f1tenth_mrc_ws/install/lidar_object_detection_ros2/lib/python3.8/site-packages/lidar_object_detection_ros2/msg/_scan_clusters.py
[3.413s] -- Up-to-date: /home/f1tenth/f1tenth_mrc_ws/install/lidar_object_detection_ros2/lib/python3.8/site-packages/lidar_object_detection_ros2/msg/_l_shape.py
[3.414s] -- Up-to-date: /home/f1tenth/f1tenth_mrc_ws/install/lidar_object_detection_ros2/lib/python3.8/site-packages/lidar_object_detection_ros2/msg/__init__.py
[3.415s] -- Up-to-date: /home/f1tenth/f1tenth_mrc_ws/install/lidar_object_detection_ros2/lib/python3.8/site-packages/lidar_object_detection_ros2/lidar_object_detection_ros2_s__rosidl_typesupport_fastrtps_c.cpython-38-aarch64-linux-gnu.so
[3.415s] -- Up-to-date: /home/f1tenth/f1tenth_mrc_ws/install/lidar_object_detection_ros2/lib/python3.8/site-packages/lidar_object_detection_ros2/lidar_object_detection_ros2_s__rosidl_typesupport_introspection_c.cpython-38-aarch64-linux-gnu.so
[3.418s] -- Up-to-date: /home/f1tenth/f1tenth_mrc_ws/install/lidar_object_detection_ros2/lib/python3.8/site-packages/lidar_object_detection_ros2/lidar_object_detection_ros2_s__rosidl_typesupport_c.cpython-38-aarch64-linux-gnu.so
[3.423s] -- Up-to-date: /home/f1tenth/f1tenth_mrc_ws/install/lidar_object_detection_ros2/lib/liblidar_object_detection_ros2__python.so
[3.424s] -- Up-to-date: /home/f1tenth/f1tenth_mrc_ws/install/lidar_object_detection_ros2/share/lidar_object_detection_ros2/msg/Pose2D.idl
[3.425s] -- Up-to-date: /home/f1tenth/f1tenth_mrc_ws/install/lidar_object_detection_ros2/share/lidar_object_detection_ros2/msg/LShape.idl
[3.427s] -- Up-to-date: /home/f1tenth/f1tenth_mrc_ws/install/lidar_object_detection_ros2/share/lidar_object_detection_ros2/msg/Object.idl
[3.427s] -- Up-to-date: /home/f1tenth/f1tenth_mrc_ws/install/lidar_object_detection_ros2/share/lidar_object_detection_ros2/msg/ObjectsArray.idl
[3.428s] -- Up-to-date: /home/f1tenth/f1tenth_mrc_ws/install/lidar_object_detection_ros2/share/lidar_object_detection_ros2/msg/ScanClusters.idl
[3.428s] -- Up-to-date: /home/f1tenth/f1tenth_mrc_ws/install/lidar_object_detection_ros2/share/lidar_object_detection_ros2/msg/Pose2D.msg
[3.429s] -- Up-to-date: /home/f1tenth/f1tenth_mrc_ws/install/lidar_object_detection_ros2/share/lidar_object_detection_ros2/msg/LShape.msg
[3.429s] -- Up-to-date: /home/f1tenth/f1tenth_mrc_ws/install/lidar_object_detection_ros2/share/lidar_object_detection_ros2/msg/Object.msg
[3.430s] -- Up-to-date: /home/f1tenth/f1tenth_mrc_ws/install/lidar_object_detection_ros2/share/lidar_object_detection_ros2/msg/ObjectsArray.msg
[3.430s] -- Up-to-date: /home/f1tenth/f1tenth_mrc_ws/install/lidar_object_detection_ros2/share/lidar_object_detection_ros2/msg/ScanClusters.msg
[3.432s] -- Up-to-date: /home/f1tenth/f1tenth_mrc_ws/install/lidar_object_detection_ros2/lib/lidar_object_detection_ros2/lidar_object_detection.py
[3.432s] -- Up-to-date: /home/f1tenth/f1tenth_mrc_ws/install/lidar_object_detection_ros2/lib/lidar_object_detection_ros2/lod_visualization.py
[3.433s] -- Installing: /home/f1tenth/f1tenth_mrc_ws/install/lidar_object_detection_ros2/lib/lidar_object_detection_ros2/UKF_fusion.py
[3.433s] -- Installing: /home/f1tenth/f1tenth_mrc_ws/install/lidar_object_detection_ros2/lib/lidar_object_detection_ros2/pose_estimation_UKF.py
[3.435s] -- Up-to-date: /home/f1tenth/f1tenth_mrc_ws/install/lidar_object_detection_ros2/share/lidar_object_detection_ros2//launch
[3.436s] -- Up-to-date: /home/f1tenth/f1tenth_mrc_ws/install/lidar_object_detection_ros2/share/lidar_object_detection_ros2//launch/lod_launch.py
[3.437s] -- Up-to-date: /home/f1tenth/f1tenth_mrc_ws/install/lidar_object_detection_ros2/share/ament_index/resource_index/package_run_dependencies/lidar_object_detection_ros2
[3.443s] -- Up-to-date: /home/f1tenth/f1tenth_mrc_ws/install/lidar_object_detection_ros2/share/ament_index/resource_index/parent_prefix_path/lidar_object_detection_ros2
[3.443s] -- Up-to-date: /home/f1tenth/f1tenth_mrc_ws/install/lidar_object_detection_ros2/share/lidar_object_detection_ros2/environment/ament_prefix_path.sh
[3.444s] -- Up-to-date: /home/f1tenth/f1tenth_mrc_ws/install/lidar_object_detection_ros2/share/lidar_object_detection_ros2/environment/ament_prefix_path.dsv
[3.444s] -- Up-to-date: /home/f1tenth/f1tenth_mrc_ws/install/lidar_object_detection_ros2/share/lidar_object_detection_ros2/environment/path.sh
[3.444s] -- Up-to-date: /home/f1tenth/f1tenth_mrc_ws/install/lidar_object_detection_ros2/share/lidar_object_detection_ros2/environment/path.dsv
[3.445s] -- Up-to-date: /home/f1tenth/f1tenth_mrc_ws/install/lidar_object_detection_ros2/share/lidar_object_detection_ros2/local_setup.bash
[3.446s] -- Up-to-date: /home/f1tenth/f1tenth_mrc_ws/install/lidar_object_detection_ros2/share/lidar_object_detection_ros2/local_setup.sh
[3.446s] -- Up-to-date: /home/f1tenth/f1tenth_mrc_ws/install/lidar_object_detection_ros2/share/lidar_object_detection_ros2/local_setup.zsh
[3.446s] -- Up-to-date: /home/f1tenth/f1tenth_mrc_ws/install/lidar_object_detection_ros2/share/lidar_object_detection_ros2/local_setup.dsv
[3.447s] -- Installing: /home/f1tenth/f1tenth_mrc_ws/install/lidar_object_detection_ros2/share/lidar_object_detection_ros2/package.dsv
[3.447s] -- Up-to-date: /home/f1tenth/f1tenth_mrc_ws/install/lidar_object_detection_ros2/share/ament_index/resource_index/packages/lidar_object_detection_ros2
[3.456s] -- Up-to-date: /home/f1tenth/f1tenth_mrc_ws/install/lidar_object_detection_ros2/share/lidar_object_detection_ros2/cmake/lidar_object_detection_ros2__rosidl_generator_cExport.cmake
[3.457s] -- Up-to-date: /home/f1tenth/f1tenth_mrc_ws/install/lidar_object_detection_ros2/share/lidar_object_detection_ros2/cmake/lidar_object_detection_ros2__rosidl_generator_cExport-noconfig.cmake
[3.458s] -- Up-to-date: /home/f1tenth/f1tenth_mrc_ws/install/lidar_object_detection_ros2/share/lidar_object_detection_ros2/cmake/lidar_object_detection_ros2__rosidl_typesupport_introspection_cExport.cmake
[3.461s] -- Up-to-date: /home/f1tenth/f1tenth_mrc_ws/install/lidar_object_detection_ros2/share/lidar_object_detection_ros2/cmake/lidar_object_detection_ros2__rosidl_typesupport_introspection_cExport-noconfig.cmake
[3.462s] -- Up-to-date: /home/f1tenth/f1tenth_mrc_ws/install/lidar_object_detection_ros2/share/lidar_object_detection_ros2/cmake/lidar_object_detection_ros2__rosidl_typesupport_cExport.cmake
[3.463s] -- Up-to-date: /home/f1tenth/f1tenth_mrc_ws/install/lidar_object_detection_ros2/share/lidar_object_detection_ros2/cmake/lidar_object_detection_ros2__rosidl_typesupport_cExport-noconfig.cmake
[3.466s] -- Up-to-date: /home/f1tenth/f1tenth_mrc_ws/install/lidar_object_detection_ros2/share/lidar_object_detection_ros2/cmake/lidar_object_detection_ros2__rosidl_generator_cppExport.cmake
[3.473s] -- Up-to-date: /home/f1tenth/f1tenth_mrc_ws/install/lidar_object_detection_ros2/share/lidar_object_detection_ros2/cmake/lidar_object_detection_ros2__rosidl_typesupport_introspection_cppExport.cmake
[3.475s] -- Up-to-date: /home/f1tenth/f1tenth_mrc_ws/install/lidar_object_detection_ros2/share/lidar_object_detection_ros2/cmake/lidar_object_detection_ros2__rosidl_typesupport_introspection_cppExport-noconfig.cmake
[3.476s] -- Up-to-date: /home/f1tenth/f1tenth_mrc_ws/install/lidar_object_detection_ros2/share/lidar_object_detection_ros2/cmake/lidar_object_detection_ros2__rosidl_typesupport_cppExport.cmake
[3.477s] -- Up-to-date: /home/f1tenth/f1tenth_mrc_ws/install/lidar_object_detection_ros2/share/lidar_object_detection_ros2/cmake/lidar_object_detection_ros2__rosidl_typesupport_cppExport-noconfig.cmake
[3.479s] -- Up-to-date: /home/f1tenth/f1tenth_mrc_ws/install/lidar_object_detection_ros2/share/lidar_object_detection_ros2/cmake/rosidl_cmake-extras.cmake
[3.480s] -- Up-to-date: /home/f1tenth/f1tenth_mrc_ws/install/lidar_object_detection_ros2/share/lidar_object_detection_ros2/cmake/ament_cmake_export_dependencies-extras.cmake
[3.481s] -- Up-to-date: /home/f1tenth/f1tenth_mrc_ws/install/lidar_object_detection_ros2/share/lidar_object_detection_ros2/cmake/ament_cmake_export_libraries-extras.cmake
[3.481s] -- Up-to-date: /home/f1tenth/f1tenth_mrc_ws/install/lidar_object_detection_ros2/share/lidar_object_detection_ros2/cmake/ament_cmake_export_targets-extras.cmake
[3.481s] -- Up-to-date: /home/f1tenth/f1tenth_mrc_ws/install/lidar_object_detection_ros2/share/lidar_object_detection_ros2/cmake/ament_cmake_export_include_directories-extras.cmake
[3.482s] -- Up-to-date: /home/f1tenth/f1tenth_mrc_ws/install/lidar_object_detection_ros2/share/lidar_object_detection_ros2/cmake/rosidl_cmake_export_typesupport_libraries-extras.cmake
[3.482s] -- Up-to-date: /home/f1tenth/f1tenth_mrc_ws/install/lidar_object_detection_ros2/share/lidar_object_detection_ros2/cmake/rosidl_cmake_export_typesupport_targets-extras.cmake
[3.483s] -- Up-to-date: /home/f1tenth/f1tenth_mrc_ws/install/lidar_object_detection_ros2/share/lidar_object_detection_ros2/cmake/lidar_object_detection_ros2Config.cmake
[3.501s] -- Up-to-date: /home/f1tenth/f1tenth_mrc_ws/install/lidar_object_detection_ros2/share/lidar_object_detection_ros2/cmake/lidar_object_detection_ros2Config-version.cmake
[3.502s] -- Up-to-date: /home/f1tenth/f1tenth_mrc_ws/install/lidar_object_detection_ros2/share/lidar_object_detection_ros2/package.xml
[3.508s] Invoked command in '/home/f1tenth/f1tenth_mrc_ws/build/lidar_object_detection_ros2' returned '0': CMAKE_PREFIX_PATH=${CMAKE_PREFIX_PATH}:/home/f1tenth/f1tenth_mrc_ws/install/waypoint_logger:/home/f1tenth/f1tenth_mrc_ws/install/rrt_package:/home/f1tenth/f1tenth_mrc_ws/install/ppo_racing:/home/f1tenth/f1tenth_mrc_ws/install/particle_filter:/home/f1tenth/f1tenth_mrc_ws/install/f1tenth_gym_ros:/home/f1tenth/f1tenth_mrc_ws/install/camera_pkg:/opt/ros/foxy /usr/bin/cmake --install /home/f1tenth/f1tenth_mrc_ws/build/lidar_object_detection_ros2
