/home/f1tenth/.local/lib/python3.8/site-packages/setuptools/dist.py:717: UserWarning: Usage of dash-separated 'script-dir' will not be supported in future versions. Please use the underscore name 'script_dir' instead
  warnings.warn(
running egg_info
creating ../../build/camera_pkg/camera_pkg.egg-info
writing ../../build/camera_pkg/camera_pkg.egg-info/PKG-INFO
writing dependency_links to ../../build/camera_pkg/camera_pkg.egg-info/dependency_links.txt
writing entry points to ../../build/camera_pkg/camera_pkg.egg-info/entry_points.txt
writing requirements to ../../build/camera_pkg/camera_pkg.egg-info/requires.txt
writing top-level names to ../../build/camera_pkg/camera_pkg.egg-info/top_level.txt
writing manifest file '../../build/camera_pkg/camera_pkg.egg-info/SOURCES.txt'
reading manifest file '../../build/camera_pkg/camera_pkg.egg-info/SOURCES.txt'
writing manifest file '../../build/camera_pkg/camera_pkg.egg-info/SOURCES.txt'
running build
running build_py
creating /home/f1tenth/f1tenth_mrc_ws/build/camera_pkg/build
creating /home/f1tenth/f1tenth_mrc_ws/build/camera_pkg/build/lib
creating /home/f1tenth/f1tenth_mrc_ws/build/camera_pkg/build/lib/camera_pkg
copying camera_pkg/pose_visualizer.py -> /home/f1tenth/f1tenth_mrc_ws/build/camera_pkg/build/lib/camera_pkg
copying camera_pkg/static_camera_transform_publisher.py -> /home/f1tenth/f1tenth_mrc_ws/build/camera_pkg/build/lib/camera_pkg
copying camera_pkg/opp_pose_estimator.py -> /home/f1tenth/f1tenth_mrc_ws/build/camera_pkg/build/lib/camera_pkg
copying camera_pkg/__init__.py -> /home/f1tenth/f1tenth_mrc_ws/build/camera_pkg/build/lib/camera_pkg
running install
running install_lib
creating /home/f1tenth/f1tenth_mrc_ws/install/camera_pkg/lib/python3.8/site-packages/camera_pkg
copying /home/f1tenth/f1tenth_mrc_ws/build/camera_pkg/build/lib/camera_pkg/pose_visualizer.py -> /home/f1tenth/f1tenth_mrc_ws/install/camera_pkg/lib/python3.8/site-packages/camera_pkg
copying /home/f1tenth/f1tenth_mrc_ws/build/camera_pkg/build/lib/camera_pkg/static_camera_transform_publisher.py -> /home/f1tenth/f1tenth_mrc_ws/install/camera_pkg/lib/python3.8/site-packages/camera_pkg
copying /home/f1tenth/f1tenth_mrc_ws/build/camera_pkg/build/lib/camera_pkg/opp_pose_estimator.py -> /home/f1tenth/f1tenth_mrc_ws/install/camera_pkg/lib/python3.8/site-packages/camera_pkg
copying /home/f1tenth/f1tenth_mrc_ws/build/camera_pkg/build/lib/camera_pkg/__init__.py -> /home/f1tenth/f1tenth_mrc_ws/install/camera_pkg/lib/python3.8/site-packages/camera_pkg
byte-compiling /home/f1tenth/f1tenth_mrc_ws/install/camera_pkg/lib/python3.8/site-packages/camera_pkg/pose_visualizer.py to pose_visualizer.cpython-38.pyc
byte-compiling /home/f1tenth/f1tenth_mrc_ws/install/camera_pkg/lib/python3.8/site-packages/camera_pkg/static_camera_transform_publisher.py to static_camera_transform_publisher.cpython-38.pyc
byte-compiling /home/f1tenth/f1tenth_mrc_ws/install/camera_pkg/lib/python3.8/site-packages/camera_pkg/opp_pose_estimator.py to opp_pose_estimator.cpython-38.pyc
byte-compiling /home/f1tenth/f1tenth_mrc_ws/install/camera_pkg/lib/python3.8/site-packages/camera_pkg/__init__.py to __init__.cpython-38.pyc
running install_data
creating /home/f1tenth/f1tenth_mrc_ws/install/camera_pkg/share/ament_index
creating /home/f1tenth/f1tenth_mrc_ws/install/camera_pkg/share/ament_index/resource_index
creating /home/f1tenth/f1tenth_mrc_ws/install/camera_pkg/share/ament_index/resource_index/packages
copying resource/camera_pkg -> /home/f1tenth/f1tenth_mrc_ws/install/camera_pkg/share/ament_index/resource_index/packages
copying package.xml -> /home/f1tenth/f1tenth_mrc_ws/install/camera_pkg/share/camera_pkg
running install_egg_info
Copying ../../build/camera_pkg/camera_pkg.egg-info to /home/f1tenth/f1tenth_mrc_ws/install/camera_pkg/lib/python3.8/site-packages/camera_pkg-0.0.0-py3.8.egg-info
running install_scripts
Installing opp_pose_estimator script to /home/f1tenth/f1tenth_mrc_ws/install/camera_pkg/lib/camera_pkg
Installing static_camera_transform_publisher script to /home/f1tenth/f1tenth_mrc_ws/install/camera_pkg/lib/camera_pkg
writing list of installed files to '/home/f1tenth/f1tenth_mrc_ws/build/camera_pkg/install.log'
