[5.343s] Invoking command in '/home/f1tenth/f1tenth_mrc_ws/src/particle_filter': PYTHONPATH=/home/f1tenth/f1tenth_mrc_ws/build/particle_filter/prefix_override:/usr/lib/python3/dist-packages/colcon_core/task/python/colcon_distutils_commands:/home/f1tenth/f1tenth_mrc_ws/install/particle_filter/lib/python3.8/site-packages:${PYTHONPATH} /usr/bin/python3 -W ignore:setup.py install is deprecated -W ignore:easy_install command is deprecated setup.py egg_info --egg-base ../../build/particle_filter build --build-base /home/f1tenth/f1tenth_mrc_ws/build/particle_filter/build install --record /home/f1tenth/f1tenth_mrc_ws/build/particle_filter/install.log --install-scripts $base/lib/particle_filter --single-version-externally-managed install_data
[6.710s] /home/f1tenth/.local/lib/python3.8/site-packages/setuptools/dist.py:717: UserWarning: Usage of dash-separated 'script-dir' will not be supported in future versions. Please use the underscore name 'script_dir' instead
[6.712s]   warnings.warn(
[6.890s] running egg_info
[6.893s] writing ../../build/particle_filter/particle_filter.egg-info/PKG-INFO
[6.894s] writing dependency_links to ../../build/particle_filter/particle_filter.egg-info/dependency_links.txt
[6.895s] writing entry points to ../../build/particle_filter/particle_filter.egg-info/entry_points.txt
[6.896s] writing requirements to ../../build/particle_filter/particle_filter.egg-info/requires.txt
[6.897s] writing top-level names to ../../build/particle_filter/particle_filter.egg-info/top_level.txt
[6.931s] reading manifest file '../../build/particle_filter/particle_filter.egg-info/SOURCES.txt'
[6.936s] writing manifest file '../../build/particle_filter/particle_filter.egg-info/SOURCES.txt'
[6.936s] running build
[6.937s] running build_py
[6.945s] running install
[6.949s] running install_lib
[6.956s] running install_data
[6.961s] running install_egg_info
[6.968s] removing '/home/f1tenth/f1tenth_mrc_ws/install/particle_filter/lib/python3.8/site-packages/particle_filter-0.2.0-py3.8.egg-info' (and everything under it)
[6.973s] Copying ../../build/particle_filter/particle_filter.egg-info to /home/f1tenth/f1tenth_mrc_ws/install/particle_filter/lib/python3.8/site-packages/particle_filter-0.2.0-py3.8.egg-info
[6.983s] running install_scripts
[7.087s] Installing particle_filter script to /home/f1tenth/f1tenth_mrc_ws/install/particle_filter/lib/particle_filter
[7.098s] writing list of installed files to '/home/f1tenth/f1tenth_mrc_ws/build/particle_filter/install.log'
[8.298s] Invoked command in '/home/f1tenth/f1tenth_mrc_ws/src/particle_filter' returned '0': PYTHONPATH=/home/f1tenth/f1tenth_mrc_ws/build/particle_filter/prefix_override:/usr/lib/python3/dist-packages/colcon_core/task/python/colcon_distutils_commands:/home/f1tenth/f1tenth_mrc_ws/install/particle_filter/lib/python3.8/site-packages:${PYTHONPATH} /usr/bin/python3 -W ignore:setup.py install is deprecated -W ignore:easy_install command is deprecated setup.py egg_info --egg-base ../../build/particle_filter build --build-base /home/f1tenth/f1tenth_mrc_ws/build/particle_filter/build install --record /home/f1tenth/f1tenth_mrc_ws/build/particle_filter/install.log --install-scripts $base/lib/particle_filter --single-version-externally-managed install_data
