[0.120s] Invoking command in '/home/f1tenth/f1tenth_mrc_ws/build/pure_pursuit': CMAKE_PREFIX_PATH=/opt/ros/foxy /usr/bin/cmake --build /home/f1tenth/f1tenth_mrc_ws/build/pure_pursuit -- -j4 -l4
[0.453s] Invoked command in '/home/f1tenth/f1tenth_mrc_ws/build/pure_pursuit' returned '0': CMAKE_PREFIX_PATH=/opt/ros/foxy /usr/bin/cmake --build /home/f1tenth/f1tenth_mrc_ws/build/pure_pursuit -- -j4 -l4
[0.467s] Invoking command in '/home/f1tenth/f1tenth_mrc_ws/build/pure_pursuit': CMAKE_PREFIX_PATH=/opt/ros/foxy /usr/bin/cmake --install /home/f1tenth/f1tenth_mrc_ws/build/pure_pursuit
[0.526s] -- Install configuration: ""
[0.526s] -- Up-to-date: /home/f1tenth/f1tenth_mrc_ws/install/pure_pursuit/share/pure_pursuit/environment/pythonpath.sh
[0.528s] -- Up-to-date: /home/f1tenth/f1tenth_mrc_ws/install/pure_pursuit/share/pure_pursuit/environment/pythonpath.dsv
[0.528s] -- Up-to-date: /home/f1tenth/f1tenth_mrc_ws/install/pure_pursuit/lib/python3.8/site-packages/pure_pursuit
[0.531s] -- Up-to-date: /home/f1tenth/f1tenth_mrc_ws/install/pure_pursuit/lib/python3.8/site-packages/pure_pursuit/__init__.py
[0.711s] Listing '/home/f1tenth/f1tenth_mrc_ws/install/pure_pursuit/lib/python3.8/site-packages/pure_pursuit'...
[0.727s] -- Up-to-date: /home/f1tenth/f1tenth_mrc_ws/install/pure_pursuit/lib/pure_pursuit/pure_pursuit_node.py
[0.730s] -- Up-to-date: /home/f1tenth/f1tenth_mrc_ws/install/pure_pursuit/share/ament_index/resource_index/package_run_dependencies/pure_pursuit
[0.730s] -- Up-to-date: /home/f1tenth/f1tenth_mrc_ws/install/pure_pursuit/share/ament_index/resource_index/parent_prefix_path/pure_pursuit
[0.731s] -- Up-to-date: /home/f1tenth/f1tenth_mrc_ws/install/pure_pursuit/share/pure_pursuit/environment/ament_prefix_path.sh
[0.732s] -- Up-to-date: /home/f1tenth/f1tenth_mrc_ws/install/pure_pursuit/share/pure_pursuit/environment/ament_prefix_path.dsv
[0.733s] -- Up-to-date: /home/f1tenth/f1tenth_mrc_ws/install/pure_pursuit/share/pure_pursuit/environment/path.sh
[0.733s] -- Up-to-date: /home/f1tenth/f1tenth_mrc_ws/install/pure_pursuit/share/pure_pursuit/environment/path.dsv
[0.733s] -- Up-to-date: /home/f1tenth/f1tenth_mrc_ws/install/pure_pursuit/share/pure_pursuit/local_setup.bash
[0.734s] -- Up-to-date: /home/f1tenth/f1tenth_mrc_ws/install/pure_pursuit/share/pure_pursuit/local_setup.sh
[0.734s] -- Up-to-date: /home/f1tenth/f1tenth_mrc_ws/install/pure_pursuit/share/pure_pursuit/local_setup.zsh
[0.734s] -- Up-to-date: /home/f1tenth/f1tenth_mrc_ws/install/pure_pursuit/share/pure_pursuit/local_setup.dsv
[0.735s] -- Installing: /home/f1tenth/f1tenth_mrc_ws/install/pure_pursuit/share/pure_pursuit/package.dsv
[0.735s] -- Up-to-date: /home/f1tenth/f1tenth_mrc_ws/install/pure_pursuit/share/ament_index/resource_index/packages/pure_pursuit
[0.735s] -- Up-to-date: /home/f1tenth/f1tenth_mrc_ws/install/pure_pursuit/share/pure_pursuit/cmake/pure_pursuitConfig.cmake
[0.735s] -- Up-to-date: /home/f1tenth/f1tenth_mrc_ws/install/pure_pursuit/share/pure_pursuit/cmake/pure_pursuitConfig-version.cmake
[0.736s] -- Up-to-date: /home/f1tenth/f1tenth_mrc_ws/install/pure_pursuit/share/pure_pursuit/package.xml
[0.745s] Invoked command in '/home/f1tenth/f1tenth_mrc_ws/build/pure_pursuit' returned '0': CMAKE_PREFIX_PATH=/opt/ros/foxy /usr/bin/cmake --install /home/f1tenth/f1tenth_mrc_ws/build/pure_pursuit
