[0.058s] Invoking command in '/home/f1tenth/realsense_ws/build/realsense2_camera_msgs': CMAKE_PREFIX_PATH=${CMAKE_PREFIX_PATH}:/opt/ros/foxy /usr/bin/cmake --build /home/f1tenth/realsense_ws/build/realsense2_camera_msgs -- -j4 -l4
[0.294s] [  1%] Built target realsense2_camera_msgs__cpp
[0.303s] [ 12%] Built target realsense2_camera_msgs__rosidl_generator_c
[0.442s] [ 23%] Built target realsense2_camera_msgs__rosidl_typesupport_cpp
[0.474s] [ 45%] Built target realsense2_camera_msgs__rosidl_typesupport_fastrtps_cpp
[0.475s] [ 45%] Built target realsense2_camera_msgs__rosidl_typesupport_introspection_cpp
[0.509s] [ 56%] Built target realsense2_camera_msgs__rosidl_typesupport_introspection_c
[0.584s] [ 67%] Built target realsense2_camera_msgs__rosidl_typesupport_c
[0.630s] [ 78%] Built target realsense2_camera_msgs__rosidl_typesupport_fastrtps_c
[0.721s] [ 78%] Built target realsense2_camera_msgs
[0.809s] [ 80%] Built target realsense2_camera_msgs__py
[0.921s] [ 89%] Built target realsense2_camera_msgs__python
[1.032s] [ 92%] Built target realsense2_camera_msgs__rosidl_typesupport_c__pyext
[1.033s] [ 96%] Built target realsense2_camera_msgs__rosidl_typesupport_fastrtps_c__pyext
[1.051s] [100%] Built target realsense2_camera_msgs__rosidl_typesupport_introspection_c__pyext
[1.098s] Invoked command in '/home/f1tenth/realsense_ws/build/realsense2_camera_msgs' returned '0': CMAKE_PREFIX_PATH=${CMAKE_PREFIX_PATH}:/opt/ros/foxy /usr/bin/cmake --build /home/f1tenth/realsense_ws/build/realsense2_camera_msgs -- -j4 -l4
[1.154s] Invoking command in '/home/f1tenth/realsense_ws/build/realsense2_camera_msgs': CMAKE_PREFIX_PATH=${CMAKE_PREFIX_PATH}:/opt/ros/foxy /usr/bin/cmake --install /home/f1tenth/realsense_ws/build/realsense2_camera_msgs
[1.189s] -- Install configuration: ""
[1.189s] -- Up-to-date: /home/f1tenth/realsense_ws/install/realsense2_camera_msgs/share/ament_index/resource_index/rosidl_interfaces/realsense2_camera_msgs
[1.190s] -- Up-to-date: /home/f1tenth/realsense_ws/install/realsense2_camera_msgs/include/realsense2_camera_msgs
[1.190s] -- Up-to-date: /home/f1tenth/realsense_ws/install/realsense2_camera_msgs/include/realsense2_camera_msgs/msg
[1.191s] -- Up-to-date: /home/f1tenth/realsense_ws/install/realsense2_camera_msgs/include/realsense2_camera_msgs/msg/rosidl_generator_c__visibility_control.h
[1.191s] -- Up-to-date: /home/f1tenth/realsense_ws/install/realsense2_camera_msgs/include/realsense2_camera_msgs/msg/imu_info.h
[1.192s] -- Up-to-date: /home/f1tenth/realsense_ws/install/realsense2_camera_msgs/include/realsense2_camera_msgs/msg/metadata.h
[1.192s] -- Up-to-date: /home/f1tenth/realsense_ws/install/realsense2_camera_msgs/include/realsense2_camera_msgs/msg/detail
[1.192s] -- Up-to-date: /home/f1tenth/realsense_ws/install/realsense2_camera_msgs/include/realsense2_camera_msgs/msg/detail/extrinsics__functions.h
[1.193s] -- Up-to-date: /home/f1tenth/realsense_ws/install/realsense2_camera_msgs/include/realsense2_camera_msgs/msg/detail/metadata__struct.h
[1.193s] -- Up-to-date: /home/f1tenth/realsense_ws/install/realsense2_camera_msgs/include/realsense2_camera_msgs/msg/detail/imu_info__functions.c
[1.194s] -- Up-to-date: /home/f1tenth/realsense_ws/install/realsense2_camera_msgs/include/realsense2_camera_msgs/msg/detail/extrinsics__functions.c
[1.194s] -- Up-to-date: /home/f1tenth/realsense_ws/install/realsense2_camera_msgs/include/realsense2_camera_msgs/msg/detail/imu_info__struct.h
[1.194s] -- Up-to-date: /home/f1tenth/realsense_ws/install/realsense2_camera_msgs/include/realsense2_camera_msgs/msg/detail/metadata__functions.h
[1.195s] -- Up-to-date: /home/f1tenth/realsense_ws/install/realsense2_camera_msgs/include/realsense2_camera_msgs/msg/detail/metadata__functions.c
[1.195s] -- Up-to-date: /home/f1tenth/realsense_ws/install/realsense2_camera_msgs/include/realsense2_camera_msgs/msg/detail/extrinsics__type_support.h
[1.195s] -- Up-to-date: /home/f1tenth/realsense_ws/install/realsense2_camera_msgs/include/realsense2_camera_msgs/msg/detail/metadata__type_support.h
[1.196s] -- Up-to-date: /home/f1tenth/realsense_ws/install/realsense2_camera_msgs/include/realsense2_camera_msgs/msg/detail/extrinsics__struct.h
[1.196s] -- Up-to-date: /home/f1tenth/realsense_ws/install/realsense2_camera_msgs/include/realsense2_camera_msgs/msg/detail/imu_info__type_support.h
[1.197s] -- Up-to-date: /home/f1tenth/realsense_ws/install/realsense2_camera_msgs/include/realsense2_camera_msgs/msg/detail/imu_info__functions.h
[1.197s] -- Up-to-date: /home/f1tenth/realsense_ws/install/realsense2_camera_msgs/include/realsense2_camera_msgs/msg/extrinsics.h
[1.197s] -- Up-to-date: /home/f1tenth/realsense_ws/install/realsense2_camera_msgs/include/realsense2_camera_msgs/srv
[1.197s] -- Up-to-date: /home/f1tenth/realsense_ws/install/realsense2_camera_msgs/include/realsense2_camera_msgs/srv/device_info.h
[1.198s] -- Up-to-date: /home/f1tenth/realsense_ws/install/realsense2_camera_msgs/include/realsense2_camera_msgs/srv/detail
[1.198s] -- Up-to-date: /home/f1tenth/realsense_ws/install/realsense2_camera_msgs/include/realsense2_camera_msgs/srv/detail/device_info__struct.h
[1.199s] -- Up-to-date: /home/f1tenth/realsense_ws/install/realsense2_camera_msgs/include/realsense2_camera_msgs/srv/detail/device_info__functions.h
[1.199s] -- Up-to-date: /home/f1tenth/realsense_ws/install/realsense2_camera_msgs/include/realsense2_camera_msgs/srv/detail/device_info__type_support.h
[1.199s] -- Up-to-date: /home/f1tenth/realsense_ws/install/realsense2_camera_msgs/include/realsense2_camera_msgs/srv/detail/device_info__functions.c
[1.200s] -- Up-to-date: /home/f1tenth/realsense_ws/install/realsense2_camera_msgs/share/realsense2_camera_msgs/environment/library_path.sh
[1.200s] -- Up-to-date: /home/f1tenth/realsense_ws/install/realsense2_camera_msgs/share/realsense2_camera_msgs/environment/library_path.dsv
[1.200s] -- Up-to-date: /home/f1tenth/realsense_ws/install/realsense2_camera_msgs/lib/librealsense2_camera_msgs__rosidl_generator_c.so
[1.200s] -- Up-to-date: /home/f1tenth/realsense_ws/install/realsense2_camera_msgs/include/realsense2_camera_msgs
[1.201s] -- Up-to-date: /home/f1tenth/realsense_ws/install/realsense2_camera_msgs/include/realsense2_camera_msgs/msg
[1.201s] -- Up-to-date: /home/f1tenth/realsense_ws/install/realsense2_camera_msgs/include/realsense2_camera_msgs/msg/rosidl_typesupport_fastrtps_c__visibility_control.h
[1.203s] -- Up-to-date: /home/f1tenth/realsense_ws/install/realsense2_camera_msgs/include/realsense2_camera_msgs/msg/detail
[1.203s] -- Up-to-date: /home/f1tenth/realsense_ws/install/realsense2_camera_msgs/include/realsense2_camera_msgs/msg/detail/metadata__rosidl_typesupport_fastrtps_c.h
[1.203s] -- Up-to-date: /home/f1tenth/realsense_ws/install/realsense2_camera_msgs/include/realsense2_camera_msgs/msg/detail/imu_info__rosidl_typesupport_fastrtps_c.h
[1.204s] -- Up-to-date: /home/f1tenth/realsense_ws/install/realsense2_camera_msgs/include/realsense2_camera_msgs/msg/detail/extrinsics__rosidl_typesupport_fastrtps_c.h
[1.204s] -- Up-to-date: /home/f1tenth/realsense_ws/install/realsense2_camera_msgs/include/realsense2_camera_msgs/srv
[1.204s] -- Up-to-date: /home/f1tenth/realsense_ws/install/realsense2_camera_msgs/include/realsense2_camera_msgs/srv/detail
[1.204s] -- Up-to-date: /home/f1tenth/realsense_ws/install/realsense2_camera_msgs/include/realsense2_camera_msgs/srv/detail/device_info__rosidl_typesupport_fastrtps_c.h
[1.205s] -- Up-to-date: /home/f1tenth/realsense_ws/install/realsense2_camera_msgs/lib/librealsense2_camera_msgs__rosidl_typesupport_fastrtps_c.so
[1.206s] -- Up-to-date: /home/f1tenth/realsense_ws/install/realsense2_camera_msgs/include/realsense2_camera_msgs
[1.206s] -- Up-to-date: /home/f1tenth/realsense_ws/install/realsense2_camera_msgs/include/realsense2_camera_msgs/msg
[1.206s] -- Up-to-date: /home/f1tenth/realsense_ws/install/realsense2_camera_msgs/include/realsense2_camera_msgs/msg/detail
[1.207s] -- Up-to-date: /home/f1tenth/realsense_ws/install/realsense2_camera_msgs/include/realsense2_camera_msgs/msg/detail/metadata__rosidl_typesupport_fastrtps_cpp.hpp
[1.207s] -- Up-to-date: /home/f1tenth/realsense_ws/install/realsense2_camera_msgs/include/realsense2_camera_msgs/msg/detail/extrinsics__rosidl_typesupport_fastrtps_cpp.hpp
[1.207s] -- Up-to-date: /home/f1tenth/realsense_ws/install/realsense2_camera_msgs/include/realsense2_camera_msgs/msg/detail/dds_fastrtps
[1.207s] -- Up-to-date: /home/f1tenth/realsense_ws/install/realsense2_camera_msgs/include/realsense2_camera_msgs/msg/detail/imu_info__rosidl_typesupport_fastrtps_cpp.hpp
[1.208s] -- Up-to-date: /home/f1tenth/realsense_ws/install/realsense2_camera_msgs/include/realsense2_camera_msgs/msg/rosidl_typesupport_fastrtps_cpp__visibility_control.h
[1.208s] -- Up-to-date: /home/f1tenth/realsense_ws/install/realsense2_camera_msgs/include/realsense2_camera_msgs/srv
[1.208s] -- Up-to-date: /home/f1tenth/realsense_ws/install/realsense2_camera_msgs/include/realsense2_camera_msgs/srv/detail
[1.208s] -- Up-to-date: /home/f1tenth/realsense_ws/install/realsense2_camera_msgs/include/realsense2_camera_msgs/srv/detail/device_info__rosidl_typesupport_fastrtps_cpp.hpp
[1.209s] -- Up-to-date: /home/f1tenth/realsense_ws/install/realsense2_camera_msgs/include/realsense2_camera_msgs/srv/detail/dds_fastrtps
[1.209s] -- Up-to-date: /home/f1tenth/realsense_ws/install/realsense2_camera_msgs/lib/librealsense2_camera_msgs__rosidl_typesupport_fastrtps_cpp.so
[1.209s] -- Up-to-date: /home/f1tenth/realsense_ws/install/realsense2_camera_msgs/include/realsense2_camera_msgs
[1.210s] -- Up-to-date: /home/f1tenth/realsense_ws/install/realsense2_camera_msgs/include/realsense2_camera_msgs/msg
[1.210s] -- Up-to-date: /home/f1tenth/realsense_ws/install/realsense2_camera_msgs/include/realsense2_camera_msgs/msg/rosidl_typesupport_introspection_c__visibility_control.h
[1.210s] -- Up-to-date: /home/f1tenth/realsense_ws/install/realsense2_camera_msgs/include/realsense2_camera_msgs/msg/detail
[1.211s] -- Up-to-date: /home/f1tenth/realsense_ws/install/realsense2_camera_msgs/include/realsense2_camera_msgs/msg/detail/extrinsics__type_support.c
[1.212s] -- Up-to-date: /home/f1tenth/realsense_ws/install/realsense2_camera_msgs/include/realsense2_camera_msgs/msg/detail/imu_info__type_support.c
[1.212s] -- Up-to-date: /home/f1tenth/realsense_ws/install/realsense2_camera_msgs/include/realsense2_camera_msgs/msg/detail/metadata__type_support.c
[1.212s] -- Up-to-date: /home/f1tenth/realsense_ws/install/realsense2_camera_msgs/include/realsense2_camera_msgs/msg/detail/metadata__rosidl_typesupport_introspection_c.h
[1.213s] -- Up-to-date: /home/f1tenth/realsense_ws/install/realsense2_camera_msgs/include/realsense2_camera_msgs/msg/detail/extrinsics__rosidl_typesupport_introspection_c.h
[1.213s] -- Up-to-date: /home/f1tenth/realsense_ws/install/realsense2_camera_msgs/include/realsense2_camera_msgs/msg/detail/imu_info__rosidl_typesupport_introspection_c.h
[1.213s] -- Up-to-date: /home/f1tenth/realsense_ws/install/realsense2_camera_msgs/include/realsense2_camera_msgs/srv
[1.214s] -- Up-to-date: /home/f1tenth/realsense_ws/install/realsense2_camera_msgs/include/realsense2_camera_msgs/srv/detail
[1.214s] -- Up-to-date: /home/f1tenth/realsense_ws/install/realsense2_camera_msgs/include/realsense2_camera_msgs/srv/detail/device_info__rosidl_typesupport_introspection_c.h
[1.215s] -- Up-to-date: /home/f1tenth/realsense_ws/install/realsense2_camera_msgs/include/realsense2_camera_msgs/srv/detail/device_info__type_support.c
[1.215s] -- Up-to-date: /home/f1tenth/realsense_ws/install/realsense2_camera_msgs/lib/librealsense2_camera_msgs__rosidl_typesupport_introspection_c.so
[1.215s] -- Up-to-date: /home/f1tenth/realsense_ws/install/realsense2_camera_msgs/lib/librealsense2_camera_msgs__rosidl_typesupport_c.so
[1.216s] -- Up-to-date: /home/f1tenth/realsense_ws/install/realsense2_camera_msgs/include/realsense2_camera_msgs
[1.216s] -- Up-to-date: /home/f1tenth/realsense_ws/install/realsense2_camera_msgs/include/realsense2_camera_msgs/msg
[1.216s] -- Up-to-date: /home/f1tenth/realsense_ws/install/realsense2_camera_msgs/include/realsense2_camera_msgs/msg/extrinsics.hpp
[1.217s] -- Up-to-date: /home/f1tenth/realsense_ws/install/realsense2_camera_msgs/include/realsense2_camera_msgs/msg/metadata.hpp
[1.217s] -- Up-to-date: /home/f1tenth/realsense_ws/install/realsense2_camera_msgs/include/realsense2_camera_msgs/msg/imu_info.hpp
[1.217s] -- Up-to-date: /home/f1tenth/realsense_ws/install/realsense2_camera_msgs/include/realsense2_camera_msgs/msg/detail
[1.218s] -- Up-to-date: /home/f1tenth/realsense_ws/install/realsense2_camera_msgs/include/realsense2_camera_msgs/msg/detail/extrinsics__type_support.hpp
[1.218s] -- Up-to-date: /home/f1tenth/realsense_ws/install/realsense2_camera_msgs/include/realsense2_camera_msgs/msg/detail/imu_info__builder.hpp
[1.218s] -- Up-to-date: /home/f1tenth/realsense_ws/install/realsense2_camera_msgs/include/realsense2_camera_msgs/msg/detail/extrinsics__builder.hpp
[1.219s] -- Up-to-date: /home/f1tenth/realsense_ws/install/realsense2_camera_msgs/include/realsense2_camera_msgs/msg/detail/metadata__traits.hpp
[1.219s] -- Up-to-date: /home/f1tenth/realsense_ws/install/realsense2_camera_msgs/include/realsense2_camera_msgs/msg/detail/imu_info__type_support.hpp
[1.219s] -- Up-to-date: /home/f1tenth/realsense_ws/install/realsense2_camera_msgs/include/realsense2_camera_msgs/msg/detail/extrinsics__struct.hpp
[1.219s] -- Up-to-date: /home/f1tenth/realsense_ws/install/realsense2_camera_msgs/include/realsense2_camera_msgs/msg/detail/metadata__builder.hpp
[1.220s] -- Up-to-date: /home/f1tenth/realsense_ws/install/realsense2_camera_msgs/include/realsense2_camera_msgs/msg/detail/metadata__type_support.hpp
[1.220s] -- Up-to-date: /home/f1tenth/realsense_ws/install/realsense2_camera_msgs/include/realsense2_camera_msgs/msg/detail/imu_info__struct.hpp
[1.220s] -- Up-to-date: /home/f1tenth/realsense_ws/install/realsense2_camera_msgs/include/realsense2_camera_msgs/msg/detail/extrinsics__traits.hpp
[1.221s] -- Up-to-date: /home/f1tenth/realsense_ws/install/realsense2_camera_msgs/include/realsense2_camera_msgs/msg/detail/metadata__struct.hpp
[1.221s] -- Up-to-date: /home/f1tenth/realsense_ws/install/realsense2_camera_msgs/include/realsense2_camera_msgs/msg/detail/imu_info__traits.hpp
[1.221s] -- Up-to-date: /home/f1tenth/realsense_ws/install/realsense2_camera_msgs/include/realsense2_camera_msgs/msg/rosidl_generator_cpp__visibility_control.hpp
[1.221s] -- Up-to-date: /home/f1tenth/realsense_ws/install/realsense2_camera_msgs/include/realsense2_camera_msgs/srv
[1.222s] -- Up-to-date: /home/f1tenth/realsense_ws/install/realsense2_camera_msgs/include/realsense2_camera_msgs/srv/device_info.hpp
[1.222s] -- Up-to-date: /home/f1tenth/realsense_ws/install/realsense2_camera_msgs/include/realsense2_camera_msgs/srv/detail
[1.222s] -- Up-to-date: /home/f1tenth/realsense_ws/install/realsense2_camera_msgs/include/realsense2_camera_msgs/srv/detail/device_info__builder.hpp
[1.222s] -- Up-to-date: /home/f1tenth/realsense_ws/install/realsense2_camera_msgs/include/realsense2_camera_msgs/srv/detail/device_info__struct.hpp
[1.223s] -- Up-to-date: /home/f1tenth/realsense_ws/install/realsense2_camera_msgs/include/realsense2_camera_msgs/srv/detail/device_info__type_support.hpp
[1.223s] -- Up-to-date: /home/f1tenth/realsense_ws/install/realsense2_camera_msgs/include/realsense2_camera_msgs/srv/detail/device_info__traits.hpp
[1.223s] -- Up-to-date: /home/f1tenth/realsense_ws/install/realsense2_camera_msgs/include/realsense2_camera_msgs
[1.223s] -- Up-to-date: /home/f1tenth/realsense_ws/install/realsense2_camera_msgs/include/realsense2_camera_msgs/msg
[1.224s] -- Up-to-date: /home/f1tenth/realsense_ws/install/realsense2_camera_msgs/include/realsense2_camera_msgs/msg/detail
[1.224s] -- Up-to-date: /home/f1tenth/realsense_ws/install/realsense2_camera_msgs/include/realsense2_camera_msgs/msg/detail/extrinsics__type_support.cpp
[1.224s] -- Up-to-date: /home/f1tenth/realsense_ws/install/realsense2_camera_msgs/include/realsense2_camera_msgs/msg/detail/imu_info__type_support.cpp
[1.224s] -- Up-to-date: /home/f1tenth/realsense_ws/install/realsense2_camera_msgs/include/realsense2_camera_msgs/msg/detail/imu_info__rosidl_typesupport_introspection_cpp.hpp
[1.225s] -- Up-to-date: /home/f1tenth/realsense_ws/install/realsense2_camera_msgs/include/realsense2_camera_msgs/msg/detail/metadata__type_support.cpp
[1.225s] -- Up-to-date: /home/f1tenth/realsense_ws/install/realsense2_camera_msgs/include/realsense2_camera_msgs/msg/detail/metadata__rosidl_typesupport_introspection_cpp.hpp
[1.225s] -- Up-to-date: /home/f1tenth/realsense_ws/install/realsense2_camera_msgs/include/realsense2_camera_msgs/msg/detail/extrinsics__rosidl_typesupport_introspection_cpp.hpp
[1.225s] -- Up-to-date: /home/f1tenth/realsense_ws/install/realsense2_camera_msgs/include/realsense2_camera_msgs/srv
[1.226s] -- Up-to-date: /home/f1tenth/realsense_ws/install/realsense2_camera_msgs/include/realsense2_camera_msgs/srv/detail
[1.226s] -- Up-to-date: /home/f1tenth/realsense_ws/install/realsense2_camera_msgs/include/realsense2_camera_msgs/srv/detail/device_info__rosidl_typesupport_introspection_cpp.hpp
[1.226s] -- Up-to-date: /home/f1tenth/realsense_ws/install/realsense2_camera_msgs/include/realsense2_camera_msgs/srv/detail/device_info__type_support.cpp
[1.227s] -- Up-to-date: /home/f1tenth/realsense_ws/install/realsense2_camera_msgs/lib/librealsense2_camera_msgs__rosidl_typesupport_introspection_cpp.so
[1.227s] -- Up-to-date: /home/f1tenth/realsense_ws/install/realsense2_camera_msgs/lib/librealsense2_camera_msgs__rosidl_typesupport_cpp.so
[1.227s] -- Up-to-date: /home/f1tenth/realsense_ws/install/realsense2_camera_msgs/share/realsense2_camera_msgs/environment/pythonpath.sh
[1.227s] -- Up-to-date: /home/f1tenth/realsense_ws/install/realsense2_camera_msgs/share/realsense2_camera_msgs/environment/pythonpath.dsv
[1.228s] -- Up-to-date: /home/f1tenth/realsense_ws/install/realsense2_camera_msgs/lib/python3.8/site-packages/realsense2_camera_msgs/__init__.py
[1.342s] -- Up-to-date: /home/f1tenth/realsense_ws/install/realsense2_camera_msgs/lib/python3.8/site-packages/realsense2_camera_msgs/msg
[1.343s] -- Up-to-date: /home/f1tenth/realsense_ws/install/realsense2_camera_msgs/lib/python3.8/site-packages/realsense2_camera_msgs/msg/_imu_info.py
[1.344s] -- Up-to-date: /home/f1tenth/realsense_ws/install/realsense2_camera_msgs/lib/python3.8/site-packages/realsense2_camera_msgs/msg/_metadata_s.c
[1.344s] -- Up-to-date: /home/f1tenth/realsense_ws/install/realsense2_camera_msgs/lib/python3.8/site-packages/realsense2_camera_msgs/msg/_metadata.py
[1.344s] -- Up-to-date: /home/f1tenth/realsense_ws/install/realsense2_camera_msgs/lib/python3.8/site-packages/realsense2_camera_msgs/msg/_extrinsics.py
[1.344s] -- Up-to-date: /home/f1tenth/realsense_ws/install/realsense2_camera_msgs/lib/python3.8/site-packages/realsense2_camera_msgs/msg/_extrinsics_s.c
[1.345s] -- Up-to-date: /home/f1tenth/realsense_ws/install/realsense2_camera_msgs/lib/python3.8/site-packages/realsense2_camera_msgs/msg/__init__.py
[1.345s] -- Up-to-date: /home/f1tenth/realsense_ws/install/realsense2_camera_msgs/lib/python3.8/site-packages/realsense2_camera_msgs/msg/_imu_info_s.c
[1.345s] -- Up-to-date: /home/f1tenth/realsense_ws/install/realsense2_camera_msgs/lib/python3.8/site-packages/realsense2_camera_msgs/srv
[1.345s] -- Up-to-date: /home/f1tenth/realsense_ws/install/realsense2_camera_msgs/lib/python3.8/site-packages/realsense2_camera_msgs/srv/_device_info_s.c
[1.346s] -- Up-to-date: /home/f1tenth/realsense_ws/install/realsense2_camera_msgs/lib/python3.8/site-packages/realsense2_camera_msgs/srv/_device_info.py
[1.346s] -- Up-to-date: /home/f1tenth/realsense_ws/install/realsense2_camera_msgs/lib/python3.8/site-packages/realsense2_camera_msgs/srv/__init__.py
[1.347s] -- Up-to-date: /home/f1tenth/realsense_ws/install/realsense2_camera_msgs/lib/python3.8/site-packages/realsense2_camera_msgs/realsense2_camera_msgs_s__rosidl_typesupport_fastrtps_c.cpython-38-aarch64-linux-gnu.so
[1.347s] -- Up-to-date: /home/f1tenth/realsense_ws/install/realsense2_camera_msgs/lib/python3.8/site-packages/realsense2_camera_msgs/realsense2_camera_msgs_s__rosidl_typesupport_introspection_c.cpython-38-aarch64-linux-gnu.so
[1.350s] -- Up-to-date: /home/f1tenth/realsense_ws/install/realsense2_camera_msgs/lib/python3.8/site-packages/realsense2_camera_msgs/realsense2_camera_msgs_s__rosidl_typesupport_c.cpython-38-aarch64-linux-gnu.so
[1.352s] -- Up-to-date: /home/f1tenth/realsense_ws/install/realsense2_camera_msgs/lib/librealsense2_camera_msgs__python.so
[1.353s] -- Up-to-date: /home/f1tenth/realsense_ws/install/realsense2_camera_msgs/share/realsense2_camera_msgs/msg/IMUInfo.idl
[1.353s] -- Up-to-date: /home/f1tenth/realsense_ws/install/realsense2_camera_msgs/share/realsense2_camera_msgs/msg/Extrinsics.idl
[1.354s] -- Up-to-date: /home/f1tenth/realsense_ws/install/realsense2_camera_msgs/share/realsense2_camera_msgs/msg/Metadata.idl
[1.354s] -- Up-to-date: /home/f1tenth/realsense_ws/install/realsense2_camera_msgs/share/realsense2_camera_msgs/srv/DeviceInfo.idl
[1.355s] -- Up-to-date: /home/f1tenth/realsense_ws/install/realsense2_camera_msgs/share/realsense2_camera_msgs/msg/IMUInfo.msg
[1.355s] -- Up-to-date: /home/f1tenth/realsense_ws/install/realsense2_camera_msgs/share/realsense2_camera_msgs/msg/Extrinsics.msg
[1.355s] -- Up-to-date: /home/f1tenth/realsense_ws/install/realsense2_camera_msgs/share/realsense2_camera_msgs/msg/Metadata.msg
[1.356s] -- Up-to-date: /home/f1tenth/realsense_ws/install/realsense2_camera_msgs/share/realsense2_camera_msgs/srv/DeviceInfo.srv
[1.356s] -- Up-to-date: /home/f1tenth/realsense_ws/install/realsense2_camera_msgs/share/realsense2_camera_msgs/srv/DeviceInfo_Request.msg
[1.357s] -- Up-to-date: /home/f1tenth/realsense_ws/install/realsense2_camera_msgs/share/realsense2_camera_msgs/srv/DeviceInfo_Response.msg
[1.357s] -- Up-to-date: /home/f1tenth/realsense_ws/install/realsense2_camera_msgs/share/ament_index/resource_index/package_run_dependencies/realsense2_camera_msgs
[1.357s] -- Up-to-date: /home/f1tenth/realsense_ws/install/realsense2_camera_msgs/share/ament_index/resource_index/parent_prefix_path/realsense2_camera_msgs
[1.358s] -- Up-to-date: /home/f1tenth/realsense_ws/install/realsense2_camera_msgs/share/realsense2_camera_msgs/environment/ament_prefix_path.sh
[1.358s] -- Up-to-date: /home/f1tenth/realsense_ws/install/realsense2_camera_msgs/share/realsense2_camera_msgs/environment/ament_prefix_path.dsv
[1.359s] -- Up-to-date: /home/f1tenth/realsense_ws/install/realsense2_camera_msgs/share/realsense2_camera_msgs/environment/path.sh
[1.359s] -- Up-to-date: /home/f1tenth/realsense_ws/install/realsense2_camera_msgs/share/realsense2_camera_msgs/environment/path.dsv
[1.359s] -- Up-to-date: /home/f1tenth/realsense_ws/install/realsense2_camera_msgs/share/realsense2_camera_msgs/local_setup.bash
[1.360s] -- Up-to-date: /home/f1tenth/realsense_ws/install/realsense2_camera_msgs/share/realsense2_camera_msgs/local_setup.sh
[1.360s] -- Up-to-date: /home/f1tenth/realsense_ws/install/realsense2_camera_msgs/share/realsense2_camera_msgs/local_setup.zsh
[1.360s] -- Up-to-date: /home/f1tenth/realsense_ws/install/realsense2_camera_msgs/share/realsense2_camera_msgs/local_setup.dsv
[1.361s] -- Installing: /home/f1tenth/realsense_ws/install/realsense2_camera_msgs/share/realsense2_camera_msgs/package.dsv
[1.361s] -- Up-to-date: /home/f1tenth/realsense_ws/install/realsense2_camera_msgs/share/ament_index/resource_index/packages/realsense2_camera_msgs
[1.362s] -- Up-to-date: /home/f1tenth/realsense_ws/install/realsense2_camera_msgs/share/realsense2_camera_msgs/cmake/realsense2_camera_msgs__rosidl_generator_cExport.cmake
[1.362s] -- Up-to-date: /home/f1tenth/realsense_ws/install/realsense2_camera_msgs/share/realsense2_camera_msgs/cmake/realsense2_camera_msgs__rosidl_generator_cExport-noconfig.cmake
[1.362s] -- Up-to-date: /home/f1tenth/realsense_ws/install/realsense2_camera_msgs/share/realsense2_camera_msgs/cmake/realsense2_camera_msgs__rosidl_typesupport_introspection_cExport.cmake
[1.363s] -- Up-to-date: /home/f1tenth/realsense_ws/install/realsense2_camera_msgs/share/realsense2_camera_msgs/cmake/realsense2_camera_msgs__rosidl_typesupport_introspection_cExport-noconfig.cmake
[1.363s] -- Up-to-date: /home/f1tenth/realsense_ws/install/realsense2_camera_msgs/share/realsense2_camera_msgs/cmake/realsense2_camera_msgs__rosidl_typesupport_cExport.cmake
[1.363s] -- Up-to-date: /home/f1tenth/realsense_ws/install/realsense2_camera_msgs/share/realsense2_camera_msgs/cmake/realsense2_camera_msgs__rosidl_typesupport_cExport-noconfig.cmake
[1.364s] -- Up-to-date: /home/f1tenth/realsense_ws/install/realsense2_camera_msgs/share/realsense2_camera_msgs/cmake/realsense2_camera_msgs__rosidl_generator_cppExport.cmake
[1.365s] -- Up-to-date: /home/f1tenth/realsense_ws/install/realsense2_camera_msgs/share/realsense2_camera_msgs/cmake/realsense2_camera_msgs__rosidl_typesupport_introspection_cppExport.cmake
[1.365s] -- Up-to-date: /home/f1tenth/realsense_ws/install/realsense2_camera_msgs/share/realsense2_camera_msgs/cmake/realsense2_camera_msgs__rosidl_typesupport_introspection_cppExport-noconfig.cmake
[1.366s] -- Up-to-date: /home/f1tenth/realsense_ws/install/realsense2_camera_msgs/share/realsense2_camera_msgs/cmake/realsense2_camera_msgs__rosidl_typesupport_cppExport.cmake
[1.366s] -- Up-to-date: /home/f1tenth/realsense_ws/install/realsense2_camera_msgs/share/realsense2_camera_msgs/cmake/realsense2_camera_msgs__rosidl_typesupport_cppExport-noconfig.cmake
[1.366s] -- Up-to-date: /home/f1tenth/realsense_ws/install/realsense2_camera_msgs/share/realsense2_camera_msgs/cmake/rosidl_cmake-extras.cmake
[1.367s] -- Up-to-date: /home/f1tenth/realsense_ws/install/realsense2_camera_msgs/share/realsense2_camera_msgs/cmake/ament_cmake_export_dependencies-extras.cmake
[1.367s] -- Up-to-date: /home/f1tenth/realsense_ws/install/realsense2_camera_msgs/share/realsense2_camera_msgs/cmake/ament_cmake_export_libraries-extras.cmake
[1.368s] -- Up-to-date: /home/f1tenth/realsense_ws/install/realsense2_camera_msgs/share/realsense2_camera_msgs/cmake/ament_cmake_export_targets-extras.cmake
[1.368s] -- Up-to-date: /home/f1tenth/realsense_ws/install/realsense2_camera_msgs/share/realsense2_camera_msgs/cmake/ament_cmake_export_include_directories-extras.cmake
[1.368s] -- Up-to-date: /home/f1tenth/realsense_ws/install/realsense2_camera_msgs/share/realsense2_camera_msgs/cmake/rosidl_cmake_export_typesupport_libraries-extras.cmake
[1.368s] -- Up-to-date: /home/f1tenth/realsense_ws/install/realsense2_camera_msgs/share/realsense2_camera_msgs/cmake/rosidl_cmake_export_typesupport_targets-extras.cmake
[1.369s] -- Up-to-date: /home/f1tenth/realsense_ws/install/realsense2_camera_msgs/share/realsense2_camera_msgs/cmake/realsense2_camera_msgsConfig.cmake
[1.369s] -- Up-to-date: /home/f1tenth/realsense_ws/install/realsense2_camera_msgs/share/realsense2_camera_msgs/cmake/realsense2_camera_msgsConfig-version.cmake
[1.370s] -- Up-to-date: /home/f1tenth/realsense_ws/install/realsense2_camera_msgs/share/realsense2_camera_msgs/package.xml
[1.380s] Invoked command in '/home/f1tenth/realsense_ws/build/realsense2_camera_msgs' returned '0': CMAKE_PREFIX_PATH=${CMAKE_PREFIX_PATH}:/opt/ros/foxy /usr/bin/cmake --install /home/f1tenth/realsense_ws/build/realsense2_camera_msgs
