[0.090s] Invoking command in '/home/f1tenth/f1tenth_mrc_ws/build/realsense2_camera': AMENT_PREFIX_PATH=/home/f1tenth/f1tenth_mrc_ws/install/realsense2_camera_msgs:${AMENT_PREFIX_PATH} CMAKE_PREFIX_PATH=/home/f1tenth/f1tenth_mrc_ws/install/realsense2_camera_msgs:/opt/ros/foxy LD_LIBRARY_PATH=/home/f1tenth/f1tenth_mrc_ws/install/realsense2_camera_msgs/lib:${LD_LIBRARY_PATH} PYTHONPATH=/home/f1tenth/f1tenth_mrc_ws/install/realsense2_camera_msgs/lib/python3.8/site-packages:${PYTHONPATH} /usr/bin/cmake /home/f1tenth/f1tenth_mrc_ws/src/realsense-ros/realsense2_camera -DCMAKE_INSTALL_PREFIX=/home/f1tenth/f1tenth_mrc_ws/install/realsense2_camera
[0.402s] -- The C compiler identification is GNU 9.4.0
[0.660s] -- The CXX compiler identification is GNU 9.4.0
[0.680s] -- Check for working C compiler: /usr/bin/cc
[0.990s] -- Check for working C compiler: /usr/bin/cc -- works
[0.996s] -- Detecting C compiler ABI info
[1.306s] -- Detecting C compiler ABI info - done
[1.351s] -- Detecting C compile features
[1.352s] -- Detecting C compile features - done
[1.362s] -- Check for working CXX compiler: /usr/bin/c++
[1.695s] -- Check for working CXX compiler: /usr/bin/c++ -- works
[1.699s] -- Detecting CXX compiler ABI info
[2.049s] -- Detecting CXX compiler ABI info - done
[2.093s] -- Detecting CXX compile features
[2.095s] -- Detecting CXX compile features - done
[2.099s] -- Create Release Build.
[2.107s] -- Found ament_cmake: 0.9.12 (/opt/ros/foxy/share/ament_cmake/cmake)
[2.210s] -- Found PythonInterp: /usr/bin/python3 (found suitable version "3.8.10", minimum required is "3") 
[2.211s] -- Using PYTHON_EXECUTABLE: /usr/bin/python3
[3.113s] -- Found builtin_interfaces: 1.0.0 (/opt/ros/foxy/share/builtin_interfaces/cmake)
[3.232s] -- Using all available rosidl_typesupport_c: rosidl_typesupport_fastrtps_c;rosidl_typesupport_introspection_c
[3.257s] -- Found rosidl_adapter: 1.3.1 (/opt/ros/foxy/share/rosidl_adapter/cmake)
[3.671s] -- Found OpenSSL: /usr/lib/aarch64-linux-gnu/libcrypto.so (found version "1.1.1f")  
[3.784s] -- Found FastRTPS: /opt/ros/foxy/include  
[4.089s] -- Using all available rosidl_typesupport_cpp: rosidl_typesupport_fastrtps_cpp;rosidl_typesupport_introspection_cpp
[4.195s] -- Found cv_bridge: 3.0.7 (/opt/ros/foxy/share/cv_bridge/cmake)
[4.716s] -- Found image_transport: 2.4.0 (/opt/ros/foxy/share/image_transport/cmake)
[4.900s] -- Found rmw_implementation_cmake: 1.0.4 (/opt/ros/foxy/share/rmw_implementation_cmake/cmake)
[4.905s] -- Using RMW implementation 'rmw_fastrtps_cpp' as default
[4.908s] -- Looking for pthread.h
[5.230s] -- Looking for pthread.h - found
[5.231s] -- Performing Test CMAKE_HAVE_LIBC_PTHREAD
[5.536s] -- Performing Test CMAKE_HAVE_LIBC_PTHREAD - Failed
[5.538s] -- Looking for pthread_create in pthreads
[5.797s] -- Looking for pthread_create in pthreads - not found
[5.799s] -- Looking for pthread_create in pthread
[6.103s] -- Looking for pthread_create in pthread - found
[6.109s] -- Found Threads: TRUE  
[6.752s] -- Found rclcpp_action: 2.4.3 (/opt/ros/foxy/share/rclcpp_action/cmake)
[7.077s] -- Found rclcpp_components: 2.4.3 (/opt/ros/foxy/share/rclcpp_components/cmake)
[7.255s] -- Found realsense2_camera_msgs: 4.56.4 (/home/f1tenth/f1tenth_mrc_ws/install/realsense2_camera_msgs/share/realsense2_camera_msgs/cmake)
[7.831s] -- Found std_srvs: 2.0.5 (/opt/ros/foxy/share/std_srvs/cmake)
[7.876s] -- Found nav_msgs: 2.0.5 (/opt/ros/foxy/share/nav_msgs/cmake)
[8.105s] -- Found tf2_ros: 0.13.14 (/opt/ros/foxy/share/tf2_ros/cmake)
[8.725s] -- Found diagnostic_updater: 3.1.2 (/opt/ros/foxy/share/diagnostic_updater/cmake)
[8.924s] -- Found OpenCV: /usr (found version "4.5.4") found components: core 
[8.936s] -- Build for ROS2 Foxy
[8.947s] -- Found ament_cmake_gtest: 0.9.12 (/opt/ros/foxy/share/ament_cmake_gtest/cmake)
[8.955s] -- Found gtest sources under '/opt/ros/foxy/src/gtest_vendor': C++ tests using 'Google Test' will be built
[8.965s] -- Check if compiler accepts -pthread
[9.285s] -- Check if compiler accepts -pthread - yes
[9.298s] -- Found ament_cmake_pytest: 0.9.12 (/opt/ros/foxy/share/ament_cmake_pytest/cmake)
[27.135s] -- rs_device_info:
[27.135s] -- No device detected. Is it plugged in?
[27.136s] 
[27.417s] -- Configuring done
[27.442s] CMake Error at CMakeLists.txt:236 (add_library):
[27.443s]   Target "realsense2_camera" links to target "cv_bridge::cv_bridge" but the
[27.443s]   target was not found.  Perhaps a find_package() call is missing for an
[27.444s]   IMPORTED target, or an ALIAS target is missing?
[27.444s] 
[27.444s] 
[27.444s] CMake Error at CMakeLists.txt:236 (add_library):
[27.445s]   Target "realsense2_camera" links to target
[27.445s]   "image_transport::image_transport" but the target was not found.  Perhaps a
[27.445s]   find_package() call is missing for an IMPORTED target, or an ALIAS target
[27.445s]   is missing?
[27.446s] 
[27.447s] 
[27.447s] CMake Error at CMakeLists.txt:236 (add_library):
[27.448s]   Target "realsense2_camera" links to target "rclcpp_components::component"
[27.448s]   but the target was not found.  Perhaps a find_package() call is missing for
[27.448s]   an IMPORTED target, or an ALIAS target is missing?
[27.450s] 
[27.450s] 
[27.450s] CMake Error at CMakeLists.txt:236 (add_library):
[27.450s]   Target "realsense2_camera" links to target
[27.451s]   "sensor_msgs::sensor_msgs_library" but the target was not found.  Perhaps a
[27.451s]   find_package() call is missing for an IMPORTED target, or an ALIAS target
[27.451s]   is missing?
[27.452s] 
[27.452s] 
[27.546s] -- Generating done
[27.555s] CMake Generate step failed.  Build files cannot be regenerated correctly.
[27.599s] Invoked command in '/home/f1tenth/f1tenth_mrc_ws/build/realsense2_camera' returned '1': AMENT_PREFIX_PATH=/home/f1tenth/f1tenth_mrc_ws/install/realsense2_camera_msgs:${AMENT_PREFIX_PATH} CMAKE_PREFIX_PATH=/home/f1tenth/f1tenth_mrc_ws/install/realsense2_camera_msgs:/opt/ros/foxy LD_LIBRARY_PATH=/home/f1tenth/f1tenth_mrc_ws/install/realsense2_camera_msgs/lib:${LD_LIBRARY_PATH} PYTHONPATH=/home/f1tenth/f1tenth_mrc_ws/install/realsense2_camera_msgs/lib/python3.8/site-packages:${PYTHONPATH} /usr/bin/cmake /home/f1tenth/f1tenth_mrc_ws/src/realsense-ros/realsense2_camera -DCMAKE_INSTALL_PREFIX=/home/f1tenth/f1tenth_mrc_ws/install/realsense2_camera
