[7.677s] Invoking command in '/home/f1tenth/f1tenth_mrc_ws/src/f1tenth_gym_ros': PYTHONPATH=/home/f1tenth/f1tenth_mrc_ws/build/f1tenth_gym_ros/prefix_override:/usr/lib/python3/dist-packages/colcon_core/task/python/colcon_distutils_commands:/home/f1tenth/f1tenth_mrc_ws/install/f1tenth_gym_ros/lib/python3.8/site-packages:${PYTHONPATH} /usr/bin/python3 -W ignore:setup.py install is deprecated -W ignore:easy_install command is deprecated setup.py egg_info --egg-base ../../build/f1tenth_gym_ros build --build-base /home/f1tenth/f1tenth_mrc_ws/build/f1tenth_gym_ros/build install --record /home/f1tenth/f1tenth_mrc_ws/build/f1tenth_gym_ros/install.log --single-version-externally-managed install_data
[9.372s] running egg_info
[9.376s] writing ../../build/f1tenth_gym_ros/f1tenth_gym_ros.egg-info/PKG-INFO
[9.378s] writing dependency_links to ../../build/f1tenth_gym_ros/f1tenth_gym_ros.egg-info/dependency_links.txt
[9.379s] writing entry points to ../../build/f1tenth_gym_ros/f1tenth_gym_ros.egg-info/entry_points.txt
[9.379s] writing requirements to ../../build/f1tenth_gym_ros/f1tenth_gym_ros.egg-info/requires.txt
[9.380s] writing top-level names to ../../build/f1tenth_gym_ros/f1tenth_gym_ros.egg-info/top_level.txt
[9.430s] reading manifest file '../../build/f1tenth_gym_ros/f1tenth_gym_ros.egg-info/SOURCES.txt'
[9.432s] adding license file 'LICENSE'
[9.436s] writing manifest file '../../build/f1tenth_gym_ros/f1tenth_gym_ros.egg-info/SOURCES.txt'
[9.437s] running build
[9.438s] running build_py
[9.445s] running install
[9.460s] running install_lib
[9.469s] running install_data
[9.476s] running install_egg_info
[9.493s] removing '/home/f1tenth/f1tenth_mrc_ws/install/f1tenth_gym_ros/lib/python3.8/site-packages/f1tenth_gym_ros-0.0.0-py3.8.egg-info' (and everything under it)
[9.494s] Copying ../../build/f1tenth_gym_ros/f1tenth_gym_ros.egg-info to /home/f1tenth/f1tenth_mrc_ws/install/f1tenth_gym_ros/lib/python3.8/site-packages/f1tenth_gym_ros-0.0.0-py3.8.egg-info
[9.499s] running install_scripts
[9.713s] Installing gym_bridge script to /home/f1tenth/f1tenth_mrc_ws/install/f1tenth_gym_ros/lib/f1tenth_gym_ros
[9.723s] writing list of installed files to '/home/f1tenth/f1tenth_mrc_ws/build/f1tenth_gym_ros/install.log'
[9.844s] Invoked command in '/home/f1tenth/f1tenth_mrc_ws/src/f1tenth_gym_ros' returned '0': PYTHONPATH=/home/f1tenth/f1tenth_mrc_ws/build/f1tenth_gym_ros/prefix_override:/usr/lib/python3/dist-packages/colcon_core/task/python/colcon_distutils_commands:/home/f1tenth/f1tenth_mrc_ws/install/f1tenth_gym_ros/lib/python3.8/site-packages:${PYTHONPATH} /usr/bin/python3 -W ignore:setup.py install is deprecated -W ignore:easy_install command is deprecated setup.py egg_info --egg-base ../../build/f1tenth_gym_ros build --build-base /home/f1tenth/f1tenth_mrc_ws/build/f1tenth_gym_ros/build install --record /home/f1tenth/f1tenth_mrc_ws/build/f1tenth_gym_ros/install.log --single-version-externally-managed install_data
