[0.123s] Invoking command in '/home/f1tenth/f1tenth_mrc_ws/build/safety_node': CMAKE_PREFIX_PATH=/opt/ros/foxy /usr/bin/cmake --build /home/f1tenth/f1tenth_mrc_ws/build/safety_node -- -j4 -l4
[0.352s] Invoked command in '/home/f1tenth/f1tenth_mrc_ws/build/safety_node' returned '0': CMAKE_PREFIX_PATH=/opt/ros/foxy /usr/bin/cmake --build /home/f1tenth/f1tenth_mrc_ws/build/safety_node -- -j4 -l4
[0.366s] Invoking command in '/home/f1tenth/f1tenth_mrc_ws/build/safety_node': CMAKE_PREFIX_PATH=/opt/ros/foxy /usr/bin/cmake --install /home/f1tenth/f1tenth_mrc_ws/build/safety_node
[0.424s] -- Install configuration: ""
[0.425s] -- Up-to-date: /home/f1tenth/f1tenth_mrc_ws/install/safety_node/share/safety_node/environment/pythonpath.sh
[0.426s] -- Up-to-date: /home/f1tenth/f1tenth_mrc_ws/install/safety_node/share/safety_node/environment/pythonpath.dsv
[0.427s] -- Up-to-date: /home/f1tenth/f1tenth_mrc_ws/install/safety_node/lib/python3.8/site-packages/safety_node
[0.428s] -- Up-to-date: /home/f1tenth/f1tenth_mrc_ws/install/safety_node/lib/python3.8/site-packages/safety_node/__init__.py
[0.570s] Listing '/home/f1tenth/f1tenth_mrc_ws/install/safety_node/lib/python3.8/site-packages/safety_node'...
[0.590s] -- Up-to-date: /home/f1tenth/f1tenth_mrc_ws/install/safety_node/lib/safety_node/safety_node.py
[0.590s] -- Up-to-date: /home/f1tenth/f1tenth_mrc_ws/install/safety_node/share/ament_index/resource_index/package_run_dependencies/safety_node
[0.591s] -- Up-to-date: /home/f1tenth/f1tenth_mrc_ws/install/safety_node/share/ament_index/resource_index/parent_prefix_path/safety_node
[0.591s] -- Up-to-date: /home/f1tenth/f1tenth_mrc_ws/install/safety_node/share/safety_node/environment/ament_prefix_path.sh
[0.591s] -- Up-to-date: /home/f1tenth/f1tenth_mrc_ws/install/safety_node/share/safety_node/environment/ament_prefix_path.dsv
[0.592s] -- Up-to-date: /home/f1tenth/f1tenth_mrc_ws/install/safety_node/share/safety_node/environment/path.sh
[0.592s] -- Up-to-date: /home/f1tenth/f1tenth_mrc_ws/install/safety_node/share/safety_node/environment/path.dsv
[0.592s] -- Up-to-date: /home/f1tenth/f1tenth_mrc_ws/install/safety_node/share/safety_node/local_setup.bash
[0.593s] -- Up-to-date: /home/f1tenth/f1tenth_mrc_ws/install/safety_node/share/safety_node/local_setup.sh
[0.594s] -- Up-to-date: /home/f1tenth/f1tenth_mrc_ws/install/safety_node/share/safety_node/local_setup.zsh
[0.596s] -- Up-to-date: /home/f1tenth/f1tenth_mrc_ws/install/safety_node/share/safety_node/local_setup.dsv
[0.597s] -- Installing: /home/f1tenth/f1tenth_mrc_ws/install/safety_node/share/safety_node/package.dsv
[0.600s] -- Up-to-date: /home/f1tenth/f1tenth_mrc_ws/install/safety_node/share/ament_index/resource_index/packages/safety_node
[0.602s] -- Up-to-date: /home/f1tenth/f1tenth_mrc_ws/install/safety_node/share/safety_node/cmake/safety_nodeConfig.cmake
[0.602s] -- Up-to-date: /home/f1tenth/f1tenth_mrc_ws/install/safety_node/share/safety_node/cmake/safety_nodeConfig-version.cmake
[0.603s] -- Up-to-date: /home/f1tenth/f1tenth_mrc_ws/install/safety_node/share/safety_node/package.xml
[0.621s] Invoked command in '/home/f1tenth/f1tenth_mrc_ws/build/safety_node' returned '0': CMAKE_PREFIX_PATH=/opt/ros/foxy /usr/bin/cmake --install /home/f1tenth/f1tenth_mrc_ws/build/safety_node
