running egg_info
writing ../../build/waypoint_logger/waypoint_logger.egg-info/PKG-INFO
writing dependency_links to ../../build/waypoint_logger/waypoint_logger.egg-info/dependency_links.txt
writing entry points to ../../build/waypoint_logger/waypoint_logger.egg-info/entry_points.txt
writing requirements to ../../build/waypoint_logger/waypoint_logger.egg-info/requires.txt
writing top-level names to ../../build/waypoint_logger/waypoint_logger.egg-info/top_level.txt
reading manifest file '../../build/waypoint_logger/waypoint_logger.egg-info/SOURCES.txt'
writing manifest file '../../build/waypoint_logger/waypoint_logger.egg-info/SOURCES.txt'
running build
running build_py
running install
running install_lib
running install_data
running install_egg_info
removing '/home/f1tenth/f1tenth_mrc_ws/install/waypoint_logger/lib/python3.8/site-packages/waypoint_logger-0.0.0-py3.8.egg-info' (and everything under it)
Copying ../../build/waypoint_logger/waypoint_logger.egg-info to /home/f1tenth/f1tenth_mrc_ws/install/waypoint_logger/lib/python3.8/site-packages/waypoint_logger-0.0.0-py3.8.egg-info
running install_scripts
Installing mpc_logger script to /home/f1tenth/f1tenth_mrc_ws/install/waypoint_logger/lib/waypoint_logger
Installing optitrack_logger script to /home/f1tenth/f1tenth_mrc_ws/install/waypoint_logger/lib/waypoint_logger
Installing waypoint_logger script to /home/f1tenth/f1tenth_mrc_ws/install/waypoint_logger/lib/waypoint_logger
writing list of installed files to '/home/f1tenth/f1tenth_mrc_ws/build/waypoint_logger/install.log'
