[4.098s] Invoking command in '/home/f1tenth/f1tenth_mrc_ws/src/waypoint_logger': PYTHONPATH=/home/f1tenth/f1tenth_mrc_ws/build/waypoint_logger/prefix_override:/usr/lib/python3/dist-packages/colcon_core/task/python/colcon_distutils_commands:/home/f1tenth/f1tenth_mrc_ws/install/waypoint_logger/lib/python3.8/site-packages:${PYTHONPATH} /usr/bin/python3 -W ignore:setup.py install is deprecated -W ignore:easy_install command is deprecated setup.py egg_info --egg-base ../../build/waypoint_logger build --build-base /home/f1tenth/f1tenth_mrc_ws/build/waypoint_logger/build install --record /home/f1tenth/f1tenth_mrc_ws/build/waypoint_logger/install.log --install-scripts $base/lib/waypoint_logger --single-version-externally-managed install_data
[5.258s] /home/f1tenth/.local/lib/python3.8/site-packages/setuptools/dist.py:717: UserWarning: Usage of dash-separated 'script-dir' will not be supported in future versions. Please use the underscore name 'script_dir' instead
[5.259s]   warnings.warn(
[5.392s] running egg_info
[5.396s] writing ../../build/waypoint_logger/waypoint_logger.egg-info/PKG-INFO
[5.397s] writing dependency_links to ../../build/waypoint_logger/waypoint_logger.egg-info/dependency_links.txt
[5.398s] writing entry points to ../../build/waypoint_logger/waypoint_logger.egg-info/entry_points.txt
[5.398s] writing requirements to ../../build/waypoint_logger/waypoint_logger.egg-info/requires.txt
[5.399s] writing top-level names to ../../build/waypoint_logger/waypoint_logger.egg-info/top_level.txt
[5.414s] reading manifest file '../../build/waypoint_logger/waypoint_logger.egg-info/SOURCES.txt'
[5.418s] writing manifest file '../../build/waypoint_logger/waypoint_logger.egg-info/SOURCES.txt'
[5.419s] running build
[5.420s] running build_py
[5.423s] running install
[5.426s] running install_lib
[5.434s] running install_data
[5.435s] running install_egg_info
[5.442s] removing '/home/f1tenth/f1tenth_mrc_ws/install/waypoint_logger/lib/python3.8/site-packages/waypoint_logger-0.0.0-py3.8.egg-info' (and everything under it)
[5.445s] Copying ../../build/waypoint_logger/waypoint_logger.egg-info to /home/f1tenth/f1tenth_mrc_ws/install/waypoint_logger/lib/python3.8/site-packages/waypoint_logger-0.0.0-py3.8.egg-info
[5.450s] running install_scripts
[5.534s] Installing mpc_logger script to /home/f1tenth/f1tenth_mrc_ws/install/waypoint_logger/lib/waypoint_logger
[5.535s] Installing optitrack_logger script to /home/f1tenth/f1tenth_mrc_ws/install/waypoint_logger/lib/waypoint_logger
[5.537s] Installing waypoint_logger script to /home/f1tenth/f1tenth_mrc_ws/install/waypoint_logger/lib/waypoint_logger
[5.539s] writing list of installed files to '/home/f1tenth/f1tenth_mrc_ws/build/waypoint_logger/install.log'
[5.638s] Invoked command in '/home/f1tenth/f1tenth_mrc_ws/src/waypoint_logger' returned '0': PYTHONPATH=/home/f1tenth/f1tenth_mrc_ws/build/waypoint_logger/prefix_override:/usr/lib/python3/dist-packages/colcon_core/task/python/colcon_distutils_commands:/home/f1tenth/f1tenth_mrc_ws/install/waypoint_logger/lib/python3.8/site-packages:${PYTHONPATH} /usr/bin/python3 -W ignore:setup.py install is deprecated -W ignore:easy_install command is deprecated setup.py egg_info --egg-base ../../build/waypoint_logger build --build-base /home/f1tenth/f1tenth_mrc_ws/build/waypoint_logger/build install --record /home/f1tenth/f1tenth_mrc_ws/build/waypoint_logger/install.log --install-scripts $base/lib/waypoint_logger --single-version-externally-managed install_data
