[0.090s] Invoking command in '/home/f1tenth/f1tenth_mrc_ws/build/lidar_object_detection_ros2': CMAKE_PREFIX_PATH=${CMAKE_PREFIX_PATH}:/home/f1tenth/f1tenth_mrc_ws/install/waypoint_logger:/home/f1tenth/f1tenth_mrc_ws/install/rrt_package:/home/f1tenth/f1tenth_mrc_ws/install/ppo_racing:/home/f1tenth/f1tenth_mrc_ws/install/particle_filter:/home/f1tenth/f1tenth_mrc_ws/install/f1tenth_gym_ros:/home/f1tenth/f1tenth_mrc_ws/install/camera_pkg:/opt/ros/foxy /usr/bin/cmake --build /home/f1tenth/f1tenth_mrc_ws/build/lidar_object_detection_ros2 -- -j5 -l5
[0.567s] [  1%] Built target lidar_object_detection_ros2__cpp
[0.638s] [ 12%] Built target lidar_object_detection_ros2__rosidl_generator_c
[0.794s] [ 23%] Built target lidar_object_detection_ros2__rosidl_typesupport_introspection_cpp
[0.876s] [ 34%] Built target lidar_object_detection_ros2__rosidl_typesupport_c
[0.929s] [ 46%] Built target lidar_object_detection_ros2__rosidl_typesupport_fastrtps_cpp
[0.929s] [ 57%] Built target lidar_object_detection_ros2__rosidl_typesupport_cpp
[0.949s] [ 68%] Built target lidar_object_detection_ros2__rosidl_typesupport_introspection_c
[1.110s] [ 79%] Built target lidar_object_detection_ros2__rosidl_typesupport_fastrtps_c
[1.225s] [ 79%] Built target lidar_object_detection_ros2
[1.350s] [ 80%] Built target lidar_object_detection_ros2__py
[1.542s] [ 90%] Built target lidar_object_detection_ros2__python
[1.712s] [ 93%] Built target lidar_object_detection_ros2__rosidl_typesupport_introspection_c__pyext
[1.713s] [ 96%] Built target lidar_object_detection_ros2__rosidl_typesupport_fastrtps_c__pyext
[1.733s] [100%] Built target lidar_object_detection_ros2__rosidl_typesupport_c__pyext
[1.812s] Invoked command in '/home/f1tenth/f1tenth_mrc_ws/build/lidar_object_detection_ros2' returned '0': CMAKE_PREFIX_PATH=${CMAKE_PREFIX_PATH}:/home/f1tenth/f1tenth_mrc_ws/install/waypoint_logger:/home/f1tenth/f1tenth_mrc_ws/install/rrt_package:/home/f1tenth/f1tenth_mrc_ws/install/ppo_racing:/home/f1tenth/f1tenth_mrc_ws/install/particle_filter:/home/f1tenth/f1tenth_mrc_ws/install/f1tenth_gym_ros:/home/f1tenth/f1tenth_mrc_ws/install/camera_pkg:/opt/ros/foxy /usr/bin/cmake --build /home/f1tenth/f1tenth_mrc_ws/build/lidar_object_detection_ros2 -- -j5 -l5
[1.874s] Invoking command in '/home/f1tenth/f1tenth_mrc_ws/build/lidar_object_detection_ros2': CMAKE_PREFIX_PATH=${CMAKE_PREFIX_PATH}:/home/f1tenth/f1tenth_mrc_ws/install/waypoint_logger:/home/f1tenth/f1tenth_mrc_ws/install/rrt_package:/home/f1tenth/f1tenth_mrc_ws/install/ppo_racing:/home/f1tenth/f1tenth_mrc_ws/install/particle_filter:/home/f1tenth/f1tenth_mrc_ws/install/f1tenth_gym_ros:/home/f1tenth/f1tenth_mrc_ws/install/camera_pkg:/opt/ros/foxy /usr/bin/cmake --install /home/f1tenth/f1tenth_mrc_ws/build/lidar_object_detection_ros2
[1.943s] -- Install configuration: ""
[1.943s] -- Up-to-date: /home/f1tenth/f1tenth_mrc_ws/install/lidar_object_detection_ros2/share/ament_index/resource_index/rosidl_interfaces/lidar_object_detection_ros2
[1.951s] -- Up-to-date: /home/f1tenth/f1tenth_mrc_ws/install/lidar_object_detection_ros2/include/lidar_object_detection_ros2
[1.951s] -- Up-to-date: /home/f1tenth/f1tenth_mrc_ws/install/lidar_object_detection_ros2/include/lidar_object_detection_ros2/msg
[1.952s] -- Up-to-date: /home/f1tenth/f1tenth_mrc_ws/install/lidar_object_detection_ros2/include/lidar_object_detection_ros2/msg/rosidl_generator_c__visibility_control.h
[1.952s] -- Up-to-date: /home/f1tenth/f1tenth_mrc_ws/install/lidar_object_detection_ros2/include/lidar_object_detection_ros2/msg/objects_array.h
[1.952s] -- Up-to-date: /home/f1tenth/f1tenth_mrc_ws/install/lidar_object_detection_ros2/include/lidar_object_detection_ros2/msg/object.h
[1.953s] -- Up-to-date: /home/f1tenth/f1tenth_mrc_ws/install/lidar_object_detection_ros2/include/lidar_object_detection_ros2/msg/pose2_d.h
[1.953s] -- Up-to-date: /home/f1tenth/f1tenth_mrc_ws/install/lidar_object_detection_ros2/include/lidar_object_detection_ros2/msg/scan_clusters.h
[1.953s] -- Up-to-date: /home/f1tenth/f1tenth_mrc_ws/install/lidar_object_detection_ros2/include/lidar_object_detection_ros2/msg/detail
[1.954s] -- Up-to-date: /home/f1tenth/f1tenth_mrc_ws/install/lidar_object_detection_ros2/include/lidar_object_detection_ros2/msg/detail/objects_array__type_support.h
[1.954s] -- Up-to-date: /home/f1tenth/f1tenth_mrc_ws/install/lidar_object_detection_ros2/include/lidar_object_detection_ros2/msg/detail/scan_clusters__type_support.h
[1.970s] -- Up-to-date: /home/f1tenth/f1tenth_mrc_ws/install/lidar_object_detection_ros2/include/lidar_object_detection_ros2/msg/detail/scan_clusters__functions.h
[1.970s] -- Up-to-date: /home/f1tenth/f1tenth_mrc_ws/install/lidar_object_detection_ros2/include/lidar_object_detection_ros2/msg/detail/objects_array__functions.h
[1.971s] -- Up-to-date: /home/f1tenth/f1tenth_mrc_ws/install/lidar_object_detection_ros2/include/lidar_object_detection_ros2/msg/detail/object__type_support.h
[1.972s] -- Up-to-date: /home/f1tenth/f1tenth_mrc_ws/install/lidar_object_detection_ros2/include/lidar_object_detection_ros2/msg/detail/object__functions.h
[1.972s] -- Up-to-date: /home/f1tenth/f1tenth_mrc_ws/install/lidar_object_detection_ros2/include/lidar_object_detection_ros2/msg/detail/objects_array__struct.h
[1.974s] -- Up-to-date: /home/f1tenth/f1tenth_mrc_ws/install/lidar_object_detection_ros2/include/lidar_object_detection_ros2/msg/detail/l_shape__functions.h
[1.975s] -- Up-to-date: /home/f1tenth/f1tenth_mrc_ws/install/lidar_object_detection_ros2/include/lidar_object_detection_ros2/msg/detail/pose2_d__struct.h
[1.977s] -- Up-to-date: /home/f1tenth/f1tenth_mrc_ws/install/lidar_object_detection_ros2/include/lidar_object_detection_ros2/msg/detail/pose2_d__functions.h
[1.978s] -- Up-to-date: /home/f1tenth/f1tenth_mrc_ws/install/lidar_object_detection_ros2/include/lidar_object_detection_ros2/msg/detail/l_shape__functions.c
[1.979s] -- Up-to-date: /home/f1tenth/f1tenth_mrc_ws/install/lidar_object_detection_ros2/include/lidar_object_detection_ros2/msg/detail/pose2_d__functions.c
[1.979s] -- Up-to-date: /home/f1tenth/f1tenth_mrc_ws/install/lidar_object_detection_ros2/include/lidar_object_detection_ros2/msg/detail/objects_array__functions.c
[1.979s] -- Up-to-date: /home/f1tenth/f1tenth_mrc_ws/install/lidar_object_detection_ros2/include/lidar_object_detection_ros2/msg/detail/scan_clusters__struct.h
[1.980s] -- Up-to-date: /home/f1tenth/f1tenth_mrc_ws/install/lidar_object_detection_ros2/include/lidar_object_detection_ros2/msg/detail/l_shape__struct.h
[1.980s] -- Up-to-date: /home/f1tenth/f1tenth_mrc_ws/install/lidar_object_detection_ros2/include/lidar_object_detection_ros2/msg/detail/object__struct.h
[1.980s] -- Up-to-date: /home/f1tenth/f1tenth_mrc_ws/install/lidar_object_detection_ros2/include/lidar_object_detection_ros2/msg/detail/pose2_d__type_support.h
[1.981s] -- Up-to-date: /home/f1tenth/f1tenth_mrc_ws/install/lidar_object_detection_ros2/include/lidar_object_detection_ros2/msg/detail/l_shape__type_support.h
[1.981s] -- Up-to-date: /home/f1tenth/f1tenth_mrc_ws/install/lidar_object_detection_ros2/include/lidar_object_detection_ros2/msg/detail/scan_clusters__functions.c
[1.981s] -- Up-to-date: /home/f1tenth/f1tenth_mrc_ws/install/lidar_object_detection_ros2/include/lidar_object_detection_ros2/msg/detail/object__functions.c
[1.982s] -- Up-to-date: /home/f1tenth/f1tenth_mrc_ws/install/lidar_object_detection_ros2/include/lidar_object_detection_ros2/msg/l_shape.h
[1.982s] -- Up-to-date: /home/f1tenth/f1tenth_mrc_ws/install/lidar_object_detection_ros2/share/lidar_object_detection_ros2/environment/library_path.sh
[1.982s] -- Up-to-date: /home/f1tenth/f1tenth_mrc_ws/install/lidar_object_detection_ros2/share/lidar_object_detection_ros2/environment/library_path.dsv
[1.982s] -- Up-to-date: /home/f1tenth/f1tenth_mrc_ws/install/lidar_object_detection_ros2/lib/liblidar_object_detection_ros2__rosidl_generator_c.so
[1.983s] -- Up-to-date: /home/f1tenth/f1tenth_mrc_ws/install/lidar_object_detection_ros2/include/lidar_object_detection_ros2
[1.983s] -- Up-to-date: /home/f1tenth/f1tenth_mrc_ws/install/lidar_object_detection_ros2/include/lidar_object_detection_ros2/msg
[1.983s] -- Up-to-date: /home/f1tenth/f1tenth_mrc_ws/install/lidar_object_detection_ros2/include/lidar_object_detection_ros2/msg/rosidl_typesupport_fastrtps_c__visibility_control.h
[1.984s] -- Up-to-date: /home/f1tenth/f1tenth_mrc_ws/install/lidar_object_detection_ros2/include/lidar_object_detection_ros2/msg/detail
[1.984s] -- Up-to-date: /home/f1tenth/f1tenth_mrc_ws/install/lidar_object_detection_ros2/include/lidar_object_detection_ros2/msg/detail/objects_array__rosidl_typesupport_fastrtps_c.h
[1.984s] -- Up-to-date: /home/f1tenth/f1tenth_mrc_ws/install/lidar_object_detection_ros2/include/lidar_object_detection_ros2/msg/detail/pose2_d__rosidl_typesupport_fastrtps_c.h
[1.985s] -- Up-to-date: /home/f1tenth/f1tenth_mrc_ws/install/lidar_object_detection_ros2/include/lidar_object_detection_ros2/msg/detail/object__rosidl_typesupport_fastrtps_c.h
[1.985s] -- Up-to-date: /home/f1tenth/f1tenth_mrc_ws/install/lidar_object_detection_ros2/include/lidar_object_detection_ros2/msg/detail/l_shape__rosidl_typesupport_fastrtps_c.h
[1.985s] -- Up-to-date: /home/f1tenth/f1tenth_mrc_ws/install/lidar_object_detection_ros2/include/lidar_object_detection_ros2/msg/detail/scan_clusters__rosidl_typesupport_fastrtps_c.h
[1.986s] -- Up-to-date: /home/f1tenth/f1tenth_mrc_ws/install/lidar_object_detection_ros2/lib/liblidar_object_detection_ros2__rosidl_typesupport_fastrtps_c.so
[1.986s] -- Up-to-date: /home/f1tenth/f1tenth_mrc_ws/install/lidar_object_detection_ros2/include/lidar_object_detection_ros2
[1.987s] -- Up-to-date: /home/f1tenth/f1tenth_mrc_ws/install/lidar_object_detection_ros2/include/lidar_object_detection_ros2/msg
[1.987s] -- Up-to-date: /home/f1tenth/f1tenth_mrc_ws/install/lidar_object_detection_ros2/include/lidar_object_detection_ros2/msg/detail
[2.002s] -- Up-to-date: /home/f1tenth/f1tenth_mrc_ws/install/lidar_object_detection_ros2/include/lidar_object_detection_ros2/msg/detail/scan_clusters__rosidl_typesupport_fastrtps_cpp.hpp
[2.002s] -- Up-to-date: /home/f1tenth/f1tenth_mrc_ws/install/lidar_object_detection_ros2/include/lidar_object_detection_ros2/msg/detail/objects_array__rosidl_typesupport_fastrtps_cpp.hpp
[2.003s] -- Up-to-date: /home/f1tenth/f1tenth_mrc_ws/install/lidar_object_detection_ros2/include/lidar_object_detection_ros2/msg/detail/l_shape__rosidl_typesupport_fastrtps_cpp.hpp
[2.003s] -- Up-to-date: /home/f1tenth/f1tenth_mrc_ws/install/lidar_object_detection_ros2/include/lidar_object_detection_ros2/msg/detail/object__rosidl_typesupport_fastrtps_cpp.hpp
[2.004s] -- Up-to-date: /home/f1tenth/f1tenth_mrc_ws/install/lidar_object_detection_ros2/include/lidar_object_detection_ros2/msg/detail/pose2_d__rosidl_typesupport_fastrtps_cpp.hpp
[2.004s] -- Up-to-date: /home/f1tenth/f1tenth_mrc_ws/install/lidar_object_detection_ros2/include/lidar_object_detection_ros2/msg/detail/dds_fastrtps
[2.004s] -- Up-to-date: /home/f1tenth/f1tenth_mrc_ws/install/lidar_object_detection_ros2/include/lidar_object_detection_ros2/msg/rosidl_typesupport_fastrtps_cpp__visibility_control.h
[2.005s] -- Up-to-date: /home/f1tenth/f1tenth_mrc_ws/install/lidar_object_detection_ros2/lib/liblidar_object_detection_ros2__rosidl_typesupport_fastrtps_cpp.so
[2.005s] -- Up-to-date: /home/f1tenth/f1tenth_mrc_ws/install/lidar_object_detection_ros2/include/lidar_object_detection_ros2
[2.006s] -- Up-to-date: /home/f1tenth/f1tenth_mrc_ws/install/lidar_object_detection_ros2/include/lidar_object_detection_ros2/msg
[2.006s] -- Up-to-date: /home/f1tenth/f1tenth_mrc_ws/install/lidar_object_detection_ros2/include/lidar_object_detection_ros2/msg/rosidl_typesupport_introspection_c__visibility_control.h
[2.007s] -- Up-to-date: /home/f1tenth/f1tenth_mrc_ws/install/lidar_object_detection_ros2/include/lidar_object_detection_ros2/msg/detail
[2.007s] -- Up-to-date: /home/f1tenth/f1tenth_mrc_ws/install/lidar_object_detection_ros2/include/lidar_object_detection_ros2/msg/detail/pose2_d__rosidl_typesupport_introspection_c.h
[2.007s] -- Up-to-date: /home/f1tenth/f1tenth_mrc_ws/install/lidar_object_detection_ros2/include/lidar_object_detection_ros2/msg/detail/scan_clusters__type_support.c
[2.008s] -- Up-to-date: /home/f1tenth/f1tenth_mrc_ws/install/lidar_object_detection_ros2/include/lidar_object_detection_ros2/msg/detail/l_shape__type_support.c
[2.008s] -- Up-to-date: /home/f1tenth/f1tenth_mrc_ws/install/lidar_object_detection_ros2/include/lidar_object_detection_ros2/msg/detail/object__rosidl_typesupport_introspection_c.h
[2.008s] -- Up-to-date: /home/f1tenth/f1tenth_mrc_ws/install/lidar_object_detection_ros2/include/lidar_object_detection_ros2/msg/detail/scan_clusters__rosidl_typesupport_introspection_c.h
[2.009s] -- Up-to-date: /home/f1tenth/f1tenth_mrc_ws/install/lidar_object_detection_ros2/include/lidar_object_detection_ros2/msg/detail/l_shape__rosidl_typesupport_introspection_c.h
[2.009s] -- Up-to-date: /home/f1tenth/f1tenth_mrc_ws/install/lidar_object_detection_ros2/include/lidar_object_detection_ros2/msg/detail/pose2_d__type_support.c
[2.009s] -- Up-to-date: /home/f1tenth/f1tenth_mrc_ws/install/lidar_object_detection_ros2/include/lidar_object_detection_ros2/msg/detail/objects_array__rosidl_typesupport_introspection_c.h
[2.010s] -- Up-to-date: /home/f1tenth/f1tenth_mrc_ws/install/lidar_object_detection_ros2/include/lidar_object_detection_ros2/msg/detail/objects_array__type_support.c
[2.010s] -- Up-to-date: /home/f1tenth/f1tenth_mrc_ws/install/lidar_object_detection_ros2/include/lidar_object_detection_ros2/msg/detail/object__type_support.c
[2.010s] -- Up-to-date: /home/f1tenth/f1tenth_mrc_ws/install/lidar_object_detection_ros2/lib/liblidar_object_detection_ros2__rosidl_typesupport_introspection_c.so
[2.010s] -- Up-to-date: /home/f1tenth/f1tenth_mrc_ws/install/lidar_object_detection_ros2/lib/liblidar_object_detection_ros2__rosidl_typesupport_c.so
[2.011s] -- Up-to-date: /home/f1tenth/f1tenth_mrc_ws/install/lidar_object_detection_ros2/include/lidar_object_detection_ros2
[2.011s] -- Up-to-date: /home/f1tenth/f1tenth_mrc_ws/install/lidar_object_detection_ros2/include/lidar_object_detection_ros2/msg
[2.011s] -- Up-to-date: /home/f1tenth/f1tenth_mrc_ws/install/lidar_object_detection_ros2/include/lidar_object_detection_ros2/msg/object.hpp
[2.012s] -- Up-to-date: /home/f1tenth/f1tenth_mrc_ws/install/lidar_object_detection_ros2/include/lidar_object_detection_ros2/msg/pose2_d.hpp
[2.012s] -- Up-to-date: /home/f1tenth/f1tenth_mrc_ws/install/lidar_object_detection_ros2/include/lidar_object_detection_ros2/msg/l_shape.hpp
[2.012s] -- Up-to-date: /home/f1tenth/f1tenth_mrc_ws/install/lidar_object_detection_ros2/include/lidar_object_detection_ros2/msg/objects_array.hpp
[2.012s] -- Up-to-date: /home/f1tenth/f1tenth_mrc_ws/install/lidar_object_detection_ros2/include/lidar_object_detection_ros2/msg/detail
[2.013s] -- Up-to-date: /home/f1tenth/f1tenth_mrc_ws/install/lidar_object_detection_ros2/include/lidar_object_detection_ros2/msg/detail/scan_clusters__traits.hpp
[2.013s] -- Up-to-date: /home/f1tenth/f1tenth_mrc_ws/install/lidar_object_detection_ros2/include/lidar_object_detection_ros2/msg/detail/objects_array__traits.hpp
[2.013s] -- Up-to-date: /home/f1tenth/f1tenth_mrc_ws/install/lidar_object_detection_ros2/include/lidar_object_detection_ros2/msg/detail/l_shape__traits.hpp
[2.014s] -- Up-to-date: /home/f1tenth/f1tenth_mrc_ws/install/lidar_object_detection_ros2/include/lidar_object_detection_ros2/msg/detail/object__struct.hpp
[2.014s] -- Up-to-date: /home/f1tenth/f1tenth_mrc_ws/install/lidar_object_detection_ros2/include/lidar_object_detection_ros2/msg/detail/pose2_d__builder.hpp
[2.015s] -- Up-to-date: /home/f1tenth/f1tenth_mrc_ws/install/lidar_object_detection_ros2/include/lidar_object_detection_ros2/msg/detail/l_shape__builder.hpp
[2.016s] -- Up-to-date: /home/f1tenth/f1tenth_mrc_ws/install/lidar_object_detection_ros2/include/lidar_object_detection_ros2/msg/detail/object__traits.hpp
[2.017s] -- Up-to-date: /home/f1tenth/f1tenth_mrc_ws/install/lidar_object_detection_ros2/include/lidar_object_detection_ros2/msg/detail/object__builder.hpp
[2.018s] -- Up-to-date: /home/f1tenth/f1tenth_mrc_ws/install/lidar_object_detection_ros2/include/lidar_object_detection_ros2/msg/detail/scan_clusters__struct.hpp
[2.018s] -- Up-to-date: /home/f1tenth/f1tenth_mrc_ws/install/lidar_object_detection_ros2/include/lidar_object_detection_ros2/msg/detail/scan_clusters__type_support.hpp
[2.019s] -- Up-to-date: /home/f1tenth/f1tenth_mrc_ws/install/lidar_object_detection_ros2/include/lidar_object_detection_ros2/msg/detail/objects_array__type_support.hpp
[2.019s] -- Up-to-date: /home/f1tenth/f1tenth_mrc_ws/install/lidar_object_detection_ros2/include/lidar_object_detection_ros2/msg/detail/pose2_d__struct.hpp
[2.019s] -- Up-to-date: /home/f1tenth/f1tenth_mrc_ws/install/lidar_object_detection_ros2/include/lidar_object_detection_ros2/msg/detail/pose2_d__traits.hpp
[2.019s] -- Up-to-date: /home/f1tenth/f1tenth_mrc_ws/install/lidar_object_detection_ros2/include/lidar_object_detection_ros2/msg/detail/objects_array__builder.hpp
[2.020s] -- Up-to-date: /home/f1tenth/f1tenth_mrc_ws/install/lidar_object_detection_ros2/include/lidar_object_detection_ros2/msg/detail/l_shape__struct.hpp
[2.020s] -- Up-to-date: /home/f1tenth/f1tenth_mrc_ws/install/lidar_object_detection_ros2/include/lidar_object_detection_ros2/msg/detail/pose2_d__type_support.hpp
[2.020s] -- Up-to-date: /home/f1tenth/f1tenth_mrc_ws/install/lidar_object_detection_ros2/include/lidar_object_detection_ros2/msg/detail/scan_clusters__builder.hpp
[2.021s] -- Up-to-date: /home/f1tenth/f1tenth_mrc_ws/install/lidar_object_detection_ros2/include/lidar_object_detection_ros2/msg/detail/l_shape__type_support.hpp
[2.021s] -- Up-to-date: /home/f1tenth/f1tenth_mrc_ws/install/lidar_object_detection_ros2/include/lidar_object_detection_ros2/msg/detail/object__type_support.hpp
[2.021s] -- Up-to-date: /home/f1tenth/f1tenth_mrc_ws/install/lidar_object_detection_ros2/include/lidar_object_detection_ros2/msg/detail/objects_array__struct.hpp
[2.021s] -- Up-to-date: /home/f1tenth/f1tenth_mrc_ws/install/lidar_object_detection_ros2/include/lidar_object_detection_ros2/msg/scan_clusters.hpp
[2.022s] -- Up-to-date: /home/f1tenth/f1tenth_mrc_ws/install/lidar_object_detection_ros2/include/lidar_object_detection_ros2/msg/rosidl_generator_cpp__visibility_control.hpp
[2.022s] -- Up-to-date: /home/f1tenth/f1tenth_mrc_ws/install/lidar_object_detection_ros2/include/lidar_object_detection_ros2
[2.022s] -- Up-to-date: /home/f1tenth/f1tenth_mrc_ws/install/lidar_object_detection_ros2/include/lidar_object_detection_ros2/msg
[2.023s] -- Up-to-date: /home/f1tenth/f1tenth_mrc_ws/install/lidar_object_detection_ros2/include/lidar_object_detection_ros2/msg/detail
[2.023s] -- Up-to-date: /home/f1tenth/f1tenth_mrc_ws/install/lidar_object_detection_ros2/include/lidar_object_detection_ros2/msg/detail/object__rosidl_typesupport_introspection_cpp.hpp
[2.023s] -- Up-to-date: /home/f1tenth/f1tenth_mrc_ws/install/lidar_object_detection_ros2/include/lidar_object_detection_ros2/msg/detail/scan_clusters__rosidl_typesupport_introspection_cpp.hpp
[2.024s] -- Up-to-date: /home/f1tenth/f1tenth_mrc_ws/install/lidar_object_detection_ros2/include/lidar_object_detection_ros2/msg/detail/objects_array__type_support.cpp
[2.024s] -- Up-to-date: /home/f1tenth/f1tenth_mrc_ws/install/lidar_object_detection_ros2/include/lidar_object_detection_ros2/msg/detail/l_shape__type_support.cpp
[2.024s] -- Up-to-date: /home/f1tenth/f1tenth_mrc_ws/install/lidar_object_detection_ros2/include/lidar_object_detection_ros2/msg/detail/l_shape__rosidl_typesupport_introspection_cpp.hpp
[2.024s] -- Up-to-date: /home/f1tenth/f1tenth_mrc_ws/install/lidar_object_detection_ros2/include/lidar_object_detection_ros2/msg/detail/objects_array__rosidl_typesupport_introspection_cpp.hpp
[2.025s] -- Up-to-date: /home/f1tenth/f1tenth_mrc_ws/install/lidar_object_detection_ros2/include/lidar_object_detection_ros2/msg/detail/pose2_d__type_support.cpp
[2.025s] -- Up-to-date: /home/f1tenth/f1tenth_mrc_ws/install/lidar_object_detection_ros2/include/lidar_object_detection_ros2/msg/detail/object__type_support.cpp
[2.025s] -- Up-to-date: /home/f1tenth/f1tenth_mrc_ws/install/lidar_object_detection_ros2/include/lidar_object_detection_ros2/msg/detail/scan_clusters__type_support.cpp
[2.026s] -- Up-to-date: /home/f1tenth/f1tenth_mrc_ws/install/lidar_object_detection_ros2/include/lidar_object_detection_ros2/msg/detail/pose2_d__rosidl_typesupport_introspection_cpp.hpp
[2.026s] -- Up-to-date: /home/f1tenth/f1tenth_mrc_ws/install/lidar_object_detection_ros2/lib/liblidar_object_detection_ros2__rosidl_typesupport_introspection_cpp.so
[2.027s] -- Up-to-date: /home/f1tenth/f1tenth_mrc_ws/install/lidar_object_detection_ros2/lib/liblidar_object_detection_ros2__rosidl_typesupport_cpp.so
[2.027s] -- Up-to-date: /home/f1tenth/f1tenth_mrc_ws/install/lidar_object_detection_ros2/share/lidar_object_detection_ros2/environment/pythonpath.sh
[2.027s] -- Up-to-date: /home/f1tenth/f1tenth_mrc_ws/install/lidar_object_detection_ros2/share/lidar_object_detection_ros2/environment/pythonpath.dsv
[2.027s] -- Up-to-date: /home/f1tenth/f1tenth_mrc_ws/install/lidar_object_detection_ros2/lib/python3.8/site-packages/lidar_object_detection_ros2/__init__.py
[2.198s] -- Up-to-date: /home/f1tenth/f1tenth_mrc_ws/install/lidar_object_detection_ros2/lib/python3.8/site-packages/lidar_object_detection_ros2/msg
[2.200s] -- Up-to-date: /home/f1tenth/f1tenth_mrc_ws/install/lidar_object_detection_ros2/lib/python3.8/site-packages/lidar_object_detection_ros2/msg/_object_s.c
[2.201s] -- Up-to-date: /home/f1tenth/f1tenth_mrc_ws/install/lidar_object_detection_ros2/lib/python3.8/site-packages/lidar_object_detection_ros2/msg/_pose2_d_s.c
[2.202s] -- Up-to-date: /home/f1tenth/f1tenth_mrc_ws/install/lidar_object_detection_ros2/lib/python3.8/site-packages/lidar_object_detection_ros2/msg/_object.py
[2.203s] -- Up-to-date: /home/f1tenth/f1tenth_mrc_ws/install/lidar_object_detection_ros2/lib/python3.8/site-packages/lidar_object_detection_ros2/msg/_objects_array.py
[2.204s] -- Up-to-date: /home/f1tenth/f1tenth_mrc_ws/install/lidar_object_detection_ros2/lib/python3.8/site-packages/lidar_object_detection_ros2/msg/_pose2_d.py
[2.206s] -- Up-to-date: /home/f1tenth/f1tenth_mrc_ws/install/lidar_object_detection_ros2/lib/python3.8/site-packages/lidar_object_detection_ros2/msg/_scan_clusters_s.c
[2.208s] -- Up-to-date: /home/f1tenth/f1tenth_mrc_ws/install/lidar_object_detection_ros2/lib/python3.8/site-packages/lidar_object_detection_ros2/msg/_objects_array_s.c
[2.210s] -- Up-to-date: /home/f1tenth/f1tenth_mrc_ws/install/lidar_object_detection_ros2/lib/python3.8/site-packages/lidar_object_detection_ros2/msg/_l_shape_s.c
[2.211s] -- Up-to-date: /home/f1tenth/f1tenth_mrc_ws/install/lidar_object_detection_ros2/lib/python3.8/site-packages/lidar_object_detection_ros2/msg/_scan_clusters.py
[2.212s] -- Up-to-date: /home/f1tenth/f1tenth_mrc_ws/install/lidar_object_detection_ros2/lib/python3.8/site-packages/lidar_object_detection_ros2/msg/_l_shape.py
[2.212s] -- Up-to-date: /home/f1tenth/f1tenth_mrc_ws/install/lidar_object_detection_ros2/lib/python3.8/site-packages/lidar_object_detection_ros2/msg/__init__.py
[2.215s] -- Up-to-date: /home/f1tenth/f1tenth_mrc_ws/install/lidar_object_detection_ros2/lib/python3.8/site-packages/lidar_object_detection_ros2/lidar_object_detection_ros2_s__rosidl_typesupport_fastrtps_c.cpython-38-aarch64-linux-gnu.so
[2.221s] -- Up-to-date: /home/f1tenth/f1tenth_mrc_ws/install/lidar_object_detection_ros2/lib/python3.8/site-packages/lidar_object_detection_ros2/lidar_object_detection_ros2_s__rosidl_typesupport_introspection_c.cpython-38-aarch64-linux-gnu.so
[2.224s] -- Up-to-date: /home/f1tenth/f1tenth_mrc_ws/install/lidar_object_detection_ros2/lib/python3.8/site-packages/lidar_object_detection_ros2/lidar_object_detection_ros2_s__rosidl_typesupport_c.cpython-38-aarch64-linux-gnu.so
[2.230s] -- Up-to-date: /home/f1tenth/f1tenth_mrc_ws/install/lidar_object_detection_ros2/lib/liblidar_object_detection_ros2__python.so
[2.232s] -- Up-to-date: /home/f1tenth/f1tenth_mrc_ws/install/lidar_object_detection_ros2/share/lidar_object_detection_ros2/msg/Pose2D.idl
[2.233s] -- Up-to-date: /home/f1tenth/f1tenth_mrc_ws/install/lidar_object_detection_ros2/share/lidar_object_detection_ros2/msg/LShape.idl
[2.233s] -- Up-to-date: /home/f1tenth/f1tenth_mrc_ws/install/lidar_object_detection_ros2/share/lidar_object_detection_ros2/msg/Object.idl
[2.234s] -- Up-to-date: /home/f1tenth/f1tenth_mrc_ws/install/lidar_object_detection_ros2/share/lidar_object_detection_ros2/msg/ObjectsArray.idl
[2.234s] -- Up-to-date: /home/f1tenth/f1tenth_mrc_ws/install/lidar_object_detection_ros2/share/lidar_object_detection_ros2/msg/ScanClusters.idl
[2.235s] -- Up-to-date: /home/f1tenth/f1tenth_mrc_ws/install/lidar_object_detection_ros2/share/lidar_object_detection_ros2/msg/Pose2D.msg
[2.235s] -- Up-to-date: /home/f1tenth/f1tenth_mrc_ws/install/lidar_object_detection_ros2/share/lidar_object_detection_ros2/msg/LShape.msg
[2.235s] -- Up-to-date: /home/f1tenth/f1tenth_mrc_ws/install/lidar_object_detection_ros2/share/lidar_object_detection_ros2/msg/Object.msg
[2.236s] -- Up-to-date: /home/f1tenth/f1tenth_mrc_ws/install/lidar_object_detection_ros2/share/lidar_object_detection_ros2/msg/ObjectsArray.msg
[2.243s] -- Up-to-date: /home/f1tenth/f1tenth_mrc_ws/install/lidar_object_detection_ros2/share/lidar_object_detection_ros2/msg/ScanClusters.msg
[2.244s] -- Up-to-date: /home/f1tenth/f1tenth_mrc_ws/install/lidar_object_detection_ros2/lib/lidar_object_detection_ros2/lidar_object_detection.py
[2.245s] -- Up-to-date: /home/f1tenth/f1tenth_mrc_ws/install/lidar_object_detection_ros2/lib/lidar_object_detection_ros2/lod_visualization.py
[2.247s] -- Up-to-date: /home/f1tenth/f1tenth_mrc_ws/install/lidar_object_detection_ros2/lib/lidar_object_detection_ros2/UKF_fusion.py
[2.250s] -- Installing: /home/f1tenth/f1tenth_mrc_ws/install/lidar_object_detection_ros2/lib/lidar_object_detection_ros2/pose_estimation_UKF.py
[2.250s] -- Up-to-date: /home/f1tenth/f1tenth_mrc_ws/install/lidar_object_detection_ros2/share/lidar_object_detection_ros2//launch
[2.251s] -- Up-to-date: /home/f1tenth/f1tenth_mrc_ws/install/lidar_object_detection_ros2/share/lidar_object_detection_ros2//launch/lod_launch.py
[2.251s] -- Up-to-date: /home/f1tenth/f1tenth_mrc_ws/install/lidar_object_detection_ros2/share/ament_index/resource_index/package_run_dependencies/lidar_object_detection_ros2
[2.251s] -- Up-to-date: /home/f1tenth/f1tenth_mrc_ws/install/lidar_object_detection_ros2/share/ament_index/resource_index/parent_prefix_path/lidar_object_detection_ros2
[2.252s] -- Up-to-date: /home/f1tenth/f1tenth_mrc_ws/install/lidar_object_detection_ros2/share/lidar_object_detection_ros2/environment/ament_prefix_path.sh
[2.252s] -- Up-to-date: /home/f1tenth/f1tenth_mrc_ws/install/lidar_object_detection_ros2/share/lidar_object_detection_ros2/environment/ament_prefix_path.dsv
[2.253s] -- Up-to-date: /home/f1tenth/f1tenth_mrc_ws/install/lidar_object_detection_ros2/share/lidar_object_detection_ros2/environment/path.sh
[2.253s] -- Up-to-date: /home/f1tenth/f1tenth_mrc_ws/install/lidar_object_detection_ros2/share/lidar_object_detection_ros2/environment/path.dsv
[2.253s] -- Up-to-date: /home/f1tenth/f1tenth_mrc_ws/install/lidar_object_detection_ros2/share/lidar_object_detection_ros2/local_setup.bash
[2.254s] -- Up-to-date: /home/f1tenth/f1tenth_mrc_ws/install/lidar_object_detection_ros2/share/lidar_object_detection_ros2/local_setup.sh
[2.254s] -- Up-to-date: /home/f1tenth/f1tenth_mrc_ws/install/lidar_object_detection_ros2/share/lidar_object_detection_ros2/local_setup.zsh
[2.256s] -- Up-to-date: /home/f1tenth/f1tenth_mrc_ws/install/lidar_object_detection_ros2/share/lidar_object_detection_ros2/local_setup.dsv
[2.256s] -- Installing: /home/f1tenth/f1tenth_mrc_ws/install/lidar_object_detection_ros2/share/lidar_object_detection_ros2/package.dsv
[2.257s] -- Up-to-date: /home/f1tenth/f1tenth_mrc_ws/install/lidar_object_detection_ros2/share/ament_index/resource_index/packages/lidar_object_detection_ros2
[2.257s] -- Up-to-date: /home/f1tenth/f1tenth_mrc_ws/install/lidar_object_detection_ros2/share/lidar_object_detection_ros2/cmake/lidar_object_detection_ros2__rosidl_generator_cExport.cmake
[2.257s] -- Up-to-date: /home/f1tenth/f1tenth_mrc_ws/install/lidar_object_detection_ros2/share/lidar_object_detection_ros2/cmake/lidar_object_detection_ros2__rosidl_generator_cExport-noconfig.cmake
[2.258s] -- Up-to-date: /home/f1tenth/f1tenth_mrc_ws/install/lidar_object_detection_ros2/share/lidar_object_detection_ros2/cmake/lidar_object_detection_ros2__rosidl_typesupport_introspection_cExport.cmake
[2.258s] -- Up-to-date: /home/f1tenth/f1tenth_mrc_ws/install/lidar_object_detection_ros2/share/lidar_object_detection_ros2/cmake/lidar_object_detection_ros2__rosidl_typesupport_introspection_cExport-noconfig.cmake
[2.258s] -- Up-to-date: /home/f1tenth/f1tenth_mrc_ws/install/lidar_object_detection_ros2/share/lidar_object_detection_ros2/cmake/lidar_object_detection_ros2__rosidl_typesupport_cExport.cmake
[2.258s] -- Up-to-date: /home/f1tenth/f1tenth_mrc_ws/install/lidar_object_detection_ros2/share/lidar_object_detection_ros2/cmake/lidar_object_detection_ros2__rosidl_typesupport_cExport-noconfig.cmake
[2.260s] -- Up-to-date: /home/f1tenth/f1tenth_mrc_ws/install/lidar_object_detection_ros2/share/lidar_object_detection_ros2/cmake/lidar_object_detection_ros2__rosidl_generator_cppExport.cmake
[2.262s] -- Up-to-date: /home/f1tenth/f1tenth_mrc_ws/install/lidar_object_detection_ros2/share/lidar_object_detection_ros2/cmake/lidar_object_detection_ros2__rosidl_typesupport_introspection_cppExport.cmake
[2.263s] -- Up-to-date: /home/f1tenth/f1tenth_mrc_ws/install/lidar_object_detection_ros2/share/lidar_object_detection_ros2/cmake/lidar_object_detection_ros2__rosidl_typesupport_introspection_cppExport-noconfig.cmake
[2.265s] -- Up-to-date: /home/f1tenth/f1tenth_mrc_ws/install/lidar_object_detection_ros2/share/lidar_object_detection_ros2/cmake/lidar_object_detection_ros2__rosidl_typesupport_cppExport.cmake
[2.265s] -- Up-to-date: /home/f1tenth/f1tenth_mrc_ws/install/lidar_object_detection_ros2/share/lidar_object_detection_ros2/cmake/lidar_object_detection_ros2__rosidl_typesupport_cppExport-noconfig.cmake
[2.267s] -- Up-to-date: /home/f1tenth/f1tenth_mrc_ws/install/lidar_object_detection_ros2/share/lidar_object_detection_ros2/cmake/rosidl_cmake-extras.cmake
[2.267s] -- Up-to-date: /home/f1tenth/f1tenth_mrc_ws/install/lidar_object_detection_ros2/share/lidar_object_detection_ros2/cmake/ament_cmake_export_dependencies-extras.cmake
[2.268s] -- Up-to-date: /home/f1tenth/f1tenth_mrc_ws/install/lidar_object_detection_ros2/share/lidar_object_detection_ros2/cmake/ament_cmake_export_libraries-extras.cmake
[2.268s] -- Up-to-date: /home/f1tenth/f1tenth_mrc_ws/install/lidar_object_detection_ros2/share/lidar_object_detection_ros2/cmake/ament_cmake_export_targets-extras.cmake
[2.270s] -- Up-to-date: /home/f1tenth/f1tenth_mrc_ws/install/lidar_object_detection_ros2/share/lidar_object_detection_ros2/cmake/ament_cmake_export_include_directories-extras.cmake
[2.270s] -- Up-to-date: /home/f1tenth/f1tenth_mrc_ws/install/lidar_object_detection_ros2/share/lidar_object_detection_ros2/cmake/rosidl_cmake_export_typesupport_libraries-extras.cmake
[2.271s] -- Up-to-date: /home/f1tenth/f1tenth_mrc_ws/install/lidar_object_detection_ros2/share/lidar_object_detection_ros2/cmake/rosidl_cmake_export_typesupport_targets-extras.cmake
[2.271s] -- Up-to-date: /home/f1tenth/f1tenth_mrc_ws/install/lidar_object_detection_ros2/share/lidar_object_detection_ros2/cmake/lidar_object_detection_ros2Config.cmake
[2.272s] -- Up-to-date: /home/f1tenth/f1tenth_mrc_ws/install/lidar_object_detection_ros2/share/lidar_object_detection_ros2/cmake/lidar_object_detection_ros2Config-version.cmake
[2.272s] -- Up-to-date: /home/f1tenth/f1tenth_mrc_ws/install/lidar_object_detection_ros2/share/lidar_object_detection_ros2/package.xml
[2.286s] Invoked command in '/home/f1tenth/f1tenth_mrc_ws/build/lidar_object_detection_ros2' returned '0': CMAKE_PREFIX_PATH=${CMAKE_PREFIX_PATH}:/home/f1tenth/f1tenth_mrc_ws/install/waypoint_logger:/home/f1tenth/f1tenth_mrc_ws/install/rrt_package:/home/f1tenth/f1tenth_mrc_ws/install/ppo_racing:/home/f1tenth/f1tenth_mrc_ws/install/particle_filter:/home/f1tenth/f1tenth_mrc_ws/install/f1tenth_gym_ros:/home/f1tenth/f1tenth_mrc_ws/install/camera_pkg:/opt/ros/foxy /usr/bin/cmake --install /home/f1tenth/f1tenth_mrc_ws/build/lidar_object_detection_ros2
