[0.171s] Invoking command in '/home/f1tenth/f1tenth_mrc_ws/build/realsense2_camera_msgs': CMAKE_PREFIX_PATH=/opt/ros/foxy /usr/bin/cmake --build /home/f1tenth/f1tenth_mrc_ws/build/realsense2_camera_msgs -- -j4 -l4
[2.534s] [  1%] Built target realsense2_camera_msgs__cpp
[2.537s] [ 12%] Built target realsense2_camera_msgs__rosidl_generator_c
[2.538s] [ 24%] Built target realsense2_camera_msgs__rosidl_typesupport_introspection_cpp
[2.538s] [ 35%] Built target realsense2_camera_msgs__rosidl_typesupport_cpp
[2.538s] [ 47%] Built target realsense2_camera_msgs__rosidl_typesupport_fastrtps_cpp
[2.538s] [ 58%] Built target realsense2_camera_msgs__rosidl_typesupport_introspection_c
[2.539s] [ 70%] Built target realsense2_camera_msgs__rosidl_typesupport_c
[2.540s] [ 81%] Built target realsense2_camera_msgs__rosidl_typesupport_fastrtps_c
[2.542s] [ 81%] Built target realsense2_camera_msgs
[2.543s] [ 82%] Built target realsense2_camera_msgs__py
[2.543s] [ 93%] Built target realsense2_camera_msgs__python
[2.544s] [ 95%] Built target realsense2_camera_msgs__rosidl_typesupport_introspection_c__pyext
[2.546s] [ 97%] Built target realsense2_camera_msgs__rosidl_typesupport_c__pyext
[2.551s] [100%] Built target realsense2_camera_msgs__rosidl_typesupport_fastrtps_c__pyext
[2.553s] Invoked command in '/home/f1tenth/f1tenth_mrc_ws/build/realsense2_camera_msgs' returned '0': CMAKE_PREFIX_PATH=/opt/ros/foxy /usr/bin/cmake --build /home/f1tenth/f1tenth_mrc_ws/build/realsense2_camera_msgs -- -j4 -l4
[2.598s] Invoking command in '/home/f1tenth/f1tenth_mrc_ws/build/realsense2_camera_msgs': CMAKE_PREFIX_PATH=/opt/ros/foxy /usr/bin/cmake --install /home/f1tenth/f1tenth_mrc_ws/build/realsense2_camera_msgs
[2.643s] -- Install configuration: ""
[2.645s] -- Up-to-date: /home/f1tenth/f1tenth_mrc_ws/install/realsense2_camera_msgs/share/ament_index/resource_index/rosidl_interfaces/realsense2_camera_msgs
[2.647s] -- Up-to-date: /home/f1tenth/f1tenth_mrc_ws/install/realsense2_camera_msgs/include/realsense2_camera_msgs
[2.647s] -- Up-to-date: /home/f1tenth/f1tenth_mrc_ws/install/realsense2_camera_msgs/include/realsense2_camera_msgs/msg
[2.648s] -- Up-to-date: /home/f1tenth/f1tenth_mrc_ws/install/realsense2_camera_msgs/include/realsense2_camera_msgs/msg/rosidl_generator_c__visibility_control.h
[2.648s] -- Up-to-date: /home/f1tenth/f1tenth_mrc_ws/install/realsense2_camera_msgs/include/realsense2_camera_msgs/msg/rgbd.h
[2.649s] -- Up-to-date: /home/f1tenth/f1tenth_mrc_ws/install/realsense2_camera_msgs/include/realsense2_camera_msgs/msg/imu_info.h
[2.649s] -- Up-to-date: /home/f1tenth/f1tenth_mrc_ws/install/realsense2_camera_msgs/include/realsense2_camera_msgs/msg/metadata.h
[2.650s] -- Up-to-date: /home/f1tenth/f1tenth_mrc_ws/install/realsense2_camera_msgs/include/realsense2_camera_msgs/msg/detail
[2.650s] -- Up-to-date: /home/f1tenth/f1tenth_mrc_ws/install/realsense2_camera_msgs/include/realsense2_camera_msgs/msg/detail/extrinsics__functions.h
[2.650s] -- Up-to-date: /home/f1tenth/f1tenth_mrc_ws/install/realsense2_camera_msgs/include/realsense2_camera_msgs/msg/detail/metadata__struct.h
[2.650s] -- Up-to-date: /home/f1tenth/f1tenth_mrc_ws/install/realsense2_camera_msgs/include/realsense2_camera_msgs/msg/detail/imu_info__functions.c
[2.651s] -- Up-to-date: /home/f1tenth/f1tenth_mrc_ws/install/realsense2_camera_msgs/include/realsense2_camera_msgs/msg/detail/rgbd__type_support.h
[2.651s] -- Up-to-date: /home/f1tenth/f1tenth_mrc_ws/install/realsense2_camera_msgs/include/realsense2_camera_msgs/msg/detail/extrinsics__functions.c
[2.651s] -- Up-to-date: /home/f1tenth/f1tenth_mrc_ws/install/realsense2_camera_msgs/include/realsense2_camera_msgs/msg/detail/imu_info__struct.h
[2.652s] -- Up-to-date: /home/f1tenth/f1tenth_mrc_ws/install/realsense2_camera_msgs/include/realsense2_camera_msgs/msg/detail/metadata__functions.h
[2.653s] -- Up-to-date: /home/f1tenth/f1tenth_mrc_ws/install/realsense2_camera_msgs/include/realsense2_camera_msgs/msg/detail/rgbd__functions.h
[2.653s] -- Up-to-date: /home/f1tenth/f1tenth_mrc_ws/install/realsense2_camera_msgs/include/realsense2_camera_msgs/msg/detail/metadata__functions.c
[2.656s] -- Up-to-date: /home/f1tenth/f1tenth_mrc_ws/install/realsense2_camera_msgs/include/realsense2_camera_msgs/msg/detail/extrinsics__type_support.h
[2.657s] -- Up-to-date: /home/f1tenth/f1tenth_mrc_ws/install/realsense2_camera_msgs/include/realsense2_camera_msgs/msg/detail/rgbd__struct.h
[2.658s] -- Up-to-date: /home/f1tenth/f1tenth_mrc_ws/install/realsense2_camera_msgs/include/realsense2_camera_msgs/msg/detail/metadata__type_support.h
[2.658s] -- Up-to-date: /home/f1tenth/f1tenth_mrc_ws/install/realsense2_camera_msgs/include/realsense2_camera_msgs/msg/detail/extrinsics__struct.h
[2.662s] -- Up-to-date: /home/f1tenth/f1tenth_mrc_ws/install/realsense2_camera_msgs/include/realsense2_camera_msgs/msg/detail/imu_info__type_support.h
[2.668s] -- Up-to-date: /home/f1tenth/f1tenth_mrc_ws/install/realsense2_camera_msgs/include/realsense2_camera_msgs/msg/detail/imu_info__functions.h
[2.668s] -- Up-to-date: /home/f1tenth/f1tenth_mrc_ws/install/realsense2_camera_msgs/include/realsense2_camera_msgs/msg/detail/rgbd__functions.c
[2.669s] -- Up-to-date: /home/f1tenth/f1tenth_mrc_ws/install/realsense2_camera_msgs/include/realsense2_camera_msgs/msg/extrinsics.h
[2.669s] -- Up-to-date: /home/f1tenth/f1tenth_mrc_ws/install/realsense2_camera_msgs/include/realsense2_camera_msgs/action
[2.670s] -- Up-to-date: /home/f1tenth/f1tenth_mrc_ws/install/realsense2_camera_msgs/include/realsense2_camera_msgs/action/triggered_calibration.h
[2.670s] -- Up-to-date: /home/f1tenth/f1tenth_mrc_ws/install/realsense2_camera_msgs/include/realsense2_camera_msgs/action/detail
[2.671s] -- Up-to-date: /home/f1tenth/f1tenth_mrc_ws/install/realsense2_camera_msgs/include/realsense2_camera_msgs/action/detail/triggered_calibration__functions.h
[2.671s] -- Up-to-date: /home/f1tenth/f1tenth_mrc_ws/install/realsense2_camera_msgs/include/realsense2_camera_msgs/action/detail/triggered_calibration__struct.h
[2.672s] -- Up-to-date: /home/f1tenth/f1tenth_mrc_ws/install/realsense2_camera_msgs/include/realsense2_camera_msgs/action/detail/triggered_calibration__type_support.h
[2.672s] -- Up-to-date: /home/f1tenth/f1tenth_mrc_ws/install/realsense2_camera_msgs/include/realsense2_camera_msgs/action/detail/triggered_calibration__functions.c
[2.672s] -- Up-to-date: /home/f1tenth/f1tenth_mrc_ws/install/realsense2_camera_msgs/include/realsense2_camera_msgs/srv
[2.673s] -- Up-to-date: /home/f1tenth/f1tenth_mrc_ws/install/realsense2_camera_msgs/include/realsense2_camera_msgs/srv/device_info.h
[2.673s] -- Up-to-date: /home/f1tenth/f1tenth_mrc_ws/install/realsense2_camera_msgs/include/realsense2_camera_msgs/srv/calib_config_read.h
[2.674s] -- Up-to-date: /home/f1tenth/f1tenth_mrc_ws/install/realsense2_camera_msgs/include/realsense2_camera_msgs/srv/detail
[2.674s] -- Up-to-date: /home/f1tenth/f1tenth_mrc_ws/install/realsense2_camera_msgs/include/realsense2_camera_msgs/srv/detail/device_info__struct.h
[2.674s] -- Up-to-date: /home/f1tenth/f1tenth_mrc_ws/install/realsense2_camera_msgs/include/realsense2_camera_msgs/srv/detail/calib_config_write__struct.h
[2.675s] -- Up-to-date: /home/f1tenth/f1tenth_mrc_ws/install/realsense2_camera_msgs/include/realsense2_camera_msgs/srv/detail/calib_config_read__type_support.h
[2.688s] -- Up-to-date: /home/f1tenth/f1tenth_mrc_ws/install/realsense2_camera_msgs/include/realsense2_camera_msgs/srv/detail/calib_config_write__functions.h
[2.690s] -- Up-to-date: /home/f1tenth/f1tenth_mrc_ws/install/realsense2_camera_msgs/include/realsense2_camera_msgs/srv/detail/device_info__functions.h
[2.691s] -- Up-to-date: /home/f1tenth/f1tenth_mrc_ws/install/realsense2_camera_msgs/include/realsense2_camera_msgs/srv/detail/calib_config_write__type_support.h
[2.691s] -- Up-to-date: /home/f1tenth/f1tenth_mrc_ws/install/realsense2_camera_msgs/include/realsense2_camera_msgs/srv/detail/calib_config_read__functions.h
[2.691s] -- Up-to-date: /home/f1tenth/f1tenth_mrc_ws/install/realsense2_camera_msgs/include/realsense2_camera_msgs/srv/detail/calib_config_read__struct.h
[2.692s] -- Up-to-date: /home/f1tenth/f1tenth_mrc_ws/install/realsense2_camera_msgs/include/realsense2_camera_msgs/srv/detail/device_info__type_support.h
[2.692s] -- Up-to-date: /home/f1tenth/f1tenth_mrc_ws/install/realsense2_camera_msgs/include/realsense2_camera_msgs/srv/detail/device_info__functions.c
[2.692s] -- Up-to-date: /home/f1tenth/f1tenth_mrc_ws/install/realsense2_camera_msgs/include/realsense2_camera_msgs/srv/detail/calib_config_read__functions.c
[2.692s] -- Up-to-date: /home/f1tenth/f1tenth_mrc_ws/install/realsense2_camera_msgs/include/realsense2_camera_msgs/srv/detail/calib_config_write__functions.c
[2.693s] -- Up-to-date: /home/f1tenth/f1tenth_mrc_ws/install/realsense2_camera_msgs/include/realsense2_camera_msgs/srv/calib_config_write.h
[2.693s] -- Up-to-date: /home/f1tenth/f1tenth_mrc_ws/install/realsense2_camera_msgs/share/realsense2_camera_msgs/environment/library_path.sh
[2.693s] -- Up-to-date: /home/f1tenth/f1tenth_mrc_ws/install/realsense2_camera_msgs/share/realsense2_camera_msgs/environment/library_path.dsv
[2.694s] -- Up-to-date: /home/f1tenth/f1tenth_mrc_ws/install/realsense2_camera_msgs/lib/librealsense2_camera_msgs__rosidl_generator_c.so
[2.694s] -- Up-to-date: /home/f1tenth/f1tenth_mrc_ws/install/realsense2_camera_msgs/include/realsense2_camera_msgs
[2.694s] -- Up-to-date: /home/f1tenth/f1tenth_mrc_ws/install/realsense2_camera_msgs/include/realsense2_camera_msgs/msg
[2.695s] -- Up-to-date: /home/f1tenth/f1tenth_mrc_ws/install/realsense2_camera_msgs/include/realsense2_camera_msgs/msg/rosidl_typesupport_fastrtps_c__visibility_control.h
[2.695s] -- Up-to-date: /home/f1tenth/f1tenth_mrc_ws/install/realsense2_camera_msgs/include/realsense2_camera_msgs/msg/detail
[2.695s] -- Up-to-date: /home/f1tenth/f1tenth_mrc_ws/install/realsense2_camera_msgs/include/realsense2_camera_msgs/msg/detail/metadata__rosidl_typesupport_fastrtps_c.h
[2.697s] -- Up-to-date: /home/f1tenth/f1tenth_mrc_ws/install/realsense2_camera_msgs/include/realsense2_camera_msgs/msg/detail/rgbd__rosidl_typesupport_fastrtps_c.h
[2.698s] -- Up-to-date: /home/f1tenth/f1tenth_mrc_ws/install/realsense2_camera_msgs/include/realsense2_camera_msgs/msg/detail/imu_info__rosidl_typesupport_fastrtps_c.h
[2.698s] -- Up-to-date: /home/f1tenth/f1tenth_mrc_ws/install/realsense2_camera_msgs/include/realsense2_camera_msgs/msg/detail/extrinsics__rosidl_typesupport_fastrtps_c.h
[2.698s] -- Up-to-date: /home/f1tenth/f1tenth_mrc_ws/install/realsense2_camera_msgs/include/realsense2_camera_msgs/action
[2.701s] -- Up-to-date: /home/f1tenth/f1tenth_mrc_ws/install/realsense2_camera_msgs/include/realsense2_camera_msgs/action/detail
[2.701s] -- Up-to-date: /home/f1tenth/f1tenth_mrc_ws/install/realsense2_camera_msgs/include/realsense2_camera_msgs/action/detail/triggered_calibration__rosidl_typesupport_fastrtps_c.h
[2.702s] -- Up-to-date: /home/f1tenth/f1tenth_mrc_ws/install/realsense2_camera_msgs/include/realsense2_camera_msgs/srv
[2.704s] -- Up-to-date: /home/f1tenth/f1tenth_mrc_ws/install/realsense2_camera_msgs/include/realsense2_camera_msgs/srv/detail
[2.705s] -- Up-to-date: /home/f1tenth/f1tenth_mrc_ws/install/realsense2_camera_msgs/include/realsense2_camera_msgs/srv/detail/device_info__rosidl_typesupport_fastrtps_c.h
[2.705s] -- Up-to-date: /home/f1tenth/f1tenth_mrc_ws/install/realsense2_camera_msgs/include/realsense2_camera_msgs/srv/detail/calib_config_write__rosidl_typesupport_fastrtps_c.h
[2.705s] -- Up-to-date: /home/f1tenth/f1tenth_mrc_ws/install/realsense2_camera_msgs/include/realsense2_camera_msgs/srv/detail/calib_config_read__rosidl_typesupport_fastrtps_c.h
[2.706s] -- Up-to-date: /home/f1tenth/f1tenth_mrc_ws/install/realsense2_camera_msgs/lib/librealsense2_camera_msgs__rosidl_typesupport_fastrtps_c.so
[2.706s] -- Up-to-date: /home/f1tenth/f1tenth_mrc_ws/install/realsense2_camera_msgs/include/realsense2_camera_msgs
[2.706s] -- Up-to-date: /home/f1tenth/f1tenth_mrc_ws/install/realsense2_camera_msgs/include/realsense2_camera_msgs/msg
[2.706s] -- Up-to-date: /home/f1tenth/f1tenth_mrc_ws/install/realsense2_camera_msgs/include/realsense2_camera_msgs/msg/detail
[2.707s] -- Up-to-date: /home/f1tenth/f1tenth_mrc_ws/install/realsense2_camera_msgs/include/realsense2_camera_msgs/msg/detail/rgbd__rosidl_typesupport_fastrtps_cpp.hpp
[2.710s] -- Up-to-date: /home/f1tenth/f1tenth_mrc_ws/install/realsense2_camera_msgs/include/realsense2_camera_msgs/msg/detail/metadata__rosidl_typesupport_fastrtps_cpp.hpp
[2.712s] -- Up-to-date: /home/f1tenth/f1tenth_mrc_ws/install/realsense2_camera_msgs/include/realsense2_camera_msgs/msg/detail/extrinsics__rosidl_typesupport_fastrtps_cpp.hpp
[2.713s] -- Up-to-date: /home/f1tenth/f1tenth_mrc_ws/install/realsense2_camera_msgs/include/realsense2_camera_msgs/msg/detail/dds_fastrtps
[2.713s] -- Up-to-date: /home/f1tenth/f1tenth_mrc_ws/install/realsense2_camera_msgs/include/realsense2_camera_msgs/msg/detail/imu_info__rosidl_typesupport_fastrtps_cpp.hpp
[2.713s] -- Up-to-date: /home/f1tenth/f1tenth_mrc_ws/install/realsense2_camera_msgs/include/realsense2_camera_msgs/msg/rosidl_typesupport_fastrtps_cpp__visibility_control.h
[2.714s] -- Up-to-date: /home/f1tenth/f1tenth_mrc_ws/install/realsense2_camera_msgs/include/realsense2_camera_msgs/action
[2.714s] -- Up-to-date: /home/f1tenth/f1tenth_mrc_ws/install/realsense2_camera_msgs/include/realsense2_camera_msgs/action/detail
[2.714s] -- Up-to-date: /home/f1tenth/f1tenth_mrc_ws/install/realsense2_camera_msgs/include/realsense2_camera_msgs/action/detail/triggered_calibration__rosidl_typesupport_fastrtps_cpp.hpp
[2.715s] -- Up-to-date: /home/f1tenth/f1tenth_mrc_ws/install/realsense2_camera_msgs/include/realsense2_camera_msgs/action/detail/dds_fastrtps
[2.715s] -- Up-to-date: /home/f1tenth/f1tenth_mrc_ws/install/realsense2_camera_msgs/include/realsense2_camera_msgs/srv
[2.715s] -- Up-to-date: /home/f1tenth/f1tenth_mrc_ws/install/realsense2_camera_msgs/include/realsense2_camera_msgs/srv/detail
[2.716s] -- Up-to-date: /home/f1tenth/f1tenth_mrc_ws/install/realsense2_camera_msgs/include/realsense2_camera_msgs/srv/detail/device_info__rosidl_typesupport_fastrtps_cpp.hpp
[2.716s] -- Up-to-date: /home/f1tenth/f1tenth_mrc_ws/install/realsense2_camera_msgs/include/realsense2_camera_msgs/srv/detail/calib_config_write__rosidl_typesupport_fastrtps_cpp.hpp
[2.716s] -- Up-to-date: /home/f1tenth/f1tenth_mrc_ws/install/realsense2_camera_msgs/include/realsense2_camera_msgs/srv/detail/calib_config_read__rosidl_typesupport_fastrtps_cpp.hpp
[2.717s] -- Up-to-date: /home/f1tenth/f1tenth_mrc_ws/install/realsense2_camera_msgs/include/realsense2_camera_msgs/srv/detail/dds_fastrtps
[2.717s] -- Up-to-date: /home/f1tenth/f1tenth_mrc_ws/install/realsense2_camera_msgs/lib/librealsense2_camera_msgs__rosidl_typesupport_fastrtps_cpp.so
[2.718s] -- Up-to-date: /home/f1tenth/f1tenth_mrc_ws/install/realsense2_camera_msgs/include/realsense2_camera_msgs
[2.718s] -- Up-to-date: /home/f1tenth/f1tenth_mrc_ws/install/realsense2_camera_msgs/include/realsense2_camera_msgs/msg
[2.718s] -- Up-to-date: /home/f1tenth/f1tenth_mrc_ws/install/realsense2_camera_msgs/include/realsense2_camera_msgs/msg/rosidl_typesupport_introspection_c__visibility_control.h
[2.719s] -- Up-to-date: /home/f1tenth/f1tenth_mrc_ws/install/realsense2_camera_msgs/include/realsense2_camera_msgs/msg/detail
[2.719s] -- Up-to-date: /home/f1tenth/f1tenth_mrc_ws/install/realsense2_camera_msgs/include/realsense2_camera_msgs/msg/detail/rgbd__rosidl_typesupport_introspection_c.h
[2.722s] -- Up-to-date: /home/f1tenth/f1tenth_mrc_ws/install/realsense2_camera_msgs/include/realsense2_camera_msgs/msg/detail/extrinsics__type_support.c
[2.722s] -- Up-to-date: /home/f1tenth/f1tenth_mrc_ws/install/realsense2_camera_msgs/include/realsense2_camera_msgs/msg/detail/rgbd__type_support.c
[2.722s] -- Up-to-date: /home/f1tenth/f1tenth_mrc_ws/install/realsense2_camera_msgs/include/realsense2_camera_msgs/msg/detail/imu_info__type_support.c
[2.723s] -- Up-to-date: /home/f1tenth/f1tenth_mrc_ws/install/realsense2_camera_msgs/include/realsense2_camera_msgs/msg/detail/metadata__type_support.c
[2.738s] -- Up-to-date: /home/f1tenth/f1tenth_mrc_ws/install/realsense2_camera_msgs/include/realsense2_camera_msgs/msg/detail/metadata__rosidl_typesupport_introspection_c.h
[2.745s] -- Up-to-date: /home/f1tenth/f1tenth_mrc_ws/install/realsense2_camera_msgs/include/realsense2_camera_msgs/msg/detail/extrinsics__rosidl_typesupport_introspection_c.h
[2.746s] -- Up-to-date: /home/f1tenth/f1tenth_mrc_ws/install/realsense2_camera_msgs/include/realsense2_camera_msgs/msg/detail/imu_info__rosidl_typesupport_introspection_c.h
[2.746s] -- Up-to-date: /home/f1tenth/f1tenth_mrc_ws/install/realsense2_camera_msgs/include/realsense2_camera_msgs/action
[2.746s] -- Up-to-date: /home/f1tenth/f1tenth_mrc_ws/install/realsense2_camera_msgs/include/realsense2_camera_msgs/action/detail
[2.747s] -- Up-to-date: /home/f1tenth/f1tenth_mrc_ws/install/realsense2_camera_msgs/include/realsense2_camera_msgs/action/detail/triggered_calibration__type_support.c
[2.747s] -- Up-to-date: /home/f1tenth/f1tenth_mrc_ws/install/realsense2_camera_msgs/include/realsense2_camera_msgs/action/detail/triggered_calibration__rosidl_typesupport_introspection_c.h
[2.749s] -- Up-to-date: /home/f1tenth/f1tenth_mrc_ws/install/realsense2_camera_msgs/include/realsense2_camera_msgs/srv
[2.750s] -- Up-to-date: /home/f1tenth/f1tenth_mrc_ws/install/realsense2_camera_msgs/include/realsense2_camera_msgs/srv/detail
[2.750s] -- Up-to-date: /home/f1tenth/f1tenth_mrc_ws/install/realsense2_camera_msgs/include/realsense2_camera_msgs/srv/detail/calib_config_write__type_support.c
[2.751s] -- Up-to-date: /home/f1tenth/f1tenth_mrc_ws/install/realsense2_camera_msgs/include/realsense2_camera_msgs/srv/detail/calib_config_read__type_support.c
[2.751s] -- Up-to-date: /home/f1tenth/f1tenth_mrc_ws/install/realsense2_camera_msgs/include/realsense2_camera_msgs/srv/detail/device_info__rosidl_typesupport_introspection_c.h
[2.751s] -- Up-to-date: /home/f1tenth/f1tenth_mrc_ws/install/realsense2_camera_msgs/include/realsense2_camera_msgs/srv/detail/calib_config_read__rosidl_typesupport_introspection_c.h
[2.753s] -- Up-to-date: /home/f1tenth/f1tenth_mrc_ws/install/realsense2_camera_msgs/include/realsense2_camera_msgs/srv/detail/calib_config_write__rosidl_typesupport_introspection_c.h
[2.753s] -- Up-to-date: /home/f1tenth/f1tenth_mrc_ws/install/realsense2_camera_msgs/include/realsense2_camera_msgs/srv/detail/device_info__type_support.c
[2.753s] -- Up-to-date: /home/f1tenth/f1tenth_mrc_ws/install/realsense2_camera_msgs/lib/librealsense2_camera_msgs__rosidl_typesupport_introspection_c.so
[2.754s] -- Up-to-date: /home/f1tenth/f1tenth_mrc_ws/install/realsense2_camera_msgs/lib/librealsense2_camera_msgs__rosidl_typesupport_c.so
[2.754s] -- Up-to-date: /home/f1tenth/f1tenth_mrc_ws/install/realsense2_camera_msgs/include/realsense2_camera_msgs
[2.754s] -- Up-to-date: /home/f1tenth/f1tenth_mrc_ws/install/realsense2_camera_msgs/include/realsense2_camera_msgs/msg
[2.755s] -- Up-to-date: /home/f1tenth/f1tenth_mrc_ws/install/realsense2_camera_msgs/include/realsense2_camera_msgs/msg/extrinsics.hpp
[2.755s] -- Up-to-date: /home/f1tenth/f1tenth_mrc_ws/install/realsense2_camera_msgs/include/realsense2_camera_msgs/msg/rgbd.hpp
[2.755s] -- Up-to-date: /home/f1tenth/f1tenth_mrc_ws/install/realsense2_camera_msgs/include/realsense2_camera_msgs/msg/metadata.hpp
[2.755s] -- Up-to-date: /home/f1tenth/f1tenth_mrc_ws/install/realsense2_camera_msgs/include/realsense2_camera_msgs/msg/imu_info.hpp
[2.756s] -- Up-to-date: /home/f1tenth/f1tenth_mrc_ws/install/realsense2_camera_msgs/include/realsense2_camera_msgs/msg/detail
[2.756s] -- Up-to-date: /home/f1tenth/f1tenth_mrc_ws/install/realsense2_camera_msgs/include/realsense2_camera_msgs/msg/detail/extrinsics__type_support.hpp
[2.756s] -- Up-to-date: /home/f1tenth/f1tenth_mrc_ws/install/realsense2_camera_msgs/include/realsense2_camera_msgs/msg/detail/imu_info__builder.hpp
[2.757s] -- Up-to-date: /home/f1tenth/f1tenth_mrc_ws/install/realsense2_camera_msgs/include/realsense2_camera_msgs/msg/detail/rgbd__traits.hpp
[2.757s] -- Up-to-date: /home/f1tenth/f1tenth_mrc_ws/install/realsense2_camera_msgs/include/realsense2_camera_msgs/msg/detail/extrinsics__builder.hpp
[2.768s] -- Up-to-date: /home/f1tenth/f1tenth_mrc_ws/install/realsense2_camera_msgs/include/realsense2_camera_msgs/msg/detail/metadata__traits.hpp
[2.768s] -- Up-to-date: /home/f1tenth/f1tenth_mrc_ws/install/realsense2_camera_msgs/include/realsense2_camera_msgs/msg/detail/imu_info__type_support.hpp
[2.769s] -- Up-to-date: /home/f1tenth/f1tenth_mrc_ws/install/realsense2_camera_msgs/include/realsense2_camera_msgs/msg/detail/rgbd__builder.hpp
[2.769s] -- Up-to-date: /home/f1tenth/f1tenth_mrc_ws/install/realsense2_camera_msgs/include/realsense2_camera_msgs/msg/detail/rgbd__type_support.hpp
[2.769s] -- Up-to-date: /home/f1tenth/f1tenth_mrc_ws/install/realsense2_camera_msgs/include/realsense2_camera_msgs/msg/detail/extrinsics__struct.hpp
[2.770s] -- Up-to-date: /home/f1tenth/f1tenth_mrc_ws/install/realsense2_camera_msgs/include/realsense2_camera_msgs/msg/detail/metadata__builder.hpp
[2.770s] -- Up-to-date: /home/f1tenth/f1tenth_mrc_ws/install/realsense2_camera_msgs/include/realsense2_camera_msgs/msg/detail/metadata__type_support.hpp
[2.770s] -- Up-to-date: /home/f1tenth/f1tenth_mrc_ws/install/realsense2_camera_msgs/include/realsense2_camera_msgs/msg/detail/imu_info__struct.hpp
[2.770s] -- Up-to-date: /home/f1tenth/f1tenth_mrc_ws/install/realsense2_camera_msgs/include/realsense2_camera_msgs/msg/detail/extrinsics__traits.hpp
[2.771s] -- Up-to-date: /home/f1tenth/f1tenth_mrc_ws/install/realsense2_camera_msgs/include/realsense2_camera_msgs/msg/detail/metadata__struct.hpp
[2.771s] -- Up-to-date: /home/f1tenth/f1tenth_mrc_ws/install/realsense2_camera_msgs/include/realsense2_camera_msgs/msg/detail/rgbd__struct.hpp
[2.771s] -- Up-to-date: /home/f1tenth/f1tenth_mrc_ws/install/realsense2_camera_msgs/include/realsense2_camera_msgs/msg/detail/imu_info__traits.hpp
[2.772s] -- Up-to-date: /home/f1tenth/f1tenth_mrc_ws/install/realsense2_camera_msgs/include/realsense2_camera_msgs/msg/rosidl_generator_cpp__visibility_control.hpp
[2.772s] -- Up-to-date: /home/f1tenth/f1tenth_mrc_ws/install/realsense2_camera_msgs/include/realsense2_camera_msgs/action
[2.772s] -- Up-to-date: /home/f1tenth/f1tenth_mrc_ws/install/realsense2_camera_msgs/include/realsense2_camera_msgs/action/triggered_calibration.hpp
[2.782s] -- Up-to-date: /home/f1tenth/f1tenth_mrc_ws/install/realsense2_camera_msgs/include/realsense2_camera_msgs/action/detail
[2.782s] -- Up-to-date: /home/f1tenth/f1tenth_mrc_ws/install/realsense2_camera_msgs/include/realsense2_camera_msgs/action/detail/triggered_calibration__traits.hpp
[2.784s] -- Up-to-date: /home/f1tenth/f1tenth_mrc_ws/install/realsense2_camera_msgs/include/realsense2_camera_msgs/action/detail/triggered_calibration__builder.hpp
[2.784s] -- Up-to-date: /home/f1tenth/f1tenth_mrc_ws/install/realsense2_camera_msgs/include/realsense2_camera_msgs/action/detail/triggered_calibration__struct.hpp
[2.785s] -- Up-to-date: /home/f1tenth/f1tenth_mrc_ws/install/realsense2_camera_msgs/include/realsense2_camera_msgs/action/detail/triggered_calibration__type_support.hpp
[2.786s] -- Up-to-date: /home/f1tenth/f1tenth_mrc_ws/install/realsense2_camera_msgs/include/realsense2_camera_msgs/srv
[2.786s] -- Up-to-date: /home/f1tenth/f1tenth_mrc_ws/install/realsense2_camera_msgs/include/realsense2_camera_msgs/srv/device_info.hpp
[2.787s] -- Up-to-date: /home/f1tenth/f1tenth_mrc_ws/install/realsense2_camera_msgs/include/realsense2_camera_msgs/srv/detail
[2.787s] -- Up-to-date: /home/f1tenth/f1tenth_mrc_ws/install/realsense2_camera_msgs/include/realsense2_camera_msgs/srv/detail/device_info__builder.hpp
[2.787s] -- Up-to-date: /home/f1tenth/f1tenth_mrc_ws/install/realsense2_camera_msgs/include/realsense2_camera_msgs/srv/detail/device_info__struct.hpp
[2.788s] -- Up-to-date: /home/f1tenth/f1tenth_mrc_ws/install/realsense2_camera_msgs/include/realsense2_camera_msgs/srv/detail/calib_config_read__traits.hpp
[2.788s] -- Up-to-date: /home/f1tenth/f1tenth_mrc_ws/install/realsense2_camera_msgs/include/realsense2_camera_msgs/srv/detail/device_info__type_support.hpp
[2.788s] -- Up-to-date: /home/f1tenth/f1tenth_mrc_ws/install/realsense2_camera_msgs/include/realsense2_camera_msgs/srv/detail/calib_config_read__type_support.hpp
[2.788s] -- Up-to-date: /home/f1tenth/f1tenth_mrc_ws/install/realsense2_camera_msgs/include/realsense2_camera_msgs/srv/detail/device_info__traits.hpp
[2.789s] -- Up-to-date: /home/f1tenth/f1tenth_mrc_ws/install/realsense2_camera_msgs/include/realsense2_camera_msgs/srv/detail/calib_config_write__struct.hpp
[2.789s] -- Up-to-date: /home/f1tenth/f1tenth_mrc_ws/install/realsense2_camera_msgs/include/realsense2_camera_msgs/srv/detail/calib_config_write__traits.hpp
[2.789s] -- Up-to-date: /home/f1tenth/f1tenth_mrc_ws/install/realsense2_camera_msgs/include/realsense2_camera_msgs/srv/detail/calib_config_write__builder.hpp
[2.791s] -- Up-to-date: /home/f1tenth/f1tenth_mrc_ws/install/realsense2_camera_msgs/include/realsense2_camera_msgs/srv/detail/calib_config_read__builder.hpp
[2.792s] -- Up-to-date: /home/f1tenth/f1tenth_mrc_ws/install/realsense2_camera_msgs/include/realsense2_camera_msgs/srv/detail/calib_config_write__type_support.hpp
[2.792s] -- Up-to-date: /home/f1tenth/f1tenth_mrc_ws/install/realsense2_camera_msgs/include/realsense2_camera_msgs/srv/detail/calib_config_read__struct.hpp
[2.795s] -- Up-to-date: /home/f1tenth/f1tenth_mrc_ws/install/realsense2_camera_msgs/include/realsense2_camera_msgs/srv/calib_config_write.hpp
[2.796s] -- Up-to-date: /home/f1tenth/f1tenth_mrc_ws/install/realsense2_camera_msgs/include/realsense2_camera_msgs/srv/calib_config_read.hpp
[2.796s] -- Up-to-date: /home/f1tenth/f1tenth_mrc_ws/install/realsense2_camera_msgs/include/realsense2_camera_msgs
[2.796s] -- Up-to-date: /home/f1tenth/f1tenth_mrc_ws/install/realsense2_camera_msgs/include/realsense2_camera_msgs/msg
[2.801s] -- Up-to-date: /home/f1tenth/f1tenth_mrc_ws/install/realsense2_camera_msgs/include/realsense2_camera_msgs/msg/detail
[2.801s] -- Up-to-date: /home/f1tenth/f1tenth_mrc_ws/install/realsense2_camera_msgs/include/realsense2_camera_msgs/msg/detail/rgbd__type_support.cpp
[2.802s] -- Up-to-date: /home/f1tenth/f1tenth_mrc_ws/install/realsense2_camera_msgs/include/realsense2_camera_msgs/msg/detail/rgbd__rosidl_typesupport_introspection_cpp.hpp
[2.802s] -- Up-to-date: /home/f1tenth/f1tenth_mrc_ws/install/realsense2_camera_msgs/include/realsense2_camera_msgs/msg/detail/extrinsics__type_support.cpp
[2.802s] -- Up-to-date: /home/f1tenth/f1tenth_mrc_ws/install/realsense2_camera_msgs/include/realsense2_camera_msgs/msg/detail/imu_info__type_support.cpp
[2.803s] -- Up-to-date: /home/f1tenth/f1tenth_mrc_ws/install/realsense2_camera_msgs/include/realsense2_camera_msgs/msg/detail/imu_info__rosidl_typesupport_introspection_cpp.hpp
[2.808s] -- Up-to-date: /home/f1tenth/f1tenth_mrc_ws/install/realsense2_camera_msgs/include/realsense2_camera_msgs/msg/detail/metadata__type_support.cpp
[2.808s] -- Up-to-date: /home/f1tenth/f1tenth_mrc_ws/install/realsense2_camera_msgs/include/realsense2_camera_msgs/msg/detail/metadata__rosidl_typesupport_introspection_cpp.hpp
[2.809s] -- Up-to-date: /home/f1tenth/f1tenth_mrc_ws/install/realsense2_camera_msgs/include/realsense2_camera_msgs/msg/detail/extrinsics__rosidl_typesupport_introspection_cpp.hpp
[2.809s] -- Up-to-date: /home/f1tenth/f1tenth_mrc_ws/install/realsense2_camera_msgs/include/realsense2_camera_msgs/action
[2.809s] -- Up-to-date: /home/f1tenth/f1tenth_mrc_ws/install/realsense2_camera_msgs/include/realsense2_camera_msgs/action/detail
[2.809s] -- Up-to-date: /home/f1tenth/f1tenth_mrc_ws/install/realsense2_camera_msgs/include/realsense2_camera_msgs/action/detail/triggered_calibration__type_support.cpp
[2.810s] -- Up-to-date: /home/f1tenth/f1tenth_mrc_ws/install/realsense2_camera_msgs/include/realsense2_camera_msgs/action/detail/triggered_calibration__rosidl_typesupport_introspection_cpp.hpp
[2.810s] -- Up-to-date: /home/f1tenth/f1tenth_mrc_ws/install/realsense2_camera_msgs/include/realsense2_camera_msgs/srv
[2.810s] -- Up-to-date: /home/f1tenth/f1tenth_mrc_ws/install/realsense2_camera_msgs/include/realsense2_camera_msgs/srv/detail
[2.811s] -- Up-to-date: /home/f1tenth/f1tenth_mrc_ws/install/realsense2_camera_msgs/include/realsense2_camera_msgs/srv/detail/calib_config_write__type_support.cpp
[2.811s] -- Up-to-date: /home/f1tenth/f1tenth_mrc_ws/install/realsense2_camera_msgs/include/realsense2_camera_msgs/srv/detail/calib_config_read__rosidl_typesupport_introspection_cpp.hpp
[2.811s] -- Up-to-date: /home/f1tenth/f1tenth_mrc_ws/install/realsense2_camera_msgs/include/realsense2_camera_msgs/srv/detail/device_info__rosidl_typesupport_introspection_cpp.hpp
[2.812s] -- Up-to-date: /home/f1tenth/f1tenth_mrc_ws/install/realsense2_camera_msgs/include/realsense2_camera_msgs/srv/detail/calib_config_write__rosidl_typesupport_introspection_cpp.hpp
[2.812s] -- Up-to-date: /home/f1tenth/f1tenth_mrc_ws/install/realsense2_camera_msgs/include/realsense2_camera_msgs/srv/detail/calib_config_read__type_support.cpp
[2.812s] -- Up-to-date: /home/f1tenth/f1tenth_mrc_ws/install/realsense2_camera_msgs/include/realsense2_camera_msgs/srv/detail/device_info__type_support.cpp
[2.812s] -- Up-to-date: /home/f1tenth/f1tenth_mrc_ws/install/realsense2_camera_msgs/lib/librealsense2_camera_msgs__rosidl_typesupport_introspection_cpp.so
[2.812s] -- Up-to-date: /home/f1tenth/f1tenth_mrc_ws/install/realsense2_camera_msgs/lib/librealsense2_camera_msgs__rosidl_typesupport_cpp.so
[2.813s] -- Up-to-date: /home/f1tenth/f1tenth_mrc_ws/install/realsense2_camera_msgs/share/realsense2_camera_msgs/environment/pythonpath.sh
[2.813s] -- Up-to-date: /home/f1tenth/f1tenth_mrc_ws/install/realsense2_camera_msgs/share/realsense2_camera_msgs/environment/pythonpath.dsv
[2.813s] -- Up-to-date: /home/f1tenth/f1tenth_mrc_ws/install/realsense2_camera_msgs/lib/python3.8/site-packages/realsense2_camera_msgs/__init__.py
[2.864s] -- Up-to-date: /home/f1tenth/f1tenth_mrc_ws/install/realsense2_camera_msgs/lib/python3.8/site-packages/realsense2_camera_msgs/msg
[2.864s] -- Up-to-date: /home/f1tenth/f1tenth_mrc_ws/install/realsense2_camera_msgs/lib/python3.8/site-packages/realsense2_camera_msgs/msg/_imu_info.py
[2.864s] -- Up-to-date: /home/f1tenth/f1tenth_mrc_ws/install/realsense2_camera_msgs/lib/python3.8/site-packages/realsense2_camera_msgs/msg/_metadata_s.c
[2.865s] -- Up-to-date: /home/f1tenth/f1tenth_mrc_ws/install/realsense2_camera_msgs/lib/python3.8/site-packages/realsense2_camera_msgs/msg/_rgbd.py
[2.865s] -- Up-to-date: /home/f1tenth/f1tenth_mrc_ws/install/realsense2_camera_msgs/lib/python3.8/site-packages/realsense2_camera_msgs/msg/_metadata.py
[2.865s] -- Up-to-date: /home/f1tenth/f1tenth_mrc_ws/install/realsense2_camera_msgs/lib/python3.8/site-packages/realsense2_camera_msgs/msg/_extrinsics.py
[2.865s] -- Up-to-date: /home/f1tenth/f1tenth_mrc_ws/install/realsense2_camera_msgs/lib/python3.8/site-packages/realsense2_camera_msgs/msg/_extrinsics_s.c
[2.866s] -- Up-to-date: /home/f1tenth/f1tenth_mrc_ws/install/realsense2_camera_msgs/lib/python3.8/site-packages/realsense2_camera_msgs/msg/_rgbd_s.c
[2.866s] -- Up-to-date: /home/f1tenth/f1tenth_mrc_ws/install/realsense2_camera_msgs/lib/python3.8/site-packages/realsense2_camera_msgs/msg/__init__.py
[2.866s] -- Up-to-date: /home/f1tenth/f1tenth_mrc_ws/install/realsense2_camera_msgs/lib/python3.8/site-packages/realsense2_camera_msgs/msg/_imu_info_s.c
[2.869s] -- Up-to-date: /home/f1tenth/f1tenth_mrc_ws/install/realsense2_camera_msgs/lib/python3.8/site-packages/realsense2_camera_msgs/srv
[2.869s] -- Up-to-date: /home/f1tenth/f1tenth_mrc_ws/install/realsense2_camera_msgs/lib/python3.8/site-packages/realsense2_camera_msgs/srv/_calib_config_read_s.c
[2.870s] -- Up-to-date: /home/f1tenth/f1tenth_mrc_ws/install/realsense2_camera_msgs/lib/python3.8/site-packages/realsense2_camera_msgs/srv/_device_info_s.c
[2.870s] -- Up-to-date: /home/f1tenth/f1tenth_mrc_ws/install/realsense2_camera_msgs/lib/python3.8/site-packages/realsense2_camera_msgs/srv/_device_info.py
[2.870s] -- Up-to-date: /home/f1tenth/f1tenth_mrc_ws/install/realsense2_camera_msgs/lib/python3.8/site-packages/realsense2_camera_msgs/srv/_calib_config_write.py
[2.871s] -- Up-to-date: /home/f1tenth/f1tenth_mrc_ws/install/realsense2_camera_msgs/lib/python3.8/site-packages/realsense2_camera_msgs/srv/_calib_config_read.py
[2.873s] -- Up-to-date: /home/f1tenth/f1tenth_mrc_ws/install/realsense2_camera_msgs/lib/python3.8/site-packages/realsense2_camera_msgs/srv/_calib_config_write_s.c
[2.873s] -- Up-to-date: /home/f1tenth/f1tenth_mrc_ws/install/realsense2_camera_msgs/lib/python3.8/site-packages/realsense2_camera_msgs/srv/__init__.py
[2.873s] -- Up-to-date: /home/f1tenth/f1tenth_mrc_ws/install/realsense2_camera_msgs/lib/python3.8/site-packages/realsense2_camera_msgs/action
[2.874s] -- Up-to-date: /home/f1tenth/f1tenth_mrc_ws/install/realsense2_camera_msgs/lib/python3.8/site-packages/realsense2_camera_msgs/action/_triggered_calibration_s.c
[2.874s] -- Up-to-date: /home/f1tenth/f1tenth_mrc_ws/install/realsense2_camera_msgs/lib/python3.8/site-packages/realsense2_camera_msgs/action/_triggered_calibration.py
[2.875s] -- Up-to-date: /home/f1tenth/f1tenth_mrc_ws/install/realsense2_camera_msgs/lib/python3.8/site-packages/realsense2_camera_msgs/action/__init__.py
[2.875s] -- Up-to-date: /home/f1tenth/f1tenth_mrc_ws/install/realsense2_camera_msgs/lib/python3.8/site-packages/realsense2_camera_msgs/realsense2_camera_msgs_s__rosidl_typesupport_fastrtps_c.cpython-38-aarch64-linux-gnu.so
[2.875s] -- Up-to-date: /home/f1tenth/f1tenth_mrc_ws/install/realsense2_camera_msgs/lib/python3.8/site-packages/realsense2_camera_msgs/realsense2_camera_msgs_s__rosidl_typesupport_introspection_c.cpython-38-aarch64-linux-gnu.so
[2.876s] -- Up-to-date: /home/f1tenth/f1tenth_mrc_ws/install/realsense2_camera_msgs/lib/python3.8/site-packages/realsense2_camera_msgs/realsense2_camera_msgs_s__rosidl_typesupport_c.cpython-38-aarch64-linux-gnu.so
[2.877s] -- Up-to-date: /home/f1tenth/f1tenth_mrc_ws/install/realsense2_camera_msgs/lib/librealsense2_camera_msgs__python.so
[2.877s] -- Up-to-date: /home/f1tenth/f1tenth_mrc_ws/install/realsense2_camera_msgs/share/realsense2_camera_msgs/msg/IMUInfo.idl
[2.882s] -- Up-to-date: /home/f1tenth/f1tenth_mrc_ws/install/realsense2_camera_msgs/share/realsense2_camera_msgs/msg/Extrinsics.idl
[2.882s] -- Up-to-date: /home/f1tenth/f1tenth_mrc_ws/install/realsense2_camera_msgs/share/realsense2_camera_msgs/msg/Metadata.idl
[2.883s] -- Up-to-date: /home/f1tenth/f1tenth_mrc_ws/install/realsense2_camera_msgs/share/realsense2_camera_msgs/msg/RGBD.idl
[2.883s] -- Up-to-date: /home/f1tenth/f1tenth_mrc_ws/install/realsense2_camera_msgs/share/realsense2_camera_msgs/srv/DeviceInfo.idl
[2.884s] -- Up-to-date: /home/f1tenth/f1tenth_mrc_ws/install/realsense2_camera_msgs/share/realsense2_camera_msgs/srv/CalibConfigRead.idl
[2.884s] -- Up-to-date: /home/f1tenth/f1tenth_mrc_ws/install/realsense2_camera_msgs/share/realsense2_camera_msgs/srv/CalibConfigWrite.idl
[2.884s] -- Up-to-date: /home/f1tenth/f1tenth_mrc_ws/install/realsense2_camera_msgs/share/realsense2_camera_msgs/action/TriggeredCalibration.idl
[2.885s] -- Up-to-date: /home/f1tenth/f1tenth_mrc_ws/install/realsense2_camera_msgs/share/realsense2_camera_msgs/msg/IMUInfo.msg
[2.891s] -- Up-to-date: /home/f1tenth/f1tenth_mrc_ws/install/realsense2_camera_msgs/share/realsense2_camera_msgs/msg/Extrinsics.msg
[2.894s] -- Up-to-date: /home/f1tenth/f1tenth_mrc_ws/install/realsense2_camera_msgs/share/realsense2_camera_msgs/msg/Metadata.msg
[2.895s] -- Up-to-date: /home/f1tenth/f1tenth_mrc_ws/install/realsense2_camera_msgs/share/realsense2_camera_msgs/msg/RGBD.msg
[2.895s] -- Up-to-date: /home/f1tenth/f1tenth_mrc_ws/install/realsense2_camera_msgs/share/realsense2_camera_msgs/srv/DeviceInfo.srv
[2.900s] -- Up-to-date: /home/f1tenth/f1tenth_mrc_ws/install/realsense2_camera_msgs/share/realsense2_camera_msgs/srv/DeviceInfo_Request.msg
[2.901s] -- Up-to-date: /home/f1tenth/f1tenth_mrc_ws/install/realsense2_camera_msgs/share/realsense2_camera_msgs/srv/DeviceInfo_Response.msg
[2.901s] -- Up-to-date: /home/f1tenth/f1tenth_mrc_ws/install/realsense2_camera_msgs/share/realsense2_camera_msgs/srv/CalibConfigRead.srv
[2.901s] -- Up-to-date: /home/f1tenth/f1tenth_mrc_ws/install/realsense2_camera_msgs/share/realsense2_camera_msgs/srv/CalibConfigRead_Request.msg
[2.902s] -- Up-to-date: /home/f1tenth/f1tenth_mrc_ws/install/realsense2_camera_msgs/share/realsense2_camera_msgs/srv/CalibConfigRead_Response.msg
[2.902s] -- Up-to-date: /home/f1tenth/f1tenth_mrc_ws/install/realsense2_camera_msgs/share/realsense2_camera_msgs/srv/CalibConfigWrite.srv
[2.908s] -- Up-to-date: /home/f1tenth/f1tenth_mrc_ws/install/realsense2_camera_msgs/share/realsense2_camera_msgs/srv/CalibConfigWrite_Request.msg
[2.909s] -- Up-to-date: /home/f1tenth/f1tenth_mrc_ws/install/realsense2_camera_msgs/share/realsense2_camera_msgs/srv/CalibConfigWrite_Response.msg
[2.909s] -- Up-to-date: /home/f1tenth/f1tenth_mrc_ws/install/realsense2_camera_msgs/share/realsense2_camera_msgs/action/TriggeredCalibration.action
[2.909s] -- Up-to-date: /home/f1tenth/f1tenth_mrc_ws/install/realsense2_camera_msgs/share/ament_index/resource_index/package_run_dependencies/realsense2_camera_msgs
[2.909s] -- Up-to-date: /home/f1tenth/f1tenth_mrc_ws/install/realsense2_camera_msgs/share/ament_index/resource_index/parent_prefix_path/realsense2_camera_msgs
[2.911s] -- Up-to-date: /home/f1tenth/f1tenth_mrc_ws/install/realsense2_camera_msgs/share/realsense2_camera_msgs/environment/ament_prefix_path.sh
[2.912s] -- Up-to-date: /home/f1tenth/f1tenth_mrc_ws/install/realsense2_camera_msgs/share/realsense2_camera_msgs/environment/ament_prefix_path.dsv
[2.912s] -- Up-to-date: /home/f1tenth/f1tenth_mrc_ws/install/realsense2_camera_msgs/share/realsense2_camera_msgs/environment/path.sh
[2.912s] -- Up-to-date: /home/f1tenth/f1tenth_mrc_ws/install/realsense2_camera_msgs/share/realsense2_camera_msgs/environment/path.dsv
[2.914s] -- Up-to-date: /home/f1tenth/f1tenth_mrc_ws/install/realsense2_camera_msgs/share/realsense2_camera_msgs/local_setup.bash
[2.915s] -- Up-to-date: /home/f1tenth/f1tenth_mrc_ws/install/realsense2_camera_msgs/share/realsense2_camera_msgs/local_setup.sh
[2.915s] -- Up-to-date: /home/f1tenth/f1tenth_mrc_ws/install/realsense2_camera_msgs/share/realsense2_camera_msgs/local_setup.zsh
[2.916s] -- Up-to-date: /home/f1tenth/f1tenth_mrc_ws/install/realsense2_camera_msgs/share/realsense2_camera_msgs/local_setup.dsv
[2.916s] -- Installing: /home/f1tenth/f1tenth_mrc_ws/install/realsense2_camera_msgs/share/realsense2_camera_msgs/package.dsv
[2.916s] -- Up-to-date: /home/f1tenth/f1tenth_mrc_ws/install/realsense2_camera_msgs/share/ament_index/resource_index/packages/realsense2_camera_msgs
[2.916s] -- Up-to-date: /home/f1tenth/f1tenth_mrc_ws/install/realsense2_camera_msgs/share/realsense2_camera_msgs/cmake/realsense2_camera_msgs__rosidl_generator_cExport.cmake
[2.926s] -- Up-to-date: /home/f1tenth/f1tenth_mrc_ws/install/realsense2_camera_msgs/share/realsense2_camera_msgs/cmake/realsense2_camera_msgs__rosidl_generator_cExport-noconfig.cmake
[2.928s] -- Up-to-date: /home/f1tenth/f1tenth_mrc_ws/install/realsense2_camera_msgs/share/realsense2_camera_msgs/cmake/realsense2_camera_msgs__rosidl_typesupport_introspection_cExport.cmake
[2.929s] -- Up-to-date: /home/f1tenth/f1tenth_mrc_ws/install/realsense2_camera_msgs/share/realsense2_camera_msgs/cmake/realsense2_camera_msgs__rosidl_typesupport_introspection_cExport-noconfig.cmake
[2.929s] -- Up-to-date: /home/f1tenth/f1tenth_mrc_ws/install/realsense2_camera_msgs/share/realsense2_camera_msgs/cmake/realsense2_camera_msgs__rosidl_typesupport_cExport.cmake
[2.930s] -- Up-to-date: /home/f1tenth/f1tenth_mrc_ws/install/realsense2_camera_msgs/share/realsense2_camera_msgs/cmake/realsense2_camera_msgs__rosidl_typesupport_cExport-noconfig.cmake
[2.933s] -- Up-to-date: /home/f1tenth/f1tenth_mrc_ws/install/realsense2_camera_msgs/share/realsense2_camera_msgs/cmake/realsense2_camera_msgs__rosidl_generator_cppExport.cmake
[2.943s] -- Up-to-date: /home/f1tenth/f1tenth_mrc_ws/install/realsense2_camera_msgs/share/realsense2_camera_msgs/cmake/realsense2_camera_msgs__rosidl_typesupport_introspection_cppExport.cmake
[2.946s] -- Up-to-date: /home/f1tenth/f1tenth_mrc_ws/install/realsense2_camera_msgs/share/realsense2_camera_msgs/cmake/realsense2_camera_msgs__rosidl_typesupport_introspection_cppExport-noconfig.cmake
[2.946s] -- Up-to-date: /home/f1tenth/f1tenth_mrc_ws/install/realsense2_camera_msgs/share/realsense2_camera_msgs/cmake/realsense2_camera_msgs__rosidl_typesupport_cppExport.cmake
[2.947s] -- Up-to-date: /home/f1tenth/f1tenth_mrc_ws/install/realsense2_camera_msgs/share/realsense2_camera_msgs/cmake/realsense2_camera_msgs__rosidl_typesupport_cppExport-noconfig.cmake
[2.947s] -- Up-to-date: /home/f1tenth/f1tenth_mrc_ws/install/realsense2_camera_msgs/share/realsense2_camera_msgs/cmake/rosidl_cmake-extras.cmake
[2.947s] -- Up-to-date: /home/f1tenth/f1tenth_mrc_ws/install/realsense2_camera_msgs/share/realsense2_camera_msgs/cmake/ament_cmake_export_dependencies-extras.cmake
[2.948s] -- Up-to-date: /home/f1tenth/f1tenth_mrc_ws/install/realsense2_camera_msgs/share/realsense2_camera_msgs/cmake/ament_cmake_export_libraries-extras.cmake
[2.948s] -- Up-to-date: /home/f1tenth/f1tenth_mrc_ws/install/realsense2_camera_msgs/share/realsense2_camera_msgs/cmake/ament_cmake_export_targets-extras.cmake
[2.948s] -- Up-to-date: /home/f1tenth/f1tenth_mrc_ws/install/realsense2_camera_msgs/share/realsense2_camera_msgs/cmake/ament_cmake_export_include_directories-extras.cmake
[2.949s] -- Up-to-date: /home/f1tenth/f1tenth_mrc_ws/install/realsense2_camera_msgs/share/realsense2_camera_msgs/cmake/rosidl_cmake_export_typesupport_libraries-extras.cmake
[2.949s] -- Up-to-date: /home/f1tenth/f1tenth_mrc_ws/install/realsense2_camera_msgs/share/realsense2_camera_msgs/cmake/rosidl_cmake_export_typesupport_targets-extras.cmake
[2.959s] -- Up-to-date: /home/f1tenth/f1tenth_mrc_ws/install/realsense2_camera_msgs/share/realsense2_camera_msgs/cmake/realsense2_camera_msgsConfig.cmake
[2.960s] -- Up-to-date: /home/f1tenth/f1tenth_mrc_ws/install/realsense2_camera_msgs/share/realsense2_camera_msgs/cmake/realsense2_camera_msgsConfig-version.cmake
[2.960s] -- Up-to-date: /home/f1tenth/f1tenth_mrc_ws/install/realsense2_camera_msgs/share/realsense2_camera_msgs/package.xml
[2.969s] Invoked command in '/home/f1tenth/f1tenth_mrc_ws/build/realsense2_camera_msgs' returned '0': CMAKE_PREFIX_PATH=/opt/ros/foxy /usr/bin/cmake --install /home/f1tenth/f1tenth_mrc_ws/build/realsense2_camera_msgs
