[0.063s] Invoking command in '/home/f1tenth/f1tenth_mrc_ws/build/lidar_object_detection_ros2': CMAKE_PREFIX_PATH=${CMAKE_PREFIX_PATH}:/home/f1tenth/f1tenth_mrc_ws/install/waypoint_logger:/home/f1tenth/f1tenth_mrc_ws/install/rrt_package:/home/f1tenth/f1tenth_mrc_ws/install/ppo_racing:/home/f1tenth/f1tenth_mrc_ws/install/particle_filter:/home/f1tenth/f1tenth_mrc_ws/install/f1tenth_gym_ros:/home/f1tenth/f1tenth_mrc_ws/install/camera_pkg:/opt/ros/foxy /usr/bin/cmake --build /home/f1tenth/f1tenth_mrc_ws/build/lidar_object_detection_ros2 -- -j4 -l4
[0.345s] [  1%] Built target lidar_object_detection_ros2__cpp
[0.375s] [ 12%] Built target lidar_object_detection_ros2__rosidl_generator_c
[0.509s] [ 23%] Built target lidar_object_detection_ros2__rosidl_typesupport_fastrtps_cpp
[0.520s] [ 34%] Built target lidar_object_detection_ros2__rosidl_typesupport_cpp
[0.541s] [ 46%] Built target lidar_object_detection_ros2__rosidl_typesupport_introspection_cpp
[0.585s] [ 57%] Built target lidar_object_detection_ros2__rosidl_typesupport_introspection_c
[0.632s] [ 68%] Built target lidar_object_detection_ros2__rosidl_typesupport_c
[0.672s] [ 79%] Built target lidar_object_detection_ros2__rosidl_typesupport_fastrtps_c
[0.771s] [ 79%] Built target lidar_object_detection_ros2
[0.878s] [ 80%] Built target lidar_object_detection_ros2__py
[1.001s] [ 90%] Built target lidar_object_detection_ros2__python
[1.117s] [ 93%] Built target lidar_object_detection_ros2__rosidl_typesupport_introspection_c__pyext
[1.128s] [ 96%] Built target lidar_object_detection_ros2__rosidl_typesupport_c__pyext
[1.177s] [100%] Built target lidar_object_detection_ros2__rosidl_typesupport_fastrtps_c__pyext
[1.236s] Invoked command in '/home/f1tenth/f1tenth_mrc_ws/build/lidar_object_detection_ros2' returned '0': CMAKE_PREFIX_PATH=${CMAKE_PREFIX_PATH}:/home/f1tenth/f1tenth_mrc_ws/install/waypoint_logger:/home/f1tenth/f1tenth_mrc_ws/install/rrt_package:/home/f1tenth/f1tenth_mrc_ws/install/ppo_racing:/home/f1tenth/f1tenth_mrc_ws/install/particle_filter:/home/f1tenth/f1tenth_mrc_ws/install/f1tenth_gym_ros:/home/f1tenth/f1tenth_mrc_ws/install/camera_pkg:/opt/ros/foxy /usr/bin/cmake --build /home/f1tenth/f1tenth_mrc_ws/build/lidar_object_detection_ros2 -- -j4 -l4
[1.300s] Invoking command in '/home/f1tenth/f1tenth_mrc_ws/build/lidar_object_detection_ros2': CMAKE_PREFIX_PATH=${CMAKE_PREFIX_PATH}:/home/f1tenth/f1tenth_mrc_ws/install/waypoint_logger:/home/f1tenth/f1tenth_mrc_ws/install/rrt_package:/home/f1tenth/f1tenth_mrc_ws/install/ppo_racing:/home/f1tenth/f1tenth_mrc_ws/install/particle_filter:/home/f1tenth/f1tenth_mrc_ws/install/f1tenth_gym_ros:/home/f1tenth/f1tenth_mrc_ws/install/camera_pkg:/opt/ros/foxy /usr/bin/cmake --install /home/f1tenth/f1tenth_mrc_ws/build/lidar_object_detection_ros2
[1.340s] -- Install configuration: ""
[1.342s] -- Up-to-date: /home/f1tenth/f1tenth_mrc_ws/install/lidar_object_detection_ros2/share/ament_index/resource_index/rosidl_interfaces/lidar_object_detection_ros2
[1.343s] -- Up-to-date: /home/f1tenth/f1tenth_mrc_ws/install/lidar_object_detection_ros2/include/lidar_object_detection_ros2
[1.350s] -- Up-to-date: /home/f1tenth/f1tenth_mrc_ws/install/lidar_object_detection_ros2/include/lidar_object_detection_ros2/msg
[1.351s] -- Up-to-date: /home/f1tenth/f1tenth_mrc_ws/install/lidar_object_detection_ros2/include/lidar_object_detection_ros2/msg/rosidl_generator_c__visibility_control.h
[1.351s] -- Up-to-date: /home/f1tenth/f1tenth_mrc_ws/install/lidar_object_detection_ros2/include/lidar_object_detection_ros2/msg/objects_array.h
[1.352s] -- Up-to-date: /home/f1tenth/f1tenth_mrc_ws/install/lidar_object_detection_ros2/include/lidar_object_detection_ros2/msg/object.h
[1.352s] -- Up-to-date: /home/f1tenth/f1tenth_mrc_ws/install/lidar_object_detection_ros2/include/lidar_object_detection_ros2/msg/pose2_d.h
[1.352s] -- Up-to-date: /home/f1tenth/f1tenth_mrc_ws/install/lidar_object_detection_ros2/include/lidar_object_detection_ros2/msg/scan_clusters.h
[1.353s] -- Up-to-date: /home/f1tenth/f1tenth_mrc_ws/install/lidar_object_detection_ros2/include/lidar_object_detection_ros2/msg/detail
[1.354s] -- Up-to-date: /home/f1tenth/f1tenth_mrc_ws/install/lidar_object_detection_ros2/include/lidar_object_detection_ros2/msg/detail/objects_array__type_support.h
[1.354s] -- Up-to-date: /home/f1tenth/f1tenth_mrc_ws/install/lidar_object_detection_ros2/include/lidar_object_detection_ros2/msg/detail/scan_clusters__type_support.h
[1.355s] -- Up-to-date: /home/f1tenth/f1tenth_mrc_ws/install/lidar_object_detection_ros2/include/lidar_object_detection_ros2/msg/detail/scan_clusters__functions.h
[1.355s] -- Up-to-date: /home/f1tenth/f1tenth_mrc_ws/install/lidar_object_detection_ros2/include/lidar_object_detection_ros2/msg/detail/objects_array__functions.h
[1.356s] -- Up-to-date: /home/f1tenth/f1tenth_mrc_ws/install/lidar_object_detection_ros2/include/lidar_object_detection_ros2/msg/detail/object__type_support.h
[1.356s] -- Up-to-date: /home/f1tenth/f1tenth_mrc_ws/install/lidar_object_detection_ros2/include/lidar_object_detection_ros2/msg/detail/object__functions.h
[1.356s] -- Up-to-date: /home/f1tenth/f1tenth_mrc_ws/install/lidar_object_detection_ros2/include/lidar_object_detection_ros2/msg/detail/objects_array__struct.h
[1.357s] -- Up-to-date: /home/f1tenth/f1tenth_mrc_ws/install/lidar_object_detection_ros2/include/lidar_object_detection_ros2/msg/detail/l_shape__functions.h
[1.358s] -- Up-to-date: /home/f1tenth/f1tenth_mrc_ws/install/lidar_object_detection_ros2/include/lidar_object_detection_ros2/msg/detail/pose2_d__struct.h
[1.359s] -- Up-to-date: /home/f1tenth/f1tenth_mrc_ws/install/lidar_object_detection_ros2/include/lidar_object_detection_ros2/msg/detail/pose2_d__functions.h
[1.360s] -- Up-to-date: /home/f1tenth/f1tenth_mrc_ws/install/lidar_object_detection_ros2/include/lidar_object_detection_ros2/msg/detail/l_shape__functions.c
[1.360s] -- Up-to-date: /home/f1tenth/f1tenth_mrc_ws/install/lidar_object_detection_ros2/include/lidar_object_detection_ros2/msg/detail/pose2_d__functions.c
[1.361s] -- Up-to-date: /home/f1tenth/f1tenth_mrc_ws/install/lidar_object_detection_ros2/include/lidar_object_detection_ros2/msg/detail/objects_array__functions.c
[1.361s] -- Up-to-date: /home/f1tenth/f1tenth_mrc_ws/install/lidar_object_detection_ros2/include/lidar_object_detection_ros2/msg/detail/scan_clusters__struct.h
[1.361s] -- Up-to-date: /home/f1tenth/f1tenth_mrc_ws/install/lidar_object_detection_ros2/include/lidar_object_detection_ros2/msg/detail/l_shape__struct.h
[1.362s] -- Up-to-date: /home/f1tenth/f1tenth_mrc_ws/install/lidar_object_detection_ros2/include/lidar_object_detection_ros2/msg/detail/object__struct.h
[1.362s] -- Up-to-date: /home/f1tenth/f1tenth_mrc_ws/install/lidar_object_detection_ros2/include/lidar_object_detection_ros2/msg/detail/pose2_d__type_support.h
[1.363s] -- Up-to-date: /home/f1tenth/f1tenth_mrc_ws/install/lidar_object_detection_ros2/include/lidar_object_detection_ros2/msg/detail/l_shape__type_support.h
[1.363s] -- Up-to-date: /home/f1tenth/f1tenth_mrc_ws/install/lidar_object_detection_ros2/include/lidar_object_detection_ros2/msg/detail/scan_clusters__functions.c
[1.364s] -- Up-to-date: /home/f1tenth/f1tenth_mrc_ws/install/lidar_object_detection_ros2/include/lidar_object_detection_ros2/msg/detail/object__functions.c
[1.364s] -- Up-to-date: /home/f1tenth/f1tenth_mrc_ws/install/lidar_object_detection_ros2/include/lidar_object_detection_ros2/msg/l_shape.h
[1.364s] -- Up-to-date: /home/f1tenth/f1tenth_mrc_ws/install/lidar_object_detection_ros2/share/lidar_object_detection_ros2/environment/library_path.sh
[1.365s] -- Up-to-date: /home/f1tenth/f1tenth_mrc_ws/install/lidar_object_detection_ros2/share/lidar_object_detection_ros2/environment/library_path.dsv
[1.365s] -- Up-to-date: /home/f1tenth/f1tenth_mrc_ws/install/lidar_object_detection_ros2/lib/liblidar_object_detection_ros2__rosidl_generator_c.so
[1.365s] -- Up-to-date: /home/f1tenth/f1tenth_mrc_ws/install/lidar_object_detection_ros2/include/lidar_object_detection_ros2
[1.366s] -- Up-to-date: /home/f1tenth/f1tenth_mrc_ws/install/lidar_object_detection_ros2/include/lidar_object_detection_ros2/msg
[1.367s] -- Up-to-date: /home/f1tenth/f1tenth_mrc_ws/install/lidar_object_detection_ros2/include/lidar_object_detection_ros2/msg/rosidl_typesupport_fastrtps_c__visibility_control.h
[1.367s] -- Up-to-date: /home/f1tenth/f1tenth_mrc_ws/install/lidar_object_detection_ros2/include/lidar_object_detection_ros2/msg/detail
[1.368s] -- Up-to-date: /home/f1tenth/f1tenth_mrc_ws/install/lidar_object_detection_ros2/include/lidar_object_detection_ros2/msg/detail/objects_array__rosidl_typesupport_fastrtps_c.h
[1.368s] -- Up-to-date: /home/f1tenth/f1tenth_mrc_ws/install/lidar_object_detection_ros2/include/lidar_object_detection_ros2/msg/detail/pose2_d__rosidl_typesupport_fastrtps_c.h
[1.368s] -- Up-to-date: /home/f1tenth/f1tenth_mrc_ws/install/lidar_object_detection_ros2/include/lidar_object_detection_ros2/msg/detail/object__rosidl_typesupport_fastrtps_c.h
[1.369s] -- Up-to-date: /home/f1tenth/f1tenth_mrc_ws/install/lidar_object_detection_ros2/include/lidar_object_detection_ros2/msg/detail/l_shape__rosidl_typesupport_fastrtps_c.h
[1.369s] -- Up-to-date: /home/f1tenth/f1tenth_mrc_ws/install/lidar_object_detection_ros2/include/lidar_object_detection_ros2/msg/detail/scan_clusters__rosidl_typesupport_fastrtps_c.h
[1.370s] -- Up-to-date: /home/f1tenth/f1tenth_mrc_ws/install/lidar_object_detection_ros2/lib/liblidar_object_detection_ros2__rosidl_typesupport_fastrtps_c.so
[1.371s] -- Up-to-date: /home/f1tenth/f1tenth_mrc_ws/install/lidar_object_detection_ros2/include/lidar_object_detection_ros2
[1.371s] -- Up-to-date: /home/f1tenth/f1tenth_mrc_ws/install/lidar_object_detection_ros2/include/lidar_object_detection_ros2/msg
[1.372s] -- Up-to-date: /home/f1tenth/f1tenth_mrc_ws/install/lidar_object_detection_ros2/include/lidar_object_detection_ros2/msg/detail
[1.372s] -- Up-to-date: /home/f1tenth/f1tenth_mrc_ws/install/lidar_object_detection_ros2/include/lidar_object_detection_ros2/msg/detail/scan_clusters__rosidl_typesupport_fastrtps_cpp.hpp
[1.372s] -- Up-to-date: /home/f1tenth/f1tenth_mrc_ws/install/lidar_object_detection_ros2/include/lidar_object_detection_ros2/msg/detail/objects_array__rosidl_typesupport_fastrtps_cpp.hpp
[1.372s] -- Up-to-date: /home/f1tenth/f1tenth_mrc_ws/install/lidar_object_detection_ros2/include/lidar_object_detection_ros2/msg/detail/l_shape__rosidl_typesupport_fastrtps_cpp.hpp
[1.373s] -- Up-to-date: /home/f1tenth/f1tenth_mrc_ws/install/lidar_object_detection_ros2/include/lidar_object_detection_ros2/msg/detail/object__rosidl_typesupport_fastrtps_cpp.hpp
[1.374s] -- Up-to-date: /home/f1tenth/f1tenth_mrc_ws/install/lidar_object_detection_ros2/include/lidar_object_detection_ros2/msg/detail/pose2_d__rosidl_typesupport_fastrtps_cpp.hpp
[1.374s] -- Up-to-date: /home/f1tenth/f1tenth_mrc_ws/install/lidar_object_detection_ros2/include/lidar_object_detection_ros2/msg/detail/dds_fastrtps
[1.375s] -- Up-to-date: /home/f1tenth/f1tenth_mrc_ws/install/lidar_object_detection_ros2/include/lidar_object_detection_ros2/msg/rosidl_typesupport_fastrtps_cpp__visibility_control.h
[1.375s] -- Up-to-date: /home/f1tenth/f1tenth_mrc_ws/install/lidar_object_detection_ros2/lib/liblidar_object_detection_ros2__rosidl_typesupport_fastrtps_cpp.so
[1.376s] -- Up-to-date: /home/f1tenth/f1tenth_mrc_ws/install/lidar_object_detection_ros2/include/lidar_object_detection_ros2
[1.376s] -- Up-to-date: /home/f1tenth/f1tenth_mrc_ws/install/lidar_object_detection_ros2/include/lidar_object_detection_ros2/msg
[1.376s] -- Up-to-date: /home/f1tenth/f1tenth_mrc_ws/install/lidar_object_detection_ros2/include/lidar_object_detection_ros2/msg/rosidl_typesupport_introspection_c__visibility_control.h
[1.377s] -- Up-to-date: /home/f1tenth/f1tenth_mrc_ws/install/lidar_object_detection_ros2/include/lidar_object_detection_ros2/msg/detail
[1.377s] -- Up-to-date: /home/f1tenth/f1tenth_mrc_ws/install/lidar_object_detection_ros2/include/lidar_object_detection_ros2/msg/detail/pose2_d__rosidl_typesupport_introspection_c.h
[1.377s] -- Up-to-date: /home/f1tenth/f1tenth_mrc_ws/install/lidar_object_detection_ros2/include/lidar_object_detection_ros2/msg/detail/scan_clusters__type_support.c
[1.377s] -- Up-to-date: /home/f1tenth/f1tenth_mrc_ws/install/lidar_object_detection_ros2/include/lidar_object_detection_ros2/msg/detail/l_shape__type_support.c
[1.378s] -- Up-to-date: /home/f1tenth/f1tenth_mrc_ws/install/lidar_object_detection_ros2/include/lidar_object_detection_ros2/msg/detail/object__rosidl_typesupport_introspection_c.h
[1.378s] -- Up-to-date: /home/f1tenth/f1tenth_mrc_ws/install/lidar_object_detection_ros2/include/lidar_object_detection_ros2/msg/detail/scan_clusters__rosidl_typesupport_introspection_c.h
[1.378s] -- Up-to-date: /home/f1tenth/f1tenth_mrc_ws/install/lidar_object_detection_ros2/include/lidar_object_detection_ros2/msg/detail/l_shape__rosidl_typesupport_introspection_c.h
[1.379s] -- Up-to-date: /home/f1tenth/f1tenth_mrc_ws/install/lidar_object_detection_ros2/include/lidar_object_detection_ros2/msg/detail/pose2_d__type_support.c
[1.379s] -- Up-to-date: /home/f1tenth/f1tenth_mrc_ws/install/lidar_object_detection_ros2/include/lidar_object_detection_ros2/msg/detail/objects_array__rosidl_typesupport_introspection_c.h
[1.380s] -- Up-to-date: /home/f1tenth/f1tenth_mrc_ws/install/lidar_object_detection_ros2/include/lidar_object_detection_ros2/msg/detail/objects_array__type_support.c
[1.380s] -- Up-to-date: /home/f1tenth/f1tenth_mrc_ws/install/lidar_object_detection_ros2/include/lidar_object_detection_ros2/msg/detail/object__type_support.c
[1.380s] -- Up-to-date: /home/f1tenth/f1tenth_mrc_ws/install/lidar_object_detection_ros2/lib/liblidar_object_detection_ros2__rosidl_typesupport_introspection_c.so
[1.382s] -- Up-to-date: /home/f1tenth/f1tenth_mrc_ws/install/lidar_object_detection_ros2/lib/liblidar_object_detection_ros2__rosidl_typesupport_c.so
[1.382s] -- Up-to-date: /home/f1tenth/f1tenth_mrc_ws/install/lidar_object_detection_ros2/include/lidar_object_detection_ros2
[1.382s] -- Up-to-date: /home/f1tenth/f1tenth_mrc_ws/install/lidar_object_detection_ros2/include/lidar_object_detection_ros2/msg
[1.382s] -- Up-to-date: /home/f1tenth/f1tenth_mrc_ws/install/lidar_object_detection_ros2/include/lidar_object_detection_ros2/msg/object.hpp
[1.383s] -- Up-to-date: /home/f1tenth/f1tenth_mrc_ws/install/lidar_object_detection_ros2/include/lidar_object_detection_ros2/msg/pose2_d.hpp
[1.383s] -- Up-to-date: /home/f1tenth/f1tenth_mrc_ws/install/lidar_object_detection_ros2/include/lidar_object_detection_ros2/msg/l_shape.hpp
[1.383s] -- Up-to-date: /home/f1tenth/f1tenth_mrc_ws/install/lidar_object_detection_ros2/include/lidar_object_detection_ros2/msg/objects_array.hpp
[1.383s] -- Up-to-date: /home/f1tenth/f1tenth_mrc_ws/install/lidar_object_detection_ros2/include/lidar_object_detection_ros2/msg/detail
[1.384s] -- Up-to-date: /home/f1tenth/f1tenth_mrc_ws/install/lidar_object_detection_ros2/include/lidar_object_detection_ros2/msg/detail/scan_clusters__traits.hpp
[1.384s] -- Up-to-date: /home/f1tenth/f1tenth_mrc_ws/install/lidar_object_detection_ros2/include/lidar_object_detection_ros2/msg/detail/objects_array__traits.hpp
[1.384s] -- Up-to-date: /home/f1tenth/f1tenth_mrc_ws/install/lidar_object_detection_ros2/include/lidar_object_detection_ros2/msg/detail/l_shape__traits.hpp
[1.385s] -- Up-to-date: /home/f1tenth/f1tenth_mrc_ws/install/lidar_object_detection_ros2/include/lidar_object_detection_ros2/msg/detail/object__struct.hpp
[1.385s] -- Up-to-date: /home/f1tenth/f1tenth_mrc_ws/install/lidar_object_detection_ros2/include/lidar_object_detection_ros2/msg/detail/pose2_d__builder.hpp
[1.385s] -- Up-to-date: /home/f1tenth/f1tenth_mrc_ws/install/lidar_object_detection_ros2/include/lidar_object_detection_ros2/msg/detail/l_shape__builder.hpp
[1.385s] -- Up-to-date: /home/f1tenth/f1tenth_mrc_ws/install/lidar_object_detection_ros2/include/lidar_object_detection_ros2/msg/detail/object__traits.hpp
[1.386s] -- Up-to-date: /home/f1tenth/f1tenth_mrc_ws/install/lidar_object_detection_ros2/include/lidar_object_detection_ros2/msg/detail/object__builder.hpp
[1.386s] -- Up-to-date: /home/f1tenth/f1tenth_mrc_ws/install/lidar_object_detection_ros2/include/lidar_object_detection_ros2/msg/detail/scan_clusters__struct.hpp
[1.386s] -- Up-to-date: /home/f1tenth/f1tenth_mrc_ws/install/lidar_object_detection_ros2/include/lidar_object_detection_ros2/msg/detail/scan_clusters__type_support.hpp
[1.387s] -- Up-to-date: /home/f1tenth/f1tenth_mrc_ws/install/lidar_object_detection_ros2/include/lidar_object_detection_ros2/msg/detail/objects_array__type_support.hpp
[1.387s] -- Up-to-date: /home/f1tenth/f1tenth_mrc_ws/install/lidar_object_detection_ros2/include/lidar_object_detection_ros2/msg/detail/pose2_d__struct.hpp
[1.388s] -- Up-to-date: /home/f1tenth/f1tenth_mrc_ws/install/lidar_object_detection_ros2/include/lidar_object_detection_ros2/msg/detail/pose2_d__traits.hpp
[1.388s] -- Up-to-date: /home/f1tenth/f1tenth_mrc_ws/install/lidar_object_detection_ros2/include/lidar_object_detection_ros2/msg/detail/objects_array__builder.hpp
[1.388s] -- Up-to-date: /home/f1tenth/f1tenth_mrc_ws/install/lidar_object_detection_ros2/include/lidar_object_detection_ros2/msg/detail/l_shape__struct.hpp
[1.388s] -- Up-to-date: /home/f1tenth/f1tenth_mrc_ws/install/lidar_object_detection_ros2/include/lidar_object_detection_ros2/msg/detail/pose2_d__type_support.hpp
[1.389s] -- Up-to-date: /home/f1tenth/f1tenth_mrc_ws/install/lidar_object_detection_ros2/include/lidar_object_detection_ros2/msg/detail/scan_clusters__builder.hpp
[1.389s] -- Up-to-date: /home/f1tenth/f1tenth_mrc_ws/install/lidar_object_detection_ros2/include/lidar_object_detection_ros2/msg/detail/l_shape__type_support.hpp
[1.389s] -- Up-to-date: /home/f1tenth/f1tenth_mrc_ws/install/lidar_object_detection_ros2/include/lidar_object_detection_ros2/msg/detail/object__type_support.hpp
[1.389s] -- Up-to-date: /home/f1tenth/f1tenth_mrc_ws/install/lidar_object_detection_ros2/include/lidar_object_detection_ros2/msg/detail/objects_array__struct.hpp
[1.390s] -- Up-to-date: /home/f1tenth/f1tenth_mrc_ws/install/lidar_object_detection_ros2/include/lidar_object_detection_ros2/msg/scan_clusters.hpp
[1.390s] -- Up-to-date: /home/f1tenth/f1tenth_mrc_ws/install/lidar_object_detection_ros2/include/lidar_object_detection_ros2/msg/rosidl_generator_cpp__visibility_control.hpp
[1.391s] -- Up-to-date: /home/f1tenth/f1tenth_mrc_ws/install/lidar_object_detection_ros2/include/lidar_object_detection_ros2
[1.391s] -- Up-to-date: /home/f1tenth/f1tenth_mrc_ws/install/lidar_object_detection_ros2/include/lidar_object_detection_ros2/msg
[1.392s] -- Up-to-date: /home/f1tenth/f1tenth_mrc_ws/install/lidar_object_detection_ros2/include/lidar_object_detection_ros2/msg/detail
[1.392s] -- Up-to-date: /home/f1tenth/f1tenth_mrc_ws/install/lidar_object_detection_ros2/include/lidar_object_detection_ros2/msg/detail/object__rosidl_typesupport_introspection_cpp.hpp
[1.392s] -- Up-to-date: /home/f1tenth/f1tenth_mrc_ws/install/lidar_object_detection_ros2/include/lidar_object_detection_ros2/msg/detail/scan_clusters__rosidl_typesupport_introspection_cpp.hpp
[1.392s] -- Up-to-date: /home/f1tenth/f1tenth_mrc_ws/install/lidar_object_detection_ros2/include/lidar_object_detection_ros2/msg/detail/objects_array__type_support.cpp
[1.393s] -- Up-to-date: /home/f1tenth/f1tenth_mrc_ws/install/lidar_object_detection_ros2/include/lidar_object_detection_ros2/msg/detail/l_shape__type_support.cpp
[1.393s] -- Up-to-date: /home/f1tenth/f1tenth_mrc_ws/install/lidar_object_detection_ros2/include/lidar_object_detection_ros2/msg/detail/l_shape__rosidl_typesupport_introspection_cpp.hpp
[1.393s] -- Up-to-date: /home/f1tenth/f1tenth_mrc_ws/install/lidar_object_detection_ros2/include/lidar_object_detection_ros2/msg/detail/objects_array__rosidl_typesupport_introspection_cpp.hpp
[1.393s] -- Up-to-date: /home/f1tenth/f1tenth_mrc_ws/install/lidar_object_detection_ros2/include/lidar_object_detection_ros2/msg/detail/pose2_d__type_support.cpp
[1.394s] -- Up-to-date: /home/f1tenth/f1tenth_mrc_ws/install/lidar_object_detection_ros2/include/lidar_object_detection_ros2/msg/detail/object__type_support.cpp
[1.394s] -- Up-to-date: /home/f1tenth/f1tenth_mrc_ws/install/lidar_object_detection_ros2/include/lidar_object_detection_ros2/msg/detail/scan_clusters__type_support.cpp
[1.394s] -- Up-to-date: /home/f1tenth/f1tenth_mrc_ws/install/lidar_object_detection_ros2/include/lidar_object_detection_ros2/msg/detail/pose2_d__rosidl_typesupport_introspection_cpp.hpp
[1.394s] -- Up-to-date: /home/f1tenth/f1tenth_mrc_ws/install/lidar_object_detection_ros2/lib/liblidar_object_detection_ros2__rosidl_typesupport_introspection_cpp.so
[1.395s] -- Up-to-date: /home/f1tenth/f1tenth_mrc_ws/install/lidar_object_detection_ros2/lib/liblidar_object_detection_ros2__rosidl_typesupport_cpp.so
[1.395s] -- Up-to-date: /home/f1tenth/f1tenth_mrc_ws/install/lidar_object_detection_ros2/share/lidar_object_detection_ros2/environment/pythonpath.sh
[1.395s] -- Up-to-date: /home/f1tenth/f1tenth_mrc_ws/install/lidar_object_detection_ros2/share/lidar_object_detection_ros2/environment/pythonpath.dsv
[1.396s] -- Up-to-date: /home/f1tenth/f1tenth_mrc_ws/install/lidar_object_detection_ros2/lib/python3.8/site-packages/lidar_object_detection_ros2/__init__.py
[1.536s] -- Up-to-date: /home/f1tenth/f1tenth_mrc_ws/install/lidar_object_detection_ros2/lib/python3.8/site-packages/lidar_object_detection_ros2/msg
[1.537s] -- Up-to-date: /home/f1tenth/f1tenth_mrc_ws/install/lidar_object_detection_ros2/lib/python3.8/site-packages/lidar_object_detection_ros2/msg/_object_s.c
[1.537s] -- Up-to-date: /home/f1tenth/f1tenth_mrc_ws/install/lidar_object_detection_ros2/lib/python3.8/site-packages/lidar_object_detection_ros2/msg/_pose2_d_s.c
[1.538s] -- Up-to-date: /home/f1tenth/f1tenth_mrc_ws/install/lidar_object_detection_ros2/lib/python3.8/site-packages/lidar_object_detection_ros2/msg/_object.py
[1.538s] -- Up-to-date: /home/f1tenth/f1tenth_mrc_ws/install/lidar_object_detection_ros2/lib/python3.8/site-packages/lidar_object_detection_ros2/msg/_objects_array.py
[1.538s] -- Up-to-date: /home/f1tenth/f1tenth_mrc_ws/install/lidar_object_detection_ros2/lib/python3.8/site-packages/lidar_object_detection_ros2/msg/_pose2_d.py
[1.539s] -- Up-to-date: /home/f1tenth/f1tenth_mrc_ws/install/lidar_object_detection_ros2/lib/python3.8/site-packages/lidar_object_detection_ros2/msg/_scan_clusters_s.c
[1.539s] -- Up-to-date: /home/f1tenth/f1tenth_mrc_ws/install/lidar_object_detection_ros2/lib/python3.8/site-packages/lidar_object_detection_ros2/msg/_objects_array_s.c
[1.539s] -- Up-to-date: /home/f1tenth/f1tenth_mrc_ws/install/lidar_object_detection_ros2/lib/python3.8/site-packages/lidar_object_detection_ros2/msg/_l_shape_s.c
[1.540s] -- Up-to-date: /home/f1tenth/f1tenth_mrc_ws/install/lidar_object_detection_ros2/lib/python3.8/site-packages/lidar_object_detection_ros2/msg/_scan_clusters.py
[1.540s] -- Up-to-date: /home/f1tenth/f1tenth_mrc_ws/install/lidar_object_detection_ros2/lib/python3.8/site-packages/lidar_object_detection_ros2/msg/_l_shape.py
[1.540s] -- Up-to-date: /home/f1tenth/f1tenth_mrc_ws/install/lidar_object_detection_ros2/lib/python3.8/site-packages/lidar_object_detection_ros2/msg/__init__.py
[1.541s] -- Up-to-date: /home/f1tenth/f1tenth_mrc_ws/install/lidar_object_detection_ros2/lib/python3.8/site-packages/lidar_object_detection_ros2/lidar_object_detection_ros2_s__rosidl_typesupport_fastrtps_c.cpython-38-aarch64-linux-gnu.so
[1.542s] -- Up-to-date: /home/f1tenth/f1tenth_mrc_ws/install/lidar_object_detection_ros2/lib/python3.8/site-packages/lidar_object_detection_ros2/lidar_object_detection_ros2_s__rosidl_typesupport_introspection_c.cpython-38-aarch64-linux-gnu.so
[1.545s] -- Up-to-date: /home/f1tenth/f1tenth_mrc_ws/install/lidar_object_detection_ros2/lib/python3.8/site-packages/lidar_object_detection_ros2/lidar_object_detection_ros2_s__rosidl_typesupport_c.cpython-38-aarch64-linux-gnu.so
[1.548s] -- Up-to-date: /home/f1tenth/f1tenth_mrc_ws/install/lidar_object_detection_ros2/lib/liblidar_object_detection_ros2__python.so
[1.550s] -- Up-to-date: /home/f1tenth/f1tenth_mrc_ws/install/lidar_object_detection_ros2/share/lidar_object_detection_ros2/msg/Pose2D.idl
[1.550s] -- Up-to-date: /home/f1tenth/f1tenth_mrc_ws/install/lidar_object_detection_ros2/share/lidar_object_detection_ros2/msg/LShape.idl
[1.550s] -- Up-to-date: /home/f1tenth/f1tenth_mrc_ws/install/lidar_object_detection_ros2/share/lidar_object_detection_ros2/msg/Object.idl
[1.551s] -- Up-to-date: /home/f1tenth/f1tenth_mrc_ws/install/lidar_object_detection_ros2/share/lidar_object_detection_ros2/msg/ObjectsArray.idl
[1.551s] -- Up-to-date: /home/f1tenth/f1tenth_mrc_ws/install/lidar_object_detection_ros2/share/lidar_object_detection_ros2/msg/ScanClusters.idl
[1.552s] -- Up-to-date: /home/f1tenth/f1tenth_mrc_ws/install/lidar_object_detection_ros2/share/lidar_object_detection_ros2/msg/Pose2D.msg
[1.552s] -- Up-to-date: /home/f1tenth/f1tenth_mrc_ws/install/lidar_object_detection_ros2/share/lidar_object_detection_ros2/msg/LShape.msg
[1.552s] -- Up-to-date: /home/f1tenth/f1tenth_mrc_ws/install/lidar_object_detection_ros2/share/lidar_object_detection_ros2/msg/Object.msg
[1.553s] -- Up-to-date: /home/f1tenth/f1tenth_mrc_ws/install/lidar_object_detection_ros2/share/lidar_object_detection_ros2/msg/ObjectsArray.msg
[1.553s] -- Up-to-date: /home/f1tenth/f1tenth_mrc_ws/install/lidar_object_detection_ros2/share/lidar_object_detection_ros2/msg/ScanClusters.msg
[1.554s] -- Up-to-date: /home/f1tenth/f1tenth_mrc_ws/install/lidar_object_detection_ros2/lib/lidar_object_detection_ros2/lidar_object_detection.py
[1.554s] -- Up-to-date: /home/f1tenth/f1tenth_mrc_ws/install/lidar_object_detection_ros2/lib/lidar_object_detection_ros2/lod_visualization.py
[1.555s] -- Installing: /home/f1tenth/f1tenth_mrc_ws/install/lidar_object_detection_ros2/lib/lidar_object_detection_ros2/UKF_fusion.py
[1.555s] -- Up-to-date: /home/f1tenth/f1tenth_mrc_ws/install/lidar_object_detection_ros2/lib/lidar_object_detection_ros2/pose_estimation_UKF.py
[1.556s] -- Up-to-date: /home/f1tenth/f1tenth_mrc_ws/install/lidar_object_detection_ros2/share/lidar_object_detection_ros2//launch
[1.556s] -- Up-to-date: /home/f1tenth/f1tenth_mrc_ws/install/lidar_object_detection_ros2/share/lidar_object_detection_ros2//launch/lod_launch.py
[1.556s] -- Up-to-date: /home/f1tenth/f1tenth_mrc_ws/install/lidar_object_detection_ros2/share/ament_index/resource_index/package_run_dependencies/lidar_object_detection_ros2
[1.557s] -- Up-to-date: /home/f1tenth/f1tenth_mrc_ws/install/lidar_object_detection_ros2/share/ament_index/resource_index/parent_prefix_path/lidar_object_detection_ros2
[1.557s] -- Up-to-date: /home/f1tenth/f1tenth_mrc_ws/install/lidar_object_detection_ros2/share/lidar_object_detection_ros2/environment/ament_prefix_path.sh
[1.558s] -- Up-to-date: /home/f1tenth/f1tenth_mrc_ws/install/lidar_object_detection_ros2/share/lidar_object_detection_ros2/environment/ament_prefix_path.dsv
[1.558s] -- Up-to-date: /home/f1tenth/f1tenth_mrc_ws/install/lidar_object_detection_ros2/share/lidar_object_detection_ros2/environment/path.sh
[1.558s] -- Up-to-date: /home/f1tenth/f1tenth_mrc_ws/install/lidar_object_detection_ros2/share/lidar_object_detection_ros2/environment/path.dsv
[1.561s] -- Up-to-date: /home/f1tenth/f1tenth_mrc_ws/install/lidar_object_detection_ros2/share/lidar_object_detection_ros2/local_setup.bash
[1.561s] -- Up-to-date: /home/f1tenth/f1tenth_mrc_ws/install/lidar_object_detection_ros2/share/lidar_object_detection_ros2/local_setup.sh
[1.562s] -- Up-to-date: /home/f1tenth/f1tenth_mrc_ws/install/lidar_object_detection_ros2/share/lidar_object_detection_ros2/local_setup.zsh
[1.562s] -- Up-to-date: /home/f1tenth/f1tenth_mrc_ws/install/lidar_object_detection_ros2/share/lidar_object_detection_ros2/local_setup.dsv
[1.563s] -- Installing: /home/f1tenth/f1tenth_mrc_ws/install/lidar_object_detection_ros2/share/lidar_object_detection_ros2/package.dsv
[1.563s] -- Up-to-date: /home/f1tenth/f1tenth_mrc_ws/install/lidar_object_detection_ros2/share/ament_index/resource_index/packages/lidar_object_detection_ros2
[1.563s] -- Up-to-date: /home/f1tenth/f1tenth_mrc_ws/install/lidar_object_detection_ros2/share/lidar_object_detection_ros2/cmake/lidar_object_detection_ros2__rosidl_generator_cExport.cmake
[1.564s] -- Up-to-date: /home/f1tenth/f1tenth_mrc_ws/install/lidar_object_detection_ros2/share/lidar_object_detection_ros2/cmake/lidar_object_detection_ros2__rosidl_generator_cExport-noconfig.cmake
[1.564s] -- Up-to-date: /home/f1tenth/f1tenth_mrc_ws/install/lidar_object_detection_ros2/share/lidar_object_detection_ros2/cmake/lidar_object_detection_ros2__rosidl_typesupport_introspection_cExport.cmake
[1.565s] -- Up-to-date: /home/f1tenth/f1tenth_mrc_ws/install/lidar_object_detection_ros2/share/lidar_object_detection_ros2/cmake/lidar_object_detection_ros2__rosidl_typesupport_introspection_cExport-noconfig.cmake
[1.565s] -- Up-to-date: /home/f1tenth/f1tenth_mrc_ws/install/lidar_object_detection_ros2/share/lidar_object_detection_ros2/cmake/lidar_object_detection_ros2__rosidl_typesupport_cExport.cmake
[1.565s] -- Up-to-date: /home/f1tenth/f1tenth_mrc_ws/install/lidar_object_detection_ros2/share/lidar_object_detection_ros2/cmake/lidar_object_detection_ros2__rosidl_typesupport_cExport-noconfig.cmake
[1.566s] -- Up-to-date: /home/f1tenth/f1tenth_mrc_ws/install/lidar_object_detection_ros2/share/lidar_object_detection_ros2/cmake/lidar_object_detection_ros2__rosidl_generator_cppExport.cmake
[1.566s] -- Up-to-date: /home/f1tenth/f1tenth_mrc_ws/install/lidar_object_detection_ros2/share/lidar_object_detection_ros2/cmake/lidar_object_detection_ros2__rosidl_typesupport_introspection_cppExport.cmake
[1.567s] -- Up-to-date: /home/f1tenth/f1tenth_mrc_ws/install/lidar_object_detection_ros2/share/lidar_object_detection_ros2/cmake/lidar_object_detection_ros2__rosidl_typesupport_introspection_cppExport-noconfig.cmake
[1.568s] -- Up-to-date: /home/f1tenth/f1tenth_mrc_ws/install/lidar_object_detection_ros2/share/lidar_object_detection_ros2/cmake/lidar_object_detection_ros2__rosidl_typesupport_cppExport.cmake
[1.569s] -- Up-to-date: /home/f1tenth/f1tenth_mrc_ws/install/lidar_object_detection_ros2/share/lidar_object_detection_ros2/cmake/lidar_object_detection_ros2__rosidl_typesupport_cppExport-noconfig.cmake
[1.570s] -- Up-to-date: /home/f1tenth/f1tenth_mrc_ws/install/lidar_object_detection_ros2/share/lidar_object_detection_ros2/cmake/rosidl_cmake-extras.cmake
[1.570s] -- Up-to-date: /home/f1tenth/f1tenth_mrc_ws/install/lidar_object_detection_ros2/share/lidar_object_detection_ros2/cmake/ament_cmake_export_dependencies-extras.cmake
[1.571s] -- Up-to-date: /home/f1tenth/f1tenth_mrc_ws/install/lidar_object_detection_ros2/share/lidar_object_detection_ros2/cmake/ament_cmake_export_libraries-extras.cmake
[1.571s] -- Up-to-date: /home/f1tenth/f1tenth_mrc_ws/install/lidar_object_detection_ros2/share/lidar_object_detection_ros2/cmake/ament_cmake_export_targets-extras.cmake
[1.572s] -- Up-to-date: /home/f1tenth/f1tenth_mrc_ws/install/lidar_object_detection_ros2/share/lidar_object_detection_ros2/cmake/ament_cmake_export_include_directories-extras.cmake
[1.572s] -- Up-to-date: /home/f1tenth/f1tenth_mrc_ws/install/lidar_object_detection_ros2/share/lidar_object_detection_ros2/cmake/rosidl_cmake_export_typesupport_libraries-extras.cmake
[1.572s] -- Up-to-date: /home/f1tenth/f1tenth_mrc_ws/install/lidar_object_detection_ros2/share/lidar_object_detection_ros2/cmake/rosidl_cmake_export_typesupport_targets-extras.cmake
[1.572s] -- Up-to-date: /home/f1tenth/f1tenth_mrc_ws/install/lidar_object_detection_ros2/share/lidar_object_detection_ros2/cmake/lidar_object_detection_ros2Config.cmake
[1.573s] -- Up-to-date: /home/f1tenth/f1tenth_mrc_ws/install/lidar_object_detection_ros2/share/lidar_object_detection_ros2/cmake/lidar_object_detection_ros2Config-version.cmake
[1.573s] -- Up-to-date: /home/f1tenth/f1tenth_mrc_ws/install/lidar_object_detection_ros2/share/lidar_object_detection_ros2/package.xml
[1.583s] Invoked command in '/home/f1tenth/f1tenth_mrc_ws/build/lidar_object_detection_ros2' returned '0': CMAKE_PREFIX_PATH=${CMAKE_PREFIX_PATH}:/home/f1tenth/f1tenth_mrc_ws/install/waypoint_logger:/home/f1tenth/f1tenth_mrc_ws/install/rrt_package:/home/f1tenth/f1tenth_mrc_ws/install/ppo_racing:/home/f1tenth/f1tenth_mrc_ws/install/particle_filter:/home/f1tenth/f1tenth_mrc_ws/install/f1tenth_gym_ros:/home/f1tenth/f1tenth_mrc_ws/install/camera_pkg:/opt/ros/foxy /usr/bin/cmake --install /home/f1tenth/f1tenth_mrc_ws/build/lidar_object_detection_ros2
