[0.066s] Invoking command in '/home/f1tenth/realsense_ws/build/realsense2_camera': AMENT_PREFIX_PATH=/home/f1tenth/realsense_ws/install/realsense2_camera_msgs:${AMENT_PREFIX_PATH} CMAKE_PREFIX_PATH=/home/f1tenth/realsense_ws/install/realsense2_camera_msgs:/opt/ros/foxy LD_LIBRARY_PATH=/home/f1tenth/realsense_ws/install/realsense2_camera_msgs/lib:${LD_LIBRARY_PATH} PYTHONPATH=/home/f1tenth/realsense_ws/install/realsense2_camera_msgs/lib/python3.8/site-packages:${PYTHONPATH} /usr/bin/cmake /home/f1tenth/realsense_ws/src/realsense-ros/realsense2_camera -DCMAKE_INSTALL_PREFIX=/home/f1tenth/realsense_ws/install/realsense2_camera
[0.331s] -- The C compiler identification is GNU 9.4.0
[0.572s] -- The CXX compiler identification is GNU 9.4.0
[0.590s] -- Check for working C compiler: /usr/bin/cc
[0.880s] -- Check for working C compiler: /usr/bin/cc -- works
[0.885s] -- Detecting C compiler ABI info
[1.168s] -- Detecting C compiler ABI info - done
[1.222s] -- Detecting C compile features
[1.223s] -- Detecting C compile features - done
[1.233s] -- Check for working CXX compiler: /usr/bin/c++
[1.545s] -- Check for working CXX compiler: /usr/bin/c++ -- works
[1.550s] -- Detecting CXX compiler ABI info
[1.878s] -- Detecting CXX compiler ABI info - done
[1.926s] -- Detecting CXX compile features
[1.928s] -- Detecting CXX compile features - done
[1.931s] -- Create Release Build.
[1.938s] -- Found ament_cmake: 0.9.12 (/opt/ros/foxy/share/ament_cmake/cmake)
[2.040s] -- Found PythonInterp: /usr/bin/python3 (found suitable version "3.8.10", minimum required is "3") 
[2.041s] -- Using PYTHON_EXECUTABLE: /usr/bin/python3
[2.872s] -- Found builtin_interfaces: 1.0.0 (/opt/ros/foxy/share/builtin_interfaces/cmake)
[2.969s] -- Using all available rosidl_typesupport_c: rosidl_typesupport_fastrtps_c;rosidl_typesupport_introspection_c
[2.996s] -- Found rosidl_adapter: 1.3.1 (/opt/ros/foxy/share/rosidl_adapter/cmake)
[3.373s] -- Found OpenSSL: /usr/lib/aarch64-linux-gnu/libcrypto.so (found version "1.1.1f")  
[3.494s] -- Found FastRTPS: /opt/ros/foxy/include  
[3.768s] -- Using all available rosidl_typesupport_cpp: rosidl_typesupport_fastrtps_cpp;rosidl_typesupport_introspection_cpp
[3.875s] -- Found cv_bridge: 3.0.7 (/opt/ros/foxy/share/cv_bridge/cmake)
[4.371s] -- Found image_transport: 2.4.0 (/opt/ros/foxy/share/image_transport/cmake)
[4.540s] -- Found rmw_implementation_cmake: 1.0.4 (/opt/ros/foxy/share/rmw_implementation_cmake/cmake)
[4.544s] -- Using RMW implementation 'rmw_fastrtps_cpp' as default
[4.547s] -- Looking for pthread.h
[4.847s] -- Looking for pthread.h - found
[4.849s] -- Performing Test CMAKE_HAVE_LIBC_PTHREAD
[5.157s] -- Performing Test CMAKE_HAVE_LIBC_PTHREAD - Failed
[5.161s] -- Looking for pthread_create in pthreads
[5.421s] -- Looking for pthread_create in pthreads - not found
[5.422s] -- Looking for pthread_create in pthread
[5.715s] -- Looking for pthread_create in pthread - found
[5.720s] -- Found Threads: TRUE  
[6.322s] -- Found rclcpp_components: 2.4.3 (/opt/ros/foxy/share/rclcpp_components/cmake)
[6.475s] -- Found realsense2_camera_msgs: 3.2.3 (/home/f1tenth/realsense_ws/install/realsense2_camera_msgs/share/realsense2_camera_msgs/cmake)
[6.592s] -- Found std_srvs: 2.0.5 (/opt/ros/foxy/share/std_srvs/cmake)
[6.630s] -- Found nav_msgs: 2.0.5 (/opt/ros/foxy/share/nav_msgs/cmake)
[6.843s] -- Found tf2_ros: 0.13.14 (/opt/ros/foxy/share/tf2_ros/cmake)
[7.663s] -- Found diagnostic_updater: 3.1.2 (/opt/ros/foxy/share/diagnostic_updater/cmake)
[7.857s] -- Build for ROS2 Foxy
[7.932s] -- Found ament_lint_auto: 0.9.8 (/opt/ros/foxy/share/ament_lint_auto/cmake)
[7.942s] -- Found OpenCV: /usr (found version "4.5.4") 
[8.272s] -- Added test 'copyright' to check source files copyright and LICENSE
[8.284s] -- Added test 'cppcheck' to perform static code analysis on C / C++ code
[8.285s] -- Configured cppcheck include dirs: /home/f1tenth/realsense_ws/src/realsense-ros/realsense2_camera/include
[8.285s] -- Configured cppcheck exclude dirs and/or files: 
[8.297s] -- Added test 'cpplint' to check C / C++ code against the Google style
[8.297s] -- Configured cpplint exclude dirs and/or files: 
[8.300s] -- Added test 'flake8' to check Python code syntax and style conventions
[8.304s] -- Added test 'lint_cmake' to check CMake code style
[8.307s] -- Added test 'pep257' to check Python code against some of the style conventions in PEP 257
[8.318s] -- Added test 'uncrustify' to check C / C++ code style
[8.319s] -- Configured uncrustify additional arguments: 
[8.321s] -- Added test 'xmllint' to check XML markup files
[8.350s] -- Configuring done
[8.494s] -- Generating done
[8.546s] -- Build files have been written to: /home/f1tenth/realsense_ws/build/realsense2_camera
[8.583s] Invoked command in '/home/f1tenth/realsense_ws/build/realsense2_camera' returned '0': AMENT_PREFIX_PATH=/home/f1tenth/realsense_ws/install/realsense2_camera_msgs:${AMENT_PREFIX_PATH} CMAKE_PREFIX_PATH=/home/f1tenth/realsense_ws/install/realsense2_camera_msgs:/opt/ros/foxy LD_LIBRARY_PATH=/home/f1tenth/realsense_ws/install/realsense2_camera_msgs/lib:${LD_LIBRARY_PATH} PYTHONPATH=/home/f1tenth/realsense_ws/install/realsense2_camera_msgs/lib/python3.8/site-packages:${PYTHONPATH} /usr/bin/cmake /home/f1tenth/realsense_ws/src/realsense-ros/realsense2_camera -DCMAKE_INSTALL_PREFIX=/home/f1tenth/realsense_ws/install/realsense2_camera
[8.596s] Invoking command in '/home/f1tenth/realsense_ws/build/realsense2_camera': AMENT_PREFIX_PATH=/home/f1tenth/realsense_ws/install/realsense2_camera_msgs:${AMENT_PREFIX_PATH} CMAKE_PREFIX_PATH=/home/f1tenth/realsense_ws/install/realsense2_camera_msgs:/opt/ros/foxy LD_LIBRARY_PATH=/home/f1tenth/realsense_ws/install/realsense2_camera_msgs/lib:${LD_LIBRARY_PATH} PYTHONPATH=/home/f1tenth/realsense_ws/install/realsense2_camera_msgs/lib/python3.8/site-packages:${PYTHONPATH} /usr/bin/cmake --build /home/f1tenth/realsense_ws/build/realsense2_camera -- -j4 -l4
[8.763s] [35m[1mScanning dependencies of target realsense2_camera_node[0m
[8.765s] [35m[1mScanning dependencies of target realsense2_camera[0m
[8.928s] [ 12%] [32mBuilding CXX object CMakeFiles/realsense2_camera_node.dir/rclcpp_components/node_main_realsense2_camera_node.cpp.o[0m
[9.160s] [ 37%] [32mBuilding CXX object CMakeFiles/realsense2_camera.dir/src/t265_realsense_node.cpp.o[0m
[9.161s] [ 37%] [32mBuilding CXX object CMakeFiles/realsense2_camera.dir/src/realsense_node_factory.cpp.o[0m
[9.162s] [ 50%] [32mBuilding CXX object CMakeFiles/realsense2_camera.dir/src/base_realsense_node.cpp.o[0m
[20.776s] [ 62%] [32m[1mLinking CXX executable realsense2_camera_node[0m
[21.219s] [ 62%] Built target realsense2_camera_node
[21.258s] [ 75%] [32mBuilding CXX object CMakeFiles/realsense2_camera.dir/src/dynamic_params.cpp.o[0m
[37.420s] [ 87%] [32mBuilding CXX object CMakeFiles/realsense2_camera.dir/src/ros_param_backend_foxy.cpp.o[0m
[121.016s] [100%] [32m[1mLinking CXX shared library librealsense2_camera.so[0m
[122.889s] [100%] Built target realsense2_camera
[122.941s] Invoked command in '/home/f1tenth/realsense_ws/build/realsense2_camera' returned '0': AMENT_PREFIX_PATH=/home/f1tenth/realsense_ws/install/realsense2_camera_msgs:${AMENT_PREFIX_PATH} CMAKE_PREFIX_PATH=/home/f1tenth/realsense_ws/install/realsense2_camera_msgs:/opt/ros/foxy LD_LIBRARY_PATH=/home/f1tenth/realsense_ws/install/realsense2_camera_msgs/lib:${LD_LIBRARY_PATH} PYTHONPATH=/home/f1tenth/realsense_ws/install/realsense2_camera_msgs/lib/python3.8/site-packages:${PYTHONPATH} /usr/bin/cmake --build /home/f1tenth/realsense_ws/build/realsense2_camera -- -j4 -l4
[122.956s] Invoking command in '/home/f1tenth/realsense_ws/build/realsense2_camera': AMENT_PREFIX_PATH=/home/f1tenth/realsense_ws/install/realsense2_camera_msgs:${AMENT_PREFIX_PATH} CMAKE_PREFIX_PATH=/home/f1tenth/realsense_ws/install/realsense2_camera_msgs:/opt/ros/foxy LD_LIBRARY_PATH=/home/f1tenth/realsense_ws/install/realsense2_camera_msgs/lib:${LD_LIBRARY_PATH} PYTHONPATH=/home/f1tenth/realsense_ws/install/realsense2_camera_msgs/lib/python3.8/site-packages:${PYTHONPATH} /usr/bin/cmake --install /home/f1tenth/realsense_ws/build/realsense2_camera
[122.989s] -- Install configuration: "Release"
[122.990s] -- Installing: /home/f1tenth/realsense_ws/install/realsense2_camera/lib/realsense2_camera/realsense2_camera_node
[122.992s] -- Set runtime path of "/home/f1tenth/realsense_ws/install/realsense2_camera/lib/realsense2_camera/realsense2_camera_node" to ""
[122.993s] -- Installing: /home/f1tenth/realsense_ws/install/realsense2_camera/lib/librealsense2_camera.so
[123.009s] -- Set runtime path of "/home/f1tenth/realsense_ws/install/realsense2_camera/lib/librealsense2_camera.so" to ""
[123.009s] -- Installing: /home/f1tenth/realsense_ws/install/realsense2_camera/include
[123.010s] -- Installing: /home/f1tenth/realsense_ws/install/realsense2_camera/include/base_realsense_node.h
[123.010s] -- Installing: /home/f1tenth/realsense_ws/install/realsense2_camera/include/dynamic_params.h
[123.011s] -- Installing: /home/f1tenth/realsense_ws/install/realsense2_camera/include/t265_realsense_node.h
[123.011s] -- Installing: /home/f1tenth/realsense_ws/install/realsense2_camera/include/constants.h
[123.012s] -- Installing: /home/f1tenth/realsense_ws/install/realsense2_camera/include/realsense_node_factory.h
[123.012s] -- Installing: /home/f1tenth/realsense_ws/install/realsense2_camera/include/ros_param_backend.h
[123.013s] -- Installing: /home/f1tenth/realsense_ws/install/realsense2_camera/share/realsense2_camera/launch
[123.015s] -- Installing: /home/f1tenth/realsense_ws/install/realsense2_camera/share/realsense2_camera/launch/rs_d400_and_t265_launch.py
[123.015s] -- Installing: /home/f1tenth/realsense_ws/install/realsense2_camera/share/realsense2_camera/launch/rs_launch.py
[123.016s] -- Installing: /home/f1tenth/realsense_ws/install/realsense2_camera/share/realsense2_camera/launch/default.rviz
[123.016s] -- Installing: /home/f1tenth/realsense_ws/install/realsense2_camera/share/realsense2_camera/launch/demo_pointcloud_launch.py
[123.017s] -- Installing: /home/f1tenth/realsense_ws/install/realsense2_camera/share/realsense2_camera/launch/rs_t265_launch.py
[123.017s] -- Installing: /home/f1tenth/realsense_ws/install/realsense2_camera/share/realsense2_camera/launch/rs_multi_camera_launch.py
[123.018s] -- Installing: /home/f1tenth/realsense_ws/install/realsense2_camera/share/realsense2_camera/launch/demo_t265_launch.py
[123.018s] -- Installing: /home/f1tenth/realsense_ws/install/realsense2_camera/share/realsense2_camera/config
[123.019s] -- Installing: /home/f1tenth/realsense_ws/install/realsense2_camera/share/realsense2_camera/config/d435i.yaml
[123.019s] -- Installing: /home/f1tenth/realsense_ws/install/realsense2_camera/share/realsense2_camera/rviz
[123.019s] -- Installing: /home/f1tenth/realsense_ws/install/realsense2_camera/share/realsense2_camera/rviz/t265.rviz
[123.020s] -- Installing: /home/f1tenth/realsense_ws/install/realsense2_camera/share/realsense2_camera/rviz/pointcloud.rviz
[123.020s] -- Installing: /home/f1tenth/realsense_ws/install/realsense2_camera/share/realsense2_camera/environment/library_path.sh
[123.021s] -- Installing: /home/f1tenth/realsense_ws/install/realsense2_camera/share/realsense2_camera/environment/library_path.dsv
[123.022s] -- Installing: /home/f1tenth/realsense_ws/install/realsense2_camera/share/ament_index/resource_index/package_run_dependencies/realsense2_camera
[123.023s] -- Installing: /home/f1tenth/realsense_ws/install/realsense2_camera/share/ament_index/resource_index/parent_prefix_path/realsense2_camera
[123.024s] -- Installing: /home/f1tenth/realsense_ws/install/realsense2_camera/share/realsense2_camera/environment/ament_prefix_path.sh
[123.026s] -- Installing: /home/f1tenth/realsense_ws/install/realsense2_camera/share/realsense2_camera/environment/ament_prefix_path.dsv
[123.026s] -- Installing: /home/f1tenth/realsense_ws/install/realsense2_camera/share/realsense2_camera/environment/path.sh
[123.027s] -- Installing: /home/f1tenth/realsense_ws/install/realsense2_camera/share/realsense2_camera/environment/path.dsv
[123.027s] -- Installing: /home/f1tenth/realsense_ws/install/realsense2_camera/share/realsense2_camera/local_setup.bash
[123.027s] -- Installing: /home/f1tenth/realsense_ws/install/realsense2_camera/share/realsense2_camera/local_setup.sh
[123.028s] -- Installing: /home/f1tenth/realsense_ws/install/realsense2_camera/share/realsense2_camera/local_setup.zsh
[123.029s] -- Installing: /home/f1tenth/realsense_ws/install/realsense2_camera/share/realsense2_camera/local_setup.dsv
[123.029s] -- Installing: /home/f1tenth/realsense_ws/install/realsense2_camera/share/realsense2_camera/package.dsv
[123.030s] -- Installing: /home/f1tenth/realsense_ws/install/realsense2_camera/share/ament_index/resource_index/packages/realsense2_camera
[123.031s] -- Installing: /home/f1tenth/realsense_ws/install/realsense2_camera/share/ament_index/resource_index/rclcpp_components/realsense2_camera
[123.032s] -- Installing: /home/f1tenth/realsense_ws/install/realsense2_camera/share/realsense2_camera/cmake/ament_cmake_export_include_directories-extras.cmake
[123.033s] -- Installing: /home/f1tenth/realsense_ws/install/realsense2_camera/share/realsense2_camera/cmake/ament_cmake_export_libraries-extras.cmake
[123.034s] -- Installing: /home/f1tenth/realsense_ws/install/realsense2_camera/share/realsense2_camera/cmake/ament_cmake_export_dependencies-extras.cmake
[123.035s] -- Installing: /home/f1tenth/realsense_ws/install/realsense2_camera/share/realsense2_camera/cmake/realsense2_cameraConfig.cmake
[123.035s] -- Installing: /home/f1tenth/realsense_ws/install/realsense2_camera/share/realsense2_camera/cmake/realsense2_cameraConfig-version.cmake
[123.036s] -- Installing: /home/f1tenth/realsense_ws/install/realsense2_camera/share/realsense2_camera/package.xml
[123.051s] Invoked command in '/home/f1tenth/realsense_ws/build/realsense2_camera' returned '0': AMENT_PREFIX_PATH=/home/f1tenth/realsense_ws/install/realsense2_camera_msgs:${AMENT_PREFIX_PATH} CMAKE_PREFIX_PATH=/home/f1tenth/realsense_ws/install/realsense2_camera_msgs:/opt/ros/foxy LD_LIBRARY_PATH=/home/f1tenth/realsense_ws/install/realsense2_camera_msgs/lib:${LD_LIBRARY_PATH} PYTHONPATH=/home/f1tenth/realsense_ws/install/realsense2_camera_msgs/lib/python3.8/site-packages:${PYTHONPATH} /usr/bin/cmake --install /home/f1tenth/realsense_ws/build/realsense2_camera
