[5.905s] Invoking command in '/home/f1tenth/f1tenth_mrc_ws/src/camera_pkg': PYTHONPATH=/home/f1tenth/f1tenth_mrc_ws/build/camera_pkg/prefix_override:/usr/lib/python3/dist-packages/colcon_core/task/python/colcon_distutils_commands:/home/f1tenth/f1tenth_mrc_ws/install/camera_pkg/lib/python3.8/site-packages:${PYTHONPATH} /usr/bin/python3 -W ignore:setup.py install is deprecated -W ignore:easy_install command is deprecated setup.py egg_info --egg-base ../../build/camera_pkg build --build-base /home/f1tenth/f1tenth_mrc_ws/build/camera_pkg/build install --record /home/f1tenth/f1tenth_mrc_ws/build/camera_pkg/install.log --install-scripts $base/lib/camera_pkg --single-version-externally-managed install_data
[7.148s] /home/f1tenth/.local/lib/python3.8/site-packages/setuptools/dist.py:717: UserWarning: Usage of dash-separated 'script-dir' will not be supported in future versions. Please use the underscore name 'script_dir' instead
[7.148s]   warnings.warn(
[7.346s] running egg_info
[7.350s] writing ../../build/camera_pkg/camera_pkg.egg-info/PKG-INFO
[7.352s] writing dependency_links to ../../build/camera_pkg/camera_pkg.egg-info/dependency_links.txt
[7.352s] writing entry points to ../../build/camera_pkg/camera_pkg.egg-info/entry_points.txt
[7.353s] writing requirements to ../../build/camera_pkg/camera_pkg.egg-info/requires.txt
[7.354s] writing top-level names to ../../build/camera_pkg/camera_pkg.egg-info/top_level.txt
[7.379s] reading manifest file '../../build/camera_pkg/camera_pkg.egg-info/SOURCES.txt'
[7.382s] writing manifest file '../../build/camera_pkg/camera_pkg.egg-info/SOURCES.txt'
[7.383s] running build
[7.384s] running build_py
[7.385s] running install
[7.388s] running install_lib
[7.410s] running install_data
[7.410s] running install_egg_info
[7.416s] removing '/home/f1tenth/f1tenth_mrc_ws/install/camera_pkg/lib/python3.8/site-packages/camera_pkg-0.0.0-py3.8.egg-info' (and everything under it)
[7.419s] Copying ../../build/camera_pkg/camera_pkg.egg-info to /home/f1tenth/f1tenth_mrc_ws/install/camera_pkg/lib/python3.8/site-packages/camera_pkg-0.0.0-py3.8.egg-info
[7.425s] running install_scripts
[7.524s] Installing opp_pose_estimator script to /home/f1tenth/f1tenth_mrc_ws/install/camera_pkg/lib/camera_pkg
[7.525s] Installing static_camera_transform_publisher script to /home/f1tenth/f1tenth_mrc_ws/install/camera_pkg/lib/camera_pkg
[7.527s] writing list of installed files to '/home/f1tenth/f1tenth_mrc_ws/build/camera_pkg/install.log'
[8.428s] Invoked command in '/home/f1tenth/f1tenth_mrc_ws/src/camera_pkg' returned '0': PYTHONPATH=/home/f1tenth/f1tenth_mrc_ws/build/camera_pkg/prefix_override:/usr/lib/python3/dist-packages/colcon_core/task/python/colcon_distutils_commands:/home/f1tenth/f1tenth_mrc_ws/install/camera_pkg/lib/python3.8/site-packages:${PYTHONPATH} /usr/bin/python3 -W ignore:setup.py install is deprecated -W ignore:easy_install command is deprecated setup.py egg_info --egg-base ../../build/camera_pkg build --build-base /home/f1tenth/f1tenth_mrc_ws/build/camera_pkg/build install --record /home/f1tenth/f1tenth_mrc_ws/build/camera_pkg/install.log --install-scripts $base/lib/camera_pkg --single-version-externally-managed install_data
