-- Found ament_cmake: 0.9.12 (/opt/ros/foxy/share/ament_cmake/cmake)
-- Found PythonInterp: /usr/bin/python3 (found suitable version "3.8.10", minimum required is "3") 
-- Using PYTHON_EXECUTABLE: /usr/bin/python3
-- Found rclcpp: 2.4.3 (/opt/ros/foxy/share/rclcpp/cmake)
-- Using all available rosidl_typesupport_c: rosidl_typesupport_fastrtps_c;rosidl_typesupport_introspection_c
-- Found rosidl_adapter: 1.3.1 (/opt/ros/foxy/share/rosidl_adapter/cmake)
-- Using all available rosidl_typesupport_cpp: rosidl_typesupport_fastrtps_cpp;rosidl_typesupport_introspection_cpp
-- Found rmw_implementation_cmake: 1.0.4 (/opt/ros/foxy/share/rmw_implementation_cmake/cmake)
-- Using RMW implementation 'rmw_fastrtps_cpp' as default
-- Found sensor_msgs: 2.0.5 (/opt/ros/foxy/share/sensor_msgs/cmake)
-- Found visualization_msgs: 2.0.5 (/opt/ros/foxy/share/visualization_msgs/cmake)
-- Found tf2_ros: 0.13.14 (/opt/ros/foxy/share/tf2_ros/cmake)
-- Found tf2_geometry_msgs: 0.13.14 (/opt/ros/foxy/share/tf2_geometry_msgs/cmake)
-- Found eigen3_cmake_module: 0.1.1 (/opt/ros/foxy/share/eigen3_cmake_module/cmake)
-- Found rosidl_default_generators: 1.0.1 (/opt/ros/foxy/share/rosidl_default_generators/cmake)
CMake Error at CMakeLists.txt:17 (find_package):
  By not providing "Findrosidl_typesupport_cmake.cmake" in CMAKE_MODULE_PATH
  this project has asked CMake to find a package configuration file provided
  by "rosidl_typesupport_cmake", but CMake did not find one.

  Could not find a package configuration file provided by
  "rosidl_typesupport_cmake" with any of the following names:

    rosidl_typesupport_cmakeConfig.cmake
    rosidl_typesupport_cmake-config.cmake

  Add the installation prefix of "rosidl_typesupport_cmake" to
  CMAKE_PREFIX_PATH or set "rosidl_typesupport_cmake_DIR" to a directory
  containing one of the above files.  If "rosidl_typesupport_cmake" provides
  a separate development package or SDK, be sure it has been installed.


-- Configuring incomplete, errors occurred!
See also "/home/f1tenth/f1tenth_mrc_ws/build/lidar_object_detection/CMakeFiles/CMakeOutput.log".
See also "/home/f1tenth/f1tenth_mrc_ws/build/lidar_object_detection/CMakeFiles/CMakeError.log".
