[0.065s] Invoking command in '/home/f1tenth/f1tenth_mrc_ws/build/lidar_object_detection': CMAKE_PREFIX_PATH=${CMAKE_PREFIX_PATH}:/home/f1tenth/f1tenth_mrc_ws/install/waypoint_logger:/home/f1tenth/f1tenth_mrc_ws/install/rrt_package:/home/f1tenth/f1tenth_mrc_ws/install/ppo_racing:/home/f1tenth/f1tenth_mrc_ws/install/particle_filter:/home/f1tenth/f1tenth_mrc_ws/install/f1tenth_gym_ros:/home/f1tenth/f1tenth_mrc_ws/install/camera_pkg:/opt/ros/foxy /usr/bin/cmake /home/f1tenth/f1tenth_mrc_ws/src/robotx_lidar_pose_estimation/ros2-lidar-object-detection -DCMAKE_INSTALL_PREFIX=/home/f1tenth/f1tenth_mrc_ws/install/lidar_object_detection
[0.163s] -- Found ament_cmake: 0.9.12 (/opt/ros/foxy/share/ament_cmake/cmake)
[0.287s] -- Found PythonInterp: /usr/bin/python3 (found suitable version "3.8.10", minimum required is "3") 
[0.288s] -- Using PYTHON_EXECUTABLE: /usr/bin/python3
[1.203s] -- Found rclcpp: 2.4.3 (/opt/ros/foxy/share/rclcpp/cmake)
[1.376s] -- Using all available rosidl_typesupport_c: rosidl_typesupport_fastrtps_c;rosidl_typesupport_introspection_c
[1.392s] -- Found rosidl_adapter: 1.3.1 (/opt/ros/foxy/share/rosidl_adapter/cmake)
[1.917s] -- Using all available rosidl_typesupport_cpp: rosidl_typesupport_fastrtps_cpp;rosidl_typesupport_introspection_cpp
[2.111s] -- Found rmw_implementation_cmake: 1.0.4 (/opt/ros/foxy/share/rmw_implementation_cmake/cmake)
[2.118s] -- Using RMW implementation 'rmw_fastrtps_cpp' as default
[2.656s] -- Found sensor_msgs: 2.0.5 (/opt/ros/foxy/share/sensor_msgs/cmake)
[3.064s] -- Found visualization_msgs: 2.0.5 (/opt/ros/foxy/share/visualization_msgs/cmake)
[3.289s] -- Found tf2_ros: 0.13.14 (/opt/ros/foxy/share/tf2_ros/cmake)
[4.334s] -- Found tf2_geometry_msgs: 0.13.14 (/opt/ros/foxy/share/tf2_geometry_msgs/cmake)
[4.354s] -- Found eigen3_cmake_module: 0.1.1 (/opt/ros/foxy/share/eigen3_cmake_module/cmake)
[4.441s] -- Found rosidl_default_generators: 1.0.1 (/opt/ros/foxy/share/rosidl_default_generators/cmake)
[4.529s] CMake Error at CMakeLists.txt:17 (find_package):
[4.530s]   By not providing "Findrosidl_typesupport_cmake.cmake" in CMAKE_MODULE_PATH
[4.531s]   this project has asked CMake to find a package configuration file provided
[4.532s]   by "rosidl_typesupport_cmake", but CMake did not find one.
[4.532s] 
[4.532s]   Could not find a package configuration file provided by
[4.532s]   "rosidl_typesupport_cmake" with any of the following names:
[4.533s] 
[4.533s]     rosidl_typesupport_cmakeConfig.cmake
[4.534s]     rosidl_typesupport_cmake-config.cmake
[4.534s] 
[4.534s]   Add the installation prefix of "rosidl_typesupport_cmake" to
[4.534s]   CMAKE_PREFIX_PATH or set "rosidl_typesupport_cmake_DIR" to a directory
[4.535s]   containing one of the above files.  If "rosidl_typesupport_cmake" provides
[4.535s]   a separate development package or SDK, be sure it has been installed.
[4.535s] 
[4.536s] 
[4.541s] -- Configuring incomplete, errors occurred!
[4.541s] See also "/home/f1tenth/f1tenth_mrc_ws/build/lidar_object_detection/CMakeFiles/CMakeOutput.log".
[4.541s] See also "/home/f1tenth/f1tenth_mrc_ws/build/lidar_object_detection/CMakeFiles/CMakeError.log".
[4.584s] Invoked command in '/home/f1tenth/f1tenth_mrc_ws/build/lidar_object_detection' returned '1': CMAKE_PREFIX_PATH=${CMAKE_PREFIX_PATH}:/home/f1tenth/f1tenth_mrc_ws/install/waypoint_logger:/home/f1tenth/f1tenth_mrc_ws/install/rrt_package:/home/f1tenth/f1tenth_mrc_ws/install/ppo_racing:/home/f1tenth/f1tenth_mrc_ws/install/particle_filter:/home/f1tenth/f1tenth_mrc_ws/install/f1tenth_gym_ros:/home/f1tenth/f1tenth_mrc_ws/install/camera_pkg:/opt/ros/foxy /usr/bin/cmake /home/f1tenth/f1tenth_mrc_ws/src/robotx_lidar_pose_estimation/ros2-lidar-object-detection -DCMAKE_INSTALL_PREFIX=/home/f1tenth/f1tenth_mrc_ws/install/lidar_object_detection
