/home/f1tenth/f1tenth_mrc_ws/install/ppo_racing/lib/python3.8/site-packages/ppo_racing/pendulum_train.py
/home/f1tenth/f1tenth_mrc_ws/install/ppo_racing/lib/python3.8/site-packages/ppo_racing/test_gym.py
/home/f1tenth/f1tenth_mrc_ws/install/ppo_racing/lib/python3.8/site-packages/ppo_racing/multi_agent_policy_node.py
/home/f1tenth/f1tenth_mrc_ws/install/ppo_racing/lib/python3.8/site-packages/ppo_racing/test_logger.py
/home/f1tenth/f1tenth_mrc_ws/install/ppo_racing/lib/python3.8/site-packages/ppo_racing/ppo_agent.py
/home/f1tenth/f1tenth_mrc_ws/install/ppo_racing/lib/python3.8/site-packages/ppo_racing/custom_rendering.py
/home/f1tenth/f1tenth_mrc_ws/install/ppo_racing/lib/python3.8/site-packages/ppo_racing/opp_pose_to_odom.py
/home/f1tenth/f1tenth_mrc_ws/install/ppo_racing/lib/python3.8/site-packages/ppo_racing/env_wrapper.py
/home/f1tenth/f1tenth_mrc_ws/install/ppo_racing/lib/python3.8/site-packages/ppo_racing/policy_node_local_obs.py
/home/f1tenth/f1tenth_mrc_ws/install/ppo_racing/lib/python3.8/site-packages/ppo_racing/train.py
/home/f1tenth/f1tenth_mrc_ws/install/ppo_racing/lib/python3.8/site-packages/ppo_racing/pendulum _sb3_train.py
/home/f1tenth/f1tenth_mrc_ws/install/ppo_racing/lib/python3.8/site-packages/ppo_racing/utils.py
/home/f1tenth/f1tenth_mrc_ws/install/ppo_racing/lib/python3.8/site-packages/ppo_racing/__init__.py
/home/f1tenth/f1tenth_mrc_ws/install/ppo_racing/lib/python3.8/site-packages/ppo_racing/policy_node.py
/home/f1tenth/f1tenth_mrc_ws/install/ppo_racing/lib/python3.8/site-packages/ppo_racing/multi_env_train.py
/home/f1tenth/f1tenth_mrc_ws/install/ppo_racing/lib/python3.8/site-packages/ppo_racing/reward_node.py
/home/f1tenth/f1tenth_mrc_ws/install/ppo_racing/lib/python3.8/site-packages/ppo_racing/multi_agent_train.py
/home/f1tenth/f1tenth_mrc_ws/install/ppo_racing/lib/python3.8/site-packages/ppo_racing/custom_policy.py
/home/f1tenth/f1tenth_mrc_ws/install/ppo_racing/lib/python3.8/site-packages/ppo_racing/__pycache__/pendulum_train.cpython-38.pyc
/home/f1tenth/f1tenth_mrc_ws/install/ppo_racing/lib/python3.8/site-packages/ppo_racing/__pycache__/test_gym.cpython-38.pyc
/home/f1tenth/f1tenth_mrc_ws/install/ppo_racing/lib/python3.8/site-packages/ppo_racing/__pycache__/multi_agent_policy_node.cpython-38.pyc
/home/f1tenth/f1tenth_mrc_ws/install/ppo_racing/lib/python3.8/site-packages/ppo_racing/__pycache__/test_logger.cpython-38.pyc
/home/f1tenth/f1tenth_mrc_ws/install/ppo_racing/lib/python3.8/site-packages/ppo_racing/__pycache__/ppo_agent.cpython-38.pyc
/home/f1tenth/f1tenth_mrc_ws/install/ppo_racing/lib/python3.8/site-packages/ppo_racing/__pycache__/custom_rendering.cpython-38.pyc
/home/f1tenth/f1tenth_mrc_ws/install/ppo_racing/lib/python3.8/site-packages/ppo_racing/__pycache__/opp_pose_to_odom.cpython-38.pyc
/home/f1tenth/f1tenth_mrc_ws/install/ppo_racing/lib/python3.8/site-packages/ppo_racing/__pycache__/env_wrapper.cpython-38.pyc
/home/f1tenth/f1tenth_mrc_ws/install/ppo_racing/lib/python3.8/site-packages/ppo_racing/__pycache__/policy_node_local_obs.cpython-38.pyc
/home/f1tenth/f1tenth_mrc_ws/install/ppo_racing/lib/python3.8/site-packages/ppo_racing/__pycache__/train.cpython-38.pyc
/home/f1tenth/f1tenth_mrc_ws/install/ppo_racing/lib/python3.8/site-packages/ppo_racing/__pycache__/pendulum _sb3_train.cpython-38.pyc
/home/f1tenth/f1tenth_mrc_ws/install/ppo_racing/lib/python3.8/site-packages/ppo_racing/__pycache__/utils.cpython-38.pyc
/home/f1tenth/f1tenth_mrc_ws/install/ppo_racing/lib/python3.8/site-packages/ppo_racing/__pycache__/__init__.cpython-38.pyc
/home/f1tenth/f1tenth_mrc_ws/install/ppo_racing/lib/python3.8/site-packages/ppo_racing/__pycache__/policy_node.cpython-38.pyc
/home/f1tenth/f1tenth_mrc_ws/install/ppo_racing/lib/python3.8/site-packages/ppo_racing/__pycache__/multi_env_train.cpython-38.pyc
/home/f1tenth/f1tenth_mrc_ws/install/ppo_racing/lib/python3.8/site-packages/ppo_racing/__pycache__/reward_node.cpython-38.pyc
/home/f1tenth/f1tenth_mrc_ws/install/ppo_racing/lib/python3.8/site-packages/ppo_racing/__pycache__/multi_agent_train.cpython-38.pyc
/home/f1tenth/f1tenth_mrc_ws/install/ppo_racing/lib/python3.8/site-packages/ppo_racing/__pycache__/custom_policy.cpython-38.pyc
/home/f1tenth/f1tenth_mrc_ws/install/ppo_racing/share/ament_index/resource_index/packages/ppo_racing
/home/f1tenth/f1tenth_mrc_ws/install/ppo_racing/share/ppo_racing/package.xml
/home/f1tenth/f1tenth_mrc_ws/install/ppo_racing/lib/python3.8/site-packages/ppo_racing-0.0.0-py3.8.egg-info/SOURCES.txt
/home/f1tenth/f1tenth_mrc_ws/install/ppo_racing/lib/python3.8/site-packages/ppo_racing-0.0.0-py3.8.egg-info/dependency_links.txt
/home/f1tenth/f1tenth_mrc_ws/install/ppo_racing/lib/python3.8/site-packages/ppo_racing-0.0.0-py3.8.egg-info/zip-safe
/home/f1tenth/f1tenth_mrc_ws/install/ppo_racing/lib/python3.8/site-packages/ppo_racing-0.0.0-py3.8.egg-info/entry_points.txt
/home/f1tenth/f1tenth_mrc_ws/install/ppo_racing/lib/python3.8/site-packages/ppo_racing-0.0.0-py3.8.egg-info/requires.txt
/home/f1tenth/f1tenth_mrc_ws/install/ppo_racing/lib/python3.8/site-packages/ppo_racing-0.0.0-py3.8.egg-info/PKG-INFO
/home/f1tenth/f1tenth_mrc_ws/install/ppo_racing/lib/python3.8/site-packages/ppo_racing-0.0.0-py3.8.egg-info/top_level.txt
/home/f1tenth/f1tenth_mrc_ws/install/ppo_racing/lib/ppo_racing/opp_pose_to_odom
/home/f1tenth/f1tenth_mrc_ws/install/ppo_racing/lib/ppo_racing/policy_node
/home/f1tenth/f1tenth_mrc_ws/install/ppo_racing/lib/ppo_racing/policy_node_local_obs
/home/f1tenth/f1tenth_mrc_ws/install/ppo_racing/lib/ppo_racing/test_logger
