[3.814s] Invoking command in '/home/f1tenth/f1tenth_mrc_ws/src/rrt_package': PYTHONPATH=/home/f1tenth/f1tenth_mrc_ws/build/rrt_package/prefix_override:/usr/lib/python3/dist-packages/colcon_core/task/python/colcon_distutils_commands:/home/f1tenth/f1tenth_mrc_ws/install/rrt_package/lib/python3.8/site-packages:${PYTHONPATH} /usr/bin/python3 -W ignore:setup.py install is deprecated -W ignore:easy_install command is deprecated setup.py egg_info --egg-base ../../build/rrt_package build --build-base /home/f1tenth/f1tenth_mrc_ws/build/rrt_package/build install --record /home/f1tenth/f1tenth_mrc_ws/build/rrt_package/install.log --install-scripts $base/lib/rrt_package --single-version-externally-managed install_data
[5.078s] /home/f1tenth/.local/lib/python3.8/site-packages/setuptools/dist.py:717: UserWarning: Usage of dash-separated 'script-dir' will not be supported in future versions. Please use the underscore name 'script_dir' instead
[5.078s]   warnings.warn(
[5.202s] running egg_info
[5.205s] writing ../../build/rrt_package/rrt_package.egg-info/PKG-INFO
[5.206s] writing dependency_links to ../../build/rrt_package/rrt_package.egg-info/dependency_links.txt
[5.207s] writing entry points to ../../build/rrt_package/rrt_package.egg-info/entry_points.txt
[5.207s] writing requirements to ../../build/rrt_package/rrt_package.egg-info/requires.txt
[5.208s] writing top-level names to ../../build/rrt_package/rrt_package.egg-info/top_level.txt
[5.222s] reading manifest file '../../build/rrt_package/rrt_package.egg-info/SOURCES.txt'
[5.226s] writing manifest file '../../build/rrt_package/rrt_package.egg-info/SOURCES.txt'
[5.227s] running build
[5.227s] running build_py
[5.228s] running install
[5.232s] running install_lib
[5.238s] running install_data
[5.240s] running install_egg_info
[5.246s] removing '/home/f1tenth/f1tenth_mrc_ws/install/rrt_package/lib/python3.8/site-packages/rrt_package-0.0.0-py3.8.egg-info' (and everything under it)
[5.248s] Copying ../../build/rrt_package/rrt_package.egg-info to /home/f1tenth/f1tenth_mrc_ws/install/rrt_package/lib/python3.8/site-packages/rrt_package-0.0.0-py3.8.egg-info
[5.253s] running install_scripts
[5.346s] Installing RRT_node script to /home/f1tenth/f1tenth_mrc_ws/install/rrt_package/lib/rrt_package
[5.347s] Installing rrt_pure_pursuit script to /home/f1tenth/f1tenth_mrc_ws/install/rrt_package/lib/rrt_package
[5.349s] writing list of installed files to '/home/f1tenth/f1tenth_mrc_ws/build/rrt_package/install.log'
[5.452s] Invoked command in '/home/f1tenth/f1tenth_mrc_ws/src/rrt_package' returned '0': PYTHONPATH=/home/f1tenth/f1tenth_mrc_ws/build/rrt_package/prefix_override:/usr/lib/python3/dist-packages/colcon_core/task/python/colcon_distutils_commands:/home/f1tenth/f1tenth_mrc_ws/install/rrt_package/lib/python3.8/site-packages:${PYTHONPATH} /usr/bin/python3 -W ignore:setup.py install is deprecated -W ignore:easy_install command is deprecated setup.py egg_info --egg-base ../../build/rrt_package build --build-base /home/f1tenth/f1tenth_mrc_ws/build/rrt_package/build install --record /home/f1tenth/f1tenth_mrc_ws/build/rrt_package/install.log --install-scripts $base/lib/rrt_package --single-version-externally-managed install_data
