[2.505s] Invoking command in '/home/f1tenth/f1tenth_mrc_ws/build/gap_follow': CMAKE_PREFIX_PATH=/opt/ros/foxy /usr/bin/cmake --build /home/f1tenth/f1tenth_mrc_ws/build/gap_follow -- -j4 -l4
[2.823s] Invoked command in '/home/f1tenth/f1tenth_mrc_ws/build/gap_follow' returned '0': CMAKE_PREFIX_PATH=/opt/ros/foxy /usr/bin/cmake --build /home/f1tenth/f1tenth_mrc_ws/build/gap_follow -- -j4 -l4
[2.850s] Invoking command in '/home/f1tenth/f1tenth_mrc_ws/build/gap_follow': CMAKE_PREFIX_PATH=/opt/ros/foxy /usr/bin/cmake --install /home/f1tenth/f1tenth_mrc_ws/build/gap_follow
[2.910s] -- Install configuration: ""
[2.911s] -- Up-to-date: /home/f1tenth/f1tenth_mrc_ws/install/gap_follow/share/gap_follow/environment/pythonpath.sh
[2.911s] -- Up-to-date: /home/f1tenth/f1tenth_mrc_ws/install/gap_follow/share/gap_follow/environment/pythonpath.dsv
[2.912s] -- Up-to-date: /home/f1tenth/f1tenth_mrc_ws/install/gap_follow/lib/python3.8/site-packages/gap_follow
[2.914s] -- Up-to-date: /home/f1tenth/f1tenth_mrc_ws/install/gap_follow/lib/python3.8/site-packages/gap_follow/__init__.py
[3.189s] Listing '/home/f1tenth/f1tenth_mrc_ws/install/gap_follow/lib/python3.8/site-packages/gap_follow'...
[3.214s] -- Up-to-date: /home/f1tenth/f1tenth_mrc_ws/install/gap_follow/lib/gap_follow/reactive_node.py
[3.215s] -- Up-to-date: /home/f1tenth/f1tenth_mrc_ws/install/gap_follow/share/ament_index/resource_index/package_run_dependencies/gap_follow
[3.215s] -- Up-to-date: /home/f1tenth/f1tenth_mrc_ws/install/gap_follow/share/ament_index/resource_index/parent_prefix_path/gap_follow
[3.216s] -- Up-to-date: /home/f1tenth/f1tenth_mrc_ws/install/gap_follow/share/gap_follow/environment/ament_prefix_path.sh
[3.216s] -- Up-to-date: /home/f1tenth/f1tenth_mrc_ws/install/gap_follow/share/gap_follow/environment/ament_prefix_path.dsv
[3.217s] -- Up-to-date: /home/f1tenth/f1tenth_mrc_ws/install/gap_follow/share/gap_follow/environment/path.sh
[3.217s] -- Up-to-date: /home/f1tenth/f1tenth_mrc_ws/install/gap_follow/share/gap_follow/environment/path.dsv
[3.218s] -- Up-to-date: /home/f1tenth/f1tenth_mrc_ws/install/gap_follow/share/gap_follow/local_setup.bash
[3.218s] -- Up-to-date: /home/f1tenth/f1tenth_mrc_ws/install/gap_follow/share/gap_follow/local_setup.sh
[3.218s] -- Up-to-date: /home/f1tenth/f1tenth_mrc_ws/install/gap_follow/share/gap_follow/local_setup.zsh
[3.219s] -- Up-to-date: /home/f1tenth/f1tenth_mrc_ws/install/gap_follow/share/gap_follow/local_setup.dsv
[3.219s] -- Installing: /home/f1tenth/f1tenth_mrc_ws/install/gap_follow/share/gap_follow/package.dsv
[3.220s] -- Up-to-date: /home/f1tenth/f1tenth_mrc_ws/install/gap_follow/share/ament_index/resource_index/packages/gap_follow
[3.220s] -- Up-to-date: /home/f1tenth/f1tenth_mrc_ws/install/gap_follow/share/gap_follow/cmake/gap_followConfig.cmake
[3.221s] -- Up-to-date: /home/f1tenth/f1tenth_mrc_ws/install/gap_follow/share/gap_follow/cmake/gap_followConfig-version.cmake
[3.221s] -- Up-to-date: /home/f1tenth/f1tenth_mrc_ws/install/gap_follow/share/gap_follow/package.xml
[4.316s] Invoked command in '/home/f1tenth/f1tenth_mrc_ws/build/gap_follow' returned '0': CMAKE_PREFIX_PATH=/opt/ros/foxy /usr/bin/cmake --install /home/f1tenth/f1tenth_mrc_ws/build/gap_follow
