[0.885s] DEBUG:colcon:Command line arguments: ['/usr/bin/colcon', 'build']
[0.885s] DEBUG:colcon:Parsed command line arguments: Namespace(allow_overriding=[], ament_cmake_args=None, base_paths=['.'], build_base='build', catkin_cmake_args=None, catkin_skip_building_tests=False, cmake_args=None, cmake_clean_cache=False, cmake_clean_first=False, cmake_force_configure=False, cmake_target=None, cmake_target_skip_unavailable=False, continue_on_error=False, event_handlers=None, executor='parallel', ignore_user_meta=False, install_base='install', log_base=None, log_level=None, main=<bound method BuildVerb.main of <colcon_core.verb.build.BuildVerb object at 0xffffa8abc040>>, merge_install=False, metas=['./colcon.meta'], mixin=None, mixin_files=None, mixin_verb=('build',), packages_above=None, packages_above_and_dependencies=None, packages_above_depth=None, packages_end=None, packages_ignore=None, packages_ignore_regex=None, packages_select=None, packages_select_build_failed=False, packages_select_by_dep=None, packages_select_regex=None, packages_select_test_failures=False, packages_skip=None, packages_skip_build_finished=False, packages_skip_by_dep=None, packages_skip_regex=None, packages_skip_test_passed=False, packages_skip_up_to=None, packages_start=None, packages_up_to=None, packages_up_to_regex=None, parallel_workers=4, paths=None, symlink_install=False, test_result_base=None, verb_extension=<colcon_core.verb.build.BuildVerb object at 0xffffa8abc040>, verb_name='build', verb_parser=<colcon_mixin.mixin.mixin_argument.MixinArgumentDecorator object at 0xffffa89766d0>)
[1.622s] Level 1:colcon.colcon_core.package_discovery:discover_packages(colcon_meta) check parameters
[1.622s] Level 1:colcon.colcon_core.package_discovery:discover_packages(recursive) check parameters
[1.622s] Level 1:colcon.colcon_core.package_discovery:discover_packages(ignore) check parameters
[1.622s] Level 1:colcon.colcon_core.package_discovery:discover_packages(path) check parameters
[1.623s] Level 1:colcon.colcon_core.package_discovery:discover_packages(colcon_meta) discover
[1.623s] Level 1:colcon.colcon_core.package_discovery:discover_packages(recursive) discover
[1.623s] INFO:colcon.colcon_core.package_discovery:Crawling recursively for packages in '/home/f1tenth/realsense_ws'
[1.624s] Level 1:colcon.colcon_core.package_identification:_identify(.) by extensions ['ignore', 'ignore_ament_install']
[1.624s] Level 1:colcon.colcon_core.package_identification:_identify(.) by extension 'ignore'
[1.624s] Level 1:colcon.colcon_core.package_identification:_identify(.) by extension 'ignore_ament_install'
[1.624s] Level 1:colcon.colcon_core.package_identification:_identify(.) by extensions ['colcon_pkg']
[1.624s] Level 1:colcon.colcon_core.package_identification:_identify(.) by extension 'colcon_pkg'
[1.625s] Level 1:colcon.colcon_core.package_identification:_identify(.) by extensions ['colcon_meta']
[1.625s] Level 1:colcon.colcon_core.package_identification:_identify(.) by extension 'colcon_meta'
[1.625s] Level 1:colcon.colcon_core.package_identification:_identify(.) by extensions ['ros']
[1.625s] Level 1:colcon.colcon_core.package_identification:_identify(.) by extension 'ros'
[1.701s] Level 1:colcon.colcon_core.package_identification:_identify(.) by extensions ['cmake', 'python']
[1.702s] Level 1:colcon.colcon_core.package_identification:_identify(.) by extension 'cmake'
[1.702s] Level 1:colcon.colcon_core.package_identification:_identify(.) by extension 'python'
[1.702s] Level 1:colcon.colcon_core.package_identification:_identify(.) by extensions ['python_setup_py']
[1.702s] Level 1:colcon.colcon_core.package_identification:_identify(.) by extension 'python_setup_py'
[1.703s] Level 1:colcon.colcon_core.package_identification:_identify(build) by extensions ['ignore', 'ignore_ament_install']
[1.703s] Level 1:colcon.colcon_core.package_identification:_identify(build) by extension 'ignore'
[1.703s] Level 1:colcon.colcon_core.package_identification:_identify(build) ignored
[1.704s] Level 1:colcon.colcon_core.package_identification:_identify(install) by extensions ['ignore', 'ignore_ament_install']
[1.704s] Level 1:colcon.colcon_core.package_identification:_identify(install) by extension 'ignore'
[1.704s] Level 1:colcon.colcon_core.package_identification:_identify(install) ignored
[1.705s] Level 1:colcon.colcon_core.package_identification:_identify(log) by extensions ['ignore', 'ignore_ament_install']
[1.705s] Level 1:colcon.colcon_core.package_identification:_identify(log) by extension 'ignore'
[1.705s] Level 1:colcon.colcon_core.package_identification:_identify(log) ignored
[1.705s] Level 1:colcon.colcon_core.package_identification:_identify(src) by extensions ['ignore', 'ignore_ament_install']
[1.706s] Level 1:colcon.colcon_core.package_identification:_identify(src) by extension 'ignore'
[1.706s] Level 1:colcon.colcon_core.package_identification:_identify(src) by extension 'ignore_ament_install'
[1.706s] Level 1:colcon.colcon_core.package_identification:_identify(src) by extensions ['colcon_pkg']
[1.706s] Level 1:colcon.colcon_core.package_identification:_identify(src) by extension 'colcon_pkg'
[1.706s] Level 1:colcon.colcon_core.package_identification:_identify(src) by extensions ['colcon_meta']
[1.707s] Level 1:colcon.colcon_core.package_identification:_identify(src) by extension 'colcon_meta'
[1.707s] Level 1:colcon.colcon_core.package_identification:_identify(src) by extensions ['ros']
[1.707s] Level 1:colcon.colcon_core.package_identification:_identify(src) by extension 'ros'
[1.707s] Level 1:colcon.colcon_core.package_identification:_identify(src) by extensions ['cmake', 'python']
[1.707s] Level 1:colcon.colcon_core.package_identification:_identify(src) by extension 'cmake'
[1.707s] Level 1:colcon.colcon_core.package_identification:_identify(src) by extension 'python'
[1.708s] Level 1:colcon.colcon_core.package_identification:_identify(src) by extensions ['python_setup_py']
[1.708s] Level 1:colcon.colcon_core.package_identification:_identify(src) by extension 'python_setup_py'
[1.708s] Level 1:colcon.colcon_core.package_identification:_identify(src/realsense-ros) by extensions ['ignore', 'ignore_ament_install']
[1.708s] Level 1:colcon.colcon_core.package_identification:_identify(src/realsense-ros) by extension 'ignore'
[1.709s] Level 1:colcon.colcon_core.package_identification:_identify(src/realsense-ros) by extension 'ignore_ament_install'
[1.709s] Level 1:colcon.colcon_core.package_identification:_identify(src/realsense-ros) by extensions ['colcon_pkg']
[1.709s] Level 1:colcon.colcon_core.package_identification:_identify(src/realsense-ros) by extension 'colcon_pkg'
[1.709s] Level 1:colcon.colcon_core.package_identification:_identify(src/realsense-ros) by extensions ['colcon_meta']
[1.709s] Level 1:colcon.colcon_core.package_identification:_identify(src/realsense-ros) by extension 'colcon_meta'
[1.709s] Level 1:colcon.colcon_core.package_identification:_identify(src/realsense-ros) by extensions ['ros']
[1.710s] Level 1:colcon.colcon_core.package_identification:_identify(src/realsense-ros) by extension 'ros'
[1.710s] Level 1:colcon.colcon_core.package_identification:_identify(src/realsense-ros) by extensions ['cmake', 'python']
[1.710s] Level 1:colcon.colcon_core.package_identification:_identify(src/realsense-ros) by extension 'cmake'
[1.710s] Level 1:colcon.colcon_core.package_identification:_identify(src/realsense-ros) by extension 'python'
[1.710s] Level 1:colcon.colcon_core.package_identification:_identify(src/realsense-ros) by extensions ['python_setup_py']
[1.710s] Level 1:colcon.colcon_core.package_identification:_identify(src/realsense-ros) by extension 'python_setup_py'
[1.711s] Level 1:colcon.colcon_core.package_identification:_identify(src/realsense-ros/realsense2_camera) by extensions ['ignore', 'ignore_ament_install']
[1.711s] Level 1:colcon.colcon_core.package_identification:_identify(src/realsense-ros/realsense2_camera) by extension 'ignore'
[1.711s] Level 1:colcon.colcon_core.package_identification:_identify(src/realsense-ros/realsense2_camera) by extension 'ignore_ament_install'
[1.712s] Level 1:colcon.colcon_core.package_identification:_identify(src/realsense-ros/realsense2_camera) by extensions ['colcon_pkg']
[1.712s] Level 1:colcon.colcon_core.package_identification:_identify(src/realsense-ros/realsense2_camera) by extension 'colcon_pkg'
[1.712s] Level 1:colcon.colcon_core.package_identification:_identify(src/realsense-ros/realsense2_camera) by extensions ['colcon_meta']
[1.712s] Level 1:colcon.colcon_core.package_identification:_identify(src/realsense-ros/realsense2_camera) by extension 'colcon_meta'
[1.712s] Level 1:colcon.colcon_core.package_identification:_identify(src/realsense-ros/realsense2_camera) by extensions ['ros']
[1.712s] Level 1:colcon.colcon_core.package_identification:_identify(src/realsense-ros/realsense2_camera) by extension 'ros'
[1.729s] DEBUG:colcon.colcon_core.package_identification:Package 'src/realsense-ros/realsense2_camera' with type 'ros.ament_cmake' and name 'realsense2_camera'
[1.730s] Level 1:colcon.colcon_core.package_identification:_identify(src/realsense-ros/realsense2_camera_msgs) by extensions ['ignore', 'ignore_ament_install']
[1.730s] Level 1:colcon.colcon_core.package_identification:_identify(src/realsense-ros/realsense2_camera_msgs) by extension 'ignore'
[1.730s] Level 1:colcon.colcon_core.package_identification:_identify(src/realsense-ros/realsense2_camera_msgs) by extension 'ignore_ament_install'
[1.731s] Level 1:colcon.colcon_core.package_identification:_identify(src/realsense-ros/realsense2_camera_msgs) by extensions ['colcon_pkg']
[1.731s] Level 1:colcon.colcon_core.package_identification:_identify(src/realsense-ros/realsense2_camera_msgs) by extension 'colcon_pkg'
[1.731s] Level 1:colcon.colcon_core.package_identification:_identify(src/realsense-ros/realsense2_camera_msgs) by extensions ['colcon_meta']
[1.731s] Level 1:colcon.colcon_core.package_identification:_identify(src/realsense-ros/realsense2_camera_msgs) by extension 'colcon_meta'
[1.731s] Level 1:colcon.colcon_core.package_identification:_identify(src/realsense-ros/realsense2_camera_msgs) by extensions ['ros']
[1.731s] Level 1:colcon.colcon_core.package_identification:_identify(src/realsense-ros/realsense2_camera_msgs) by extension 'ros'
[1.734s] DEBUG:colcon.colcon_core.package_identification:Package 'src/realsense-ros/realsense2_camera_msgs' with type 'ros.ament_cmake' and name 'realsense2_camera_msgs'
[1.735s] Level 1:colcon.colcon_core.package_identification:_identify(src/realsense-ros/realsense2_description) by extensions ['ignore', 'ignore_ament_install']
[1.735s] Level 1:colcon.colcon_core.package_identification:_identify(src/realsense-ros/realsense2_description) by extension 'ignore'
[1.735s] Level 1:colcon.colcon_core.package_identification:_identify(src/realsense-ros/realsense2_description) by extension 'ignore_ament_install'
[1.735s] Level 1:colcon.colcon_core.package_identification:_identify(src/realsense-ros/realsense2_description) by extensions ['colcon_pkg']
[1.735s] Level 1:colcon.colcon_core.package_identification:_identify(src/realsense-ros/realsense2_description) by extension 'colcon_pkg'
[1.736s] Level 1:colcon.colcon_core.package_identification:_identify(src/realsense-ros/realsense2_description) by extensions ['colcon_meta']
[1.736s] Level 1:colcon.colcon_core.package_identification:_identify(src/realsense-ros/realsense2_description) by extension 'colcon_meta'
[1.736s] Level 1:colcon.colcon_core.package_identification:_identify(src/realsense-ros/realsense2_description) by extensions ['ros']
[1.736s] Level 1:colcon.colcon_core.package_identification:_identify(src/realsense-ros/realsense2_description) by extension 'ros'
[1.739s] DEBUG:colcon.colcon_core.package_identification:Package 'src/realsense-ros/realsense2_description' with type 'ros.ament_cmake' and name 'realsense2_description'
[1.740s] Level 1:colcon.colcon_core.package_discovery:discover_packages(recursive) using defaults
[1.740s] Level 1:colcon.colcon_core.package_discovery:discover_packages(ignore) discover
[1.740s] Level 1:colcon.colcon_core.package_discovery:discover_packages(ignore) using defaults
[1.740s] Level 1:colcon.colcon_core.package_discovery:discover_packages(path) discover
[1.740s] Level 1:colcon.colcon_core.package_discovery:discover_packages(path) using defaults
[1.825s] Level 1:colcon.colcon_core.package_discovery:discover_packages(prefix_path) check parameters
[1.826s] Level 1:colcon.colcon_core.package_discovery:discover_packages(prefix_path) discover
[1.835s] DEBUG:colcon.colcon_installed_package_information.package_discovery:Found 3 installed packages in /home/f1tenth/realsense_ws/install
[1.842s] DEBUG:colcon.colcon_installed_package_information.package_discovery:Found 307 installed packages in /opt/ros/foxy
[1.850s] Level 1:colcon.colcon_core.package_discovery:discover_packages(prefix_path) using defaults
[2.128s] Level 5:colcon.colcon_core.verb:set package 'realsense2_camera_msgs' build argument 'cmake_args' from command line to 'None'
[2.128s] Level 5:colcon.colcon_core.verb:set package 'realsense2_camera_msgs' build argument 'cmake_target' from command line to 'None'
[2.129s] Level 5:colcon.colcon_core.verb:set package 'realsense2_camera_msgs' build argument 'cmake_target_skip_unavailable' from command line to 'False'
[2.129s] Level 5:colcon.colcon_core.verb:set package 'realsense2_camera_msgs' build argument 'cmake_clean_cache' from command line to 'False'
[2.129s] Level 5:colcon.colcon_core.verb:set package 'realsense2_camera_msgs' build argument 'cmake_clean_first' from command line to 'False'
[2.129s] Level 5:colcon.colcon_core.verb:set package 'realsense2_camera_msgs' build argument 'cmake_force_configure' from command line to 'False'
[2.129s] Level 5:colcon.colcon_core.verb:set package 'realsense2_camera_msgs' build argument 'ament_cmake_args' from command line to 'None'
[2.129s] Level 5:colcon.colcon_core.verb:set package 'realsense2_camera_msgs' build argument 'catkin_cmake_args' from command line to 'None'
[2.129s] Level 5:colcon.colcon_core.verb:set package 'realsense2_camera_msgs' build argument 'catkin_skip_building_tests' from command line to 'False'
[2.130s] DEBUG:colcon.colcon_core.verb:Building package 'realsense2_camera_msgs' with the following arguments: {'ament_cmake_args': None, 'build_base': '/home/f1tenth/realsense_ws/build/realsense2_camera_msgs', 'catkin_cmake_args': None, 'catkin_skip_building_tests': False, 'cmake_args': None, 'cmake_clean_cache': False, 'cmake_clean_first': False, 'cmake_force_configure': False, 'cmake_target': None, 'cmake_target_skip_unavailable': False, 'install_base': '/home/f1tenth/realsense_ws/install/realsense2_camera_msgs', 'merge_install': False, 'path': '/home/f1tenth/realsense_ws/src/realsense-ros/realsense2_camera_msgs', 'symlink_install': False, 'test_result_base': None}
[2.131s] Level 5:colcon.colcon_core.verb:set package 'realsense2_camera' build argument 'cmake_args' from command line to 'None'
[2.132s] Level 5:colcon.colcon_core.verb:set package 'realsense2_camera' build argument 'cmake_target' from command line to 'None'
[2.132s] Level 5:colcon.colcon_core.verb:set package 'realsense2_camera' build argument 'cmake_target_skip_unavailable' from command line to 'False'
[2.132s] Level 5:colcon.colcon_core.verb:set package 'realsense2_camera' build argument 'cmake_clean_cache' from command line to 'False'
[2.132s] Level 5:colcon.colcon_core.verb:set package 'realsense2_camera' build argument 'cmake_clean_first' from command line to 'False'
[2.132s] Level 5:colcon.colcon_core.verb:set package 'realsense2_camera' build argument 'cmake_force_configure' from command line to 'False'
[2.132s] Level 5:colcon.colcon_core.verb:set package 'realsense2_camera' build argument 'ament_cmake_args' from command line to 'None'
[2.132s] Level 5:colcon.colcon_core.verb:set package 'realsense2_camera' build argument 'catkin_cmake_args' from command line to 'None'
[2.132s] Level 5:colcon.colcon_core.verb:set package 'realsense2_camera' build argument 'catkin_skip_building_tests' from command line to 'False'
[2.133s] DEBUG:colcon.colcon_core.verb:Building package 'realsense2_camera' with the following arguments: {'ament_cmake_args': None, 'build_base': '/home/f1tenth/realsense_ws/build/realsense2_camera', 'catkin_cmake_args': None, 'catkin_skip_building_tests': False, 'cmake_args': None, 'cmake_clean_cache': False, 'cmake_clean_first': False, 'cmake_force_configure': False, 'cmake_target': None, 'cmake_target_skip_unavailable': False, 'install_base': '/home/f1tenth/realsense_ws/install/realsense2_camera', 'merge_install': False, 'path': '/home/f1tenth/realsense_ws/src/realsense-ros/realsense2_camera', 'symlink_install': False, 'test_result_base': None}
[2.134s] Level 5:colcon.colcon_core.verb:set package 'realsense2_description' build argument 'cmake_args' from command line to 'None'
[2.134s] Level 5:colcon.colcon_core.verb:set package 'realsense2_description' build argument 'cmake_target' from command line to 'None'
[2.135s] Level 5:colcon.colcon_core.verb:set package 'realsense2_description' build argument 'cmake_target_skip_unavailable' from command line to 'False'
[2.135s] Level 5:colcon.colcon_core.verb:set package 'realsense2_description' build argument 'cmake_clean_cache' from command line to 'False'
[2.135s] Level 5:colcon.colcon_core.verb:set package 'realsense2_description' build argument 'cmake_clean_first' from command line to 'False'
[2.135s] Level 5:colcon.colcon_core.verb:set package 'realsense2_description' build argument 'cmake_force_configure' from command line to 'False'
[2.135s] Level 5:colcon.colcon_core.verb:set package 'realsense2_description' build argument 'ament_cmake_args' from command line to 'None'
[2.135s] Level 5:colcon.colcon_core.verb:set package 'realsense2_description' build argument 'catkin_cmake_args' from command line to 'None'
[2.135s] Level 5:colcon.colcon_core.verb:set package 'realsense2_description' build argument 'catkin_skip_building_tests' from command line to 'False'
[2.135s] DEBUG:colcon.colcon_core.verb:Building package 'realsense2_description' with the following arguments: {'ament_cmake_args': None, 'build_base': '/home/f1tenth/realsense_ws/build/realsense2_description', 'catkin_cmake_args': None, 'catkin_skip_building_tests': False, 'cmake_args': None, 'cmake_clean_cache': False, 'cmake_clean_first': False, 'cmake_force_configure': False, 'cmake_target': None, 'cmake_target_skip_unavailable': False, 'install_base': '/home/f1tenth/realsense_ws/install/realsense2_description', 'merge_install': False, 'path': '/home/f1tenth/realsense_ws/src/realsense-ros/realsense2_description', 'symlink_install': False, 'test_result_base': None}
[2.136s] INFO:colcon.colcon_core.executor:Executing jobs using 'parallel' executor
[2.140s] DEBUG:colcon.colcon_parallel_executor.executor.parallel:run_until_complete
[2.141s] INFO:colcon.colcon_ros.task.ament_cmake.build:Building ROS package in '/home/f1tenth/realsense_ws/src/realsense-ros/realsense2_camera_msgs' with build type 'ament_cmake'
[2.141s] INFO:colcon.colcon_cmake.task.cmake.build:Building CMake package in '/home/f1tenth/realsense_ws/src/realsense-ros/realsense2_camera_msgs'
[2.156s] INFO:colcon.colcon_core.plugin_system:Skipping extension 'colcon_core.shell.bat': Not used on non-Windows systems
[2.157s] INFO:colcon.colcon_core.shell:Skip shell extension 'powershell' for command environment: Not usable outside of PowerShell
[2.157s] DEBUG:colcon.colcon_core.shell:Skip shell extension 'dsv' for command environment
[2.227s] DEBUG:colcon.colcon_core.event_handler.log_command:Invoking command in '/home/f1tenth/realsense_ws/build/realsense2_camera_msgs': CMAKE_PREFIX_PATH=${CMAKE_PREFIX_PATH}:/opt/ros/foxy /usr/bin/cmake --build /home/f1tenth/realsense_ws/build/realsense2_camera_msgs -- -j4 -l4
[3.289s] DEBUG:colcon.colcon_core.event_handler.log_command:Invoked command in '/home/f1tenth/realsense_ws/build/realsense2_camera_msgs' returned '0': CMAKE_PREFIX_PATH=${CMAKE_PREFIX_PATH}:/opt/ros/foxy /usr/bin/cmake --build /home/f1tenth/realsense_ws/build/realsense2_camera_msgs -- -j4 -l4
[3.345s] DEBUG:colcon.colcon_core.event_handler.log_command:Invoking command in '/home/f1tenth/realsense_ws/build/realsense2_camera_msgs': CMAKE_PREFIX_PATH=${CMAKE_PREFIX_PATH}:/opt/ros/foxy /usr/bin/cmake --install /home/f1tenth/realsense_ws/build/realsense2_camera_msgs
[3.625s] Level 1:colcon.colcon_core.environment:create_environment_scripts_only(realsense2_camera_msgs)
[3.630s] DEBUG:colcon.colcon_core.event_handler.log_command:Invoked command in '/home/f1tenth/realsense_ws/build/realsense2_camera_msgs' returned '0': CMAKE_PREFIX_PATH=${CMAKE_PREFIX_PATH}:/opt/ros/foxy /usr/bin/cmake --install /home/f1tenth/realsense_ws/build/realsense2_camera_msgs
[3.647s] Level 1:colcon.colcon_core.environment:checking '/home/f1tenth/realsense_ws/install/realsense2_camera_msgs' for CMake module files
[3.651s] Level 1:colcon.colcon_core.environment:checking '/home/f1tenth/realsense_ws/install/realsense2_camera_msgs' for CMake config files
[3.655s] Level 1:colcon.colcon_core.shell:create_environment_hook('realsense2_camera_msgs', 'cmake_prefix_path')
[3.657s] INFO:colcon.colcon_core.shell:Creating environment hook '/home/f1tenth/realsense_ws/install/realsense2_camera_msgs/share/realsense2_camera_msgs/hook/cmake_prefix_path.ps1'
[3.661s] INFO:colcon.colcon_core.shell:Creating environment descriptor '/home/f1tenth/realsense_ws/install/realsense2_camera_msgs/share/realsense2_camera_msgs/hook/cmake_prefix_path.dsv'
[3.664s] INFO:colcon.colcon_core.shell:Creating environment hook '/home/f1tenth/realsense_ws/install/realsense2_camera_msgs/share/realsense2_camera_msgs/hook/cmake_prefix_path.sh'
[3.669s] Level 1:colcon.colcon_core.environment:checking '/home/f1tenth/realsense_ws/install/realsense2_camera_msgs/lib'
[3.670s] Level 1:colcon.colcon_core.shell:create_environment_hook('realsense2_camera_msgs', 'ld_library_path_lib')
[3.671s] INFO:colcon.colcon_core.shell:Creating environment hook '/home/f1tenth/realsense_ws/install/realsense2_camera_msgs/share/realsense2_camera_msgs/hook/ld_library_path_lib.ps1'
[3.674s] INFO:colcon.colcon_core.shell:Creating environment descriptor '/home/f1tenth/realsense_ws/install/realsense2_camera_msgs/share/realsense2_camera_msgs/hook/ld_library_path_lib.dsv'
[3.675s] INFO:colcon.colcon_core.shell:Creating environment hook '/home/f1tenth/realsense_ws/install/realsense2_camera_msgs/share/realsense2_camera_msgs/hook/ld_library_path_lib.sh'
[3.677s] Level 1:colcon.colcon_core.environment:checking '/home/f1tenth/realsense_ws/install/realsense2_camera_msgs/bin'
[3.678s] Level 1:colcon.colcon_core.environment:checking '/home/f1tenth/realsense_ws/install/realsense2_camera_msgs/lib/pkgconfig/realsense2_camera_msgs.pc'
[3.679s] Level 1:colcon.colcon_core.environment:checking '/home/f1tenth/realsense_ws/install/realsense2_camera_msgs/lib/python3.8/site-packages'
[3.679s] Level 1:colcon.colcon_core.shell:create_environment_hook('realsense2_camera_msgs', 'pythonpath')
[3.680s] INFO:colcon.colcon_core.shell:Creating environment hook '/home/f1tenth/realsense_ws/install/realsense2_camera_msgs/share/realsense2_camera_msgs/hook/pythonpath.ps1'
[3.682s] INFO:colcon.colcon_core.shell:Creating environment descriptor '/home/f1tenth/realsense_ws/install/realsense2_camera_msgs/share/realsense2_camera_msgs/hook/pythonpath.dsv'
[3.684s] INFO:colcon.colcon_core.shell:Creating environment hook '/home/f1tenth/realsense_ws/install/realsense2_camera_msgs/share/realsense2_camera_msgs/hook/pythonpath.sh'
[3.686s] Level 1:colcon.colcon_core.environment:checking '/home/f1tenth/realsense_ws/install/realsense2_camera_msgs/bin'
[3.688s] INFO:colcon.colcon_core.shell:Creating package script '/home/f1tenth/realsense_ws/install/realsense2_camera_msgs/share/realsense2_camera_msgs/package.ps1'
[3.692s] INFO:colcon.colcon_core.shell:Creating package descriptor '/home/f1tenth/realsense_ws/install/realsense2_camera_msgs/share/realsense2_camera_msgs/package.dsv'
[3.696s] INFO:colcon.colcon_core.shell:Creating package script '/home/f1tenth/realsense_ws/install/realsense2_camera_msgs/share/realsense2_camera_msgs/package.sh'
[3.701s] INFO:colcon.colcon_core.shell:Creating package script '/home/f1tenth/realsense_ws/install/realsense2_camera_msgs/share/realsense2_camera_msgs/package.bash'
[3.705s] INFO:colcon.colcon_core.shell:Creating package script '/home/f1tenth/realsense_ws/install/realsense2_camera_msgs/share/realsense2_camera_msgs/package.zsh'
[3.709s] Level 1:colcon.colcon_core.environment:create_file_with_runtime_dependencies(/home/f1tenth/realsense_ws/install/realsense2_camera_msgs/share/colcon-core/packages/realsense2_camera_msgs)
[3.713s] Level 1:colcon.colcon_core.environment:create_environment_scripts_only(realsense2_camera_msgs)
[3.713s] Level 1:colcon.colcon_core.environment:checking '/home/f1tenth/realsense_ws/install/realsense2_camera_msgs' for CMake module files
[3.716s] Level 1:colcon.colcon_core.environment:checking '/home/f1tenth/realsense_ws/install/realsense2_camera_msgs' for CMake config files
[3.719s] Level 1:colcon.colcon_core.shell:create_environment_hook('realsense2_camera_msgs', 'cmake_prefix_path')
[3.720s] INFO:colcon.colcon_core.shell:Creating environment hook '/home/f1tenth/realsense_ws/install/realsense2_camera_msgs/share/realsense2_camera_msgs/hook/cmake_prefix_path.ps1'
[3.722s] INFO:colcon.colcon_core.shell:Creating environment descriptor '/home/f1tenth/realsense_ws/install/realsense2_camera_msgs/share/realsense2_camera_msgs/hook/cmake_prefix_path.dsv'
[3.723s] INFO:colcon.colcon_core.shell:Creating environment hook '/home/f1tenth/realsense_ws/install/realsense2_camera_msgs/share/realsense2_camera_msgs/hook/cmake_prefix_path.sh'
[3.725s] Level 1:colcon.colcon_core.environment:checking '/home/f1tenth/realsense_ws/install/realsense2_camera_msgs/lib'
[3.726s] Level 1:colcon.colcon_core.shell:create_environment_hook('realsense2_camera_msgs', 'ld_library_path_lib')
[3.727s] INFO:colcon.colcon_core.shell:Creating environment hook '/home/f1tenth/realsense_ws/install/realsense2_camera_msgs/share/realsense2_camera_msgs/hook/ld_library_path_lib.ps1'
[3.729s] INFO:colcon.colcon_core.shell:Creating environment descriptor '/home/f1tenth/realsense_ws/install/realsense2_camera_msgs/share/realsense2_camera_msgs/hook/ld_library_path_lib.dsv'
[3.730s] INFO:colcon.colcon_core.shell:Creating environment hook '/home/f1tenth/realsense_ws/install/realsense2_camera_msgs/share/realsense2_camera_msgs/hook/ld_library_path_lib.sh'
[3.731s] Level 1:colcon.colcon_core.environment:checking '/home/f1tenth/realsense_ws/install/realsense2_camera_msgs/bin'
[3.732s] Level 1:colcon.colcon_core.environment:checking '/home/f1tenth/realsense_ws/install/realsense2_camera_msgs/lib/pkgconfig/realsense2_camera_msgs.pc'
[3.733s] Level 1:colcon.colcon_core.environment:checking '/home/f1tenth/realsense_ws/install/realsense2_camera_msgs/lib/python3.8/site-packages'
[3.733s] Level 1:colcon.colcon_core.shell:create_environment_hook('realsense2_camera_msgs', 'pythonpath')
[3.734s] INFO:colcon.colcon_core.shell:Creating environment hook '/home/f1tenth/realsense_ws/install/realsense2_camera_msgs/share/realsense2_camera_msgs/hook/pythonpath.ps1'
[3.735s] INFO:colcon.colcon_core.shell:Creating environment descriptor '/home/f1tenth/realsense_ws/install/realsense2_camera_msgs/share/realsense2_camera_msgs/hook/pythonpath.dsv'
[3.737s] INFO:colcon.colcon_core.shell:Creating environment hook '/home/f1tenth/realsense_ws/install/realsense2_camera_msgs/share/realsense2_camera_msgs/hook/pythonpath.sh'
[3.739s] Level 1:colcon.colcon_core.environment:checking '/home/f1tenth/realsense_ws/install/realsense2_camera_msgs/bin'
[3.741s] INFO:colcon.colcon_core.shell:Creating package script '/home/f1tenth/realsense_ws/install/realsense2_camera_msgs/share/realsense2_camera_msgs/package.ps1'
[3.744s] INFO:colcon.colcon_core.shell:Creating package descriptor '/home/f1tenth/realsense_ws/install/realsense2_camera_msgs/share/realsense2_camera_msgs/package.dsv'
[3.746s] INFO:colcon.colcon_core.shell:Creating package script '/home/f1tenth/realsense_ws/install/realsense2_camera_msgs/share/realsense2_camera_msgs/package.sh'
[3.748s] INFO:colcon.colcon_core.shell:Creating package script '/home/f1tenth/realsense_ws/install/realsense2_camera_msgs/share/realsense2_camera_msgs/package.bash'
[3.750s] INFO:colcon.colcon_core.shell:Creating package script '/home/f1tenth/realsense_ws/install/realsense2_camera_msgs/share/realsense2_camera_msgs/package.zsh'
[3.753s] Level 1:colcon.colcon_core.environment:create_file_with_runtime_dependencies(/home/f1tenth/realsense_ws/install/realsense2_camera_msgs/share/colcon-core/packages/realsense2_camera_msgs)
[3.755s] INFO:colcon.colcon_ros.task.ament_cmake.build:Building ROS package in '/home/f1tenth/realsense_ws/src/realsense-ros/realsense2_camera' with build type 'ament_cmake'
[3.756s] INFO:colcon.colcon_cmake.task.cmake.build:Building CMake package in '/home/f1tenth/realsense_ws/src/realsense-ros/realsense2_camera'
[3.757s] INFO:colcon.colcon_core.shell:Skip shell extension 'powershell' for command environment: Not usable outside of PowerShell
[3.757s] DEBUG:colcon.colcon_core.shell:Skip shell extension 'dsv' for command environment
[3.784s] INFO:colcon.colcon_ros.task.ament_cmake.build:Building ROS package in '/home/f1tenth/realsense_ws/src/realsense-ros/realsense2_description' with build type 'ament_cmake'
[3.789s] INFO:colcon.colcon_cmake.task.cmake.build:Building CMake package in '/home/f1tenth/realsense_ws/src/realsense-ros/realsense2_description'
[3.793s] INFO:colcon.colcon_core.shell:Skip shell extension 'powershell' for command environment: Not usable outside of PowerShell
[3.794s] DEBUG:colcon.colcon_core.shell:Skip shell extension 'dsv' for command environment
[3.855s] DEBUG:colcon.colcon_core.event_handler.log_command:Invoking command in '/home/f1tenth/realsense_ws/build/realsense2_camera': CMAKE_PREFIX_PATH=/home/f1tenth/realsense_ws/install/realsense2_camera_msgs:/home/f1tenth/realsense_ws/install/realsense2_description:/home/f1tenth/realsense_ws/install/realsense2_camera:/opt/ros/foxy LD_LIBRARY_PATH=/home/f1tenth/realsense_ws/install/realsense2_camera_msgs/lib:/home/f1tenth/realsense_ws/install/realsense2_camera/lib:/opt/ros/foxy/opt/yaml_cpp_vendor/lib:/opt/ros/foxy/opt/rviz_ogre_vendor/lib:/opt/ros/foxy/lib/aarch64-linux-gnu:/opt/ros/foxy/lib /usr/bin/cmake --build /home/f1tenth/realsense_ws/build/realsense2_camera -- -j4 -l4
[3.890s] DEBUG:colcon.colcon_core.event_handler.log_command:Invoking command in '/home/f1tenth/realsense_ws/build/realsense2_description': CMAKE_PREFIX_PATH=/home/f1tenth/realsense_ws/install/realsense2_camera_msgs:/home/f1tenth/realsense_ws/install/realsense2_description:/home/f1tenth/realsense_ws/install/realsense2_camera:/opt/ros/foxy LD_LIBRARY_PATH=/home/f1tenth/realsense_ws/install/realsense2_camera_msgs/lib:/home/f1tenth/realsense_ws/install/realsense2_camera/lib:/opt/ros/foxy/opt/yaml_cpp_vendor/lib:/opt/ros/foxy/opt/rviz_ogre_vendor/lib:/opt/ros/foxy/lib/aarch64-linux-gnu:/opt/ros/foxy/lib /usr/bin/cmake --build /home/f1tenth/realsense_ws/build/realsense2_description -- -j4 -l4
[4.062s] DEBUG:colcon.colcon_core.event_handler.log_command:Invoked command in '/home/f1tenth/realsense_ws/build/realsense2_description' returned '0': CMAKE_PREFIX_PATH=/home/f1tenth/realsense_ws/install/realsense2_camera_msgs:/home/f1tenth/realsense_ws/install/realsense2_description:/home/f1tenth/realsense_ws/install/realsense2_camera:/opt/ros/foxy LD_LIBRARY_PATH=/home/f1tenth/realsense_ws/install/realsense2_camera_msgs/lib:/home/f1tenth/realsense_ws/install/realsense2_camera/lib:/opt/ros/foxy/opt/yaml_cpp_vendor/lib:/opt/ros/foxy/opt/rviz_ogre_vendor/lib:/opt/ros/foxy/lib/aarch64-linux-gnu:/opt/ros/foxy/lib /usr/bin/cmake --build /home/f1tenth/realsense_ws/build/realsense2_description -- -j4 -l4
[4.077s] DEBUG:colcon.colcon_core.event_handler.log_command:Invoking command in '/home/f1tenth/realsense_ws/build/realsense2_description': CMAKE_PREFIX_PATH=/home/f1tenth/realsense_ws/install/realsense2_camera_msgs:/home/f1tenth/realsense_ws/install/realsense2_description:/home/f1tenth/realsense_ws/install/realsense2_camera:/opt/ros/foxy LD_LIBRARY_PATH=/home/f1tenth/realsense_ws/install/realsense2_camera_msgs/lib:/home/f1tenth/realsense_ws/install/realsense2_camera/lib:/opt/ros/foxy/opt/yaml_cpp_vendor/lib:/opt/ros/foxy/opt/rviz_ogre_vendor/lib:/opt/ros/foxy/lib/aarch64-linux-gnu:/opt/ros/foxy/lib /usr/bin/cmake --install /home/f1tenth/realsense_ws/build/realsense2_description
[4.155s] Level 1:colcon.colcon_core.environment:create_environment_scripts_only(realsense2_description)
[4.160s] Level 1:colcon.colcon_core.environment:checking '/home/f1tenth/realsense_ws/install/realsense2_description' for CMake module files
[4.162s] Level 1:colcon.colcon_core.environment:checking '/home/f1tenth/realsense_ws/install/realsense2_description' for CMake config files
[4.164s] Level 1:colcon.colcon_core.shell:create_environment_hook('realsense2_description', 'cmake_prefix_path')
[4.169s] INFO:colcon.colcon_core.shell:Creating environment hook '/home/f1tenth/realsense_ws/install/realsense2_description/share/realsense2_description/hook/cmake_prefix_path.ps1'
[4.172s] DEBUG:colcon.colcon_core.event_handler.log_command:Invoked command in '/home/f1tenth/realsense_ws/build/realsense2_description' returned '0': CMAKE_PREFIX_PATH=/home/f1tenth/realsense_ws/install/realsense2_camera_msgs:/home/f1tenth/realsense_ws/install/realsense2_description:/home/f1tenth/realsense_ws/install/realsense2_camera:/opt/ros/foxy LD_LIBRARY_PATH=/home/f1tenth/realsense_ws/install/realsense2_camera_msgs/lib:/home/f1tenth/realsense_ws/install/realsense2_camera/lib:/opt/ros/foxy/opt/yaml_cpp_vendor/lib:/opt/ros/foxy/opt/rviz_ogre_vendor/lib:/opt/ros/foxy/lib/aarch64-linux-gnu:/opt/ros/foxy/lib /usr/bin/cmake --install /home/f1tenth/realsense_ws/build/realsense2_description
[4.175s] INFO:colcon.colcon_core.shell:Creating environment descriptor '/home/f1tenth/realsense_ws/install/realsense2_description/share/realsense2_description/hook/cmake_prefix_path.dsv'
[4.177s] INFO:colcon.colcon_core.shell:Creating environment hook '/home/f1tenth/realsense_ws/install/realsense2_description/share/realsense2_description/hook/cmake_prefix_path.sh'
[4.180s] Level 1:colcon.colcon_core.environment:checking '/home/f1tenth/realsense_ws/install/realsense2_description/bin'
[4.181s] Level 1:colcon.colcon_core.environment:checking '/home/f1tenth/realsense_ws/install/realsense2_description/lib/pkgconfig/realsense2_description.pc'
[4.182s] Level 1:colcon.colcon_core.environment:checking '/home/f1tenth/realsense_ws/install/realsense2_description/lib/python3.8/site-packages'
[4.183s] Level 1:colcon.colcon_core.environment:checking '/home/f1tenth/realsense_ws/install/realsense2_description/bin'
[4.184s] INFO:colcon.colcon_core.shell:Creating package script '/home/f1tenth/realsense_ws/install/realsense2_description/share/realsense2_description/package.ps1'
[4.187s] INFO:colcon.colcon_core.shell:Creating package descriptor '/home/f1tenth/realsense_ws/install/realsense2_description/share/realsense2_description/package.dsv'
[4.189s] INFO:colcon.colcon_core.shell:Creating package script '/home/f1tenth/realsense_ws/install/realsense2_description/share/realsense2_description/package.sh'
[4.191s] INFO:colcon.colcon_core.shell:Creating package script '/home/f1tenth/realsense_ws/install/realsense2_description/share/realsense2_description/package.bash'
[4.193s] INFO:colcon.colcon_core.shell:Creating package script '/home/f1tenth/realsense_ws/install/realsense2_description/share/realsense2_description/package.zsh'
[4.194s] Level 1:colcon.colcon_core.environment:create_file_with_runtime_dependencies(/home/f1tenth/realsense_ws/install/realsense2_description/share/colcon-core/packages/realsense2_description)
[4.197s] Level 1:colcon.colcon_core.environment:create_environment_scripts_only(realsense2_description)
[4.198s] Level 1:colcon.colcon_core.environment:checking '/home/f1tenth/realsense_ws/install/realsense2_description' for CMake module files
[4.201s] Level 1:colcon.colcon_core.environment:checking '/home/f1tenth/realsense_ws/install/realsense2_description' for CMake config files
[4.202s] Level 1:colcon.colcon_core.shell:create_environment_hook('realsense2_description', 'cmake_prefix_path')
[4.203s] INFO:colcon.colcon_core.shell:Creating environment hook '/home/f1tenth/realsense_ws/install/realsense2_description/share/realsense2_description/hook/cmake_prefix_path.ps1'
[4.205s] INFO:colcon.colcon_core.shell:Creating environment descriptor '/home/f1tenth/realsense_ws/install/realsense2_description/share/realsense2_description/hook/cmake_prefix_path.dsv'
[4.207s] INFO:colcon.colcon_core.shell:Creating environment hook '/home/f1tenth/realsense_ws/install/realsense2_description/share/realsense2_description/hook/cmake_prefix_path.sh'
[4.210s] Level 1:colcon.colcon_core.environment:checking '/home/f1tenth/realsense_ws/install/realsense2_description/bin'
[4.210s] Level 1:colcon.colcon_core.environment:checking '/home/f1tenth/realsense_ws/install/realsense2_description/lib/pkgconfig/realsense2_description.pc'
[4.211s] Level 1:colcon.colcon_core.environment:checking '/home/f1tenth/realsense_ws/install/realsense2_description/lib/python3.8/site-packages'
[4.212s] Level 1:colcon.colcon_core.environment:checking '/home/f1tenth/realsense_ws/install/realsense2_description/bin'
[4.214s] INFO:colcon.colcon_core.shell:Creating package script '/home/f1tenth/realsense_ws/install/realsense2_description/share/realsense2_description/package.ps1'
[4.217s] INFO:colcon.colcon_core.shell:Creating package descriptor '/home/f1tenth/realsense_ws/install/realsense2_description/share/realsense2_description/package.dsv'
[4.219s] INFO:colcon.colcon_core.shell:Creating package script '/home/f1tenth/realsense_ws/install/realsense2_description/share/realsense2_description/package.sh'
[4.221s] INFO:colcon.colcon_core.shell:Creating package script '/home/f1tenth/realsense_ws/install/realsense2_description/share/realsense2_description/package.bash'
[4.222s] INFO:colcon.colcon_core.shell:Creating package script '/home/f1tenth/realsense_ws/install/realsense2_description/share/realsense2_description/package.zsh'
[4.224s] Level 1:colcon.colcon_core.environment:create_file_with_runtime_dependencies(/home/f1tenth/realsense_ws/install/realsense2_description/share/colcon-core/packages/realsense2_description)
[4.311s] DEBUG:colcon.colcon_core.event_handler.log_command:Invoked command in '/home/f1tenth/realsense_ws/build/realsense2_camera' returned '0': CMAKE_PREFIX_PATH=/home/f1tenth/realsense_ws/install/realsense2_camera_msgs:/home/f1tenth/realsense_ws/install/realsense2_description:/home/f1tenth/realsense_ws/install/realsense2_camera:/opt/ros/foxy LD_LIBRARY_PATH=/home/f1tenth/realsense_ws/install/realsense2_camera_msgs/lib:/home/f1tenth/realsense_ws/install/realsense2_camera/lib:/opt/ros/foxy/opt/yaml_cpp_vendor/lib:/opt/ros/foxy/opt/rviz_ogre_vendor/lib:/opt/ros/foxy/lib/aarch64-linux-gnu:/opt/ros/foxy/lib /usr/bin/cmake --build /home/f1tenth/realsense_ws/build/realsense2_camera -- -j4 -l4
[4.325s] DEBUG:colcon.colcon_core.event_handler.log_command:Invoking command in '/home/f1tenth/realsense_ws/build/realsense2_camera': CMAKE_PREFIX_PATH=/home/f1tenth/realsense_ws/install/realsense2_camera_msgs:/home/f1tenth/realsense_ws/install/realsense2_description:/home/f1tenth/realsense_ws/install/realsense2_camera:/opt/ros/foxy LD_LIBRARY_PATH=/home/f1tenth/realsense_ws/install/realsense2_camera_msgs/lib:/home/f1tenth/realsense_ws/install/realsense2_camera/lib:/opt/ros/foxy/opt/yaml_cpp_vendor/lib:/opt/ros/foxy/opt/rviz_ogre_vendor/lib:/opt/ros/foxy/lib/aarch64-linux-gnu:/opt/ros/foxy/lib /usr/bin/cmake --install /home/f1tenth/realsense_ws/build/realsense2_camera
[4.383s] Level 1:colcon.colcon_core.environment:create_environment_scripts_only(realsense2_camera)
[4.385s] Level 1:colcon.colcon_core.environment:checking '/home/f1tenth/realsense_ws/install/realsense2_camera' for CMake module files
[4.388s] DEBUG:colcon.colcon_core.event_handler.log_command:Invoked command in '/home/f1tenth/realsense_ws/build/realsense2_camera' returned '0': CMAKE_PREFIX_PATH=/home/f1tenth/realsense_ws/install/realsense2_camera_msgs:/home/f1tenth/realsense_ws/install/realsense2_description:/home/f1tenth/realsense_ws/install/realsense2_camera:/opt/ros/foxy LD_LIBRARY_PATH=/home/f1tenth/realsense_ws/install/realsense2_camera_msgs/lib:/home/f1tenth/realsense_ws/install/realsense2_camera/lib:/opt/ros/foxy/opt/yaml_cpp_vendor/lib:/opt/ros/foxy/opt/rviz_ogre_vendor/lib:/opt/ros/foxy/lib/aarch64-linux-gnu:/opt/ros/foxy/lib /usr/bin/cmake --install /home/f1tenth/realsense_ws/build/realsense2_camera
[4.390s] Level 1:colcon.colcon_core.environment:checking '/home/f1tenth/realsense_ws/install/realsense2_camera' for CMake config files
[4.392s] Level 1:colcon.colcon_core.shell:create_environment_hook('realsense2_camera', 'cmake_prefix_path')
[4.393s] INFO:colcon.colcon_core.shell:Creating environment hook '/home/f1tenth/realsense_ws/install/realsense2_camera/share/realsense2_camera/hook/cmake_prefix_path.ps1'
[4.396s] INFO:colcon.colcon_core.shell:Creating environment descriptor '/home/f1tenth/realsense_ws/install/realsense2_camera/share/realsense2_camera/hook/cmake_prefix_path.dsv'
[4.397s] INFO:colcon.colcon_core.shell:Creating environment hook '/home/f1tenth/realsense_ws/install/realsense2_camera/share/realsense2_camera/hook/cmake_prefix_path.sh'
[4.400s] Level 1:colcon.colcon_core.environment:checking '/home/f1tenth/realsense_ws/install/realsense2_camera/lib'
[4.401s] Level 1:colcon.colcon_core.shell:create_environment_hook('realsense2_camera', 'ld_library_path_lib')
[4.402s] INFO:colcon.colcon_core.shell:Creating environment hook '/home/f1tenth/realsense_ws/install/realsense2_camera/share/realsense2_camera/hook/ld_library_path_lib.ps1'
[4.407s] INFO:colcon.colcon_core.shell:Creating environment descriptor '/home/f1tenth/realsense_ws/install/realsense2_camera/share/realsense2_camera/hook/ld_library_path_lib.dsv'
[4.410s] INFO:colcon.colcon_core.shell:Creating environment hook '/home/f1tenth/realsense_ws/install/realsense2_camera/share/realsense2_camera/hook/ld_library_path_lib.sh'
[4.412s] Level 1:colcon.colcon_core.environment:checking '/home/f1tenth/realsense_ws/install/realsense2_camera/bin'
[4.413s] Level 1:colcon.colcon_core.environment:checking '/home/f1tenth/realsense_ws/install/realsense2_camera/lib/pkgconfig/realsense2_camera.pc'
[4.414s] Level 1:colcon.colcon_core.environment:checking '/home/f1tenth/realsense_ws/install/realsense2_camera/lib/python3.8/site-packages'
[4.415s] Level 1:colcon.colcon_core.environment:checking '/home/f1tenth/realsense_ws/install/realsense2_camera/bin'
[4.417s] INFO:colcon.colcon_core.shell:Creating package script '/home/f1tenth/realsense_ws/install/realsense2_camera/share/realsense2_camera/package.ps1'
[4.419s] INFO:colcon.colcon_core.shell:Creating package descriptor '/home/f1tenth/realsense_ws/install/realsense2_camera/share/realsense2_camera/package.dsv'
[4.422s] INFO:colcon.colcon_core.shell:Creating package script '/home/f1tenth/realsense_ws/install/realsense2_camera/share/realsense2_camera/package.sh'
[4.424s] INFO:colcon.colcon_core.shell:Creating package script '/home/f1tenth/realsense_ws/install/realsense2_camera/share/realsense2_camera/package.bash'
[4.426s] INFO:colcon.colcon_core.shell:Creating package script '/home/f1tenth/realsense_ws/install/realsense2_camera/share/realsense2_camera/package.zsh'
[4.427s] Level 1:colcon.colcon_core.environment:create_file_with_runtime_dependencies(/home/f1tenth/realsense_ws/install/realsense2_camera/share/colcon-core/packages/realsense2_camera)
[4.430s] Level 1:colcon.colcon_core.environment:create_environment_scripts_only(realsense2_camera)
[4.431s] Level 1:colcon.colcon_core.environment:checking '/home/f1tenth/realsense_ws/install/realsense2_camera' for CMake module files
[4.435s] Level 1:colcon.colcon_core.environment:checking '/home/f1tenth/realsense_ws/install/realsense2_camera' for CMake config files
[4.436s] Level 1:colcon.colcon_core.shell:create_environment_hook('realsense2_camera', 'cmake_prefix_path')
[4.437s] INFO:colcon.colcon_core.shell:Creating environment hook '/home/f1tenth/realsense_ws/install/realsense2_camera/share/realsense2_camera/hook/cmake_prefix_path.ps1'
[4.439s] INFO:colcon.colcon_core.shell:Creating environment descriptor '/home/f1tenth/realsense_ws/install/realsense2_camera/share/realsense2_camera/hook/cmake_prefix_path.dsv'
[4.441s] INFO:colcon.colcon_core.shell:Creating environment hook '/home/f1tenth/realsense_ws/install/realsense2_camera/share/realsense2_camera/hook/cmake_prefix_path.sh'
[4.443s] Level 1:colcon.colcon_core.environment:checking '/home/f1tenth/realsense_ws/install/realsense2_camera/lib'
[4.443s] Level 1:colcon.colcon_core.shell:create_environment_hook('realsense2_camera', 'ld_library_path_lib')
[4.444s] INFO:colcon.colcon_core.shell:Creating environment hook '/home/f1tenth/realsense_ws/install/realsense2_camera/share/realsense2_camera/hook/ld_library_path_lib.ps1'
[4.446s] INFO:colcon.colcon_core.shell:Creating environment descriptor '/home/f1tenth/realsense_ws/install/realsense2_camera/share/realsense2_camera/hook/ld_library_path_lib.dsv'
[4.448s] INFO:colcon.colcon_core.shell:Creating environment hook '/home/f1tenth/realsense_ws/install/realsense2_camera/share/realsense2_camera/hook/ld_library_path_lib.sh'
[4.449s] Level 1:colcon.colcon_core.environment:checking '/home/f1tenth/realsense_ws/install/realsense2_camera/bin'
[4.450s] Level 1:colcon.colcon_core.environment:checking '/home/f1tenth/realsense_ws/install/realsense2_camera/lib/pkgconfig/realsense2_camera.pc'
[4.450s] Level 1:colcon.colcon_core.environment:checking '/home/f1tenth/realsense_ws/install/realsense2_camera/lib/python3.8/site-packages'
[4.451s] Level 1:colcon.colcon_core.environment:checking '/home/f1tenth/realsense_ws/install/realsense2_camera/bin'
[4.453s] INFO:colcon.colcon_core.shell:Creating package script '/home/f1tenth/realsense_ws/install/realsense2_camera/share/realsense2_camera/package.ps1'
[4.455s] INFO:colcon.colcon_core.shell:Creating package descriptor '/home/f1tenth/realsense_ws/install/realsense2_camera/share/realsense2_camera/package.dsv'
[4.457s] INFO:colcon.colcon_core.shell:Creating package script '/home/f1tenth/realsense_ws/install/realsense2_camera/share/realsense2_camera/package.sh'
[4.459s] INFO:colcon.colcon_core.shell:Creating package script '/home/f1tenth/realsense_ws/install/realsense2_camera/share/realsense2_camera/package.bash'
[4.461s] INFO:colcon.colcon_core.shell:Creating package script '/home/f1tenth/realsense_ws/install/realsense2_camera/share/realsense2_camera/package.zsh'
[4.463s] Level 1:colcon.colcon_core.environment:create_file_with_runtime_dependencies(/home/f1tenth/realsense_ws/install/realsense2_camera/share/colcon-core/packages/realsense2_camera)
[4.465s] DEBUG:colcon.colcon_parallel_executor.executor.parallel:closing loop
[4.467s] DEBUG:colcon.colcon_parallel_executor.executor.parallel:loop closed
[4.468s] DEBUG:colcon.colcon_parallel_executor.executor.parallel:run_until_complete finished with '0'
[4.468s] DEBUG:colcon.colcon_core.event_reactor:joining thread
[4.495s] INFO:colcon.colcon_core.plugin_system:Skipping extension 'colcon_notification.desktop_notification.terminal_notifier': Not used on non-Darwin systems
[4.495s] INFO:colcon.colcon_core.plugin_system:Skipping extension 'colcon_notification.desktop_notification.win32': Not used on non-Windows systems
[4.496s] INFO:colcon.colcon_notification.desktop_notification:Sending desktop notification using 'notify2'
[4.568s] DEBUG:colcon.colcon_core.event_reactor:joined thread
[4.570s] INFO:colcon.colcon_core.shell:Creating prefix script '/home/f1tenth/realsense_ws/install/local_setup.ps1'
[4.574s] INFO:colcon.colcon_core.shell:Creating prefix util module '/home/f1tenth/realsense_ws/install/_local_setup_util_ps1.py'
[4.580s] INFO:colcon.colcon_core.shell:Creating prefix chain script '/home/f1tenth/realsense_ws/install/setup.ps1'
[4.586s] INFO:colcon.colcon_core.shell:Creating prefix script '/home/f1tenth/realsense_ws/install/local_setup.sh'
[4.590s] INFO:colcon.colcon_core.shell:Creating prefix util module '/home/f1tenth/realsense_ws/install/_local_setup_util_sh.py'
[4.592s] INFO:colcon.colcon_core.shell:Creating prefix chain script '/home/f1tenth/realsense_ws/install/setup.sh'
[4.597s] INFO:colcon.colcon_core.shell:Creating prefix script '/home/f1tenth/realsense_ws/install/local_setup.bash'
[4.600s] INFO:colcon.colcon_core.shell:Creating prefix chain script '/home/f1tenth/realsense_ws/install/setup.bash'
[4.605s] INFO:colcon.colcon_core.shell:Creating prefix script '/home/f1tenth/realsense_ws/install/local_setup.zsh'
[4.608s] INFO:colcon.colcon_core.shell:Creating prefix chain script '/home/f1tenth/realsense_ws/install/setup.zsh'
