/home/f1tenth/.local/lib/python3.8/site-packages/setuptools/dist.py:717: UserWarning: Usage of dash-separated 'script-dir' will not be supported in future versions. Please use the underscore name 'script_dir' instead
  warnings.warn(
running egg_info
creating ../../build/rrt_package/rrt_package.egg-info
writing ../../build/rrt_package/rrt_package.egg-info/PKG-INFO
writing dependency_links to ../../build/rrt_package/rrt_package.egg-info/dependency_links.txt
writing entry points to ../../build/rrt_package/rrt_package.egg-info/entry_points.txt
writing requirements to ../../build/rrt_package/rrt_package.egg-info/requires.txt
writing top-level names to ../../build/rrt_package/rrt_package.egg-info/top_level.txt
writing manifest file '../../build/rrt_package/rrt_package.egg-info/SOURCES.txt'
reading manifest file '../../build/rrt_package/rrt_package.egg-info/SOURCES.txt'
writing manifest file '../../build/rrt_package/rrt_package.egg-info/SOURCES.txt'
running build
running build_py
creating /home/f1tenth/f1tenth_mrc_ws/build/rrt_package/build
creating /home/f1tenth/f1tenth_mrc_ws/build/rrt_package/build/lib
creating /home/f1tenth/f1tenth_mrc_ws/build/rrt_package/build/lib/rrt_package
copying rrt_package/rrt_pure_pursuit.py -> /home/f1tenth/f1tenth_mrc_ws/build/rrt_package/build/lib/rrt_package
copying rrt_package/RRT_node.py -> /home/f1tenth/f1tenth_mrc_ws/build/rrt_package/build/lib/rrt_package
copying rrt_package/__init__.py -> /home/f1tenth/f1tenth_mrc_ws/build/rrt_package/build/lib/rrt_package
running install
running install_lib
creating /home/f1tenth/f1tenth_mrc_ws/install/rrt_package/lib/python3.8/site-packages/rrt_package
copying /home/f1tenth/f1tenth_mrc_ws/build/rrt_package/build/lib/rrt_package/rrt_pure_pursuit.py -> /home/f1tenth/f1tenth_mrc_ws/install/rrt_package/lib/python3.8/site-packages/rrt_package
copying /home/f1tenth/f1tenth_mrc_ws/build/rrt_package/build/lib/rrt_package/RRT_node.py -> /home/f1tenth/f1tenth_mrc_ws/install/rrt_package/lib/python3.8/site-packages/rrt_package
copying /home/f1tenth/f1tenth_mrc_ws/build/rrt_package/build/lib/rrt_package/__init__.py -> /home/f1tenth/f1tenth_mrc_ws/install/rrt_package/lib/python3.8/site-packages/rrt_package
byte-compiling /home/f1tenth/f1tenth_mrc_ws/install/rrt_package/lib/python3.8/site-packages/rrt_package/rrt_pure_pursuit.py to rrt_pure_pursuit.cpython-38.pyc
byte-compiling /home/f1tenth/f1tenth_mrc_ws/install/rrt_package/lib/python3.8/site-packages/rrt_package/RRT_node.py to RRT_node.cpython-38.pyc
byte-compiling /home/f1tenth/f1tenth_mrc_ws/install/rrt_package/lib/python3.8/site-packages/rrt_package/__init__.py to __init__.cpython-38.pyc
running install_data
creating /home/f1tenth/f1tenth_mrc_ws/install/rrt_package/share/ament_index
creating /home/f1tenth/f1tenth_mrc_ws/install/rrt_package/share/ament_index/resource_index
creating /home/f1tenth/f1tenth_mrc_ws/install/rrt_package/share/ament_index/resource_index/packages
copying resource/rrt_package -> /home/f1tenth/f1tenth_mrc_ws/install/rrt_package/share/ament_index/resource_index/packages
copying package.xml -> /home/f1tenth/f1tenth_mrc_ws/install/rrt_package/share/rrt_package
creating /home/f1tenth/f1tenth_mrc_ws/install/rrt_package/share/rrt_package/launch
copying launch/rrt_launch.py -> /home/f1tenth/f1tenth_mrc_ws/install/rrt_package/share/rrt_package/launch
running install_egg_info
Copying ../../build/rrt_package/rrt_package.egg-info to /home/f1tenth/f1tenth_mrc_ws/install/rrt_package/lib/python3.8/site-packages/rrt_package-0.0.0-py3.8.egg-info
running install_scripts
Installing RRT_node script to /home/f1tenth/f1tenth_mrc_ws/install/rrt_package/lib/rrt_package
Installing rrt_pure_pursuit script to /home/f1tenth/f1tenth_mrc_ws/install/rrt_package/lib/rrt_package
writing list of installed files to '/home/f1tenth/f1tenth_mrc_ws/build/rrt_package/install.log'
