[5.486s] Invoking command in '/home/f1tenth/f1tenth_mrc_ws/src/rrt_package': PYTHONPATH=/home/f1tenth/f1tenth_mrc_ws/build/rrt_package/prefix_override:/usr/lib/python3/dist-packages/colcon_core/task/python/colcon_distutils_commands:/home/f1tenth/f1tenth_mrc_ws/install/rrt_package/lib/python3.8/site-packages:${PYTHONPATH} /usr/bin/python3 -W ignore:setup.py install is deprecated -W ignore:easy_install command is deprecated setup.py egg_info --egg-base ../../build/rrt_package build --build-base /home/f1tenth/f1tenth_mrc_ws/build/rrt_package/build install --record /home/f1tenth/f1tenth_mrc_ws/build/rrt_package/install.log --install-scripts $base/lib/rrt_package --single-version-externally-managed install_data
[7.446s] /home/f1tenth/.local/lib/python3.8/site-packages/setuptools/dist.py:717: UserWarning: Usage of dash-separated 'script-dir' will not be supported in future versions. Please use the underscore name 'script_dir' instead
[7.447s]   warnings.warn(
[7.691s] running egg_info
[7.697s] creating ../../build/rrt_package/rrt_package.egg-info
[7.706s] writing ../../build/rrt_package/rrt_package.egg-info/PKG-INFO
[7.709s] writing dependency_links to ../../build/rrt_package/rrt_package.egg-info/dependency_links.txt
[7.711s] writing entry points to ../../build/rrt_package/rrt_package.egg-info/entry_points.txt
[7.712s] writing requirements to ../../build/rrt_package/rrt_package.egg-info/requires.txt
[7.713s] writing top-level names to ../../build/rrt_package/rrt_package.egg-info/top_level.txt
[7.724s] writing manifest file '../../build/rrt_package/rrt_package.egg-info/SOURCES.txt'
[7.746s] reading manifest file '../../build/rrt_package/rrt_package.egg-info/SOURCES.txt'
[7.763s] writing manifest file '../../build/rrt_package/rrt_package.egg-info/SOURCES.txt'
[7.765s] running build
[7.765s] running build_py
[7.767s] creating /home/f1tenth/f1tenth_mrc_ws/build/rrt_package/build
[7.767s] creating /home/f1tenth/f1tenth_mrc_ws/build/rrt_package/build/lib
[7.768s] creating /home/f1tenth/f1tenth_mrc_ws/build/rrt_package/build/lib/rrt_package
[7.769s] copying rrt_package/rrt_pure_pursuit.py -> /home/f1tenth/f1tenth_mrc_ws/build/rrt_package/build/lib/rrt_package
[7.771s] copying rrt_package/RRT_node.py -> /home/f1tenth/f1tenth_mrc_ws/build/rrt_package/build/lib/rrt_package
[7.772s] copying rrt_package/__init__.py -> /home/f1tenth/f1tenth_mrc_ws/build/rrt_package/build/lib/rrt_package
[7.774s] running install
[7.788s] running install_lib
[7.793s] creating /home/f1tenth/f1tenth_mrc_ws/install/rrt_package/lib/python3.8/site-packages/rrt_package
[7.794s] copying /home/f1tenth/f1tenth_mrc_ws/build/rrt_package/build/lib/rrt_package/rrt_pure_pursuit.py -> /home/f1tenth/f1tenth_mrc_ws/install/rrt_package/lib/python3.8/site-packages/rrt_package
[7.796s] copying /home/f1tenth/f1tenth_mrc_ws/build/rrt_package/build/lib/rrt_package/RRT_node.py -> /home/f1tenth/f1tenth_mrc_ws/install/rrt_package/lib/python3.8/site-packages/rrt_package
[7.797s] copying /home/f1tenth/f1tenth_mrc_ws/build/rrt_package/build/lib/rrt_package/__init__.py -> /home/f1tenth/f1tenth_mrc_ws/install/rrt_package/lib/python3.8/site-packages/rrt_package
[7.800s] byte-compiling /home/f1tenth/f1tenth_mrc_ws/install/rrt_package/lib/python3.8/site-packages/rrt_package/rrt_pure_pursuit.py to rrt_pure_pursuit.cpython-38.pyc
[7.808s] byte-compiling /home/f1tenth/f1tenth_mrc_ws/install/rrt_package/lib/python3.8/site-packages/rrt_package/RRT_node.py to RRT_node.cpython-38.pyc
[7.819s] byte-compiling /home/f1tenth/f1tenth_mrc_ws/install/rrt_package/lib/python3.8/site-packages/rrt_package/__init__.py to __init__.cpython-38.pyc
[7.821s] running install_data
[7.822s] creating /home/f1tenth/f1tenth_mrc_ws/install/rrt_package/share/ament_index
[7.823s] creating /home/f1tenth/f1tenth_mrc_ws/install/rrt_package/share/ament_index/resource_index
[7.824s] creating /home/f1tenth/f1tenth_mrc_ws/install/rrt_package/share/ament_index/resource_index/packages
[7.825s] copying resource/rrt_package -> /home/f1tenth/f1tenth_mrc_ws/install/rrt_package/share/ament_index/resource_index/packages
[7.826s] copying package.xml -> /home/f1tenth/f1tenth_mrc_ws/install/rrt_package/share/rrt_package
[7.828s] creating /home/f1tenth/f1tenth_mrc_ws/install/rrt_package/share/rrt_package/launch
[7.830s] copying launch/rrt_launch.py -> /home/f1tenth/f1tenth_mrc_ws/install/rrt_package/share/rrt_package/launch
[7.832s] running install_egg_info
[7.844s] Copying ../../build/rrt_package/rrt_package.egg-info to /home/f1tenth/f1tenth_mrc_ws/install/rrt_package/lib/python3.8/site-packages/rrt_package-0.0.0-py3.8.egg-info
[7.849s] running install_scripts
[7.943s] Installing RRT_node script to /home/f1tenth/f1tenth_mrc_ws/install/rrt_package/lib/rrt_package
[7.946s] Installing rrt_pure_pursuit script to /home/f1tenth/f1tenth_mrc_ws/install/rrt_package/lib/rrt_package
[7.951s] writing list of installed files to '/home/f1tenth/f1tenth_mrc_ws/build/rrt_package/install.log'
[8.163s] Invoked command in '/home/f1tenth/f1tenth_mrc_ws/src/rrt_package' returned '0': PYTHONPATH=/home/f1tenth/f1tenth_mrc_ws/build/rrt_package/prefix_override:/usr/lib/python3/dist-packages/colcon_core/task/python/colcon_distutils_commands:/home/f1tenth/f1tenth_mrc_ws/install/rrt_package/lib/python3.8/site-packages:${PYTHONPATH} /usr/bin/python3 -W ignore:setup.py install is deprecated -W ignore:easy_install command is deprecated setup.py egg_info --egg-base ../../build/rrt_package build --build-base /home/f1tenth/f1tenth_mrc_ws/build/rrt_package/build install --record /home/f1tenth/f1tenth_mrc_ws/build/rrt_package/install.log --install-scripts $base/lib/rrt_package --single-version-externally-managed install_data
