[5.483s] Invoking command in '/home/f1tenth/f1tenth_mrc_ws/src/rrt_package': PYTHONPATH=/home/f1tenth/f1tenth_mrc_ws/build/rrt_package/prefix_override:/usr/lib/python3/dist-packages/colcon_core/task/python/colcon_distutils_commands:/home/f1tenth/f1tenth_mrc_ws/install/rrt_package/lib/python3.8/site-packages:${PYTHONPATH} /usr/bin/python3 -W ignore:setup.py install is deprecated -W ignore:easy_install command is deprecated setup.py egg_info --egg-base ../../build/rrt_package build --build-base /home/f1tenth/f1tenth_mrc_ws/build/rrt_package/build install --record /home/f1tenth/f1tenth_mrc_ws/build/rrt_package/install.log --install-scripts $base/lib/rrt_package --single-version-externally-managed install_data
[6.682s] /home/f1tenth/.local/lib/python3.8/site-packages/setuptools/dist.py:717: UserWarning: Usage of dash-separated 'script-dir' will not be supported in future versions. Please use the underscore name 'script_dir' instead
[6.682s]   warnings.warn(
[6.812s] running egg_info
[6.815s] writing ../../build/rrt_package/rrt_package.egg-info/PKG-INFO
[6.818s] writing dependency_links to ../../build/rrt_package/rrt_package.egg-info/dependency_links.txt
[6.825s] writing entry points to ../../build/rrt_package/rrt_package.egg-info/entry_points.txt
[6.825s] writing requirements to ../../build/rrt_package/rrt_package.egg-info/requires.txt
[6.826s] writing top-level names to ../../build/rrt_package/rrt_package.egg-info/top_level.txt
[6.842s] reading manifest file '../../build/rrt_package/rrt_package.egg-info/SOURCES.txt'
[6.847s] writing manifest file '../../build/rrt_package/rrt_package.egg-info/SOURCES.txt'
[6.848s] running build
[6.848s] running build_py
[6.850s] running install
[6.855s] running install_lib
[6.862s] running install_data
[6.863s] running install_egg_info
[6.870s] removing '/home/f1tenth/f1tenth_mrc_ws/install/rrt_package/lib/python3.8/site-packages/rrt_package-0.0.0-py3.8.egg-info' (and everything under it)
[6.871s] Copying ../../build/rrt_package/rrt_package.egg-info to /home/f1tenth/f1tenth_mrc_ws/install/rrt_package/lib/python3.8/site-packages/rrt_package-0.0.0-py3.8.egg-info
[6.878s] running install_scripts
[6.961s] Installing RRT_node script to /home/f1tenth/f1tenth_mrc_ws/install/rrt_package/lib/rrt_package
[6.962s] Installing rrt_pure_pursuit script to /home/f1tenth/f1tenth_mrc_ws/install/rrt_package/lib/rrt_package
[6.963s] writing list of installed files to '/home/f1tenth/f1tenth_mrc_ws/build/rrt_package/install.log'
[7.070s] Invoked command in '/home/f1tenth/f1tenth_mrc_ws/src/rrt_package' returned '0': PYTHONPATH=/home/f1tenth/f1tenth_mrc_ws/build/rrt_package/prefix_override:/usr/lib/python3/dist-packages/colcon_core/task/python/colcon_distutils_commands:/home/f1tenth/f1tenth_mrc_ws/install/rrt_package/lib/python3.8/site-packages:${PYTHONPATH} /usr/bin/python3 -W ignore:setup.py install is deprecated -W ignore:easy_install command is deprecated setup.py egg_info --egg-base ../../build/rrt_package build --build-base /home/f1tenth/f1tenth_mrc_ws/build/rrt_package/build install --record /home/f1tenth/f1tenth_mrc_ws/build/rrt_package/install.log --install-scripts $base/lib/rrt_package --single-version-externally-managed install_data
