[0.104s] Invoking command in '/home/f1tenth/realsense_ws/build/realsense2_description': CMAKE_PREFIX_PATH=/home/f1tenth/realsense_ws/install/realsense2_camera_msgs:/home/f1tenth/realsense_ws/install/realsense2_description:/home/f1tenth/realsense_ws/install/realsense2_camera:/opt/ros/foxy LD_LIBRARY_PATH=/home/f1tenth/realsense_ws/install/realsense2_camera_msgs/lib:/home/f1tenth/realsense_ws/install/realsense2_camera/lib:/opt/ros/foxy/opt/yaml_cpp_vendor/lib:/opt/ros/foxy/opt/rviz_ogre_vendor/lib:/opt/ros/foxy/lib/aarch64-linux-gnu:/opt/ros/foxy/lib /usr/bin/cmake --build /home/f1tenth/realsense_ws/build/realsense2_description -- -j4 -l4
[0.276s] Invoked command in '/home/f1tenth/realsense_ws/build/realsense2_description' returned '0': CMAKE_PREFIX_PATH=/home/f1tenth/realsense_ws/install/realsense2_camera_msgs:/home/f1tenth/realsense_ws/install/realsense2_description:/home/f1tenth/realsense_ws/install/realsense2_camera:/opt/ros/foxy LD_LIBRARY_PATH=/home/f1tenth/realsense_ws/install/realsense2_camera_msgs/lib:/home/f1tenth/realsense_ws/install/realsense2_camera/lib:/opt/ros/foxy/opt/yaml_cpp_vendor/lib:/opt/ros/foxy/opt/rviz_ogre_vendor/lib:/opt/ros/foxy/lib/aarch64-linux-gnu:/opt/ros/foxy/lib /usr/bin/cmake --build /home/f1tenth/realsense_ws/build/realsense2_description -- -j4 -l4
[0.290s] Invoking command in '/home/f1tenth/realsense_ws/build/realsense2_description': CMAKE_PREFIX_PATH=/home/f1tenth/realsense_ws/install/realsense2_camera_msgs:/home/f1tenth/realsense_ws/install/realsense2_description:/home/f1tenth/realsense_ws/install/realsense2_camera:/opt/ros/foxy LD_LIBRARY_PATH=/home/f1tenth/realsense_ws/install/realsense2_camera_msgs/lib:/home/f1tenth/realsense_ws/install/realsense2_camera/lib:/opt/ros/foxy/opt/yaml_cpp_vendor/lib:/opt/ros/foxy/opt/rviz_ogre_vendor/lib:/opt/ros/foxy/lib/aarch64-linux-gnu:/opt/ros/foxy/lib /usr/bin/cmake --install /home/f1tenth/realsense_ws/build/realsense2_description
[0.337s] -- Install configuration: ""
[0.338s] -- Up-to-date: /home/f1tenth/realsense_ws/install/realsense2_description/share/realsense2_description/launch
[0.338s] -- Up-to-date: /home/f1tenth/realsense_ws/install/realsense2_description/share/realsense2_description/launch/view_model.launch.py
[0.338s] -- Up-to-date: /home/f1tenth/realsense_ws/install/realsense2_description/share/realsense2_description/launch/launch_utils.py
[0.339s] -- Up-to-date: /home/f1tenth/realsense_ws/install/realsense2_description/share/realsense2_description/meshes
[0.339s] -- Up-to-date: /home/f1tenth/realsense_ws/install/realsense2_description/share/realsense2_description/meshes/d435.dae
[0.340s] -- Up-to-date: /home/f1tenth/realsense_ws/install/realsense2_description/share/realsense2_description/meshes/l515.dae
[0.340s] -- Up-to-date: /home/f1tenth/realsense_ws/install/realsense2_description/share/realsense2_description/meshes/d455.stl
[0.340s] -- Up-to-date: /home/f1tenth/realsense_ws/install/realsense2_description/share/realsense2_description/meshes/plug_collision.stl
[0.340s] -- Up-to-date: /home/f1tenth/realsense_ws/install/realsense2_description/share/realsense2_description/meshes/d415.stl
[0.341s] -- Up-to-date: /home/f1tenth/realsense_ws/install/realsense2_description/share/realsense2_description/meshes/plug.stl
[0.341s] -- Up-to-date: /home/f1tenth/realsense_ws/install/realsense2_description/share/realsense2_description/rviz
[0.342s] -- Up-to-date: /home/f1tenth/realsense_ws/install/realsense2_description/share/realsense2_description/rviz/urdf.rviz
[0.343s] -- Up-to-date: /home/f1tenth/realsense_ws/install/realsense2_description/share/realsense2_description/urdf
[0.343s] -- Up-to-date: /home/f1tenth/realsense_ws/install/realsense2_description/share/realsense2_description/urdf/_l515.urdf.xacro
[0.344s] -- Up-to-date: /home/f1tenth/realsense_ws/install/realsense2_description/share/realsense2_description/urdf/test_r410_camera.urdf.xacro
[0.344s] -- Up-to-date: /home/f1tenth/realsense_ws/install/realsense2_description/share/realsense2_description/urdf/_d435.urdf.xacro
[0.344s] -- Up-to-date: /home/f1tenth/realsense_ws/install/realsense2_description/share/realsense2_description/urdf/_r430.urdf.xacro
[0.345s] -- Up-to-date: /home/f1tenth/realsense_ws/install/realsense2_description/share/realsense2_description/urdf/test_d455_camera.urdf.xacro
[0.345s] -- Up-to-date: /home/f1tenth/realsense_ws/install/realsense2_description/share/realsense2_description/urdf/_d435i_imu_modules.urdf.xacro
[0.345s] -- Up-to-date: /home/f1tenth/realsense_ws/install/realsense2_description/share/realsense2_description/urdf/_usb_plug.urdf.xacro
[0.346s] -- Up-to-date: /home/f1tenth/realsense_ws/install/realsense2_description/share/realsense2_description/urdf/_d435i.urdf.xacro
[0.347s] -- Up-to-date: /home/f1tenth/realsense_ws/install/realsense2_description/share/realsense2_description/urdf/test_d415_camera.urdf.xacro
[0.347s] -- Up-to-date: /home/f1tenth/realsense_ws/install/realsense2_description/share/realsense2_description/urdf/test_d435_camera.urdf.xacro
[0.348s] -- Up-to-date: /home/f1tenth/realsense_ws/install/realsense2_description/share/realsense2_description/urdf/test_l515_camera.urdf.xacro
[0.348s] -- Up-to-date: /home/f1tenth/realsense_ws/install/realsense2_description/share/realsense2_description/urdf/_materials.urdf.xacro
[0.348s] -- Up-to-date: /home/f1tenth/realsense_ws/install/realsense2_description/share/realsense2_description/urdf/test_d435i_camera.urdf.xacro
[0.349s] -- Up-to-date: /home/f1tenth/realsense_ws/install/realsense2_description/share/realsense2_description/urdf/test_d435_multiple_cameras.urdf.xacro
[0.349s] -- Up-to-date: /home/f1tenth/realsense_ws/install/realsense2_description/share/realsense2_description/urdf/_d455.urdf.xacro
[0.349s] -- Up-to-date: /home/f1tenth/realsense_ws/install/realsense2_description/share/realsense2_description/urdf/_d415.urdf.xacro
[0.349s] -- Up-to-date: /home/f1tenth/realsense_ws/install/realsense2_description/share/realsense2_description/urdf/test_r430_camera.urdf.xacro
[0.350s] -- Up-to-date: /home/f1tenth/realsense_ws/install/realsense2_description/share/realsense2_description/urdf/_r410.urdf.xacro
[0.350s] -- Up-to-date: /home/f1tenth/realsense_ws/install/realsense2_description/share/ament_index/resource_index/package_run_dependencies/realsense2_description
[0.351s] -- Up-to-date: /home/f1tenth/realsense_ws/install/realsense2_description/share/ament_index/resource_index/parent_prefix_path/realsense2_description
[0.351s] -- Up-to-date: /home/f1tenth/realsense_ws/install/realsense2_description/share/realsense2_description/environment/ament_prefix_path.sh
[0.351s] -- Up-to-date: /home/f1tenth/realsense_ws/install/realsense2_description/share/realsense2_description/environment/ament_prefix_path.dsv
[0.352s] -- Up-to-date: /home/f1tenth/realsense_ws/install/realsense2_description/share/realsense2_description/environment/path.sh
[0.352s] -- Up-to-date: /home/f1tenth/realsense_ws/install/realsense2_description/share/realsense2_description/environment/path.dsv
[0.353s] -- Up-to-date: /home/f1tenth/realsense_ws/install/realsense2_description/share/realsense2_description/local_setup.bash
[0.355s] -- Up-to-date: /home/f1tenth/realsense_ws/install/realsense2_description/share/realsense2_description/local_setup.sh
[0.355s] -- Up-to-date: /home/f1tenth/realsense_ws/install/realsense2_description/share/realsense2_description/local_setup.zsh
[0.356s] -- Up-to-date: /home/f1tenth/realsense_ws/install/realsense2_description/share/realsense2_description/local_setup.dsv
[0.356s] -- Installing: /home/f1tenth/realsense_ws/install/realsense2_description/share/realsense2_description/package.dsv
[0.357s] -- Up-to-date: /home/f1tenth/realsense_ws/install/realsense2_description/share/ament_index/resource_index/packages/realsense2_description
[0.358s] -- Up-to-date: /home/f1tenth/realsense_ws/install/realsense2_description/share/realsense2_description/cmake/realsense2_descriptionConfig.cmake
[0.360s] -- Up-to-date: /home/f1tenth/realsense_ws/install/realsense2_description/share/realsense2_description/cmake/realsense2_descriptionConfig-version.cmake
[0.384s] -- Up-to-date: /home/f1tenth/realsense_ws/install/realsense2_description/share/realsense2_description/package.xml
[0.386s] Invoked command in '/home/f1tenth/realsense_ws/build/realsense2_description' returned '0': CMAKE_PREFIX_PATH=/home/f1tenth/realsense_ws/install/realsense2_camera_msgs:/home/f1tenth/realsense_ws/install/realsense2_description:/home/f1tenth/realsense_ws/install/realsense2_camera:/opt/ros/foxy LD_LIBRARY_PATH=/home/f1tenth/realsense_ws/install/realsense2_camera_msgs/lib:/home/f1tenth/realsense_ws/install/realsense2_camera/lib:/opt/ros/foxy/opt/yaml_cpp_vendor/lib:/opt/ros/foxy/opt/rviz_ogre_vendor/lib:/opt/ros/foxy/lib/aarch64-linux-gnu:/opt/ros/foxy/lib /usr/bin/cmake --install /home/f1tenth/realsense_ws/build/realsense2_description
