[4.033s] Invoking command in '/home/f1tenth/f1tenth_mrc_ws/src/ppo_racing': PYTHONPATH=/home/f1tenth/f1tenth_mrc_ws/build/ppo_racing/prefix_override:/usr/lib/python3/dist-packages/colcon_core/task/python/colcon_distutils_commands:/home/f1tenth/f1tenth_mrc_ws/install/ppo_racing/lib/python3.8/site-packages:${PYTHONPATH} /usr/bin/python3 -W ignore:setup.py install is deprecated -W ignore:easy_install command is deprecated setup.py egg_info --egg-base ../../build/ppo_racing build --build-base /home/f1tenth/f1tenth_mrc_ws/build/ppo_racing/build install --record /home/f1tenth/f1tenth_mrc_ws/build/ppo_racing/install.log --install-scripts $base/lib/ppo_racing --single-version-externally-managed install_data
[5.207s] /home/f1tenth/.local/lib/python3.8/site-packages/setuptools/dist.py:717: UserWarning: Usage of dash-separated 'script-dir' will not be supported in future versions. Please use the underscore name 'script_dir' instead
[5.208s]   warnings.warn(
[5.365s] running egg_info
[5.367s] writing ../../build/ppo_racing/ppo_racing.egg-info/PKG-INFO
[5.368s] writing dependency_links to ../../build/ppo_racing/ppo_racing.egg-info/dependency_links.txt
[5.369s] writing entry points to ../../build/ppo_racing/ppo_racing.egg-info/entry_points.txt
[5.370s] writing requirements to ../../build/ppo_racing/ppo_racing.egg-info/requires.txt
[5.370s] writing top-level names to ../../build/ppo_racing/ppo_racing.egg-info/top_level.txt
[5.386s] reading manifest file '../../build/ppo_racing/ppo_racing.egg-info/SOURCES.txt'
[5.390s] writing manifest file '../../build/ppo_racing/ppo_racing.egg-info/SOURCES.txt'
[5.392s] running build
[5.392s] running build_py
[5.396s] running install
[5.399s] running install_lib
[5.410s] running install_data
[5.411s] running install_egg_info
[5.418s] removing '/home/f1tenth/f1tenth_mrc_ws/install/ppo_racing/lib/python3.8/site-packages/ppo_racing-0.0.0-py3.8.egg-info' (and everything under it)
[5.419s] Copying ../../build/ppo_racing/ppo_racing.egg-info to /home/f1tenth/f1tenth_mrc_ws/install/ppo_racing/lib/python3.8/site-packages/ppo_racing-0.0.0-py3.8.egg-info
[5.424s] running install_scripts
[5.515s] Installing opp_pose_to_odom script to /home/f1tenth/f1tenth_mrc_ws/install/ppo_racing/lib/ppo_racing
[5.516s] Installing policy_node script to /home/f1tenth/f1tenth_mrc_ws/install/ppo_racing/lib/ppo_racing
[5.516s] Installing policy_node_local_obs script to /home/f1tenth/f1tenth_mrc_ws/install/ppo_racing/lib/ppo_racing
[5.517s] Installing test_logger script to /home/f1tenth/f1tenth_mrc_ws/install/ppo_racing/lib/ppo_racing
[5.522s] writing list of installed files to '/home/f1tenth/f1tenth_mrc_ws/build/ppo_racing/install.log'
[6.015s] Invoked command in '/home/f1tenth/f1tenth_mrc_ws/src/ppo_racing' returned '0': PYTHONPATH=/home/f1tenth/f1tenth_mrc_ws/build/ppo_racing/prefix_override:/usr/lib/python3/dist-packages/colcon_core/task/python/colcon_distutils_commands:/home/f1tenth/f1tenth_mrc_ws/install/ppo_racing/lib/python3.8/site-packages:${PYTHONPATH} /usr/bin/python3 -W ignore:setup.py install is deprecated -W ignore:easy_install command is deprecated setup.py egg_info --egg-base ../../build/ppo_racing build --build-base /home/f1tenth/f1tenth_mrc_ws/build/ppo_racing/build install --record /home/f1tenth/f1tenth_mrc_ws/build/ppo_racing/install.log --install-scripts $base/lib/ppo_racing --single-version-externally-managed install_data
