running egg_info
creating ../../build/waypoint_logger/waypoint_logger.egg-info
writing ../../build/waypoint_logger/waypoint_logger.egg-info/PKG-INFO
writing dependency_links to ../../build/waypoint_logger/waypoint_logger.egg-info/dependency_links.txt
writing entry points to ../../build/waypoint_logger/waypoint_logger.egg-info/entry_points.txt
writing requirements to ../../build/waypoint_logger/waypoint_logger.egg-info/requires.txt
writing top-level names to ../../build/waypoint_logger/waypoint_logger.egg-info/top_level.txt
writing manifest file '../../build/waypoint_logger/waypoint_logger.egg-info/SOURCES.txt'
reading manifest file '../../build/waypoint_logger/waypoint_logger.egg-info/SOURCES.txt'
writing manifest file '../../build/waypoint_logger/waypoint_logger.egg-info/SOURCES.txt'
running build
running build_py
creating /home/f1tenth/f1tenth_mrc_ws/build/waypoint_logger/build
creating /home/f1tenth/f1tenth_mrc_ws/build/waypoint_logger/build/lib
creating /home/f1tenth/f1tenth_mrc_ws/build/waypoint_logger/build/lib/waypoint_logger
copying waypoint_logger/optitrack_logger.py -> /home/f1tenth/f1tenth_mrc_ws/build/waypoint_logger/build/lib/waypoint_logger
copying waypoint_logger/mpc_logger.py -> /home/f1tenth/f1tenth_mrc_ws/build/waypoint_logger/build/lib/waypoint_logger
copying waypoint_logger/logger.py -> /home/f1tenth/f1tenth_mrc_ws/build/waypoint_logger/build/lib/waypoint_logger
copying waypoint_logger/__init__.py -> /home/f1tenth/f1tenth_mrc_ws/build/waypoint_logger/build/lib/waypoint_logger
running install
running install_lib
creating /home/f1tenth/f1tenth_mrc_ws/install/waypoint_logger/lib/python3.8/site-packages/waypoint_logger
copying /home/f1tenth/f1tenth_mrc_ws/build/waypoint_logger/build/lib/waypoint_logger/optitrack_logger.py -> /home/f1tenth/f1tenth_mrc_ws/install/waypoint_logger/lib/python3.8/site-packages/waypoint_logger
copying /home/f1tenth/f1tenth_mrc_ws/build/waypoint_logger/build/lib/waypoint_logger/mpc_logger.py -> /home/f1tenth/f1tenth_mrc_ws/install/waypoint_logger/lib/python3.8/site-packages/waypoint_logger
copying /home/f1tenth/f1tenth_mrc_ws/build/waypoint_logger/build/lib/waypoint_logger/logger.py -> /home/f1tenth/f1tenth_mrc_ws/install/waypoint_logger/lib/python3.8/site-packages/waypoint_logger
copying /home/f1tenth/f1tenth_mrc_ws/build/waypoint_logger/build/lib/waypoint_logger/__init__.py -> /home/f1tenth/f1tenth_mrc_ws/install/waypoint_logger/lib/python3.8/site-packages/waypoint_logger
byte-compiling /home/f1tenth/f1tenth_mrc_ws/install/waypoint_logger/lib/python3.8/site-packages/waypoint_logger/optitrack_logger.py to optitrack_logger.cpython-38.pyc
byte-compiling /home/f1tenth/f1tenth_mrc_ws/install/waypoint_logger/lib/python3.8/site-packages/waypoint_logger/mpc_logger.py to mpc_logger.cpython-38.pyc
byte-compiling /home/f1tenth/f1tenth_mrc_ws/install/waypoint_logger/lib/python3.8/site-packages/waypoint_logger/logger.py to logger.cpython-38.pyc
byte-compiling /home/f1tenth/f1tenth_mrc_ws/install/waypoint_logger/lib/python3.8/site-packages/waypoint_logger/__init__.py to __init__.cpython-38.pyc
running install_data
creating /home/f1tenth/f1tenth_mrc_ws/install/waypoint_logger/share/ament_index
creating /home/f1tenth/f1tenth_mrc_ws/install/waypoint_logger/share/ament_index/resource_index
creating /home/f1tenth/f1tenth_mrc_ws/install/waypoint_logger/share/ament_index/resource_index/packages
copying resource/waypoint_logger -> /home/f1tenth/f1tenth_mrc_ws/install/waypoint_logger/share/ament_index/resource_index/packages
copying package.xml -> /home/f1tenth/f1tenth_mrc_ws/install/waypoint_logger/share/waypoint_logger
running install_egg_info
Copying ../../build/waypoint_logger/waypoint_logger.egg-info to /home/f1tenth/f1tenth_mrc_ws/install/waypoint_logger/lib/python3.8/site-packages/waypoint_logger-0.0.0-py3.8.egg-info
running install_scripts
Installing mpc_logger script to /home/f1tenth/f1tenth_mrc_ws/install/waypoint_logger/lib/waypoint_logger
Installing optitrack_logger script to /home/f1tenth/f1tenth_mrc_ws/install/waypoint_logger/lib/waypoint_logger
Installing waypoint_logger script to /home/f1tenth/f1tenth_mrc_ws/install/waypoint_logger/lib/waypoint_logger
writing list of installed files to '/home/f1tenth/f1tenth_mrc_ws/build/waypoint_logger/install.log'
