[0.714s] DEBUG:colcon:Command line arguments: ['/usr/bin/colcon', 'build']
[0.715s] DEBUG:colcon:Parsed command line arguments: Namespace(allow_overriding=[], ament_cmake_args=None, base_paths=['.'], build_base='build', catkin_cmake_args=None, catkin_skip_building_tests=False, cmake_args=None, cmake_clean_cache=False, cmake_clean_first=False, cmake_force_configure=False, cmake_target=None, cmake_target_skip_unavailable=False, continue_on_error=False, event_handlers=None, executor='parallel', ignore_user_meta=False, install_base='install', log_base=None, log_level=None, main=<bound method BuildVerb.main of <colcon_core.verb.build.BuildVerb object at 0xffffb349ad30>>, merge_install=False, metas=['./colcon.meta'], mixin=None, mixin_files=None, mixin_verb=('build',), packages_above=None, packages_above_and_dependencies=None, packages_above_depth=None, packages_end=None, packages_ignore=None, packages_ignore_regex=None, packages_select=None, packages_select_build_failed=False, packages_select_by_dep=None, packages_select_regex=None, packages_select_test_failures=False, packages_skip=None, packages_skip_build_finished=False, packages_skip_by_dep=None, packages_skip_regex=None, packages_skip_test_passed=False, packages_skip_up_to=None, packages_start=None, packages_up_to=None, packages_up_to_regex=None, parallel_workers=4, paths=None, symlink_install=False, test_result_base=None, verb_extension=<colcon_core.verb.build.BuildVerb object at 0xffffb349ad30>, verb_name='build', verb_parser=<colcon_mixin.mixin.mixin_argument.MixinArgumentDecorator object at 0xffffb34273d0>)
[1.396s] Level 1:colcon.colcon_core.package_discovery:discover_packages(colcon_meta) check parameters
[1.397s] Level 1:colcon.colcon_core.package_discovery:discover_packages(recursive) check parameters
[1.397s] Level 1:colcon.colcon_core.package_discovery:discover_packages(ignore) check parameters
[1.397s] Level 1:colcon.colcon_core.package_discovery:discover_packages(path) check parameters
[1.397s] Level 1:colcon.colcon_core.package_discovery:discover_packages(colcon_meta) discover
[1.397s] Level 1:colcon.colcon_core.package_discovery:discover_packages(recursive) discover
[1.398s] INFO:colcon.colcon_core.package_discovery:Crawling recursively for packages in '/home/f1tenth/realsense_ws'
[1.398s] Level 1:colcon.colcon_core.package_identification:_identify(.) by extensions ['ignore', 'ignore_ament_install']
[1.398s] Level 1:colcon.colcon_core.package_identification:_identify(.) by extension 'ignore'
[1.399s] Level 1:colcon.colcon_core.package_identification:_identify(.) by extension 'ignore_ament_install'
[1.399s] Level 1:colcon.colcon_core.package_identification:_identify(.) by extensions ['colcon_pkg']
[1.399s] Level 1:colcon.colcon_core.package_identification:_identify(.) by extension 'colcon_pkg'
[1.399s] Level 1:colcon.colcon_core.package_identification:_identify(.) by extensions ['colcon_meta']
[1.399s] Level 1:colcon.colcon_core.package_identification:_identify(.) by extension 'colcon_meta'
[1.399s] Level 1:colcon.colcon_core.package_identification:_identify(.) by extensions ['ros']
[1.400s] Level 1:colcon.colcon_core.package_identification:_identify(.) by extension 'ros'
[1.470s] Level 1:colcon.colcon_core.package_identification:_identify(.) by extensions ['cmake', 'python']
[1.471s] Level 1:colcon.colcon_core.package_identification:_identify(.) by extension 'cmake'
[1.471s] Level 1:colcon.colcon_core.package_identification:_identify(.) by extension 'python'
[1.471s] Level 1:colcon.colcon_core.package_identification:_identify(.) by extensions ['python_setup_py']
[1.471s] Level 1:colcon.colcon_core.package_identification:_identify(.) by extension 'python_setup_py'
[1.472s] Level 1:colcon.colcon_core.package_identification:_identify(build) by extensions ['ignore', 'ignore_ament_install']
[1.472s] Level 1:colcon.colcon_core.package_identification:_identify(build) by extension 'ignore'
[1.472s] Level 1:colcon.colcon_core.package_identification:_identify(build) ignored
[1.473s] Level 1:colcon.colcon_core.package_identification:_identify(install) by extensions ['ignore', 'ignore_ament_install']
[1.473s] Level 1:colcon.colcon_core.package_identification:_identify(install) by extension 'ignore'
[1.473s] Level 1:colcon.colcon_core.package_identification:_identify(install) ignored
[1.473s] Level 1:colcon.colcon_core.package_identification:_identify(log) by extensions ['ignore', 'ignore_ament_install']
[1.474s] Level 1:colcon.colcon_core.package_identification:_identify(log) by extension 'ignore'
[1.474s] Level 1:colcon.colcon_core.package_identification:_identify(log) ignored
[1.474s] Level 1:colcon.colcon_core.package_identification:_identify(src) by extensions ['ignore', 'ignore_ament_install']
[1.474s] Level 1:colcon.colcon_core.package_identification:_identify(src) by extension 'ignore'
[1.475s] Level 1:colcon.colcon_core.package_identification:_identify(src) by extension 'ignore_ament_install'
[1.475s] Level 1:colcon.colcon_core.package_identification:_identify(src) by extensions ['colcon_pkg']
[1.475s] Level 1:colcon.colcon_core.package_identification:_identify(src) by extension 'colcon_pkg'
[1.475s] Level 1:colcon.colcon_core.package_identification:_identify(src) by extensions ['colcon_meta']
[1.475s] Level 1:colcon.colcon_core.package_identification:_identify(src) by extension 'colcon_meta'
[1.475s] Level 1:colcon.colcon_core.package_identification:_identify(src) by extensions ['ros']
[1.475s] Level 1:colcon.colcon_core.package_identification:_identify(src) by extension 'ros'
[1.476s] Level 1:colcon.colcon_core.package_identification:_identify(src) by extensions ['cmake', 'python']
[1.476s] Level 1:colcon.colcon_core.package_identification:_identify(src) by extension 'cmake'
[1.476s] Level 1:colcon.colcon_core.package_identification:_identify(src) by extension 'python'
[1.476s] Level 1:colcon.colcon_core.package_identification:_identify(src) by extensions ['python_setup_py']
[1.476s] Level 1:colcon.colcon_core.package_identification:_identify(src) by extension 'python_setup_py'
[1.477s] Level 1:colcon.colcon_core.package_identification:_identify(src/realsense-ros) by extensions ['ignore', 'ignore_ament_install']
[1.477s] Level 1:colcon.colcon_core.package_identification:_identify(src/realsense-ros) by extension 'ignore'
[1.477s] Level 1:colcon.colcon_core.package_identification:_identify(src/realsense-ros) by extension 'ignore_ament_install'
[1.477s] Level 1:colcon.colcon_core.package_identification:_identify(src/realsense-ros) by extensions ['colcon_pkg']
[1.478s] Level 1:colcon.colcon_core.package_identification:_identify(src/realsense-ros) by extension 'colcon_pkg'
[1.478s] Level 1:colcon.colcon_core.package_identification:_identify(src/realsense-ros) by extensions ['colcon_meta']
[1.478s] Level 1:colcon.colcon_core.package_identification:_identify(src/realsense-ros) by extension 'colcon_meta'
[1.478s] Level 1:colcon.colcon_core.package_identification:_identify(src/realsense-ros) by extensions ['ros']
[1.478s] Level 1:colcon.colcon_core.package_identification:_identify(src/realsense-ros) by extension 'ros'
[1.478s] Level 1:colcon.colcon_core.package_identification:_identify(src/realsense-ros) by extensions ['cmake', 'python']
[1.478s] Level 1:colcon.colcon_core.package_identification:_identify(src/realsense-ros) by extension 'cmake'
[1.479s] Level 1:colcon.colcon_core.package_identification:_identify(src/realsense-ros) by extension 'python'
[1.479s] Level 1:colcon.colcon_core.package_identification:_identify(src/realsense-ros) by extensions ['python_setup_py']
[1.479s] Level 1:colcon.colcon_core.package_identification:_identify(src/realsense-ros) by extension 'python_setup_py'
[1.479s] Level 1:colcon.colcon_core.package_identification:_identify(src/realsense-ros/realsense2_camera) by extensions ['ignore', 'ignore_ament_install']
[1.480s] Level 1:colcon.colcon_core.package_identification:_identify(src/realsense-ros/realsense2_camera) by extension 'ignore'
[1.480s] Level 1:colcon.colcon_core.package_identification:_identify(src/realsense-ros/realsense2_camera) by extension 'ignore_ament_install'
[1.480s] Level 1:colcon.colcon_core.package_identification:_identify(src/realsense-ros/realsense2_camera) by extensions ['colcon_pkg']
[1.480s] Level 1:colcon.colcon_core.package_identification:_identify(src/realsense-ros/realsense2_camera) by extension 'colcon_pkg'
[1.480s] Level 1:colcon.colcon_core.package_identification:_identify(src/realsense-ros/realsense2_camera) by extensions ['colcon_meta']
[1.480s] Level 1:colcon.colcon_core.package_identification:_identify(src/realsense-ros/realsense2_camera) by extension 'colcon_meta'
[1.481s] Level 1:colcon.colcon_core.package_identification:_identify(src/realsense-ros/realsense2_camera) by extensions ['ros']
[1.481s] Level 1:colcon.colcon_core.package_identification:_identify(src/realsense-ros/realsense2_camera) by extension 'ros'
[1.495s] DEBUG:colcon.colcon_core.package_identification:Package 'src/realsense-ros/realsense2_camera' with type 'ros.ament_cmake' and name 'realsense2_camera'
[1.495s] Level 1:colcon.colcon_core.package_identification:_identify(src/realsense-ros/realsense2_camera_msgs) by extensions ['ignore', 'ignore_ament_install']
[1.496s] Level 1:colcon.colcon_core.package_identification:_identify(src/realsense-ros/realsense2_camera_msgs) by extension 'ignore'
[1.496s] Level 1:colcon.colcon_core.package_identification:_identify(src/realsense-ros/realsense2_camera_msgs) by extension 'ignore_ament_install'
[1.496s] Level 1:colcon.colcon_core.package_identification:_identify(src/realsense-ros/realsense2_camera_msgs) by extensions ['colcon_pkg']
[1.496s] Level 1:colcon.colcon_core.package_identification:_identify(src/realsense-ros/realsense2_camera_msgs) by extension 'colcon_pkg'
[1.496s] Level 1:colcon.colcon_core.package_identification:_identify(src/realsense-ros/realsense2_camera_msgs) by extensions ['colcon_meta']
[1.496s] Level 1:colcon.colcon_core.package_identification:_identify(src/realsense-ros/realsense2_camera_msgs) by extension 'colcon_meta'
[1.497s] Level 1:colcon.colcon_core.package_identification:_identify(src/realsense-ros/realsense2_camera_msgs) by extensions ['ros']
[1.497s] Level 1:colcon.colcon_core.package_identification:_identify(src/realsense-ros/realsense2_camera_msgs) by extension 'ros'
[1.499s] DEBUG:colcon.colcon_core.package_identification:Package 'src/realsense-ros/realsense2_camera_msgs' with type 'ros.ament_cmake' and name 'realsense2_camera_msgs'
[1.499s] Level 1:colcon.colcon_core.package_identification:_identify(src/realsense-ros/realsense2_description) by extensions ['ignore', 'ignore_ament_install']
[1.500s] Level 1:colcon.colcon_core.package_identification:_identify(src/realsense-ros/realsense2_description) by extension 'ignore'
[1.500s] Level 1:colcon.colcon_core.package_identification:_identify(src/realsense-ros/realsense2_description) by extension 'ignore_ament_install'
[1.500s] Level 1:colcon.colcon_core.package_identification:_identify(src/realsense-ros/realsense2_description) by extensions ['colcon_pkg']
[1.500s] Level 1:colcon.colcon_core.package_identification:_identify(src/realsense-ros/realsense2_description) by extension 'colcon_pkg'
[1.500s] Level 1:colcon.colcon_core.package_identification:_identify(src/realsense-ros/realsense2_description) by extensions ['colcon_meta']
[1.501s] Level 1:colcon.colcon_core.package_identification:_identify(src/realsense-ros/realsense2_description) by extension 'colcon_meta'
[1.501s] Level 1:colcon.colcon_core.package_identification:_identify(src/realsense-ros/realsense2_description) by extensions ['ros']
[1.501s] Level 1:colcon.colcon_core.package_identification:_identify(src/realsense-ros/realsense2_description) by extension 'ros'
[1.504s] DEBUG:colcon.colcon_core.package_identification:Package 'src/realsense-ros/realsense2_description' with type 'ros.ament_cmake' and name 'realsense2_description'
[1.504s] Level 1:colcon.colcon_core.package_discovery:discover_packages(recursive) using defaults
[1.504s] Level 1:colcon.colcon_core.package_discovery:discover_packages(ignore) discover
[1.505s] Level 1:colcon.colcon_core.package_discovery:discover_packages(ignore) using defaults
[1.505s] Level 1:colcon.colcon_core.package_discovery:discover_packages(path) discover
[1.505s] Level 1:colcon.colcon_core.package_discovery:discover_packages(path) using defaults
[1.570s] Level 1:colcon.colcon_core.package_discovery:discover_packages(prefix_path) check parameters
[1.570s] Level 1:colcon.colcon_core.package_discovery:discover_packages(prefix_path) discover
[1.580s] DEBUG:colcon.colcon_installed_package_information.package_discovery:Found 307 installed packages in /opt/ros/foxy
[1.590s] Level 1:colcon.colcon_core.package_discovery:discover_packages(prefix_path) using defaults
[1.824s] Level 5:colcon.colcon_core.verb:set package 'realsense2_camera_msgs' build argument 'cmake_args' from command line to 'None'
[1.824s] Level 5:colcon.colcon_core.verb:set package 'realsense2_camera_msgs' build argument 'cmake_target' from command line to 'None'
[1.824s] Level 5:colcon.colcon_core.verb:set package 'realsense2_camera_msgs' build argument 'cmake_target_skip_unavailable' from command line to 'False'
[1.824s] Level 5:colcon.colcon_core.verb:set package 'realsense2_camera_msgs' build argument 'cmake_clean_cache' from command line to 'False'
[1.824s] Level 5:colcon.colcon_core.verb:set package 'realsense2_camera_msgs' build argument 'cmake_clean_first' from command line to 'False'
[1.825s] Level 5:colcon.colcon_core.verb:set package 'realsense2_camera_msgs' build argument 'cmake_force_configure' from command line to 'False'
[1.825s] Level 5:colcon.colcon_core.verb:set package 'realsense2_camera_msgs' build argument 'ament_cmake_args' from command line to 'None'
[1.825s] Level 5:colcon.colcon_core.verb:set package 'realsense2_camera_msgs' build argument 'catkin_cmake_args' from command line to 'None'
[1.825s] Level 5:colcon.colcon_core.verb:set package 'realsense2_camera_msgs' build argument 'catkin_skip_building_tests' from command line to 'False'
[1.825s] DEBUG:colcon.colcon_core.verb:Building package 'realsense2_camera_msgs' with the following arguments: {'ament_cmake_args': None, 'build_base': '/home/f1tenth/realsense_ws/build/realsense2_camera_msgs', 'catkin_cmake_args': None, 'catkin_skip_building_tests': False, 'cmake_args': None, 'cmake_clean_cache': False, 'cmake_clean_first': False, 'cmake_force_configure': False, 'cmake_target': None, 'cmake_target_skip_unavailable': False, 'install_base': '/home/f1tenth/realsense_ws/install/realsense2_camera_msgs', 'merge_install': False, 'path': '/home/f1tenth/realsense_ws/src/realsense-ros/realsense2_camera_msgs', 'symlink_install': False, 'test_result_base': None}
[1.827s] Level 5:colcon.colcon_core.verb:set package 'realsense2_camera' build argument 'cmake_args' from command line to 'None'
[1.827s] Level 5:colcon.colcon_core.verb:set package 'realsense2_camera' build argument 'cmake_target' from command line to 'None'
[1.827s] Level 5:colcon.colcon_core.verb:set package 'realsense2_camera' build argument 'cmake_target_skip_unavailable' from command line to 'False'
[1.827s] Level 5:colcon.colcon_core.verb:set package 'realsense2_camera' build argument 'cmake_clean_cache' from command line to 'False'
[1.827s] Level 5:colcon.colcon_core.verb:set package 'realsense2_camera' build argument 'cmake_clean_first' from command line to 'False'
[1.827s] Level 5:colcon.colcon_core.verb:set package 'realsense2_camera' build argument 'cmake_force_configure' from command line to 'False'
[1.827s] Level 5:colcon.colcon_core.verb:set package 'realsense2_camera' build argument 'ament_cmake_args' from command line to 'None'
[1.827s] Level 5:colcon.colcon_core.verb:set package 'realsense2_camera' build argument 'catkin_cmake_args' from command line to 'None'
[1.827s] Level 5:colcon.colcon_core.verb:set package 'realsense2_camera' build argument 'catkin_skip_building_tests' from command line to 'False'
[1.828s] DEBUG:colcon.colcon_core.verb:Building package 'realsense2_camera' with the following arguments: {'ament_cmake_args': None, 'build_base': '/home/f1tenth/realsense_ws/build/realsense2_camera', 'catkin_cmake_args': None, 'catkin_skip_building_tests': False, 'cmake_args': None, 'cmake_clean_cache': False, 'cmake_clean_first': False, 'cmake_force_configure': False, 'cmake_target': None, 'cmake_target_skip_unavailable': False, 'install_base': '/home/f1tenth/realsense_ws/install/realsense2_camera', 'merge_install': False, 'path': '/home/f1tenth/realsense_ws/src/realsense-ros/realsense2_camera', 'symlink_install': False, 'test_result_base': None}
[1.829s] Level 5:colcon.colcon_core.verb:set package 'realsense2_description' build argument 'cmake_args' from command line to 'None'
[1.829s] Level 5:colcon.colcon_core.verb:set package 'realsense2_description' build argument 'cmake_target' from command line to 'None'
[1.829s] Level 5:colcon.colcon_core.verb:set package 'realsense2_description' build argument 'cmake_target_skip_unavailable' from command line to 'False'
[1.829s] Level 5:colcon.colcon_core.verb:set package 'realsense2_description' build argument 'cmake_clean_cache' from command line to 'False'
[1.830s] Level 5:colcon.colcon_core.verb:set package 'realsense2_description' build argument 'cmake_clean_first' from command line to 'False'
[1.830s] Level 5:colcon.colcon_core.verb:set package 'realsense2_description' build argument 'cmake_force_configure' from command line to 'False'
[1.830s] Level 5:colcon.colcon_core.verb:set package 'realsense2_description' build argument 'ament_cmake_args' from command line to 'None'
[1.830s] Level 5:colcon.colcon_core.verb:set package 'realsense2_description' build argument 'catkin_cmake_args' from command line to 'None'
[1.830s] Level 5:colcon.colcon_core.verb:set package 'realsense2_description' build argument 'catkin_skip_building_tests' from command line to 'False'
[1.830s] DEBUG:colcon.colcon_core.verb:Building package 'realsense2_description' with the following arguments: {'ament_cmake_args': None, 'build_base': '/home/f1tenth/realsense_ws/build/realsense2_description', 'catkin_cmake_args': None, 'catkin_skip_building_tests': False, 'cmake_args': None, 'cmake_clean_cache': False, 'cmake_clean_first': False, 'cmake_force_configure': False, 'cmake_target': None, 'cmake_target_skip_unavailable': False, 'install_base': '/home/f1tenth/realsense_ws/install/realsense2_description', 'merge_install': False, 'path': '/home/f1tenth/realsense_ws/src/realsense-ros/realsense2_description', 'symlink_install': False, 'test_result_base': None}
[1.831s] INFO:colcon.colcon_core.executor:Executing jobs using 'parallel' executor
[1.835s] DEBUG:colcon.colcon_parallel_executor.executor.parallel:run_until_complete
[1.836s] INFO:colcon.colcon_ros.task.ament_cmake.build:Building ROS package in '/home/f1tenth/realsense_ws/src/realsense-ros/realsense2_camera_msgs' with build type 'ament_cmake'
[1.837s] INFO:colcon.colcon_cmake.task.cmake.build:Building CMake package in '/home/f1tenth/realsense_ws/src/realsense-ros/realsense2_camera_msgs'
[1.843s] INFO:colcon.colcon_core.plugin_system:Skipping extension 'colcon_core.shell.bat': Not used on non-Windows systems
[1.844s] INFO:colcon.colcon_core.shell:Skip shell extension 'powershell' for command environment: Not usable outside of PowerShell
[1.844s] DEBUG:colcon.colcon_core.shell:Skip shell extension 'dsv' for command environment
[1.897s] DEBUG:colcon.colcon_core.event_handler.log_command:Invoking command in '/home/f1tenth/realsense_ws/build/realsense2_camera_msgs': CMAKE_PREFIX_PATH=/opt/ros/foxy /usr/bin/cmake /home/f1tenth/realsense_ws/src/realsense-ros/realsense2_camera_msgs -DCMAKE_INSTALL_PREFIX=/home/f1tenth/realsense_ws/install/realsense2_camera_msgs
[8.171s] DEBUG:colcon.colcon_core.event_handler.log_command:Invoked command in '/home/f1tenth/realsense_ws/build/realsense2_camera_msgs' returned '0': CMAKE_PREFIX_PATH=/opt/ros/foxy /usr/bin/cmake /home/f1tenth/realsense_ws/src/realsense-ros/realsense2_camera_msgs -DCMAKE_INSTALL_PREFIX=/home/f1tenth/realsense_ws/install/realsense2_camera_msgs
[8.187s] DEBUG:colcon.colcon_core.event_handler.log_command:Invoking command in '/home/f1tenth/realsense_ws/build/realsense2_camera_msgs': CMAKE_PREFIX_PATH=/opt/ros/foxy /usr/bin/cmake --build /home/f1tenth/realsense_ws/build/realsense2_camera_msgs -- -j4 -l4
[26.438s] DEBUG:colcon.colcon_core.event_handler.log_command:Invoked command in '/home/f1tenth/realsense_ws/build/realsense2_camera_msgs' returned '0': CMAKE_PREFIX_PATH=/opt/ros/foxy /usr/bin/cmake --build /home/f1tenth/realsense_ws/build/realsense2_camera_msgs -- -j4 -l4
[26.495s] DEBUG:colcon.colcon_core.event_handler.log_command:Invoking command in '/home/f1tenth/realsense_ws/build/realsense2_camera_msgs': CMAKE_PREFIX_PATH=/opt/ros/foxy /usr/bin/cmake --install /home/f1tenth/realsense_ws/build/realsense2_camera_msgs
[26.802s] Level 1:colcon.colcon_core.environment:create_environment_scripts_only(realsense2_camera_msgs)
[26.807s] DEBUG:colcon.colcon_core.event_handler.log_command:Invoked command in '/home/f1tenth/realsense_ws/build/realsense2_camera_msgs' returned '0': CMAKE_PREFIX_PATH=/opt/ros/foxy /usr/bin/cmake --install /home/f1tenth/realsense_ws/build/realsense2_camera_msgs
[26.820s] Level 1:colcon.colcon_core.environment:checking '/home/f1tenth/realsense_ws/install/realsense2_camera_msgs' for CMake module files
[26.824s] Level 1:colcon.colcon_core.environment:checking '/home/f1tenth/realsense_ws/install/realsense2_camera_msgs' for CMake config files
[26.828s] Level 1:colcon.colcon_core.shell:create_environment_hook('realsense2_camera_msgs', 'cmake_prefix_path')
[26.829s] INFO:colcon.colcon_core.shell:Creating environment hook '/home/f1tenth/realsense_ws/install/realsense2_camera_msgs/share/realsense2_camera_msgs/hook/cmake_prefix_path.ps1'
[26.833s] INFO:colcon.colcon_core.shell:Creating environment descriptor '/home/f1tenth/realsense_ws/install/realsense2_camera_msgs/share/realsense2_camera_msgs/hook/cmake_prefix_path.dsv'
[26.835s] INFO:colcon.colcon_core.shell:Creating environment hook '/home/f1tenth/realsense_ws/install/realsense2_camera_msgs/share/realsense2_camera_msgs/hook/cmake_prefix_path.sh'
[26.839s] Level 1:colcon.colcon_core.environment:checking '/home/f1tenth/realsense_ws/install/realsense2_camera_msgs/lib'
[26.839s] Level 1:colcon.colcon_core.shell:create_environment_hook('realsense2_camera_msgs', 'ld_library_path_lib')
[26.840s] INFO:colcon.colcon_core.shell:Creating environment hook '/home/f1tenth/realsense_ws/install/realsense2_camera_msgs/share/realsense2_camera_msgs/hook/ld_library_path_lib.ps1'
[26.842s] INFO:colcon.colcon_core.shell:Creating environment descriptor '/home/f1tenth/realsense_ws/install/realsense2_camera_msgs/share/realsense2_camera_msgs/hook/ld_library_path_lib.dsv'
[26.843s] INFO:colcon.colcon_core.shell:Creating environment hook '/home/f1tenth/realsense_ws/install/realsense2_camera_msgs/share/realsense2_camera_msgs/hook/ld_library_path_lib.sh'
[26.844s] Level 1:colcon.colcon_core.environment:checking '/home/f1tenth/realsense_ws/install/realsense2_camera_msgs/bin'
[26.845s] Level 1:colcon.colcon_core.environment:checking '/home/f1tenth/realsense_ws/install/realsense2_camera_msgs/lib/pkgconfig/realsense2_camera_msgs.pc'
[26.846s] Level 1:colcon.colcon_core.environment:checking '/home/f1tenth/realsense_ws/install/realsense2_camera_msgs/lib/python3.8/site-packages'
[26.846s] Level 1:colcon.colcon_core.shell:create_environment_hook('realsense2_camera_msgs', 'pythonpath')
[26.847s] INFO:colcon.colcon_core.shell:Creating environment hook '/home/f1tenth/realsense_ws/install/realsense2_camera_msgs/share/realsense2_camera_msgs/hook/pythonpath.ps1'
[26.848s] INFO:colcon.colcon_core.shell:Creating environment descriptor '/home/f1tenth/realsense_ws/install/realsense2_camera_msgs/share/realsense2_camera_msgs/hook/pythonpath.dsv'
[26.849s] INFO:colcon.colcon_core.shell:Creating environment hook '/home/f1tenth/realsense_ws/install/realsense2_camera_msgs/share/realsense2_camera_msgs/hook/pythonpath.sh'
[26.852s] Level 1:colcon.colcon_core.environment:checking '/home/f1tenth/realsense_ws/install/realsense2_camera_msgs/bin'
[26.854s] INFO:colcon.colcon_core.shell:Creating package script '/home/f1tenth/realsense_ws/install/realsense2_camera_msgs/share/realsense2_camera_msgs/package.ps1'
[26.857s] INFO:colcon.colcon_core.shell:Creating package descriptor '/home/f1tenth/realsense_ws/install/realsense2_camera_msgs/share/realsense2_camera_msgs/package.dsv'
[26.859s] INFO:colcon.colcon_core.shell:Creating package script '/home/f1tenth/realsense_ws/install/realsense2_camera_msgs/share/realsense2_camera_msgs/package.sh'
[26.861s] INFO:colcon.colcon_core.shell:Creating package script '/home/f1tenth/realsense_ws/install/realsense2_camera_msgs/share/realsense2_camera_msgs/package.bash'
[26.864s] INFO:colcon.colcon_core.shell:Creating package script '/home/f1tenth/realsense_ws/install/realsense2_camera_msgs/share/realsense2_camera_msgs/package.zsh'
[26.866s] Level 1:colcon.colcon_core.environment:create_file_with_runtime_dependencies(/home/f1tenth/realsense_ws/install/realsense2_camera_msgs/share/colcon-core/packages/realsense2_camera_msgs)
[26.869s] Level 1:colcon.colcon_core.environment:create_environment_scripts_only(realsense2_camera_msgs)
[26.870s] Level 1:colcon.colcon_core.environment:checking '/home/f1tenth/realsense_ws/install/realsense2_camera_msgs' for CMake module files
[26.872s] Level 1:colcon.colcon_core.environment:checking '/home/f1tenth/realsense_ws/install/realsense2_camera_msgs' for CMake config files
[26.875s] Level 1:colcon.colcon_core.shell:create_environment_hook('realsense2_camera_msgs', 'cmake_prefix_path')
[26.876s] INFO:colcon.colcon_core.shell:Creating environment hook '/home/f1tenth/realsense_ws/install/realsense2_camera_msgs/share/realsense2_camera_msgs/hook/cmake_prefix_path.ps1'
[26.877s] INFO:colcon.colcon_core.shell:Creating environment descriptor '/home/f1tenth/realsense_ws/install/realsense2_camera_msgs/share/realsense2_camera_msgs/hook/cmake_prefix_path.dsv'
[26.879s] INFO:colcon.colcon_core.shell:Creating environment hook '/home/f1tenth/realsense_ws/install/realsense2_camera_msgs/share/realsense2_camera_msgs/hook/cmake_prefix_path.sh'
[26.882s] Level 1:colcon.colcon_core.environment:checking '/home/f1tenth/realsense_ws/install/realsense2_camera_msgs/lib'
[26.882s] Level 1:colcon.colcon_core.shell:create_environment_hook('realsense2_camera_msgs', 'ld_library_path_lib')
[26.883s] INFO:colcon.colcon_core.shell:Creating environment hook '/home/f1tenth/realsense_ws/install/realsense2_camera_msgs/share/realsense2_camera_msgs/hook/ld_library_path_lib.ps1'
[26.885s] INFO:colcon.colcon_core.shell:Creating environment descriptor '/home/f1tenth/realsense_ws/install/realsense2_camera_msgs/share/realsense2_camera_msgs/hook/ld_library_path_lib.dsv'
[26.887s] INFO:colcon.colcon_core.shell:Creating environment hook '/home/f1tenth/realsense_ws/install/realsense2_camera_msgs/share/realsense2_camera_msgs/hook/ld_library_path_lib.sh'
[26.889s] Level 1:colcon.colcon_core.environment:checking '/home/f1tenth/realsense_ws/install/realsense2_camera_msgs/bin'
[26.890s] Level 1:colcon.colcon_core.environment:checking '/home/f1tenth/realsense_ws/install/realsense2_camera_msgs/lib/pkgconfig/realsense2_camera_msgs.pc'
[26.890s] Level 1:colcon.colcon_core.environment:checking '/home/f1tenth/realsense_ws/install/realsense2_camera_msgs/lib/python3.8/site-packages'
[26.890s] Level 1:colcon.colcon_core.shell:create_environment_hook('realsense2_camera_msgs', 'pythonpath')
[26.891s] INFO:colcon.colcon_core.shell:Creating environment hook '/home/f1tenth/realsense_ws/install/realsense2_camera_msgs/share/realsense2_camera_msgs/hook/pythonpath.ps1'
[26.893s] INFO:colcon.colcon_core.shell:Creating environment descriptor '/home/f1tenth/realsense_ws/install/realsense2_camera_msgs/share/realsense2_camera_msgs/hook/pythonpath.dsv'
[26.894s] INFO:colcon.colcon_core.shell:Creating environment hook '/home/f1tenth/realsense_ws/install/realsense2_camera_msgs/share/realsense2_camera_msgs/hook/pythonpath.sh'
[26.897s] Level 1:colcon.colcon_core.environment:checking '/home/f1tenth/realsense_ws/install/realsense2_camera_msgs/bin'
[26.898s] INFO:colcon.colcon_core.shell:Creating package script '/home/f1tenth/realsense_ws/install/realsense2_camera_msgs/share/realsense2_camera_msgs/package.ps1'
[26.900s] INFO:colcon.colcon_core.shell:Creating package descriptor '/home/f1tenth/realsense_ws/install/realsense2_camera_msgs/share/realsense2_camera_msgs/package.dsv'
[26.902s] INFO:colcon.colcon_core.shell:Creating package script '/home/f1tenth/realsense_ws/install/realsense2_camera_msgs/share/realsense2_camera_msgs/package.sh'
[26.904s] INFO:colcon.colcon_core.shell:Creating package script '/home/f1tenth/realsense_ws/install/realsense2_camera_msgs/share/realsense2_camera_msgs/package.bash'
[26.905s] INFO:colcon.colcon_core.shell:Creating package script '/home/f1tenth/realsense_ws/install/realsense2_camera_msgs/share/realsense2_camera_msgs/package.zsh'
[26.907s] Level 1:colcon.colcon_core.environment:create_file_with_runtime_dependencies(/home/f1tenth/realsense_ws/install/realsense2_camera_msgs/share/colcon-core/packages/realsense2_camera_msgs)
[26.908s] INFO:colcon.colcon_ros.task.ament_cmake.build:Building ROS package in '/home/f1tenth/realsense_ws/src/realsense-ros/realsense2_camera' with build type 'ament_cmake'
[26.910s] INFO:colcon.colcon_cmake.task.cmake.build:Building CMake package in '/home/f1tenth/realsense_ws/src/realsense-ros/realsense2_camera'
[26.911s] INFO:colcon.colcon_core.shell:Skip shell extension 'powershell' for command environment: Not usable outside of PowerShell
[26.911s] DEBUG:colcon.colcon_core.shell:Skip shell extension 'dsv' for command environment
[26.934s] INFO:colcon.colcon_ros.task.ament_cmake.build:Building ROS package in '/home/f1tenth/realsense_ws/src/realsense-ros/realsense2_description' with build type 'ament_cmake'
[26.937s] INFO:colcon.colcon_cmake.task.cmake.build:Building CMake package in '/home/f1tenth/realsense_ws/src/realsense-ros/realsense2_description'
[26.939s] INFO:colcon.colcon_core.shell:Skip shell extension 'powershell' for command environment: Not usable outside of PowerShell
[26.940s] DEBUG:colcon.colcon_core.shell:Skip shell extension 'dsv' for command environment
[26.980s] DEBUG:colcon.colcon_core.event_handler.log_command:Invoking command in '/home/f1tenth/realsense_ws/build/realsense2_camera': AMENT_PREFIX_PATH=/home/f1tenth/realsense_ws/install/realsense2_camera_msgs:${AMENT_PREFIX_PATH} CMAKE_PREFIX_PATH=/home/f1tenth/realsense_ws/install/realsense2_camera_msgs:/opt/ros/foxy LD_LIBRARY_PATH=/home/f1tenth/realsense_ws/install/realsense2_camera_msgs/lib:${LD_LIBRARY_PATH} PYTHONPATH=/home/f1tenth/realsense_ws/install/realsense2_camera_msgs/lib/python3.8/site-packages:${PYTHONPATH} /usr/bin/cmake /home/f1tenth/realsense_ws/src/realsense-ros/realsense2_camera -DCMAKE_INSTALL_PREFIX=/home/f1tenth/realsense_ws/install/realsense2_camera
[27.021s] DEBUG:colcon.colcon_core.event_handler.log_command:Invoking command in '/home/f1tenth/realsense_ws/build/realsense2_description': AMENT_PREFIX_PATH=/home/f1tenth/realsense_ws/install/realsense2_camera_msgs:${AMENT_PREFIX_PATH} CMAKE_PREFIX_PATH=/home/f1tenth/realsense_ws/install/realsense2_camera_msgs:/opt/ros/foxy LD_LIBRARY_PATH=/home/f1tenth/realsense_ws/install/realsense2_camera_msgs/lib:${LD_LIBRARY_PATH} PYTHONPATH=/home/f1tenth/realsense_ws/install/realsense2_camera_msgs/lib/python3.8/site-packages:${PYTHONPATH} /usr/bin/cmake /home/f1tenth/realsense_ws/src/realsense-ros/realsense2_description -DCMAKE_INSTALL_PREFIX=/home/f1tenth/realsense_ws/install/realsense2_description
[30.139s] DEBUG:colcon.colcon_core.event_handler.log_command:Invoked command in '/home/f1tenth/realsense_ws/build/realsense2_description' returned '0': AMENT_PREFIX_PATH=/home/f1tenth/realsense_ws/install/realsense2_camera_msgs:${AMENT_PREFIX_PATH} CMAKE_PREFIX_PATH=/home/f1tenth/realsense_ws/install/realsense2_camera_msgs:/opt/ros/foxy LD_LIBRARY_PATH=/home/f1tenth/realsense_ws/install/realsense2_camera_msgs/lib:${LD_LIBRARY_PATH} PYTHONPATH=/home/f1tenth/realsense_ws/install/realsense2_camera_msgs/lib/python3.8/site-packages:${PYTHONPATH} /usr/bin/cmake /home/f1tenth/realsense_ws/src/realsense-ros/realsense2_description -DCMAKE_INSTALL_PREFIX=/home/f1tenth/realsense_ws/install/realsense2_description
[30.152s] DEBUG:colcon.colcon_core.event_handler.log_command:Invoking command in '/home/f1tenth/realsense_ws/build/realsense2_description': AMENT_PREFIX_PATH=/home/f1tenth/realsense_ws/install/realsense2_camera_msgs:${AMENT_PREFIX_PATH} CMAKE_PREFIX_PATH=/home/f1tenth/realsense_ws/install/realsense2_camera_msgs:/opt/ros/foxy LD_LIBRARY_PATH=/home/f1tenth/realsense_ws/install/realsense2_camera_msgs/lib:${LD_LIBRARY_PATH} PYTHONPATH=/home/f1tenth/realsense_ws/install/realsense2_camera_msgs/lib/python3.8/site-packages:${PYTHONPATH} /usr/bin/cmake --build /home/f1tenth/realsense_ws/build/realsense2_description -- -j4 -l4
[30.308s] DEBUG:colcon.colcon_core.event_handler.log_command:Invoked command in '/home/f1tenth/realsense_ws/build/realsense2_description' returned '0': AMENT_PREFIX_PATH=/home/f1tenth/realsense_ws/install/realsense2_camera_msgs:${AMENT_PREFIX_PATH} CMAKE_PREFIX_PATH=/home/f1tenth/realsense_ws/install/realsense2_camera_msgs:/opt/ros/foxy LD_LIBRARY_PATH=/home/f1tenth/realsense_ws/install/realsense2_camera_msgs/lib:${LD_LIBRARY_PATH} PYTHONPATH=/home/f1tenth/realsense_ws/install/realsense2_camera_msgs/lib/python3.8/site-packages:${PYTHONPATH} /usr/bin/cmake --build /home/f1tenth/realsense_ws/build/realsense2_description -- -j4 -l4
[30.318s] DEBUG:colcon.colcon_core.event_handler.log_command:Invoking command in '/home/f1tenth/realsense_ws/build/realsense2_description': AMENT_PREFIX_PATH=/home/f1tenth/realsense_ws/install/realsense2_camera_msgs:${AMENT_PREFIX_PATH} CMAKE_PREFIX_PATH=/home/f1tenth/realsense_ws/install/realsense2_camera_msgs:/opt/ros/foxy LD_LIBRARY_PATH=/home/f1tenth/realsense_ws/install/realsense2_camera_msgs/lib:${LD_LIBRARY_PATH} PYTHONPATH=/home/f1tenth/realsense_ws/install/realsense2_camera_msgs/lib/python3.8/site-packages:${PYTHONPATH} /usr/bin/cmake --install /home/f1tenth/realsense_ws/build/realsense2_description
[30.750s] Level 1:colcon.colcon_core.environment:create_environment_scripts_only(realsense2_description)
[30.753s] Level 1:colcon.colcon_core.environment:checking '/home/f1tenth/realsense_ws/install/realsense2_description' for CMake module files
[30.756s] DEBUG:colcon.colcon_core.event_handler.log_command:Invoked command in '/home/f1tenth/realsense_ws/build/realsense2_description' returned '0': AMENT_PREFIX_PATH=/home/f1tenth/realsense_ws/install/realsense2_camera_msgs:${AMENT_PREFIX_PATH} CMAKE_PREFIX_PATH=/home/f1tenth/realsense_ws/install/realsense2_camera_msgs:/opt/ros/foxy LD_LIBRARY_PATH=/home/f1tenth/realsense_ws/install/realsense2_camera_msgs/lib:${LD_LIBRARY_PATH} PYTHONPATH=/home/f1tenth/realsense_ws/install/realsense2_camera_msgs/lib/python3.8/site-packages:${PYTHONPATH} /usr/bin/cmake --install /home/f1tenth/realsense_ws/build/realsense2_description
[30.757s] Level 1:colcon.colcon_core.environment:checking '/home/f1tenth/realsense_ws/install/realsense2_description' for CMake config files
[30.759s] Level 1:colcon.colcon_core.shell:create_environment_hook('realsense2_description', 'cmake_prefix_path')
[30.760s] INFO:colcon.colcon_core.shell:Creating environment hook '/home/f1tenth/realsense_ws/install/realsense2_description/share/realsense2_description/hook/cmake_prefix_path.ps1'
[30.763s] INFO:colcon.colcon_core.shell:Creating environment descriptor '/home/f1tenth/realsense_ws/install/realsense2_description/share/realsense2_description/hook/cmake_prefix_path.dsv'
[30.765s] INFO:colcon.colcon_core.shell:Creating environment hook '/home/f1tenth/realsense_ws/install/realsense2_description/share/realsense2_description/hook/cmake_prefix_path.sh'
[30.767s] Level 1:colcon.colcon_core.environment:checking '/home/f1tenth/realsense_ws/install/realsense2_description/bin'
[30.768s] Level 1:colcon.colcon_core.environment:checking '/home/f1tenth/realsense_ws/install/realsense2_description/lib/pkgconfig/realsense2_description.pc'
[30.769s] Level 1:colcon.colcon_core.environment:checking '/home/f1tenth/realsense_ws/install/realsense2_description/lib/python3.8/site-packages'
[30.770s] Level 1:colcon.colcon_core.environment:checking '/home/f1tenth/realsense_ws/install/realsense2_description/bin'
[30.771s] INFO:colcon.colcon_core.shell:Creating package script '/home/f1tenth/realsense_ws/install/realsense2_description/share/realsense2_description/package.ps1'
[30.774s] INFO:colcon.colcon_core.shell:Creating package descriptor '/home/f1tenth/realsense_ws/install/realsense2_description/share/realsense2_description/package.dsv'
[30.775s] INFO:colcon.colcon_core.shell:Creating package script '/home/f1tenth/realsense_ws/install/realsense2_description/share/realsense2_description/package.sh'
[30.777s] INFO:colcon.colcon_core.shell:Creating package script '/home/f1tenth/realsense_ws/install/realsense2_description/share/realsense2_description/package.bash'
[30.779s] INFO:colcon.colcon_core.shell:Creating package script '/home/f1tenth/realsense_ws/install/realsense2_description/share/realsense2_description/package.zsh'
[30.781s] Level 1:colcon.colcon_core.environment:create_file_with_runtime_dependencies(/home/f1tenth/realsense_ws/install/realsense2_description/share/colcon-core/packages/realsense2_description)
[30.784s] Level 1:colcon.colcon_core.environment:create_environment_scripts_only(realsense2_description)
[30.785s] Level 1:colcon.colcon_core.environment:checking '/home/f1tenth/realsense_ws/install/realsense2_description' for CMake module files
[30.789s] Level 1:colcon.colcon_core.environment:checking '/home/f1tenth/realsense_ws/install/realsense2_description' for CMake config files
[30.791s] Level 1:colcon.colcon_core.shell:create_environment_hook('realsense2_description', 'cmake_prefix_path')
[30.792s] INFO:colcon.colcon_core.shell:Creating environment hook '/home/f1tenth/realsense_ws/install/realsense2_description/share/realsense2_description/hook/cmake_prefix_path.ps1'
[30.794s] INFO:colcon.colcon_core.shell:Creating environment descriptor '/home/f1tenth/realsense_ws/install/realsense2_description/share/realsense2_description/hook/cmake_prefix_path.dsv'
[30.795s] INFO:colcon.colcon_core.shell:Creating environment hook '/home/f1tenth/realsense_ws/install/realsense2_description/share/realsense2_description/hook/cmake_prefix_path.sh'
[30.798s] Level 1:colcon.colcon_core.environment:checking '/home/f1tenth/realsense_ws/install/realsense2_description/bin'
[30.798s] Level 1:colcon.colcon_core.environment:checking '/home/f1tenth/realsense_ws/install/realsense2_description/lib/pkgconfig/realsense2_description.pc'
[30.799s] Level 1:colcon.colcon_core.environment:checking '/home/f1tenth/realsense_ws/install/realsense2_description/lib/python3.8/site-packages'
[30.799s] Level 1:colcon.colcon_core.environment:checking '/home/f1tenth/realsense_ws/install/realsense2_description/bin'
[30.801s] INFO:colcon.colcon_core.shell:Creating package script '/home/f1tenth/realsense_ws/install/realsense2_description/share/realsense2_description/package.ps1'
[30.803s] INFO:colcon.colcon_core.shell:Creating package descriptor '/home/f1tenth/realsense_ws/install/realsense2_description/share/realsense2_description/package.dsv'
[30.805s] INFO:colcon.colcon_core.shell:Creating package script '/home/f1tenth/realsense_ws/install/realsense2_description/share/realsense2_description/package.sh'
[30.808s] INFO:colcon.colcon_core.shell:Creating package script '/home/f1tenth/realsense_ws/install/realsense2_description/share/realsense2_description/package.bash'
[30.810s] INFO:colcon.colcon_core.shell:Creating package script '/home/f1tenth/realsense_ws/install/realsense2_description/share/realsense2_description/package.zsh'
[30.812s] Level 1:colcon.colcon_core.environment:create_file_with_runtime_dependencies(/home/f1tenth/realsense_ws/install/realsense2_description/share/colcon-core/packages/realsense2_description)
[35.497s] DEBUG:colcon.colcon_core.event_handler.log_command:Invoked command in '/home/f1tenth/realsense_ws/build/realsense2_camera' returned '0': AMENT_PREFIX_PATH=/home/f1tenth/realsense_ws/install/realsense2_camera_msgs:${AMENT_PREFIX_PATH} CMAKE_PREFIX_PATH=/home/f1tenth/realsense_ws/install/realsense2_camera_msgs:/opt/ros/foxy LD_LIBRARY_PATH=/home/f1tenth/realsense_ws/install/realsense2_camera_msgs/lib:${LD_LIBRARY_PATH} PYTHONPATH=/home/f1tenth/realsense_ws/install/realsense2_camera_msgs/lib/python3.8/site-packages:${PYTHONPATH} /usr/bin/cmake /home/f1tenth/realsense_ws/src/realsense-ros/realsense2_camera -DCMAKE_INSTALL_PREFIX=/home/f1tenth/realsense_ws/install/realsense2_camera
[35.510s] DEBUG:colcon.colcon_core.event_handler.log_command:Invoking command in '/home/f1tenth/realsense_ws/build/realsense2_camera': AMENT_PREFIX_PATH=/home/f1tenth/realsense_ws/install/realsense2_camera_msgs:${AMENT_PREFIX_PATH} CMAKE_PREFIX_PATH=/home/f1tenth/realsense_ws/install/realsense2_camera_msgs:/opt/ros/foxy LD_LIBRARY_PATH=/home/f1tenth/realsense_ws/install/realsense2_camera_msgs/lib:${LD_LIBRARY_PATH} PYTHONPATH=/home/f1tenth/realsense_ws/install/realsense2_camera_msgs/lib/python3.8/site-packages:${PYTHONPATH} /usr/bin/cmake --build /home/f1tenth/realsense_ws/build/realsense2_camera -- -j4 -l4
[149.856s] DEBUG:colcon.colcon_core.event_handler.log_command:Invoked command in '/home/f1tenth/realsense_ws/build/realsense2_camera' returned '0': AMENT_PREFIX_PATH=/home/f1tenth/realsense_ws/install/realsense2_camera_msgs:${AMENT_PREFIX_PATH} CMAKE_PREFIX_PATH=/home/f1tenth/realsense_ws/install/realsense2_camera_msgs:/opt/ros/foxy LD_LIBRARY_PATH=/home/f1tenth/realsense_ws/install/realsense2_camera_msgs/lib:${LD_LIBRARY_PATH} PYTHONPATH=/home/f1tenth/realsense_ws/install/realsense2_camera_msgs/lib/python3.8/site-packages:${PYTHONPATH} /usr/bin/cmake --build /home/f1tenth/realsense_ws/build/realsense2_camera -- -j4 -l4
[149.871s] DEBUG:colcon.colcon_core.event_handler.log_command:Invoking command in '/home/f1tenth/realsense_ws/build/realsense2_camera': AMENT_PREFIX_PATH=/home/f1tenth/realsense_ws/install/realsense2_camera_msgs:${AMENT_PREFIX_PATH} CMAKE_PREFIX_PATH=/home/f1tenth/realsense_ws/install/realsense2_camera_msgs:/opt/ros/foxy LD_LIBRARY_PATH=/home/f1tenth/realsense_ws/install/realsense2_camera_msgs/lib:${LD_LIBRARY_PATH} PYTHONPATH=/home/f1tenth/realsense_ws/install/realsense2_camera_msgs/lib/python3.8/site-packages:${PYTHONPATH} /usr/bin/cmake --install /home/f1tenth/realsense_ws/build/realsense2_camera
[149.958s] Level 1:colcon.colcon_core.environment:create_environment_scripts_only(realsense2_camera)
[149.962s] Level 1:colcon.colcon_core.environment:checking '/home/f1tenth/realsense_ws/install/realsense2_camera' for CMake module files
[149.965s] DEBUG:colcon.colcon_core.event_handler.log_command:Invoked command in '/home/f1tenth/realsense_ws/build/realsense2_camera' returned '0': AMENT_PREFIX_PATH=/home/f1tenth/realsense_ws/install/realsense2_camera_msgs:${AMENT_PREFIX_PATH} CMAKE_PREFIX_PATH=/home/f1tenth/realsense_ws/install/realsense2_camera_msgs:/opt/ros/foxy LD_LIBRARY_PATH=/home/f1tenth/realsense_ws/install/realsense2_camera_msgs/lib:${LD_LIBRARY_PATH} PYTHONPATH=/home/f1tenth/realsense_ws/install/realsense2_camera_msgs/lib/python3.8/site-packages:${PYTHONPATH} /usr/bin/cmake --install /home/f1tenth/realsense_ws/build/realsense2_camera
[149.969s] Level 1:colcon.colcon_core.environment:checking '/home/f1tenth/realsense_ws/install/realsense2_camera' for CMake config files
[149.972s] Level 1:colcon.colcon_core.shell:create_environment_hook('realsense2_camera', 'cmake_prefix_path')
[149.974s] INFO:colcon.colcon_core.shell:Creating environment hook '/home/f1tenth/realsense_ws/install/realsense2_camera/share/realsense2_camera/hook/cmake_prefix_path.ps1'
[149.978s] INFO:colcon.colcon_core.shell:Creating environment descriptor '/home/f1tenth/realsense_ws/install/realsense2_camera/share/realsense2_camera/hook/cmake_prefix_path.dsv'
[149.980s] INFO:colcon.colcon_core.shell:Creating environment hook '/home/f1tenth/realsense_ws/install/realsense2_camera/share/realsense2_camera/hook/cmake_prefix_path.sh'
[149.984s] Level 1:colcon.colcon_core.environment:checking '/home/f1tenth/realsense_ws/install/realsense2_camera/lib'
[149.985s] Level 1:colcon.colcon_core.shell:create_environment_hook('realsense2_camera', 'ld_library_path_lib')
[149.986s] INFO:colcon.colcon_core.shell:Creating environment hook '/home/f1tenth/realsense_ws/install/realsense2_camera/share/realsense2_camera/hook/ld_library_path_lib.ps1'
[149.989s] INFO:colcon.colcon_core.shell:Creating environment descriptor '/home/f1tenth/realsense_ws/install/realsense2_camera/share/realsense2_camera/hook/ld_library_path_lib.dsv'
[149.991s] INFO:colcon.colcon_core.shell:Creating environment hook '/home/f1tenth/realsense_ws/install/realsense2_camera/share/realsense2_camera/hook/ld_library_path_lib.sh'
[149.997s] Level 1:colcon.colcon_core.environment:checking '/home/f1tenth/realsense_ws/install/realsense2_camera/bin'
[149.997s] Level 1:colcon.colcon_core.environment:checking '/home/f1tenth/realsense_ws/install/realsense2_camera/lib/pkgconfig/realsense2_camera.pc'
[149.998s] Level 1:colcon.colcon_core.environment:checking '/home/f1tenth/realsense_ws/install/realsense2_camera/lib/python3.8/site-packages'
[149.999s] Level 1:colcon.colcon_core.environment:checking '/home/f1tenth/realsense_ws/install/realsense2_camera/bin'
[150.001s] INFO:colcon.colcon_core.shell:Creating package script '/home/f1tenth/realsense_ws/install/realsense2_camera/share/realsense2_camera/package.ps1'
[150.004s] INFO:colcon.colcon_core.shell:Creating package descriptor '/home/f1tenth/realsense_ws/install/realsense2_camera/share/realsense2_camera/package.dsv'
[150.006s] INFO:colcon.colcon_core.shell:Creating package script '/home/f1tenth/realsense_ws/install/realsense2_camera/share/realsense2_camera/package.sh'
[150.008s] INFO:colcon.colcon_core.shell:Creating package script '/home/f1tenth/realsense_ws/install/realsense2_camera/share/realsense2_camera/package.bash'
[150.009s] INFO:colcon.colcon_core.shell:Creating package script '/home/f1tenth/realsense_ws/install/realsense2_camera/share/realsense2_camera/package.zsh'
[150.011s] Level 1:colcon.colcon_core.environment:create_file_with_runtime_dependencies(/home/f1tenth/realsense_ws/install/realsense2_camera/share/colcon-core/packages/realsense2_camera)
[150.014s] Level 1:colcon.colcon_core.environment:create_environment_scripts_only(realsense2_camera)
[150.014s] Level 1:colcon.colcon_core.environment:checking '/home/f1tenth/realsense_ws/install/realsense2_camera' for CMake module files
[150.017s] Level 1:colcon.colcon_core.environment:checking '/home/f1tenth/realsense_ws/install/realsense2_camera' for CMake config files
[150.019s] Level 1:colcon.colcon_core.shell:create_environment_hook('realsense2_camera', 'cmake_prefix_path')
[150.020s] INFO:colcon.colcon_core.shell:Creating environment hook '/home/f1tenth/realsense_ws/install/realsense2_camera/share/realsense2_camera/hook/cmake_prefix_path.ps1'
[150.022s] INFO:colcon.colcon_core.shell:Creating environment descriptor '/home/f1tenth/realsense_ws/install/realsense2_camera/share/realsense2_camera/hook/cmake_prefix_path.dsv'
[150.023s] INFO:colcon.colcon_core.shell:Creating environment hook '/home/f1tenth/realsense_ws/install/realsense2_camera/share/realsense2_camera/hook/cmake_prefix_path.sh'
[150.025s] Level 1:colcon.colcon_core.environment:checking '/home/f1tenth/realsense_ws/install/realsense2_camera/lib'
[150.026s] Level 1:colcon.colcon_core.shell:create_environment_hook('realsense2_camera', 'ld_library_path_lib')
[150.026s] INFO:colcon.colcon_core.shell:Creating environment hook '/home/f1tenth/realsense_ws/install/realsense2_camera/share/realsense2_camera/hook/ld_library_path_lib.ps1'
[150.029s] INFO:colcon.colcon_core.shell:Creating environment descriptor '/home/f1tenth/realsense_ws/install/realsense2_camera/share/realsense2_camera/hook/ld_library_path_lib.dsv'
[150.030s] INFO:colcon.colcon_core.shell:Creating environment hook '/home/f1tenth/realsense_ws/install/realsense2_camera/share/realsense2_camera/hook/ld_library_path_lib.sh'
[150.031s] Level 1:colcon.colcon_core.environment:checking '/home/f1tenth/realsense_ws/install/realsense2_camera/bin'
[150.032s] Level 1:colcon.colcon_core.environment:checking '/home/f1tenth/realsense_ws/install/realsense2_camera/lib/pkgconfig/realsense2_camera.pc'
[150.032s] Level 1:colcon.colcon_core.environment:checking '/home/f1tenth/realsense_ws/install/realsense2_camera/lib/python3.8/site-packages'
[150.033s] Level 1:colcon.colcon_core.environment:checking '/home/f1tenth/realsense_ws/install/realsense2_camera/bin'
[150.034s] INFO:colcon.colcon_core.shell:Creating package script '/home/f1tenth/realsense_ws/install/realsense2_camera/share/realsense2_camera/package.ps1'
[150.037s] INFO:colcon.colcon_core.shell:Creating package descriptor '/home/f1tenth/realsense_ws/install/realsense2_camera/share/realsense2_camera/package.dsv'
[150.039s] INFO:colcon.colcon_core.shell:Creating package script '/home/f1tenth/realsense_ws/install/realsense2_camera/share/realsense2_camera/package.sh'
[150.041s] INFO:colcon.colcon_core.shell:Creating package script '/home/f1tenth/realsense_ws/install/realsense2_camera/share/realsense2_camera/package.bash'
[150.043s] INFO:colcon.colcon_core.shell:Creating package script '/home/f1tenth/realsense_ws/install/realsense2_camera/share/realsense2_camera/package.zsh'
[150.044s] Level 1:colcon.colcon_core.environment:create_file_with_runtime_dependencies(/home/f1tenth/realsense_ws/install/realsense2_camera/share/colcon-core/packages/realsense2_camera)
[150.045s] DEBUG:colcon.colcon_parallel_executor.executor.parallel:closing loop
[150.047s] DEBUG:colcon.colcon_parallel_executor.executor.parallel:loop closed
[150.047s] DEBUG:colcon.colcon_parallel_executor.executor.parallel:run_until_complete finished with '0'
[150.047s] DEBUG:colcon.colcon_core.event_reactor:joining thread
[150.075s] INFO:colcon.colcon_core.plugin_system:Skipping extension 'colcon_notification.desktop_notification.terminal_notifier': Not used on non-Darwin systems
[150.076s] INFO:colcon.colcon_core.plugin_system:Skipping extension 'colcon_notification.desktop_notification.win32': Not used on non-Windows systems
[150.076s] INFO:colcon.colcon_notification.desktop_notification:Sending desktop notification using 'notify2'
[150.152s] DEBUG:colcon.colcon_core.event_reactor:joined thread
[150.153s] INFO:colcon.colcon_core.shell:Creating prefix script '/home/f1tenth/realsense_ws/install/local_setup.ps1'
[150.158s] INFO:colcon.colcon_core.shell:Creating prefix util module '/home/f1tenth/realsense_ws/install/_local_setup_util_ps1.py'
[150.163s] INFO:colcon.colcon_core.shell:Creating prefix chain script '/home/f1tenth/realsense_ws/install/setup.ps1'
[150.167s] INFO:colcon.colcon_core.shell:Creating prefix script '/home/f1tenth/realsense_ws/install/local_setup.sh'
[150.171s] INFO:colcon.colcon_core.shell:Creating prefix util module '/home/f1tenth/realsense_ws/install/_local_setup_util_sh.py'
[150.174s] INFO:colcon.colcon_core.shell:Creating prefix chain script '/home/f1tenth/realsense_ws/install/setup.sh'
[150.178s] INFO:colcon.colcon_core.shell:Creating prefix script '/home/f1tenth/realsense_ws/install/local_setup.bash'
[150.180s] INFO:colcon.colcon_core.shell:Creating prefix chain script '/home/f1tenth/realsense_ws/install/setup.bash'
[150.184s] INFO:colcon.colcon_core.shell:Creating prefix script '/home/f1tenth/realsense_ws/install/local_setup.zsh'
[150.186s] INFO:colcon.colcon_core.shell:Creating prefix chain script '/home/f1tenth/realsense_ws/install/setup.zsh'
