[0.094s] Invoking command in '/home/f1tenth/realsense_ws/build/realsense2_camera': CMAKE_PREFIX_PATH=/home/f1tenth/realsense_ws/install/realsense2_camera_msgs:/home/f1tenth/realsense_ws/install/realsense2_description:/home/f1tenth/realsense_ws/install/realsense2_camera:/opt/ros/foxy LD_LIBRARY_PATH=/home/f1tenth/realsense_ws/install/realsense2_camera_msgs/lib:/home/f1tenth/realsense_ws/install/realsense2_camera/lib:/opt/ros/foxy/opt/yaml_cpp_vendor/lib:/opt/ros/foxy/opt/rviz_ogre_vendor/lib:/opt/ros/foxy/lib/aarch64-linux-gnu:/opt/ros/foxy/lib /usr/bin/cmake --build /home/f1tenth/realsense_ws/build/realsense2_camera -- -j4 -l4
[0.425s] [ 25%] Built target realsense2_camera_node
[0.501s] [100%] Built target realsense2_camera
[0.550s] Invoked command in '/home/f1tenth/realsense_ws/build/realsense2_camera' returned '0': CMAKE_PREFIX_PATH=/home/f1tenth/realsense_ws/install/realsense2_camera_msgs:/home/f1tenth/realsense_ws/install/realsense2_description:/home/f1tenth/realsense_ws/install/realsense2_camera:/opt/ros/foxy LD_LIBRARY_PATH=/home/f1tenth/realsense_ws/install/realsense2_camera_msgs/lib:/home/f1tenth/realsense_ws/install/realsense2_camera/lib:/opt/ros/foxy/opt/yaml_cpp_vendor/lib:/opt/ros/foxy/opt/rviz_ogre_vendor/lib:/opt/ros/foxy/lib/aarch64-linux-gnu:/opt/ros/foxy/lib /usr/bin/cmake --build /home/f1tenth/realsense_ws/build/realsense2_camera -- -j4 -l4
[0.564s] Invoking command in '/home/f1tenth/realsense_ws/build/realsense2_camera': CMAKE_PREFIX_PATH=/home/f1tenth/realsense_ws/install/realsense2_camera_msgs:/home/f1tenth/realsense_ws/install/realsense2_description:/home/f1tenth/realsense_ws/install/realsense2_camera:/opt/ros/foxy LD_LIBRARY_PATH=/home/f1tenth/realsense_ws/install/realsense2_camera_msgs/lib:/home/f1tenth/realsense_ws/install/realsense2_camera/lib:/opt/ros/foxy/opt/yaml_cpp_vendor/lib:/opt/ros/foxy/opt/rviz_ogre_vendor/lib:/opt/ros/foxy/lib/aarch64-linux-gnu:/opt/ros/foxy/lib /usr/bin/cmake --install /home/f1tenth/realsense_ws/build/realsense2_camera
[0.598s] -- Install configuration: "Release"
[0.599s] -- Up-to-date: /home/f1tenth/realsense_ws/install/realsense2_camera/lib/realsense2_camera/realsense2_camera_node
[0.601s] -- Up-to-date: /home/f1tenth/realsense_ws/install/realsense2_camera/lib/librealsense2_camera.so
[0.603s] -- Up-to-date: /home/f1tenth/realsense_ws/install/realsense2_camera/include
[0.604s] -- Up-to-date: /home/f1tenth/realsense_ws/install/realsense2_camera/include/base_realsense_node.h
[0.605s] -- Up-to-date: /home/f1tenth/realsense_ws/install/realsense2_camera/include/dynamic_params.h
[0.605s] -- Up-to-date: /home/f1tenth/realsense_ws/install/realsense2_camera/include/t265_realsense_node.h
[0.605s] -- Up-to-date: /home/f1tenth/realsense_ws/install/realsense2_camera/include/constants.h
[0.606s] -- Up-to-date: /home/f1tenth/realsense_ws/install/realsense2_camera/include/realsense_node_factory.h
[0.606s] -- Up-to-date: /home/f1tenth/realsense_ws/install/realsense2_camera/include/ros_param_backend.h
[0.606s] -- Up-to-date: /home/f1tenth/realsense_ws/install/realsense2_camera/share/realsense2_camera/launch
[0.606s] -- Up-to-date: /home/f1tenth/realsense_ws/install/realsense2_camera/share/realsense2_camera/launch/rs_d400_and_t265_launch.py
[0.607s] -- Up-to-date: /home/f1tenth/realsense_ws/install/realsense2_camera/share/realsense2_camera/launch/rs_launch.py
[0.607s] -- Up-to-date: /home/f1tenth/realsense_ws/install/realsense2_camera/share/realsense2_camera/launch/default.rviz
[0.607s] -- Up-to-date: /home/f1tenth/realsense_ws/install/realsense2_camera/share/realsense2_camera/launch/demo_pointcloud_launch.py
[0.608s] -- Up-to-date: /home/f1tenth/realsense_ws/install/realsense2_camera/share/realsense2_camera/launch/rs_t265_launch.py
[0.608s] -- Up-to-date: /home/f1tenth/realsense_ws/install/realsense2_camera/share/realsense2_camera/launch/rs_multi_camera_launch.py
[0.609s] -- Up-to-date: /home/f1tenth/realsense_ws/install/realsense2_camera/share/realsense2_camera/launch/demo_t265_launch.py
[0.609s] -- Up-to-date: /home/f1tenth/realsense_ws/install/realsense2_camera/share/realsense2_camera/config
[0.610s] -- Installing: /home/f1tenth/realsense_ws/install/realsense2_camera/share/realsense2_camera/config/d435i.yaml
[0.612s] -- Up-to-date: /home/f1tenth/realsense_ws/install/realsense2_camera/share/realsense2_camera/rviz
[0.613s] -- Up-to-date: /home/f1tenth/realsense_ws/install/realsense2_camera/share/realsense2_camera/rviz/t265.rviz
[0.613s] -- Up-to-date: /home/f1tenth/realsense_ws/install/realsense2_camera/share/realsense2_camera/rviz/pointcloud.rviz
[0.613s] -- Up-to-date: /home/f1tenth/realsense_ws/install/realsense2_camera/share/realsense2_camera/environment/library_path.sh
[0.614s] -- Up-to-date: /home/f1tenth/realsense_ws/install/realsense2_camera/share/realsense2_camera/environment/library_path.dsv
[0.614s] -- Up-to-date: /home/f1tenth/realsense_ws/install/realsense2_camera/share/ament_index/resource_index/package_run_dependencies/realsense2_camera
[0.614s] -- Up-to-date: /home/f1tenth/realsense_ws/install/realsense2_camera/share/ament_index/resource_index/parent_prefix_path/realsense2_camera
[0.615s] -- Up-to-date: /home/f1tenth/realsense_ws/install/realsense2_camera/share/realsense2_camera/environment/ament_prefix_path.sh
[0.615s] -- Up-to-date: /home/f1tenth/realsense_ws/install/realsense2_camera/share/realsense2_camera/environment/ament_prefix_path.dsv
[0.616s] -- Up-to-date: /home/f1tenth/realsense_ws/install/realsense2_camera/share/realsense2_camera/environment/path.sh
[0.616s] -- Up-to-date: /home/f1tenth/realsense_ws/install/realsense2_camera/share/realsense2_camera/environment/path.dsv
[0.616s] -- Up-to-date: /home/f1tenth/realsense_ws/install/realsense2_camera/share/realsense2_camera/local_setup.bash
[0.616s] -- Up-to-date: /home/f1tenth/realsense_ws/install/realsense2_camera/share/realsense2_camera/local_setup.sh
[0.617s] -- Up-to-date: /home/f1tenth/realsense_ws/install/realsense2_camera/share/realsense2_camera/local_setup.zsh
[0.617s] -- Up-to-date: /home/f1tenth/realsense_ws/install/realsense2_camera/share/realsense2_camera/local_setup.dsv
[0.617s] -- Installing: /home/f1tenth/realsense_ws/install/realsense2_camera/share/realsense2_camera/package.dsv
[0.618s] -- Up-to-date: /home/f1tenth/realsense_ws/install/realsense2_camera/share/ament_index/resource_index/packages/realsense2_camera
[0.618s] -- Up-to-date: /home/f1tenth/realsense_ws/install/realsense2_camera/share/ament_index/resource_index/rclcpp_components/realsense2_camera
[0.618s] -- Up-to-date: /home/f1tenth/realsense_ws/install/realsense2_camera/share/realsense2_camera/cmake/ament_cmake_export_include_directories-extras.cmake
[0.618s] -- Up-to-date: /home/f1tenth/realsense_ws/install/realsense2_camera/share/realsense2_camera/cmake/ament_cmake_export_libraries-extras.cmake
[0.619s] -- Up-to-date: /home/f1tenth/realsense_ws/install/realsense2_camera/share/realsense2_camera/cmake/ament_cmake_export_dependencies-extras.cmake
[0.619s] -- Up-to-date: /home/f1tenth/realsense_ws/install/realsense2_camera/share/realsense2_camera/cmake/realsense2_cameraConfig.cmake
[0.619s] -- Up-to-date: /home/f1tenth/realsense_ws/install/realsense2_camera/share/realsense2_camera/cmake/realsense2_cameraConfig-version.cmake
[0.620s] -- Up-to-date: /home/f1tenth/realsense_ws/install/realsense2_camera/share/realsense2_camera/package.xml
[0.626s] Invoked command in '/home/f1tenth/realsense_ws/build/realsense2_camera' returned '0': CMAKE_PREFIX_PATH=/home/f1tenth/realsense_ws/install/realsense2_camera_msgs:/home/f1tenth/realsense_ws/install/realsense2_description:/home/f1tenth/realsense_ws/install/realsense2_camera:/opt/ros/foxy LD_LIBRARY_PATH=/home/f1tenth/realsense_ws/install/realsense2_camera_msgs/lib:/home/f1tenth/realsense_ws/install/realsense2_camera/lib:/opt/ros/foxy/opt/yaml_cpp_vendor/lib:/opt/ros/foxy/opt/rviz_ogre_vendor/lib:/opt/ros/foxy/lib/aarch64-linux-gnu:/opt/ros/foxy/lib /usr/bin/cmake --install /home/f1tenth/realsense_ws/build/realsense2_camera
