-- Found ament_cmake: 0.9.12 (/opt/ros/foxy/share/ament_cmake/cmake)
-- Found PythonInterp: /usr/bin/python3 (found suitable version "3.8.10", minimum required is "3") 
-- Using PYTHON_EXECUTABLE: /usr/bin/python3
-- Found rclpy: 1.0.13 (/opt/ros/foxy/share/rclpy/cmake)
-- Found std_msgs: 2.0.5 (/opt/ros/foxy/share/std_msgs/cmake)
-- Using all available rosidl_typesupport_c: rosidl_typesupport_fastrtps_c;rosidl_typesupport_introspection_c
-- Found rosidl_adapter: 1.3.1 (/opt/ros/foxy/share/rosidl_adapter/cmake)
-- Using all available rosidl_typesupport_cpp: rosidl_typesupport_fastrtps_cpp;rosidl_typesupport_introspection_cpp
-- Found geometry_msgs: 2.0.5 (/opt/ros/foxy/share/geometry_msgs/cmake)
-- Found sensor_msgs: 2.0.5 (/opt/ros/foxy/share/sensor_msgs/cmake)
-- Found rosidl_default_generators: 1.0.1 (/opt/ros/foxy/share/rosidl_default_generators/cmake)
-- Found PythonInterp: /usr/bin/python3 (found version "3.8.10") 
-- Found ament_cmake_ros: 0.9.2 (/opt/ros/foxy/share/ament_cmake_ros/cmake)
-- Using all available rosidl_typesupport_c: rosidl_typesupport_fastrtps_c;rosidl_typesupport_introspection_c
-- Using all available rosidl_typesupport_cpp: rosidl_typesupport_fastrtps_cpp;rosidl_typesupport_introspection_cpp
-- Found PythonInterp: /usr/bin/python3 (found suitable version "3.8.10", minimum required is "3.5") 
-- Found python_cmake_module: 0.8.1 (/opt/ros/foxy/share/python_cmake_module/cmake)
-- Using PYTHON_EXECUTABLE: /usr/bin/python3
-- Using PYTHON_INCLUDE_DIRS: /usr/include/python3.8
-- Using PYTHON_LIBRARIES: /usr/lib/aarch64-linux-gnu/libpython3.8.so
-- Found ament_lint_auto: 0.9.8 (/opt/ros/foxy/share/ament_lint_auto/cmake)
-- Added test 'flake8' to check Python code syntax and style conventions
-- Added test 'lint_cmake' to check CMake code style
-- Added test 'pep257' to check Python code against some of the style conventions in PEP 257
-- Added test 'xmllint' to check XML markup files
-- Configuring done
-- Generating done
-- Build files have been written to: /home/f1tenth/f1tenth_mrc_ws/build/lidar_object_detection_ros2
[  1%] Built target lidar_object_detection_ros2__cpp
[ 12%] Built target lidar_object_detection_ros2__rosidl_generator_c
[ 34%] Built target lidar_object_detection_ros2__rosidl_typesupport_cpp
[ 34%] Built target lidar_object_detection_ros2__rosidl_typesupport_introspection_cpp
[ 46%] Built target lidar_object_detection_ros2__rosidl_typesupport_fastrtps_cpp
[ 57%] Built target lidar_object_detection_ros2__rosidl_typesupport_introspection_c
[ 68%] Built target lidar_object_detection_ros2__rosidl_typesupport_c
[ 79%] Built target lidar_object_detection_ros2__rosidl_typesupport_fastrtps_c
[ 79%] Built target lidar_object_detection_ros2
[ 80%] Built target lidar_object_detection_ros2__py
[ 90%] Built target lidar_object_detection_ros2__python
[ 93%] Built target lidar_object_detection_ros2__rosidl_typesupport_c__pyext
[ 96%] Built target lidar_object_detection_ros2__rosidl_typesupport_introspection_c__pyext
[100%] Built target lidar_object_detection_ros2__rosidl_typesupport_fastrtps_c__pyext
-- Install configuration: ""
-- Up-to-date: /home/f1tenth/f1tenth_mrc_ws/install/lidar_object_detection_ros2/share/ament_index/resource_index/rosidl_interfaces/lidar_object_detection_ros2
-- Up-to-date: /home/f1tenth/f1tenth_mrc_ws/install/lidar_object_detection_ros2/include/lidar_object_detection_ros2
-- Up-to-date: /home/f1tenth/f1tenth_mrc_ws/install/lidar_object_detection_ros2/include/lidar_object_detection_ros2/msg
-- Up-to-date: /home/f1tenth/f1tenth_mrc_ws/install/lidar_object_detection_ros2/include/lidar_object_detection_ros2/msg/rosidl_generator_c__visibility_control.h
-- Up-to-date: /home/f1tenth/f1tenth_mrc_ws/install/lidar_object_detection_ros2/include/lidar_object_detection_ros2/msg/objects_array.h
-- Up-to-date: /home/f1tenth/f1tenth_mrc_ws/install/lidar_object_detection_ros2/include/lidar_object_detection_ros2/msg/object.h
-- Up-to-date: /home/f1tenth/f1tenth_mrc_ws/install/lidar_object_detection_ros2/include/lidar_object_detection_ros2/msg/pose2_d.h
-- Up-to-date: /home/f1tenth/f1tenth_mrc_ws/install/lidar_object_detection_ros2/include/lidar_object_detection_ros2/msg/scan_clusters.h
-- Up-to-date: /home/f1tenth/f1tenth_mrc_ws/install/lidar_object_detection_ros2/include/lidar_object_detection_ros2/msg/detail
-- Up-to-date: /home/f1tenth/f1tenth_mrc_ws/install/lidar_object_detection_ros2/include/lidar_object_detection_ros2/msg/detail/objects_array__type_support.h
-- Up-to-date: /home/f1tenth/f1tenth_mrc_ws/install/lidar_object_detection_ros2/include/lidar_object_detection_ros2/msg/detail/scan_clusters__type_support.h
-- Up-to-date: /home/f1tenth/f1tenth_mrc_ws/install/lidar_object_detection_ros2/include/lidar_object_detection_ros2/msg/detail/scan_clusters__functions.h
-- Up-to-date: /home/f1tenth/f1tenth_mrc_ws/install/lidar_object_detection_ros2/include/lidar_object_detection_ros2/msg/detail/objects_array__functions.h
-- Up-to-date: /home/f1tenth/f1tenth_mrc_ws/install/lidar_object_detection_ros2/include/lidar_object_detection_ros2/msg/detail/object__type_support.h
-- Up-to-date: /home/f1tenth/f1tenth_mrc_ws/install/lidar_object_detection_ros2/include/lidar_object_detection_ros2/msg/detail/object__functions.h
-- Up-to-date: /home/f1tenth/f1tenth_mrc_ws/install/lidar_object_detection_ros2/include/lidar_object_detection_ros2/msg/detail/objects_array__struct.h
-- Up-to-date: /home/f1tenth/f1tenth_mrc_ws/install/lidar_object_detection_ros2/include/lidar_object_detection_ros2/msg/detail/l_shape__functions.h
-- Up-to-date: /home/f1tenth/f1tenth_mrc_ws/install/lidar_object_detection_ros2/include/lidar_object_detection_ros2/msg/detail/pose2_d__struct.h
-- Up-to-date: /home/f1tenth/f1tenth_mrc_ws/install/lidar_object_detection_ros2/include/lidar_object_detection_ros2/msg/detail/pose2_d__functions.h
-- Up-to-date: /home/f1tenth/f1tenth_mrc_ws/install/lidar_object_detection_ros2/include/lidar_object_detection_ros2/msg/detail/l_shape__functions.c
-- Up-to-date: /home/f1tenth/f1tenth_mrc_ws/install/lidar_object_detection_ros2/include/lidar_object_detection_ros2/msg/detail/pose2_d__functions.c
-- Up-to-date: /home/f1tenth/f1tenth_mrc_ws/install/lidar_object_detection_ros2/include/lidar_object_detection_ros2/msg/detail/objects_array__functions.c
-- Up-to-date: /home/f1tenth/f1tenth_mrc_ws/install/lidar_object_detection_ros2/include/lidar_object_detection_ros2/msg/detail/scan_clusters__struct.h
-- Up-to-date: /home/f1tenth/f1tenth_mrc_ws/install/lidar_object_detection_ros2/include/lidar_object_detection_ros2/msg/detail/l_shape__struct.h
-- Up-to-date: /home/f1tenth/f1tenth_mrc_ws/install/lidar_object_detection_ros2/include/lidar_object_detection_ros2/msg/detail/object__struct.h
-- Up-to-date: /home/f1tenth/f1tenth_mrc_ws/install/lidar_object_detection_ros2/include/lidar_object_detection_ros2/msg/detail/pose2_d__type_support.h
-- Up-to-date: /home/f1tenth/f1tenth_mrc_ws/install/lidar_object_detection_ros2/include/lidar_object_detection_ros2/msg/detail/l_shape__type_support.h
-- Up-to-date: /home/f1tenth/f1tenth_mrc_ws/install/lidar_object_detection_ros2/include/lidar_object_detection_ros2/msg/detail/scan_clusters__functions.c
-- Up-to-date: /home/f1tenth/f1tenth_mrc_ws/install/lidar_object_detection_ros2/include/lidar_object_detection_ros2/msg/detail/object__functions.c
-- Up-to-date: /home/f1tenth/f1tenth_mrc_ws/install/lidar_object_detection_ros2/include/lidar_object_detection_ros2/msg/l_shape.h
-- Up-to-date: /home/f1tenth/f1tenth_mrc_ws/install/lidar_object_detection_ros2/share/lidar_object_detection_ros2/environment/library_path.sh
-- Installing: /home/f1tenth/f1tenth_mrc_ws/install/lidar_object_detection_ros2/share/lidar_object_detection_ros2/environment/library_path.dsv
-- Up-to-date: /home/f1tenth/f1tenth_mrc_ws/install/lidar_object_detection_ros2/lib/liblidar_object_detection_ros2__rosidl_generator_c.so
-- Up-to-date: /home/f1tenth/f1tenth_mrc_ws/install/lidar_object_detection_ros2/include/lidar_object_detection_ros2
-- Up-to-date: /home/f1tenth/f1tenth_mrc_ws/install/lidar_object_detection_ros2/include/lidar_object_detection_ros2/msg
-- Up-to-date: /home/f1tenth/f1tenth_mrc_ws/install/lidar_object_detection_ros2/include/lidar_object_detection_ros2/msg/rosidl_typesupport_fastrtps_c__visibility_control.h
-- Up-to-date: /home/f1tenth/f1tenth_mrc_ws/install/lidar_object_detection_ros2/include/lidar_object_detection_ros2/msg/detail
-- Up-to-date: /home/f1tenth/f1tenth_mrc_ws/install/lidar_object_detection_ros2/include/lidar_object_detection_ros2/msg/detail/objects_array__rosidl_typesupport_fastrtps_c.h
-- Up-to-date: /home/f1tenth/f1tenth_mrc_ws/install/lidar_object_detection_ros2/include/lidar_object_detection_ros2/msg/detail/pose2_d__rosidl_typesupport_fastrtps_c.h
-- Up-to-date: /home/f1tenth/f1tenth_mrc_ws/install/lidar_object_detection_ros2/include/lidar_object_detection_ros2/msg/detail/object__rosidl_typesupport_fastrtps_c.h
-- Up-to-date: /home/f1tenth/f1tenth_mrc_ws/install/lidar_object_detection_ros2/include/lidar_object_detection_ros2/msg/detail/l_shape__rosidl_typesupport_fastrtps_c.h
-- Up-to-date: /home/f1tenth/f1tenth_mrc_ws/install/lidar_object_detection_ros2/include/lidar_object_detection_ros2/msg/detail/scan_clusters__rosidl_typesupport_fastrtps_c.h
-- Up-to-date: /home/f1tenth/f1tenth_mrc_ws/install/lidar_object_detection_ros2/lib/liblidar_object_detection_ros2__rosidl_typesupport_fastrtps_c.so
-- Up-to-date: /home/f1tenth/f1tenth_mrc_ws/install/lidar_object_detection_ros2/include/lidar_object_detection_ros2
-- Up-to-date: /home/f1tenth/f1tenth_mrc_ws/install/lidar_object_detection_ros2/include/lidar_object_detection_ros2/msg
-- Up-to-date: /home/f1tenth/f1tenth_mrc_ws/install/lidar_object_detection_ros2/include/lidar_object_detection_ros2/msg/detail
-- Up-to-date: /home/f1tenth/f1tenth_mrc_ws/install/lidar_object_detection_ros2/include/lidar_object_detection_ros2/msg/detail/scan_clusters__rosidl_typesupport_fastrtps_cpp.hpp
-- Up-to-date: /home/f1tenth/f1tenth_mrc_ws/install/lidar_object_detection_ros2/include/lidar_object_detection_ros2/msg/detail/objects_array__rosidl_typesupport_fastrtps_cpp.hpp
-- Up-to-date: /home/f1tenth/f1tenth_mrc_ws/install/lidar_object_detection_ros2/include/lidar_object_detection_ros2/msg/detail/l_shape__rosidl_typesupport_fastrtps_cpp.hpp
-- Up-to-date: /home/f1tenth/f1tenth_mrc_ws/install/lidar_object_detection_ros2/include/lidar_object_detection_ros2/msg/detail/object__rosidl_typesupport_fastrtps_cpp.hpp
-- Up-to-date: /home/f1tenth/f1tenth_mrc_ws/install/lidar_object_detection_ros2/include/lidar_object_detection_ros2/msg/detail/pose2_d__rosidl_typesupport_fastrtps_cpp.hpp
-- Up-to-date: /home/f1tenth/f1tenth_mrc_ws/install/lidar_object_detection_ros2/include/lidar_object_detection_ros2/msg/detail/dds_fastrtps
-- Up-to-date: /home/f1tenth/f1tenth_mrc_ws/install/lidar_object_detection_ros2/include/lidar_object_detection_ros2/msg/rosidl_typesupport_fastrtps_cpp__visibility_control.h
-- Up-to-date: /home/f1tenth/f1tenth_mrc_ws/install/lidar_object_detection_ros2/lib/liblidar_object_detection_ros2__rosidl_typesupport_fastrtps_cpp.so
-- Up-to-date: /home/f1tenth/f1tenth_mrc_ws/install/lidar_object_detection_ros2/include/lidar_object_detection_ros2
-- Up-to-date: /home/f1tenth/f1tenth_mrc_ws/install/lidar_object_detection_ros2/include/lidar_object_detection_ros2/msg
-- Up-to-date: /home/f1tenth/f1tenth_mrc_ws/install/lidar_object_detection_ros2/include/lidar_object_detection_ros2/msg/rosidl_typesupport_introspection_c__visibility_control.h
-- Up-to-date: /home/f1tenth/f1tenth_mrc_ws/install/lidar_object_detection_ros2/include/lidar_object_detection_ros2/msg/detail
-- Up-to-date: /home/f1tenth/f1tenth_mrc_ws/install/lidar_object_detection_ros2/include/lidar_object_detection_ros2/msg/detail/pose2_d__rosidl_typesupport_introspection_c.h
-- Up-to-date: /home/f1tenth/f1tenth_mrc_ws/install/lidar_object_detection_ros2/include/lidar_object_detection_ros2/msg/detail/scan_clusters__type_support.c
-- Up-to-date: /home/f1tenth/f1tenth_mrc_ws/install/lidar_object_detection_ros2/include/lidar_object_detection_ros2/msg/detail/l_shape__type_support.c
-- Up-to-date: /home/f1tenth/f1tenth_mrc_ws/install/lidar_object_detection_ros2/include/lidar_object_detection_ros2/msg/detail/object__rosidl_typesupport_introspection_c.h
-- Up-to-date: /home/f1tenth/f1tenth_mrc_ws/install/lidar_object_detection_ros2/include/lidar_object_detection_ros2/msg/detail/scan_clusters__rosidl_typesupport_introspection_c.h
-- Up-to-date: /home/f1tenth/f1tenth_mrc_ws/install/lidar_object_detection_ros2/include/lidar_object_detection_ros2/msg/detail/l_shape__rosidl_typesupport_introspection_c.h
-- Up-to-date: /home/f1tenth/f1tenth_mrc_ws/install/lidar_object_detection_ros2/include/lidar_object_detection_ros2/msg/detail/pose2_d__type_support.c
-- Up-to-date: /home/f1tenth/f1tenth_mrc_ws/install/lidar_object_detection_ros2/include/lidar_object_detection_ros2/msg/detail/objects_array__rosidl_typesupport_introspection_c.h
-- Up-to-date: /home/f1tenth/f1tenth_mrc_ws/install/lidar_object_detection_ros2/include/lidar_object_detection_ros2/msg/detail/objects_array__type_support.c
-- Up-to-date: /home/f1tenth/f1tenth_mrc_ws/install/lidar_object_detection_ros2/include/lidar_object_detection_ros2/msg/detail/object__type_support.c
-- Up-to-date: /home/f1tenth/f1tenth_mrc_ws/install/lidar_object_detection_ros2/lib/liblidar_object_detection_ros2__rosidl_typesupport_introspection_c.so
-- Up-to-date: /home/f1tenth/f1tenth_mrc_ws/install/lidar_object_detection_ros2/lib/liblidar_object_detection_ros2__rosidl_typesupport_c.so
-- Up-to-date: /home/f1tenth/f1tenth_mrc_ws/install/lidar_object_detection_ros2/include/lidar_object_detection_ros2
-- Up-to-date: /home/f1tenth/f1tenth_mrc_ws/install/lidar_object_detection_ros2/include/lidar_object_detection_ros2/msg
-- Up-to-date: /home/f1tenth/f1tenth_mrc_ws/install/lidar_object_detection_ros2/include/lidar_object_detection_ros2/msg/object.hpp
-- Up-to-date: /home/f1tenth/f1tenth_mrc_ws/install/lidar_object_detection_ros2/include/lidar_object_detection_ros2/msg/pose2_d.hpp
-- Up-to-date: /home/f1tenth/f1tenth_mrc_ws/install/lidar_object_detection_ros2/include/lidar_object_detection_ros2/msg/l_shape.hpp
-- Up-to-date: /home/f1tenth/f1tenth_mrc_ws/install/lidar_object_detection_ros2/include/lidar_object_detection_ros2/msg/objects_array.hpp
-- Up-to-date: /home/f1tenth/f1tenth_mrc_ws/install/lidar_object_detection_ros2/include/lidar_object_detection_ros2/msg/detail
-- Up-to-date: /home/f1tenth/f1tenth_mrc_ws/install/lidar_object_detection_ros2/include/lidar_object_detection_ros2/msg/detail/scan_clusters__traits.hpp
-- Up-to-date: /home/f1tenth/f1tenth_mrc_ws/install/lidar_object_detection_ros2/include/lidar_object_detection_ros2/msg/detail/objects_array__traits.hpp
-- Up-to-date: /home/f1tenth/f1tenth_mrc_ws/install/lidar_object_detection_ros2/include/lidar_object_detection_ros2/msg/detail/l_shape__traits.hpp
-- Up-to-date: /home/f1tenth/f1tenth_mrc_ws/install/lidar_object_detection_ros2/include/lidar_object_detection_ros2/msg/detail/object__struct.hpp
-- Up-to-date: /home/f1tenth/f1tenth_mrc_ws/install/lidar_object_detection_ros2/include/lidar_object_detection_ros2/msg/detail/pose2_d__builder.hpp
-- Up-to-date: /home/f1tenth/f1tenth_mrc_ws/install/lidar_object_detection_ros2/include/lidar_object_detection_ros2/msg/detail/l_shape__builder.hpp
-- Up-to-date: /home/f1tenth/f1tenth_mrc_ws/install/lidar_object_detection_ros2/include/lidar_object_detection_ros2/msg/detail/object__traits.hpp
-- Up-to-date: /home/f1tenth/f1tenth_mrc_ws/install/lidar_object_detection_ros2/include/lidar_object_detection_ros2/msg/detail/object__builder.hpp
-- Up-to-date: /home/f1tenth/f1tenth_mrc_ws/install/lidar_object_detection_ros2/include/lidar_object_detection_ros2/msg/detail/scan_clusters__struct.hpp
-- Up-to-date: /home/f1tenth/f1tenth_mrc_ws/install/lidar_object_detection_ros2/include/lidar_object_detection_ros2/msg/detail/scan_clusters__type_support.hpp
-- Up-to-date: /home/f1tenth/f1tenth_mrc_ws/install/lidar_object_detection_ros2/include/lidar_object_detection_ros2/msg/detail/objects_array__type_support.hpp
-- Up-to-date: /home/f1tenth/f1tenth_mrc_ws/install/lidar_object_detection_ros2/include/lidar_object_detection_ros2/msg/detail/pose2_d__struct.hpp
-- Up-to-date: /home/f1tenth/f1tenth_mrc_ws/install/lidar_object_detection_ros2/include/lidar_object_detection_ros2/msg/detail/pose2_d__traits.hpp
-- Up-to-date: /home/f1tenth/f1tenth_mrc_ws/install/lidar_object_detection_ros2/include/lidar_object_detection_ros2/msg/detail/objects_array__builder.hpp
-- Up-to-date: /home/f1tenth/f1tenth_mrc_ws/install/lidar_object_detection_ros2/include/lidar_object_detection_ros2/msg/detail/l_shape__struct.hpp
-- Up-to-date: /home/f1tenth/f1tenth_mrc_ws/install/lidar_object_detection_ros2/include/lidar_object_detection_ros2/msg/detail/pose2_d__type_support.hpp
-- Up-to-date: /home/f1tenth/f1tenth_mrc_ws/install/lidar_object_detection_ros2/include/lidar_object_detection_ros2/msg/detail/scan_clusters__builder.hpp
-- Up-to-date: /home/f1tenth/f1tenth_mrc_ws/install/lidar_object_detection_ros2/include/lidar_object_detection_ros2/msg/detail/l_shape__type_support.hpp
-- Up-to-date: /home/f1tenth/f1tenth_mrc_ws/install/lidar_object_detection_ros2/include/lidar_object_detection_ros2/msg/detail/object__type_support.hpp
-- Up-to-date: /home/f1tenth/f1tenth_mrc_ws/install/lidar_object_detection_ros2/include/lidar_object_detection_ros2/msg/detail/objects_array__struct.hpp
-- Up-to-date: /home/f1tenth/f1tenth_mrc_ws/install/lidar_object_detection_ros2/include/lidar_object_detection_ros2/msg/scan_clusters.hpp
-- Up-to-date: /home/f1tenth/f1tenth_mrc_ws/install/lidar_object_detection_ros2/include/lidar_object_detection_ros2/msg/rosidl_generator_cpp__visibility_control.hpp
-- Up-to-date: /home/f1tenth/f1tenth_mrc_ws/install/lidar_object_detection_ros2/include/lidar_object_detection_ros2
-- Up-to-date: /home/f1tenth/f1tenth_mrc_ws/install/lidar_object_detection_ros2/include/lidar_object_detection_ros2/msg
-- Up-to-date: /home/f1tenth/f1tenth_mrc_ws/install/lidar_object_detection_ros2/include/lidar_object_detection_ros2/msg/detail
-- Up-to-date: /home/f1tenth/f1tenth_mrc_ws/install/lidar_object_detection_ros2/include/lidar_object_detection_ros2/msg/detail/object__rosidl_typesupport_introspection_cpp.hpp
-- Up-to-date: /home/f1tenth/f1tenth_mrc_ws/install/lidar_object_detection_ros2/include/lidar_object_detection_ros2/msg/detail/scan_clusters__rosidl_typesupport_introspection_cpp.hpp
-- Up-to-date: /home/f1tenth/f1tenth_mrc_ws/install/lidar_object_detection_ros2/include/lidar_object_detection_ros2/msg/detail/objects_array__type_support.cpp
-- Up-to-date: /home/f1tenth/f1tenth_mrc_ws/install/lidar_object_detection_ros2/include/lidar_object_detection_ros2/msg/detail/l_shape__type_support.cpp
-- Up-to-date: /home/f1tenth/f1tenth_mrc_ws/install/lidar_object_detection_ros2/include/lidar_object_detection_ros2/msg/detail/l_shape__rosidl_typesupport_introspection_cpp.hpp
-- Up-to-date: /home/f1tenth/f1tenth_mrc_ws/install/lidar_object_detection_ros2/include/lidar_object_detection_ros2/msg/detail/objects_array__rosidl_typesupport_introspection_cpp.hpp
-- Up-to-date: /home/f1tenth/f1tenth_mrc_ws/install/lidar_object_detection_ros2/include/lidar_object_detection_ros2/msg/detail/pose2_d__type_support.cpp
-- Up-to-date: /home/f1tenth/f1tenth_mrc_ws/install/lidar_object_detection_ros2/include/lidar_object_detection_ros2/msg/detail/object__type_support.cpp
-- Up-to-date: /home/f1tenth/f1tenth_mrc_ws/install/lidar_object_detection_ros2/include/lidar_object_detection_ros2/msg/detail/scan_clusters__type_support.cpp
-- Up-to-date: /home/f1tenth/f1tenth_mrc_ws/install/lidar_object_detection_ros2/include/lidar_object_detection_ros2/msg/detail/pose2_d__rosidl_typesupport_introspection_cpp.hpp
-- Up-to-date: /home/f1tenth/f1tenth_mrc_ws/install/lidar_object_detection_ros2/lib/liblidar_object_detection_ros2__rosidl_typesupport_introspection_cpp.so
-- Up-to-date: /home/f1tenth/f1tenth_mrc_ws/install/lidar_object_detection_ros2/lib/liblidar_object_detection_ros2__rosidl_typesupport_cpp.so
-- Up-to-date: /home/f1tenth/f1tenth_mrc_ws/install/lidar_object_detection_ros2/share/lidar_object_detection_ros2/environment/pythonpath.sh
-- Installing: /home/f1tenth/f1tenth_mrc_ws/install/lidar_object_detection_ros2/share/lidar_object_detection_ros2/environment/pythonpath.dsv
-- Installing: /home/f1tenth/f1tenth_mrc_ws/install/lidar_object_detection_ros2/lib/python3.8/site-packages/lidar_object_detection_ros2/__init__.py
Compiling '/home/f1tenth/f1tenth_mrc_ws/install/lidar_object_detection_ros2/lib/python3.8/site-packages/lidar_object_detection_ros2/__init__.py'...
-- Up-to-date: /home/f1tenth/f1tenth_mrc_ws/install/lidar_object_detection_ros2/lib/python3.8/site-packages/lidar_object_detection_ros2/msg
-- Up-to-date: /home/f1tenth/f1tenth_mrc_ws/install/lidar_object_detection_ros2/lib/python3.8/site-packages/lidar_object_detection_ros2/msg/_object_s.c
-- Up-to-date: /home/f1tenth/f1tenth_mrc_ws/install/lidar_object_detection_ros2/lib/python3.8/site-packages/lidar_object_detection_ros2/msg/_pose2_d_s.c
-- Up-to-date: /home/f1tenth/f1tenth_mrc_ws/install/lidar_object_detection_ros2/lib/python3.8/site-packages/lidar_object_detection_ros2/msg/_object.py
-- Up-to-date: /home/f1tenth/f1tenth_mrc_ws/install/lidar_object_detection_ros2/lib/python3.8/site-packages/lidar_object_detection_ros2/msg/_objects_array.py
-- Up-to-date: /home/f1tenth/f1tenth_mrc_ws/install/lidar_object_detection_ros2/lib/python3.8/site-packages/lidar_object_detection_ros2/msg/_pose2_d.py
-- Up-to-date: /home/f1tenth/f1tenth_mrc_ws/install/lidar_object_detection_ros2/lib/python3.8/site-packages/lidar_object_detection_ros2/msg/_scan_clusters_s.c
-- Up-to-date: /home/f1tenth/f1tenth_mrc_ws/install/lidar_object_detection_ros2/lib/python3.8/site-packages/lidar_object_detection_ros2/msg/_objects_array_s.c
-- Up-to-date: /home/f1tenth/f1tenth_mrc_ws/install/lidar_object_detection_ros2/lib/python3.8/site-packages/lidar_object_detection_ros2/msg/_l_shape_s.c
-- Up-to-date: /home/f1tenth/f1tenth_mrc_ws/install/lidar_object_detection_ros2/lib/python3.8/site-packages/lidar_object_detection_ros2/msg/_scan_clusters.py
-- Up-to-date: /home/f1tenth/f1tenth_mrc_ws/install/lidar_object_detection_ros2/lib/python3.8/site-packages/lidar_object_detection_ros2/msg/_l_shape.py
-- Up-to-date: /home/f1tenth/f1tenth_mrc_ws/install/lidar_object_detection_ros2/lib/python3.8/site-packages/lidar_object_detection_ros2/msg/__init__.py
-- Up-to-date: /home/f1tenth/f1tenth_mrc_ws/install/lidar_object_detection_ros2/lib/python3.8/site-packages/lidar_object_detection_ros2/lidar_object_detection_ros2_s__rosidl_typesupport_fastrtps_c.cpython-38-aarch64-linux-gnu.so
-- Up-to-date: /home/f1tenth/f1tenth_mrc_ws/install/lidar_object_detection_ros2/lib/python3.8/site-packages/lidar_object_detection_ros2/lidar_object_detection_ros2_s__rosidl_typesupport_introspection_c.cpython-38-aarch64-linux-gnu.so
-- Up-to-date: /home/f1tenth/f1tenth_mrc_ws/install/lidar_object_detection_ros2/lib/python3.8/site-packages/lidar_object_detection_ros2/lidar_object_detection_ros2_s__rosidl_typesupport_c.cpython-38-aarch64-linux-gnu.so
-- Up-to-date: /home/f1tenth/f1tenth_mrc_ws/install/lidar_object_detection_ros2/lib/liblidar_object_detection_ros2__python.so
-- Up-to-date: /home/f1tenth/f1tenth_mrc_ws/install/lidar_object_detection_ros2/share/lidar_object_detection_ros2/msg/Pose2D.idl
-- Up-to-date: /home/f1tenth/f1tenth_mrc_ws/install/lidar_object_detection_ros2/share/lidar_object_detection_ros2/msg/LShape.idl
-- Up-to-date: /home/f1tenth/f1tenth_mrc_ws/install/lidar_object_detection_ros2/share/lidar_object_detection_ros2/msg/Object.idl
-- Up-to-date: /home/f1tenth/f1tenth_mrc_ws/install/lidar_object_detection_ros2/share/lidar_object_detection_ros2/msg/ObjectsArray.idl
-- Up-to-date: /home/f1tenth/f1tenth_mrc_ws/install/lidar_object_detection_ros2/share/lidar_object_detection_ros2/msg/ScanClusters.idl
-- Up-to-date: /home/f1tenth/f1tenth_mrc_ws/install/lidar_object_detection_ros2/share/lidar_object_detection_ros2/msg/Pose2D.msg
-- Up-to-date: /home/f1tenth/f1tenth_mrc_ws/install/lidar_object_detection_ros2/share/lidar_object_detection_ros2/msg/LShape.msg
-- Up-to-date: /home/f1tenth/f1tenth_mrc_ws/install/lidar_object_detection_ros2/share/lidar_object_detection_ros2/msg/Object.msg
-- Up-to-date: /home/f1tenth/f1tenth_mrc_ws/install/lidar_object_detection_ros2/share/lidar_object_detection_ros2/msg/ObjectsArray.msg
-- Up-to-date: /home/f1tenth/f1tenth_mrc_ws/install/lidar_object_detection_ros2/share/lidar_object_detection_ros2/msg/ScanClusters.msg
-- Up-to-date: /home/f1tenth/f1tenth_mrc_ws/install/lidar_object_detection_ros2/lib/lidar_object_detection_ros2/lidar_object_detection.py
-- Up-to-date: /home/f1tenth/f1tenth_mrc_ws/install/lidar_object_detection_ros2/lib/lidar_object_detection_ros2/lod_visualization.py
-- Installing: /home/f1tenth/f1tenth_mrc_ws/install/lidar_object_detection_ros2/lib/lidar_object_detection_ros2/UKF_fusion.py
-- Installing: /home/f1tenth/f1tenth_mrc_ws/install/lidar_object_detection_ros2/lib/lidar_object_detection_ros2/pose_estimation_UKF.py
-- Up-to-date: /home/f1tenth/f1tenth_mrc_ws/install/lidar_object_detection_ros2/share/lidar_object_detection_ros2//launch
-- Installing: /home/f1tenth/f1tenth_mrc_ws/install/lidar_object_detection_ros2/share/lidar_object_detection_ros2//launch/lod_launch.py
-- Up-to-date: /home/f1tenth/f1tenth_mrc_ws/install/lidar_object_detection_ros2/share/ament_index/resource_index/package_run_dependencies/lidar_object_detection_ros2
-- Up-to-date: /home/f1tenth/f1tenth_mrc_ws/install/lidar_object_detection_ros2/share/ament_index/resource_index/parent_prefix_path/lidar_object_detection_ros2
-- Up-to-date: /home/f1tenth/f1tenth_mrc_ws/install/lidar_object_detection_ros2/share/lidar_object_detection_ros2/environment/ament_prefix_path.sh
-- Installing: /home/f1tenth/f1tenth_mrc_ws/install/lidar_object_detection_ros2/share/lidar_object_detection_ros2/environment/ament_prefix_path.dsv
-- Up-to-date: /home/f1tenth/f1tenth_mrc_ws/install/lidar_object_detection_ros2/share/lidar_object_detection_ros2/environment/path.sh
-- Installing: /home/f1tenth/f1tenth_mrc_ws/install/lidar_object_detection_ros2/share/lidar_object_detection_ros2/environment/path.dsv
-- Up-to-date: /home/f1tenth/f1tenth_mrc_ws/install/lidar_object_detection_ros2/share/lidar_object_detection_ros2/local_setup.bash
-- Up-to-date: /home/f1tenth/f1tenth_mrc_ws/install/lidar_object_detection_ros2/share/lidar_object_detection_ros2/local_setup.sh
-- Up-to-date: /home/f1tenth/f1tenth_mrc_ws/install/lidar_object_detection_ros2/share/lidar_object_detection_ros2/local_setup.zsh
-- Installing: /home/f1tenth/f1tenth_mrc_ws/install/lidar_object_detection_ros2/share/lidar_object_detection_ros2/local_setup.dsv
-- Installing: /home/f1tenth/f1tenth_mrc_ws/install/lidar_object_detection_ros2/share/lidar_object_detection_ros2/package.dsv
-- Up-to-date: /home/f1tenth/f1tenth_mrc_ws/install/lidar_object_detection_ros2/share/ament_index/resource_index/packages/lidar_object_detection_ros2
-- Up-to-date: /home/f1tenth/f1tenth_mrc_ws/install/lidar_object_detection_ros2/share/lidar_object_detection_ros2/cmake/lidar_object_detection_ros2__rosidl_generator_cExport.cmake
-- Installing: /home/f1tenth/f1tenth_mrc_ws/install/lidar_object_detection_ros2/share/lidar_object_detection_ros2/cmake/lidar_object_detection_ros2__rosidl_generator_cExport-noconfig.cmake
-- Up-to-date: /home/f1tenth/f1tenth_mrc_ws/install/lidar_object_detection_ros2/share/lidar_object_detection_ros2/cmake/lidar_object_detection_ros2__rosidl_typesupport_introspection_cExport.cmake
-- Installing: /home/f1tenth/f1tenth_mrc_ws/install/lidar_object_detection_ros2/share/lidar_object_detection_ros2/cmake/lidar_object_detection_ros2__rosidl_typesupport_introspection_cExport-noconfig.cmake
-- Up-to-date: /home/f1tenth/f1tenth_mrc_ws/install/lidar_object_detection_ros2/share/lidar_object_detection_ros2/cmake/lidar_object_detection_ros2__rosidl_typesupport_cExport.cmake
-- Installing: /home/f1tenth/f1tenth_mrc_ws/install/lidar_object_detection_ros2/share/lidar_object_detection_ros2/cmake/lidar_object_detection_ros2__rosidl_typesupport_cExport-noconfig.cmake
-- Up-to-date: /home/f1tenth/f1tenth_mrc_ws/install/lidar_object_detection_ros2/share/lidar_object_detection_ros2/cmake/lidar_object_detection_ros2__rosidl_generator_cppExport.cmake
-- Up-to-date: /home/f1tenth/f1tenth_mrc_ws/install/lidar_object_detection_ros2/share/lidar_object_detection_ros2/cmake/lidar_object_detection_ros2__rosidl_typesupport_introspection_cppExport.cmake
-- Installing: /home/f1tenth/f1tenth_mrc_ws/install/lidar_object_detection_ros2/share/lidar_object_detection_ros2/cmake/lidar_object_detection_ros2__rosidl_typesupport_introspection_cppExport-noconfig.cmake
-- Up-to-date: /home/f1tenth/f1tenth_mrc_ws/install/lidar_object_detection_ros2/share/lidar_object_detection_ros2/cmake/lidar_object_detection_ros2__rosidl_typesupport_cppExport.cmake
-- Installing: /home/f1tenth/f1tenth_mrc_ws/install/lidar_object_detection_ros2/share/lidar_object_detection_ros2/cmake/lidar_object_detection_ros2__rosidl_typesupport_cppExport-noconfig.cmake
-- Up-to-date: /home/f1tenth/f1tenth_mrc_ws/install/lidar_object_detection_ros2/share/lidar_object_detection_ros2/cmake/rosidl_cmake-extras.cmake
-- Up-to-date: /home/f1tenth/f1tenth_mrc_ws/install/lidar_object_detection_ros2/share/lidar_object_detection_ros2/cmake/ament_cmake_export_dependencies-extras.cmake
-- Up-to-date: /home/f1tenth/f1tenth_mrc_ws/install/lidar_object_detection_ros2/share/lidar_object_detection_ros2/cmake/ament_cmake_export_libraries-extras.cmake
-- Up-to-date: /home/f1tenth/f1tenth_mrc_ws/install/lidar_object_detection_ros2/share/lidar_object_detection_ros2/cmake/ament_cmake_export_targets-extras.cmake
-- Up-to-date: /home/f1tenth/f1tenth_mrc_ws/install/lidar_object_detection_ros2/share/lidar_object_detection_ros2/cmake/ament_cmake_export_include_directories-extras.cmake
-- Up-to-date: /home/f1tenth/f1tenth_mrc_ws/install/lidar_object_detection_ros2/share/lidar_object_detection_ros2/cmake/rosidl_cmake_export_typesupport_libraries-extras.cmake
-- Up-to-date: /home/f1tenth/f1tenth_mrc_ws/install/lidar_object_detection_ros2/share/lidar_object_detection_ros2/cmake/rosidl_cmake_export_typesupport_targets-extras.cmake
-- Up-to-date: /home/f1tenth/f1tenth_mrc_ws/install/lidar_object_detection_ros2/share/lidar_object_detection_ros2/cmake/lidar_object_detection_ros2Config.cmake
-- Up-to-date: /home/f1tenth/f1tenth_mrc_ws/install/lidar_object_detection_ros2/share/lidar_object_detection_ros2/cmake/lidar_object_detection_ros2Config-version.cmake
-- Up-to-date: /home/f1tenth/f1tenth_mrc_ws/install/lidar_object_detection_ros2/share/lidar_object_detection_ros2/package.xml
