[0.064s] Invoking command in '/home/f1tenth/f1tenth_mrc_ws/build/lidar_object_detection_ros2': CMAKE_PREFIX_PATH=/opt/ros/foxy /usr/bin/cmake --build /home/f1tenth/f1tenth_mrc_ws/build/lidar_object_detection_ros2 -- -j4 -l4
[0.266s] -- Found ament_cmake: 0.9.12 (/opt/ros/foxy/share/ament_cmake/cmake)
[0.384s] -- Found PythonInterp: /usr/bin/python3 (found suitable version "3.8.10", minimum required is "3") 
[0.385s] -- Using PYTHON_EXECUTABLE: /usr/bin/python3
[1.181s] -- Found rclpy: 1.0.13 (/opt/ros/foxy/share/rclpy/cmake)
[1.182s] -- Found std_msgs: 2.0.5 (/opt/ros/foxy/share/std_msgs/cmake)
[1.292s] -- Using all available rosidl_typesupport_c: rosidl_typesupport_fastrtps_c;rosidl_typesupport_introspection_c
[1.320s] -- Found rosidl_adapter: 1.3.1 (/opt/ros/foxy/share/rosidl_adapter/cmake)
[1.834s] -- Using all available rosidl_typesupport_cpp: rosidl_typesupport_fastrtps_cpp;rosidl_typesupport_introspection_cpp
[2.023s] -- Found geometry_msgs: 2.0.5 (/opt/ros/foxy/share/geometry_msgs/cmake)
[2.159s] -- Found sensor_msgs: 2.0.5 (/opt/ros/foxy/share/sensor_msgs/cmake)
[2.398s] -- Found rosidl_default_generators: 1.0.1 (/opt/ros/foxy/share/rosidl_default_generators/cmake)
[2.531s] -- Found PythonInterp: /usr/bin/python3 (found version "3.8.10") 
[3.447s] -- Found ament_cmake_ros: 0.9.2 (/opt/ros/foxy/share/ament_cmake_ros/cmake)
[4.531s] -- Using all available rosidl_typesupport_c: rosidl_typesupport_fastrtps_c;rosidl_typesupport_introspection_c
[5.073s] -- Using all available rosidl_typesupport_cpp: rosidl_typesupport_fastrtps_cpp;rosidl_typesupport_introspection_cpp
[5.170s] -- Found PythonInterp: /usr/bin/python3 (found suitable version "3.8.10", minimum required is "3.5") 
[5.172s] -- Found python_cmake_module: 0.8.1 (/opt/ros/foxy/share/python_cmake_module/cmake)
[5.267s] -- Using PYTHON_EXECUTABLE: /usr/bin/python3
[5.267s] -- Using PYTHON_INCLUDE_DIRS: /usr/include/python3.8
[5.268s] -- Using PYTHON_LIBRARIES: /usr/lib/aarch64-linux-gnu/libpython3.8.so
[5.504s] -- Found ament_lint_auto: 0.9.8 (/opt/ros/foxy/share/ament_lint_auto/cmake)
[5.571s] -- Added test 'flake8' to check Python code syntax and style conventions
[5.576s] -- Added test 'lint_cmake' to check CMake code style
[5.579s] -- Added test 'pep257' to check Python code against some of the style conventions in PEP 257
[5.597s] -- Added test 'xmllint' to check XML markup files
[5.618s] -- Configuring done
[6.024s] -- Generating done
[6.120s] -- Build files have been written to: /home/f1tenth/f1tenth_mrc_ws/build/lidar_object_detection_ros2
[6.282s] [  1%] Built target lidar_object_detection_ros2__cpp
[6.300s] [ 12%] Built target lidar_object_detection_ros2__rosidl_generator_c
[6.407s] [ 34%] Built target lidar_object_detection_ros2__rosidl_typesupport_cpp
[6.408s] [ 34%] Built target lidar_object_detection_ros2__rosidl_typesupport_introspection_cpp
[6.415s] [ 46%] Built target lidar_object_detection_ros2__rosidl_typesupport_fastrtps_cpp
[6.425s] [ 57%] Built target lidar_object_detection_ros2__rosidl_typesupport_introspection_c
[6.517s] [ 68%] Built target lidar_object_detection_ros2__rosidl_typesupport_c
[6.544s] [ 79%] Built target lidar_object_detection_ros2__rosidl_typesupport_fastrtps_c
[6.632s] [ 79%] Built target lidar_object_detection_ros2
[6.725s] [ 80%] Built target lidar_object_detection_ros2__py
[6.865s] [ 90%] Built target lidar_object_detection_ros2__python
[6.979s] [ 93%] Built target lidar_object_detection_ros2__rosidl_typesupport_c__pyext
[6.982s] [ 96%] Built target lidar_object_detection_ros2__rosidl_typesupport_introspection_c__pyext
[6.983s] [100%] Built target lidar_object_detection_ros2__rosidl_typesupport_fastrtps_c__pyext
[7.033s] Invoked command in '/home/f1tenth/f1tenth_mrc_ws/build/lidar_object_detection_ros2' returned '0': CMAKE_PREFIX_PATH=/opt/ros/foxy /usr/bin/cmake --build /home/f1tenth/f1tenth_mrc_ws/build/lidar_object_detection_ros2 -- -j4 -l4
[7.095s] Invoking command in '/home/f1tenth/f1tenth_mrc_ws/build/lidar_object_detection_ros2': CMAKE_PREFIX_PATH=/opt/ros/foxy /usr/bin/cmake --install /home/f1tenth/f1tenth_mrc_ws/build/lidar_object_detection_ros2
[7.127s] -- Install configuration: ""
[7.128s] -- Up-to-date: /home/f1tenth/f1tenth_mrc_ws/install/lidar_object_detection_ros2/share/ament_index/resource_index/rosidl_interfaces/lidar_object_detection_ros2
[7.129s] -- Up-to-date: /home/f1tenth/f1tenth_mrc_ws/install/lidar_object_detection_ros2/include/lidar_object_detection_ros2
[7.129s] -- Up-to-date: /home/f1tenth/f1tenth_mrc_ws/install/lidar_object_detection_ros2/include/lidar_object_detection_ros2/msg
[7.130s] -- Up-to-date: /home/f1tenth/f1tenth_mrc_ws/install/lidar_object_detection_ros2/include/lidar_object_detection_ros2/msg/rosidl_generator_c__visibility_control.h
[7.131s] -- Up-to-date: /home/f1tenth/f1tenth_mrc_ws/install/lidar_object_detection_ros2/include/lidar_object_detection_ros2/msg/objects_array.h
[7.131s] -- Up-to-date: /home/f1tenth/f1tenth_mrc_ws/install/lidar_object_detection_ros2/include/lidar_object_detection_ros2/msg/object.h
[7.132s] -- Up-to-date: /home/f1tenth/f1tenth_mrc_ws/install/lidar_object_detection_ros2/include/lidar_object_detection_ros2/msg/pose2_d.h
[7.133s] -- Up-to-date: /home/f1tenth/f1tenth_mrc_ws/install/lidar_object_detection_ros2/include/lidar_object_detection_ros2/msg/scan_clusters.h
[7.133s] -- Up-to-date: /home/f1tenth/f1tenth_mrc_ws/install/lidar_object_detection_ros2/include/lidar_object_detection_ros2/msg/detail
[7.133s] -- Up-to-date: /home/f1tenth/f1tenth_mrc_ws/install/lidar_object_detection_ros2/include/lidar_object_detection_ros2/msg/detail/objects_array__type_support.h
[7.134s] -- Up-to-date: /home/f1tenth/f1tenth_mrc_ws/install/lidar_object_detection_ros2/include/lidar_object_detection_ros2/msg/detail/scan_clusters__type_support.h
[7.134s] -- Up-to-date: /home/f1tenth/f1tenth_mrc_ws/install/lidar_object_detection_ros2/include/lidar_object_detection_ros2/msg/detail/scan_clusters__functions.h
[7.134s] -- Up-to-date: /home/f1tenth/f1tenth_mrc_ws/install/lidar_object_detection_ros2/include/lidar_object_detection_ros2/msg/detail/objects_array__functions.h
[7.134s] -- Up-to-date: /home/f1tenth/f1tenth_mrc_ws/install/lidar_object_detection_ros2/include/lidar_object_detection_ros2/msg/detail/object__type_support.h
[7.135s] -- Up-to-date: /home/f1tenth/f1tenth_mrc_ws/install/lidar_object_detection_ros2/include/lidar_object_detection_ros2/msg/detail/object__functions.h
[7.135s] -- Up-to-date: /home/f1tenth/f1tenth_mrc_ws/install/lidar_object_detection_ros2/include/lidar_object_detection_ros2/msg/detail/objects_array__struct.h
[7.135s] -- Up-to-date: /home/f1tenth/f1tenth_mrc_ws/install/lidar_object_detection_ros2/include/lidar_object_detection_ros2/msg/detail/l_shape__functions.h
[7.136s] -- Up-to-date: /home/f1tenth/f1tenth_mrc_ws/install/lidar_object_detection_ros2/include/lidar_object_detection_ros2/msg/detail/pose2_d__struct.h
[7.136s] -- Up-to-date: /home/f1tenth/f1tenth_mrc_ws/install/lidar_object_detection_ros2/include/lidar_object_detection_ros2/msg/detail/pose2_d__functions.h
[7.136s] -- Up-to-date: /home/f1tenth/f1tenth_mrc_ws/install/lidar_object_detection_ros2/include/lidar_object_detection_ros2/msg/detail/l_shape__functions.c
[7.137s] -- Up-to-date: /home/f1tenth/f1tenth_mrc_ws/install/lidar_object_detection_ros2/include/lidar_object_detection_ros2/msg/detail/pose2_d__functions.c
[7.137s] -- Up-to-date: /home/f1tenth/f1tenth_mrc_ws/install/lidar_object_detection_ros2/include/lidar_object_detection_ros2/msg/detail/objects_array__functions.c
[7.137s] -- Up-to-date: /home/f1tenth/f1tenth_mrc_ws/install/lidar_object_detection_ros2/include/lidar_object_detection_ros2/msg/detail/scan_clusters__struct.h
[7.138s] -- Up-to-date: /home/f1tenth/f1tenth_mrc_ws/install/lidar_object_detection_ros2/include/lidar_object_detection_ros2/msg/detail/l_shape__struct.h
[7.138s] -- Up-to-date: /home/f1tenth/f1tenth_mrc_ws/install/lidar_object_detection_ros2/include/lidar_object_detection_ros2/msg/detail/object__struct.h
[7.138s] -- Up-to-date: /home/f1tenth/f1tenth_mrc_ws/install/lidar_object_detection_ros2/include/lidar_object_detection_ros2/msg/detail/pose2_d__type_support.h
[7.139s] -- Up-to-date: /home/f1tenth/f1tenth_mrc_ws/install/lidar_object_detection_ros2/include/lidar_object_detection_ros2/msg/detail/l_shape__type_support.h
[7.139s] -- Up-to-date: /home/f1tenth/f1tenth_mrc_ws/install/lidar_object_detection_ros2/include/lidar_object_detection_ros2/msg/detail/scan_clusters__functions.c
[7.140s] -- Up-to-date: /home/f1tenth/f1tenth_mrc_ws/install/lidar_object_detection_ros2/include/lidar_object_detection_ros2/msg/detail/object__functions.c
[7.140s] -- Up-to-date: /home/f1tenth/f1tenth_mrc_ws/install/lidar_object_detection_ros2/include/lidar_object_detection_ros2/msg/l_shape.h
[7.140s] -- Up-to-date: /home/f1tenth/f1tenth_mrc_ws/install/lidar_object_detection_ros2/share/lidar_object_detection_ros2/environment/library_path.sh
[7.141s] -- Installing: /home/f1tenth/f1tenth_mrc_ws/install/lidar_object_detection_ros2/share/lidar_object_detection_ros2/environment/library_path.dsv
[7.141s] -- Up-to-date: /home/f1tenth/f1tenth_mrc_ws/install/lidar_object_detection_ros2/lib/liblidar_object_detection_ros2__rosidl_generator_c.so
[7.141s] -- Up-to-date: /home/f1tenth/f1tenth_mrc_ws/install/lidar_object_detection_ros2/include/lidar_object_detection_ros2
[7.142s] -- Up-to-date: /home/f1tenth/f1tenth_mrc_ws/install/lidar_object_detection_ros2/include/lidar_object_detection_ros2/msg
[7.142s] -- Up-to-date: /home/f1tenth/f1tenth_mrc_ws/install/lidar_object_detection_ros2/include/lidar_object_detection_ros2/msg/rosidl_typesupport_fastrtps_c__visibility_control.h
[7.142s] -- Up-to-date: /home/f1tenth/f1tenth_mrc_ws/install/lidar_object_detection_ros2/include/lidar_object_detection_ros2/msg/detail
[7.143s] -- Up-to-date: /home/f1tenth/f1tenth_mrc_ws/install/lidar_object_detection_ros2/include/lidar_object_detection_ros2/msg/detail/objects_array__rosidl_typesupport_fastrtps_c.h
[7.143s] -- Up-to-date: /home/f1tenth/f1tenth_mrc_ws/install/lidar_object_detection_ros2/include/lidar_object_detection_ros2/msg/detail/pose2_d__rosidl_typesupport_fastrtps_c.h
[7.143s] -- Up-to-date: /home/f1tenth/f1tenth_mrc_ws/install/lidar_object_detection_ros2/include/lidar_object_detection_ros2/msg/detail/object__rosidl_typesupport_fastrtps_c.h
[7.144s] -- Up-to-date: /home/f1tenth/f1tenth_mrc_ws/install/lidar_object_detection_ros2/include/lidar_object_detection_ros2/msg/detail/l_shape__rosidl_typesupport_fastrtps_c.h
[7.145s] -- Up-to-date: /home/f1tenth/f1tenth_mrc_ws/install/lidar_object_detection_ros2/include/lidar_object_detection_ros2/msg/detail/scan_clusters__rosidl_typesupport_fastrtps_c.h
[7.145s] -- Up-to-date: /home/f1tenth/f1tenth_mrc_ws/install/lidar_object_detection_ros2/lib/liblidar_object_detection_ros2__rosidl_typesupport_fastrtps_c.so
[7.145s] -- Up-to-date: /home/f1tenth/f1tenth_mrc_ws/install/lidar_object_detection_ros2/include/lidar_object_detection_ros2
[7.145s] -- Up-to-date: /home/f1tenth/f1tenth_mrc_ws/install/lidar_object_detection_ros2/include/lidar_object_detection_ros2/msg
[7.146s] -- Up-to-date: /home/f1tenth/f1tenth_mrc_ws/install/lidar_object_detection_ros2/include/lidar_object_detection_ros2/msg/detail
[7.147s] -- Up-to-date: /home/f1tenth/f1tenth_mrc_ws/install/lidar_object_detection_ros2/include/lidar_object_detection_ros2/msg/detail/scan_clusters__rosidl_typesupport_fastrtps_cpp.hpp
[7.147s] -- Up-to-date: /home/f1tenth/f1tenth_mrc_ws/install/lidar_object_detection_ros2/include/lidar_object_detection_ros2/msg/detail/objects_array__rosidl_typesupport_fastrtps_cpp.hpp
[7.147s] -- Up-to-date: /home/f1tenth/f1tenth_mrc_ws/install/lidar_object_detection_ros2/include/lidar_object_detection_ros2/msg/detail/l_shape__rosidl_typesupport_fastrtps_cpp.hpp
[7.148s] -- Up-to-date: /home/f1tenth/f1tenth_mrc_ws/install/lidar_object_detection_ros2/include/lidar_object_detection_ros2/msg/detail/object__rosidl_typesupport_fastrtps_cpp.hpp
[7.148s] -- Up-to-date: /home/f1tenth/f1tenth_mrc_ws/install/lidar_object_detection_ros2/include/lidar_object_detection_ros2/msg/detail/pose2_d__rosidl_typesupport_fastrtps_cpp.hpp
[7.148s] -- Up-to-date: /home/f1tenth/f1tenth_mrc_ws/install/lidar_object_detection_ros2/include/lidar_object_detection_ros2/msg/detail/dds_fastrtps
[7.149s] -- Up-to-date: /home/f1tenth/f1tenth_mrc_ws/install/lidar_object_detection_ros2/include/lidar_object_detection_ros2/msg/rosidl_typesupport_fastrtps_cpp__visibility_control.h
[7.149s] -- Up-to-date: /home/f1tenth/f1tenth_mrc_ws/install/lidar_object_detection_ros2/lib/liblidar_object_detection_ros2__rosidl_typesupport_fastrtps_cpp.so
[7.149s] -- Up-to-date: /home/f1tenth/f1tenth_mrc_ws/install/lidar_object_detection_ros2/include/lidar_object_detection_ros2
[7.150s] -- Up-to-date: /home/f1tenth/f1tenth_mrc_ws/install/lidar_object_detection_ros2/include/lidar_object_detection_ros2/msg
[7.150s] -- Up-to-date: /home/f1tenth/f1tenth_mrc_ws/install/lidar_object_detection_ros2/include/lidar_object_detection_ros2/msg/rosidl_typesupport_introspection_c__visibility_control.h
[7.151s] -- Up-to-date: /home/f1tenth/f1tenth_mrc_ws/install/lidar_object_detection_ros2/include/lidar_object_detection_ros2/msg/detail
[7.151s] -- Up-to-date: /home/f1tenth/f1tenth_mrc_ws/install/lidar_object_detection_ros2/include/lidar_object_detection_ros2/msg/detail/pose2_d__rosidl_typesupport_introspection_c.h
[7.151s] -- Up-to-date: /home/f1tenth/f1tenth_mrc_ws/install/lidar_object_detection_ros2/include/lidar_object_detection_ros2/msg/detail/scan_clusters__type_support.c
[7.152s] -- Up-to-date: /home/f1tenth/f1tenth_mrc_ws/install/lidar_object_detection_ros2/include/lidar_object_detection_ros2/msg/detail/l_shape__type_support.c
[7.152s] -- Up-to-date: /home/f1tenth/f1tenth_mrc_ws/install/lidar_object_detection_ros2/include/lidar_object_detection_ros2/msg/detail/object__rosidl_typesupport_introspection_c.h
[7.153s] -- Up-to-date: /home/f1tenth/f1tenth_mrc_ws/install/lidar_object_detection_ros2/include/lidar_object_detection_ros2/msg/detail/scan_clusters__rosidl_typesupport_introspection_c.h
[7.153s] -- Up-to-date: /home/f1tenth/f1tenth_mrc_ws/install/lidar_object_detection_ros2/include/lidar_object_detection_ros2/msg/detail/l_shape__rosidl_typesupport_introspection_c.h
[7.153s] -- Up-to-date: /home/f1tenth/f1tenth_mrc_ws/install/lidar_object_detection_ros2/include/lidar_object_detection_ros2/msg/detail/pose2_d__type_support.c
[7.153s] -- Up-to-date: /home/f1tenth/f1tenth_mrc_ws/install/lidar_object_detection_ros2/include/lidar_object_detection_ros2/msg/detail/objects_array__rosidl_typesupport_introspection_c.h
[7.154s] -- Up-to-date: /home/f1tenth/f1tenth_mrc_ws/install/lidar_object_detection_ros2/include/lidar_object_detection_ros2/msg/detail/objects_array__type_support.c
[7.154s] -- Up-to-date: /home/f1tenth/f1tenth_mrc_ws/install/lidar_object_detection_ros2/include/lidar_object_detection_ros2/msg/detail/object__type_support.c
[7.154s] -- Up-to-date: /home/f1tenth/f1tenth_mrc_ws/install/lidar_object_detection_ros2/lib/liblidar_object_detection_ros2__rosidl_typesupport_introspection_c.so
[7.156s] -- Up-to-date: /home/f1tenth/f1tenth_mrc_ws/install/lidar_object_detection_ros2/lib/liblidar_object_detection_ros2__rosidl_typesupport_c.so
[7.158s] -- Up-to-date: /home/f1tenth/f1tenth_mrc_ws/install/lidar_object_detection_ros2/include/lidar_object_detection_ros2
[7.159s] -- Up-to-date: /home/f1tenth/f1tenth_mrc_ws/install/lidar_object_detection_ros2/include/lidar_object_detection_ros2/msg
[7.159s] -- Up-to-date: /home/f1tenth/f1tenth_mrc_ws/install/lidar_object_detection_ros2/include/lidar_object_detection_ros2/msg/object.hpp
[7.159s] -- Up-to-date: /home/f1tenth/f1tenth_mrc_ws/install/lidar_object_detection_ros2/include/lidar_object_detection_ros2/msg/pose2_d.hpp
[7.159s] -- Up-to-date: /home/f1tenth/f1tenth_mrc_ws/install/lidar_object_detection_ros2/include/lidar_object_detection_ros2/msg/l_shape.hpp
[7.160s] -- Up-to-date: /home/f1tenth/f1tenth_mrc_ws/install/lidar_object_detection_ros2/include/lidar_object_detection_ros2/msg/objects_array.hpp
[7.161s] -- Up-to-date: /home/f1tenth/f1tenth_mrc_ws/install/lidar_object_detection_ros2/include/lidar_object_detection_ros2/msg/detail
[7.161s] -- Up-to-date: /home/f1tenth/f1tenth_mrc_ws/install/lidar_object_detection_ros2/include/lidar_object_detection_ros2/msg/detail/scan_clusters__traits.hpp
[7.162s] -- Up-to-date: /home/f1tenth/f1tenth_mrc_ws/install/lidar_object_detection_ros2/include/lidar_object_detection_ros2/msg/detail/objects_array__traits.hpp
[7.162s] -- Up-to-date: /home/f1tenth/f1tenth_mrc_ws/install/lidar_object_detection_ros2/include/lidar_object_detection_ros2/msg/detail/l_shape__traits.hpp
[7.163s] -- Up-to-date: /home/f1tenth/f1tenth_mrc_ws/install/lidar_object_detection_ros2/include/lidar_object_detection_ros2/msg/detail/object__struct.hpp
[7.163s] -- Up-to-date: /home/f1tenth/f1tenth_mrc_ws/install/lidar_object_detection_ros2/include/lidar_object_detection_ros2/msg/detail/pose2_d__builder.hpp
[7.163s] -- Up-to-date: /home/f1tenth/f1tenth_mrc_ws/install/lidar_object_detection_ros2/include/lidar_object_detection_ros2/msg/detail/l_shape__builder.hpp
[7.163s] -- Up-to-date: /home/f1tenth/f1tenth_mrc_ws/install/lidar_object_detection_ros2/include/lidar_object_detection_ros2/msg/detail/object__traits.hpp
[7.164s] -- Up-to-date: /home/f1tenth/f1tenth_mrc_ws/install/lidar_object_detection_ros2/include/lidar_object_detection_ros2/msg/detail/object__builder.hpp
[7.164s] -- Up-to-date: /home/f1tenth/f1tenth_mrc_ws/install/lidar_object_detection_ros2/include/lidar_object_detection_ros2/msg/detail/scan_clusters__struct.hpp
[7.164s] -- Up-to-date: /home/f1tenth/f1tenth_mrc_ws/install/lidar_object_detection_ros2/include/lidar_object_detection_ros2/msg/detail/scan_clusters__type_support.hpp
[7.165s] -- Up-to-date: /home/f1tenth/f1tenth_mrc_ws/install/lidar_object_detection_ros2/include/lidar_object_detection_ros2/msg/detail/objects_array__type_support.hpp
[7.165s] -- Up-to-date: /home/f1tenth/f1tenth_mrc_ws/install/lidar_object_detection_ros2/include/lidar_object_detection_ros2/msg/detail/pose2_d__struct.hpp
[7.166s] -- Up-to-date: /home/f1tenth/f1tenth_mrc_ws/install/lidar_object_detection_ros2/include/lidar_object_detection_ros2/msg/detail/pose2_d__traits.hpp
[7.166s] -- Up-to-date: /home/f1tenth/f1tenth_mrc_ws/install/lidar_object_detection_ros2/include/lidar_object_detection_ros2/msg/detail/objects_array__builder.hpp
[7.166s] -- Up-to-date: /home/f1tenth/f1tenth_mrc_ws/install/lidar_object_detection_ros2/include/lidar_object_detection_ros2/msg/detail/l_shape__struct.hpp
[7.166s] -- Up-to-date: /home/f1tenth/f1tenth_mrc_ws/install/lidar_object_detection_ros2/include/lidar_object_detection_ros2/msg/detail/pose2_d__type_support.hpp
[7.167s] -- Up-to-date: /home/f1tenth/f1tenth_mrc_ws/install/lidar_object_detection_ros2/include/lidar_object_detection_ros2/msg/detail/scan_clusters__builder.hpp
[7.167s] -- Up-to-date: /home/f1tenth/f1tenth_mrc_ws/install/lidar_object_detection_ros2/include/lidar_object_detection_ros2/msg/detail/l_shape__type_support.hpp
[7.167s] -- Up-to-date: /home/f1tenth/f1tenth_mrc_ws/install/lidar_object_detection_ros2/include/lidar_object_detection_ros2/msg/detail/object__type_support.hpp
[7.168s] -- Up-to-date: /home/f1tenth/f1tenth_mrc_ws/install/lidar_object_detection_ros2/include/lidar_object_detection_ros2/msg/detail/objects_array__struct.hpp
[7.168s] -- Up-to-date: /home/f1tenth/f1tenth_mrc_ws/install/lidar_object_detection_ros2/include/lidar_object_detection_ros2/msg/scan_clusters.hpp
[7.168s] -- Up-to-date: /home/f1tenth/f1tenth_mrc_ws/install/lidar_object_detection_ros2/include/lidar_object_detection_ros2/msg/rosidl_generator_cpp__visibility_control.hpp
[7.169s] -- Up-to-date: /home/f1tenth/f1tenth_mrc_ws/install/lidar_object_detection_ros2/include/lidar_object_detection_ros2
[7.169s] -- Up-to-date: /home/f1tenth/f1tenth_mrc_ws/install/lidar_object_detection_ros2/include/lidar_object_detection_ros2/msg
[7.169s] -- Up-to-date: /home/f1tenth/f1tenth_mrc_ws/install/lidar_object_detection_ros2/include/lidar_object_detection_ros2/msg/detail
[7.169s] -- Up-to-date: /home/f1tenth/f1tenth_mrc_ws/install/lidar_object_detection_ros2/include/lidar_object_detection_ros2/msg/detail/object__rosidl_typesupport_introspection_cpp.hpp
[7.170s] -- Up-to-date: /home/f1tenth/f1tenth_mrc_ws/install/lidar_object_detection_ros2/include/lidar_object_detection_ros2/msg/detail/scan_clusters__rosidl_typesupport_introspection_cpp.hpp
[7.170s] -- Up-to-date: /home/f1tenth/f1tenth_mrc_ws/install/lidar_object_detection_ros2/include/lidar_object_detection_ros2/msg/detail/objects_array__type_support.cpp
[7.171s] -- Up-to-date: /home/f1tenth/f1tenth_mrc_ws/install/lidar_object_detection_ros2/include/lidar_object_detection_ros2/msg/detail/l_shape__type_support.cpp
[7.171s] -- Up-to-date: /home/f1tenth/f1tenth_mrc_ws/install/lidar_object_detection_ros2/include/lidar_object_detection_ros2/msg/detail/l_shape__rosidl_typesupport_introspection_cpp.hpp
[7.171s] -- Up-to-date: /home/f1tenth/f1tenth_mrc_ws/install/lidar_object_detection_ros2/include/lidar_object_detection_ros2/msg/detail/objects_array__rosidl_typesupport_introspection_cpp.hpp
[7.171s] -- Up-to-date: /home/f1tenth/f1tenth_mrc_ws/install/lidar_object_detection_ros2/include/lidar_object_detection_ros2/msg/detail/pose2_d__type_support.cpp
[7.172s] -- Up-to-date: /home/f1tenth/f1tenth_mrc_ws/install/lidar_object_detection_ros2/include/lidar_object_detection_ros2/msg/detail/object__type_support.cpp
[7.172s] -- Up-to-date: /home/f1tenth/f1tenth_mrc_ws/install/lidar_object_detection_ros2/include/lidar_object_detection_ros2/msg/detail/scan_clusters__type_support.cpp
[7.173s] -- Up-to-date: /home/f1tenth/f1tenth_mrc_ws/install/lidar_object_detection_ros2/include/lidar_object_detection_ros2/msg/detail/pose2_d__rosidl_typesupport_introspection_cpp.hpp
[7.174s] -- Up-to-date: /home/f1tenth/f1tenth_mrc_ws/install/lidar_object_detection_ros2/lib/liblidar_object_detection_ros2__rosidl_typesupport_introspection_cpp.so
[7.175s] -- Up-to-date: /home/f1tenth/f1tenth_mrc_ws/install/lidar_object_detection_ros2/lib/liblidar_object_detection_ros2__rosidl_typesupport_cpp.so
[7.175s] -- Up-to-date: /home/f1tenth/f1tenth_mrc_ws/install/lidar_object_detection_ros2/share/lidar_object_detection_ros2/environment/pythonpath.sh
[7.176s] -- Installing: /home/f1tenth/f1tenth_mrc_ws/install/lidar_object_detection_ros2/share/lidar_object_detection_ros2/environment/pythonpath.dsv
[7.176s] -- Installing: /home/f1tenth/f1tenth_mrc_ws/install/lidar_object_detection_ros2/lib/python3.8/site-packages/lidar_object_detection_ros2/__init__.py
[7.284s] Compiling '/home/f1tenth/f1tenth_mrc_ws/install/lidar_object_detection_ros2/lib/python3.8/site-packages/lidar_object_detection_ros2/__init__.py'...
[7.299s] -- Up-to-date: /home/f1tenth/f1tenth_mrc_ws/install/lidar_object_detection_ros2/lib/python3.8/site-packages/lidar_object_detection_ros2/msg
[7.300s] -- Up-to-date: /home/f1tenth/f1tenth_mrc_ws/install/lidar_object_detection_ros2/lib/python3.8/site-packages/lidar_object_detection_ros2/msg/_object_s.c
[7.301s] -- Up-to-date: /home/f1tenth/f1tenth_mrc_ws/install/lidar_object_detection_ros2/lib/python3.8/site-packages/lidar_object_detection_ros2/msg/_pose2_d_s.c
[7.301s] -- Up-to-date: /home/f1tenth/f1tenth_mrc_ws/install/lidar_object_detection_ros2/lib/python3.8/site-packages/lidar_object_detection_ros2/msg/_object.py
[7.301s] -- Up-to-date: /home/f1tenth/f1tenth_mrc_ws/install/lidar_object_detection_ros2/lib/python3.8/site-packages/lidar_object_detection_ros2/msg/_objects_array.py
[7.302s] -- Up-to-date: /home/f1tenth/f1tenth_mrc_ws/install/lidar_object_detection_ros2/lib/python3.8/site-packages/lidar_object_detection_ros2/msg/_pose2_d.py
[7.302s] -- Up-to-date: /home/f1tenth/f1tenth_mrc_ws/install/lidar_object_detection_ros2/lib/python3.8/site-packages/lidar_object_detection_ros2/msg/_scan_clusters_s.c
[7.302s] -- Up-to-date: /home/f1tenth/f1tenth_mrc_ws/install/lidar_object_detection_ros2/lib/python3.8/site-packages/lidar_object_detection_ros2/msg/_objects_array_s.c
[7.303s] -- Up-to-date: /home/f1tenth/f1tenth_mrc_ws/install/lidar_object_detection_ros2/lib/python3.8/site-packages/lidar_object_detection_ros2/msg/_l_shape_s.c
[7.303s] -- Up-to-date: /home/f1tenth/f1tenth_mrc_ws/install/lidar_object_detection_ros2/lib/python3.8/site-packages/lidar_object_detection_ros2/msg/_scan_clusters.py
[7.304s] -- Up-to-date: /home/f1tenth/f1tenth_mrc_ws/install/lidar_object_detection_ros2/lib/python3.8/site-packages/lidar_object_detection_ros2/msg/_l_shape.py
[7.304s] -- Up-to-date: /home/f1tenth/f1tenth_mrc_ws/install/lidar_object_detection_ros2/lib/python3.8/site-packages/lidar_object_detection_ros2/msg/__init__.py
[7.305s] -- Up-to-date: /home/f1tenth/f1tenth_mrc_ws/install/lidar_object_detection_ros2/lib/python3.8/site-packages/lidar_object_detection_ros2/lidar_object_detection_ros2_s__rosidl_typesupport_fastrtps_c.cpython-38-aarch64-linux-gnu.so
[7.309s] -- Up-to-date: /home/f1tenth/f1tenth_mrc_ws/install/lidar_object_detection_ros2/lib/python3.8/site-packages/lidar_object_detection_ros2/lidar_object_detection_ros2_s__rosidl_typesupport_introspection_c.cpython-38-aarch64-linux-gnu.so
[7.314s] -- Up-to-date: /home/f1tenth/f1tenth_mrc_ws/install/lidar_object_detection_ros2/lib/python3.8/site-packages/lidar_object_detection_ros2/lidar_object_detection_ros2_s__rosidl_typesupport_c.cpython-38-aarch64-linux-gnu.so
[7.318s] -- Up-to-date: /home/f1tenth/f1tenth_mrc_ws/install/lidar_object_detection_ros2/lib/liblidar_object_detection_ros2__python.so
[7.320s] -- Up-to-date: /home/f1tenth/f1tenth_mrc_ws/install/lidar_object_detection_ros2/share/lidar_object_detection_ros2/msg/Pose2D.idl
[7.321s] -- Up-to-date: /home/f1tenth/f1tenth_mrc_ws/install/lidar_object_detection_ros2/share/lidar_object_detection_ros2/msg/LShape.idl
[7.322s] -- Up-to-date: /home/f1tenth/f1tenth_mrc_ws/install/lidar_object_detection_ros2/share/lidar_object_detection_ros2/msg/Object.idl
[7.323s] -- Up-to-date: /home/f1tenth/f1tenth_mrc_ws/install/lidar_object_detection_ros2/share/lidar_object_detection_ros2/msg/ObjectsArray.idl
[7.324s] -- Up-to-date: /home/f1tenth/f1tenth_mrc_ws/install/lidar_object_detection_ros2/share/lidar_object_detection_ros2/msg/ScanClusters.idl
[7.325s] -- Up-to-date: /home/f1tenth/f1tenth_mrc_ws/install/lidar_object_detection_ros2/share/lidar_object_detection_ros2/msg/Pose2D.msg
[7.325s] -- Up-to-date: /home/f1tenth/f1tenth_mrc_ws/install/lidar_object_detection_ros2/share/lidar_object_detection_ros2/msg/LShape.msg
[7.325s] -- Up-to-date: /home/f1tenth/f1tenth_mrc_ws/install/lidar_object_detection_ros2/share/lidar_object_detection_ros2/msg/Object.msg
[7.326s] -- Up-to-date: /home/f1tenth/f1tenth_mrc_ws/install/lidar_object_detection_ros2/share/lidar_object_detection_ros2/msg/ObjectsArray.msg
[7.326s] -- Up-to-date: /home/f1tenth/f1tenth_mrc_ws/install/lidar_object_detection_ros2/share/lidar_object_detection_ros2/msg/ScanClusters.msg
[7.327s] -- Up-to-date: /home/f1tenth/f1tenth_mrc_ws/install/lidar_object_detection_ros2/lib/lidar_object_detection_ros2/lidar_object_detection.py
[7.327s] -- Up-to-date: /home/f1tenth/f1tenth_mrc_ws/install/lidar_object_detection_ros2/lib/lidar_object_detection_ros2/lod_visualization.py
[7.327s] -- Installing: /home/f1tenth/f1tenth_mrc_ws/install/lidar_object_detection_ros2/lib/lidar_object_detection_ros2/UKF_fusion.py
[7.328s] -- Installing: /home/f1tenth/f1tenth_mrc_ws/install/lidar_object_detection_ros2/lib/lidar_object_detection_ros2/pose_estimation_UKF.py
[7.329s] -- Up-to-date: /home/f1tenth/f1tenth_mrc_ws/install/lidar_object_detection_ros2/share/lidar_object_detection_ros2//launch
[7.329s] -- Installing: /home/f1tenth/f1tenth_mrc_ws/install/lidar_object_detection_ros2/share/lidar_object_detection_ros2//launch/lod_launch.py
[7.330s] -- Up-to-date: /home/f1tenth/f1tenth_mrc_ws/install/lidar_object_detection_ros2/share/ament_index/resource_index/package_run_dependencies/lidar_object_detection_ros2
[7.330s] -- Up-to-date: /home/f1tenth/f1tenth_mrc_ws/install/lidar_object_detection_ros2/share/ament_index/resource_index/parent_prefix_path/lidar_object_detection_ros2
[7.331s] -- Up-to-date: /home/f1tenth/f1tenth_mrc_ws/install/lidar_object_detection_ros2/share/lidar_object_detection_ros2/environment/ament_prefix_path.sh
[7.331s] -- Installing: /home/f1tenth/f1tenth_mrc_ws/install/lidar_object_detection_ros2/share/lidar_object_detection_ros2/environment/ament_prefix_path.dsv
[7.331s] -- Up-to-date: /home/f1tenth/f1tenth_mrc_ws/install/lidar_object_detection_ros2/share/lidar_object_detection_ros2/environment/path.sh
[7.333s] -- Installing: /home/f1tenth/f1tenth_mrc_ws/install/lidar_object_detection_ros2/share/lidar_object_detection_ros2/environment/path.dsv
[7.333s] -- Up-to-date: /home/f1tenth/f1tenth_mrc_ws/install/lidar_object_detection_ros2/share/lidar_object_detection_ros2/local_setup.bash
[7.334s] -- Up-to-date: /home/f1tenth/f1tenth_mrc_ws/install/lidar_object_detection_ros2/share/lidar_object_detection_ros2/local_setup.sh
[7.334s] -- Up-to-date: /home/f1tenth/f1tenth_mrc_ws/install/lidar_object_detection_ros2/share/lidar_object_detection_ros2/local_setup.zsh
[7.335s] -- Installing: /home/f1tenth/f1tenth_mrc_ws/install/lidar_object_detection_ros2/share/lidar_object_detection_ros2/local_setup.dsv
[7.335s] -- Installing: /home/f1tenth/f1tenth_mrc_ws/install/lidar_object_detection_ros2/share/lidar_object_detection_ros2/package.dsv
[7.336s] -- Up-to-date: /home/f1tenth/f1tenth_mrc_ws/install/lidar_object_detection_ros2/share/ament_index/resource_index/packages/lidar_object_detection_ros2
[7.338s] -- Up-to-date: /home/f1tenth/f1tenth_mrc_ws/install/lidar_object_detection_ros2/share/lidar_object_detection_ros2/cmake/lidar_object_detection_ros2__rosidl_generator_cExport.cmake
[7.338s] -- Installing: /home/f1tenth/f1tenth_mrc_ws/install/lidar_object_detection_ros2/share/lidar_object_detection_ros2/cmake/lidar_object_detection_ros2__rosidl_generator_cExport-noconfig.cmake
[7.340s] -- Up-to-date: /home/f1tenth/f1tenth_mrc_ws/install/lidar_object_detection_ros2/share/lidar_object_detection_ros2/cmake/lidar_object_detection_ros2__rosidl_typesupport_introspection_cExport.cmake
[7.340s] -- Installing: /home/f1tenth/f1tenth_mrc_ws/install/lidar_object_detection_ros2/share/lidar_object_detection_ros2/cmake/lidar_object_detection_ros2__rosidl_typesupport_introspection_cExport-noconfig.cmake
[7.342s] -- Up-to-date: /home/f1tenth/f1tenth_mrc_ws/install/lidar_object_detection_ros2/share/lidar_object_detection_ros2/cmake/lidar_object_detection_ros2__rosidl_typesupport_cExport.cmake
[7.342s] -- Installing: /home/f1tenth/f1tenth_mrc_ws/install/lidar_object_detection_ros2/share/lidar_object_detection_ros2/cmake/lidar_object_detection_ros2__rosidl_typesupport_cExport-noconfig.cmake
[7.343s] -- Up-to-date: /home/f1tenth/f1tenth_mrc_ws/install/lidar_object_detection_ros2/share/lidar_object_detection_ros2/cmake/lidar_object_detection_ros2__rosidl_generator_cppExport.cmake
[7.345s] -- Up-to-date: /home/f1tenth/f1tenth_mrc_ws/install/lidar_object_detection_ros2/share/lidar_object_detection_ros2/cmake/lidar_object_detection_ros2__rosidl_typesupport_introspection_cppExport.cmake
[7.345s] -- Installing: /home/f1tenth/f1tenth_mrc_ws/install/lidar_object_detection_ros2/share/lidar_object_detection_ros2/cmake/lidar_object_detection_ros2__rosidl_typesupport_introspection_cppExport-noconfig.cmake
[7.347s] -- Up-to-date: /home/f1tenth/f1tenth_mrc_ws/install/lidar_object_detection_ros2/share/lidar_object_detection_ros2/cmake/lidar_object_detection_ros2__rosidl_typesupport_cppExport.cmake
[7.347s] -- Installing: /home/f1tenth/f1tenth_mrc_ws/install/lidar_object_detection_ros2/share/lidar_object_detection_ros2/cmake/lidar_object_detection_ros2__rosidl_typesupport_cppExport-noconfig.cmake
[7.348s] -- Up-to-date: /home/f1tenth/f1tenth_mrc_ws/install/lidar_object_detection_ros2/share/lidar_object_detection_ros2/cmake/rosidl_cmake-extras.cmake
[7.348s] -- Up-to-date: /home/f1tenth/f1tenth_mrc_ws/install/lidar_object_detection_ros2/share/lidar_object_detection_ros2/cmake/ament_cmake_export_dependencies-extras.cmake
[7.349s] -- Up-to-date: /home/f1tenth/f1tenth_mrc_ws/install/lidar_object_detection_ros2/share/lidar_object_detection_ros2/cmake/ament_cmake_export_libraries-extras.cmake
[7.349s] -- Up-to-date: /home/f1tenth/f1tenth_mrc_ws/install/lidar_object_detection_ros2/share/lidar_object_detection_ros2/cmake/ament_cmake_export_targets-extras.cmake
[7.350s] -- Up-to-date: /home/f1tenth/f1tenth_mrc_ws/install/lidar_object_detection_ros2/share/lidar_object_detection_ros2/cmake/ament_cmake_export_include_directories-extras.cmake
[7.350s] -- Up-to-date: /home/f1tenth/f1tenth_mrc_ws/install/lidar_object_detection_ros2/share/lidar_object_detection_ros2/cmake/rosidl_cmake_export_typesupport_libraries-extras.cmake
[7.351s] -- Up-to-date: /home/f1tenth/f1tenth_mrc_ws/install/lidar_object_detection_ros2/share/lidar_object_detection_ros2/cmake/rosidl_cmake_export_typesupport_targets-extras.cmake
[7.351s] -- Up-to-date: /home/f1tenth/f1tenth_mrc_ws/install/lidar_object_detection_ros2/share/lidar_object_detection_ros2/cmake/lidar_object_detection_ros2Config.cmake
[7.351s] -- Up-to-date: /home/f1tenth/f1tenth_mrc_ws/install/lidar_object_detection_ros2/share/lidar_object_detection_ros2/cmake/lidar_object_detection_ros2Config-version.cmake
[7.352s] -- Up-to-date: /home/f1tenth/f1tenth_mrc_ws/install/lidar_object_detection_ros2/share/lidar_object_detection_ros2/package.xml
[7.363s] Invoked command in '/home/f1tenth/f1tenth_mrc_ws/build/lidar_object_detection_ros2' returned '0': CMAKE_PREFIX_PATH=/opt/ros/foxy /usr/bin/cmake --install /home/f1tenth/f1tenth_mrc_ws/build/lidar_object_detection_ros2
