[2.457s] Invoking command in '/home/f1tenth/f1tenth_mrc_ws/build/gap_follow': CMAKE_PREFIX_PATH=/opt/ros/foxy /usr/bin/cmake /home/f1tenth/f1tenth_mrc_ws/src/f1tenth_lab4_template/gap_follow -DCMAKE_INSTALL_PREFIX=/home/f1tenth/f1tenth_mrc_ws/install/gap_follow
[2.999s] -- The C compiler identification is GNU 9.4.0
[3.399s] -- The CXX compiler identification is GNU 9.4.0
[3.423s] -- Check for working C compiler: /usr/bin/cc
[3.823s] -- Check for working C compiler: /usr/bin/cc -- works
[3.827s] -- Detecting C compiler ABI info
[4.210s] -- Detecting C compiler ABI info - done
[4.271s] -- Detecting C compile features
[4.272s] -- Detecting C compile features - done
[4.284s] -- Check for working CXX compiler: /usr/bin/c++
[4.725s] -- Check for working CXX compiler: /usr/bin/c++ -- works
[4.731s] -- Detecting CXX compiler ABI info
[5.299s] -- Detecting CXX compiler ABI info - done
[5.369s] -- Detecting CXX compile features
[5.372s] -- Detecting CXX compile features - done
[5.391s] -- Found ament_cmake: 0.9.12 (/opt/ros/foxy/share/ament_cmake/cmake)
[5.534s] -- Found PythonInterp: /usr/bin/python3 (found suitable version "3.8.10", minimum required is "3") 
[5.534s] -- Using PYTHON_EXECUTABLE: /usr/bin/python3
[6.923s] -- Found rclcpp: 2.4.3 (/opt/ros/foxy/share/rclcpp/cmake)
[7.121s] -- Using all available rosidl_typesupport_c: rosidl_typesupport_fastrtps_c;rosidl_typesupport_introspection_c
[7.148s] -- Found rosidl_adapter: 1.3.1 (/opt/ros/foxy/share/rosidl_adapter/cmake)
[7.568s] -- Found OpenSSL: /usr/lib/aarch64-linux-gnu/libcrypto.so (found version "1.1.1f")  
[7.721s] -- Found FastRTPS: /opt/ros/foxy/include  
[8.156s] -- Using all available rosidl_typesupport_cpp: rosidl_typesupport_fastrtps_cpp;rosidl_typesupport_introspection_cpp
[8.396s] -- Found rmw_implementation_cmake: 1.0.4 (/opt/ros/foxy/share/rmw_implementation_cmake/cmake)
[8.404s] -- Using RMW implementation 'rmw_fastrtps_cpp' as default
[8.409s] -- Looking for pthread.h
[8.746s] -- Looking for pthread.h - found
[8.748s] -- Performing Test CMAKE_HAVE_LIBC_PTHREAD
[9.193s] -- Performing Test CMAKE_HAVE_LIBC_PTHREAD - Failed
[9.196s] -- Looking for pthread_create in pthreads
[9.535s] -- Looking for pthread_create in pthreads - not found
[9.541s] -- Looking for pthread_create in pthread
[10.417s] -- Looking for pthread_create in pthread - found
[10.439s] -- Found Threads: TRUE  
[11.436s] -- Found rclpy: 1.0.13 (/opt/ros/foxy/share/rclpy/cmake)
[11.444s] -- Found geometry_msgs: 2.0.5 (/opt/ros/foxy/share/geometry_msgs/cmake)
[11.610s] -- Found nav_msgs: 2.0.5 (/opt/ros/foxy/share/nav_msgs/cmake)
[11.889s] -- Found ackermann_msgs: 2.0.2 (/opt/ros/foxy/share/ackermann_msgs/cmake)
[12.042s] -- Found sensor_msgs: 2.0.5 (/opt/ros/foxy/share/sensor_msgs/cmake)
[12.510s] -- Found ament_lint_auto: 0.9.8 (/opt/ros/foxy/share/ament_lint_auto/cmake)
[12.924s] -- Added test 'copyright' to check source files copyright and LICENSE
[12.963s] -- Added test 'flake8' to check Python code syntax and style conventions
[12.974s] -- Added test 'lint_cmake' to check CMake code style
[12.977s] -- Added test 'pep257' to check Python code against some of the style conventions in PEP 257
[12.996s] -- Added test 'xmllint' to check XML markup files
[13.027s] -- Configuring done
[13.053s] -- Generating done
[13.067s] -- Build files have been written to: /home/f1tenth/f1tenth_mrc_ws/build/gap_follow
[13.127s] Invoked command in '/home/f1tenth/f1tenth_mrc_ws/build/gap_follow' returned '0': CMAKE_PREFIX_PATH=/opt/ros/foxy /usr/bin/cmake /home/f1tenth/f1tenth_mrc_ws/src/f1tenth_lab4_template/gap_follow -DCMAKE_INSTALL_PREFIX=/home/f1tenth/f1tenth_mrc_ws/install/gap_follow
[13.133s] Invoking command in '/home/f1tenth/f1tenth_mrc_ws/build/gap_follow': CMAKE_PREFIX_PATH=/opt/ros/foxy /usr/bin/cmake --build /home/f1tenth/f1tenth_mrc_ws/build/gap_follow -- -j4 -l4
[13.439s] Invoked command in '/home/f1tenth/f1tenth_mrc_ws/build/gap_follow' returned '0': CMAKE_PREFIX_PATH=/opt/ros/foxy /usr/bin/cmake --build /home/f1tenth/f1tenth_mrc_ws/build/gap_follow -- -j4 -l4
[13.521s] Invoking command in '/home/f1tenth/f1tenth_mrc_ws/build/gap_follow': CMAKE_PREFIX_PATH=/opt/ros/foxy /usr/bin/cmake --install /home/f1tenth/f1tenth_mrc_ws/build/gap_follow
[13.573s] -- Install configuration: ""
[13.576s] -- Installing: /home/f1tenth/f1tenth_mrc_ws/install/gap_follow/share/gap_follow/environment/pythonpath.sh
[13.577s] -- Installing: /home/f1tenth/f1tenth_mrc_ws/install/gap_follow/share/gap_follow/environment/pythonpath.dsv
[13.578s] -- Installing: /home/f1tenth/f1tenth_mrc_ws/install/gap_follow/lib/python3.8/site-packages/gap_follow
[13.579s] -- Installing: /home/f1tenth/f1tenth_mrc_ws/install/gap_follow/lib/python3.8/site-packages/gap_follow/__init__.py
[13.735s] Listing '/home/f1tenth/f1tenth_mrc_ws/install/gap_follow/lib/python3.8/site-packages/gap_follow'...
[13.735s] Compiling '/home/f1tenth/f1tenth_mrc_ws/install/gap_follow/lib/python3.8/site-packages/gap_follow/__init__.py'...
[13.753s] -- Installing: /home/f1tenth/f1tenth_mrc_ws/install/gap_follow/lib/gap_follow/reactive_node.py
[13.755s] -- Installing: /home/f1tenth/f1tenth_mrc_ws/install/gap_follow/share/ament_index/resource_index/package_run_dependencies/gap_follow
[13.756s] -- Installing: /home/f1tenth/f1tenth_mrc_ws/install/gap_follow/share/ament_index/resource_index/parent_prefix_path/gap_follow
[13.757s] -- Installing: /home/f1tenth/f1tenth_mrc_ws/install/gap_follow/share/gap_follow/environment/ament_prefix_path.sh
[13.761s] -- Installing: /home/f1tenth/f1tenth_mrc_ws/install/gap_follow/share/gap_follow/environment/ament_prefix_path.dsv
[13.762s] -- Installing: /home/f1tenth/f1tenth_mrc_ws/install/gap_follow/share/gap_follow/environment/path.sh
[13.764s] -- Installing: /home/f1tenth/f1tenth_mrc_ws/install/gap_follow/share/gap_follow/environment/path.dsv
[13.765s] -- Installing: /home/f1tenth/f1tenth_mrc_ws/install/gap_follow/share/gap_follow/local_setup.bash
[13.765s] -- Installing: /home/f1tenth/f1tenth_mrc_ws/install/gap_follow/share/gap_follow/local_setup.sh
[13.766s] -- Installing: /home/f1tenth/f1tenth_mrc_ws/install/gap_follow/share/gap_follow/local_setup.zsh
[13.767s] -- Installing: /home/f1tenth/f1tenth_mrc_ws/install/gap_follow/share/gap_follow/local_setup.dsv
[13.771s] -- Installing: /home/f1tenth/f1tenth_mrc_ws/install/gap_follow/share/gap_follow/package.dsv
[13.774s] -- Installing: /home/f1tenth/f1tenth_mrc_ws/install/gap_follow/share/ament_index/resource_index/packages/gap_follow
[13.775s] -- Installing: /home/f1tenth/f1tenth_mrc_ws/install/gap_follow/share/gap_follow/cmake/gap_followConfig.cmake
[13.775s] -- Installing: /home/f1tenth/f1tenth_mrc_ws/install/gap_follow/share/gap_follow/cmake/gap_followConfig-version.cmake
[13.778s] -- Installing: /home/f1tenth/f1tenth_mrc_ws/install/gap_follow/share/gap_follow/package.xml
[13.789s] Invoked command in '/home/f1tenth/f1tenth_mrc_ws/build/gap_follow' returned '0': CMAKE_PREFIX_PATH=/opt/ros/foxy /usr/bin/cmake --install /home/f1tenth/f1tenth_mrc_ws/build/gap_follow
