[0.100s] Invoking command in '/home/f1tenth/f1tenth_mrc_ws/build/pure_pursuit': CMAKE_PREFIX_PATH=${CMAKE_PREFIX_PATH}:/home/f1tenth/f1tenth_mrc_ws/install/waypoint_logger:/home/f1tenth/f1tenth_mrc_ws/install/rrt_package:/home/f1tenth/f1tenth_mrc_ws/install/ppo_racing:/home/f1tenth/f1tenth_mrc_ws/install/particle_filter:/home/f1tenth/f1tenth_mrc_ws/install/f1tenth_gym_ros:/home/f1tenth/f1tenth_mrc_ws/install/camera_pkg:/opt/ros/foxy /usr/bin/cmake --build /home/f1tenth/f1tenth_mrc_ws/build/pure_pursuit -- -j4 -l4
[0.436s] Invoked command in '/home/f1tenth/f1tenth_mrc_ws/build/pure_pursuit' returned '0': CMAKE_PREFIX_PATH=${CMAKE_PREFIX_PATH}:/home/f1tenth/f1tenth_mrc_ws/install/waypoint_logger:/home/f1tenth/f1tenth_mrc_ws/install/rrt_package:/home/f1tenth/f1tenth_mrc_ws/install/ppo_racing:/home/f1tenth/f1tenth_mrc_ws/install/particle_filter:/home/f1tenth/f1tenth_mrc_ws/install/f1tenth_gym_ros:/home/f1tenth/f1tenth_mrc_ws/install/camera_pkg:/opt/ros/foxy /usr/bin/cmake --build /home/f1tenth/f1tenth_mrc_ws/build/pure_pursuit -- -j4 -l4
[0.444s] Invoking command in '/home/f1tenth/f1tenth_mrc_ws/build/pure_pursuit': CMAKE_PREFIX_PATH=${CMAKE_PREFIX_PATH}:/home/f1tenth/f1tenth_mrc_ws/install/waypoint_logger:/home/f1tenth/f1tenth_mrc_ws/install/rrt_package:/home/f1tenth/f1tenth_mrc_ws/install/ppo_racing:/home/f1tenth/f1tenth_mrc_ws/install/particle_filter:/home/f1tenth/f1tenth_mrc_ws/install/f1tenth_gym_ros:/home/f1tenth/f1tenth_mrc_ws/install/camera_pkg:/opt/ros/foxy /usr/bin/cmake --install /home/f1tenth/f1tenth_mrc_ws/build/pure_pursuit
[0.525s] -- Install configuration: ""
[0.527s] -- Up-to-date: /home/f1tenth/f1tenth_mrc_ws/install/pure_pursuit/share/pure_pursuit/environment/pythonpath.sh
[0.527s] -- Up-to-date: /home/f1tenth/f1tenth_mrc_ws/install/pure_pursuit/share/pure_pursuit/environment/pythonpath.dsv
[0.528s] -- Up-to-date: /home/f1tenth/f1tenth_mrc_ws/install/pure_pursuit/lib/python3.8/site-packages/pure_pursuit
[0.528s] -- Up-to-date: /home/f1tenth/f1tenth_mrc_ws/install/pure_pursuit/lib/python3.8/site-packages/pure_pursuit/__init__.py
[0.779s] Listing '/home/f1tenth/f1tenth_mrc_ws/install/pure_pursuit/lib/python3.8/site-packages/pure_pursuit'...
[0.823s] -- Up-to-date: /home/f1tenth/f1tenth_mrc_ws/install/pure_pursuit/lib/pure_pursuit/pure_pursuit_node.py
[0.824s] -- Up-to-date: /home/f1tenth/f1tenth_mrc_ws/install/pure_pursuit/share/ament_index/resource_index/package_run_dependencies/pure_pursuit
[0.824s] -- Up-to-date: /home/f1tenth/f1tenth_mrc_ws/install/pure_pursuit/share/ament_index/resource_index/parent_prefix_path/pure_pursuit
[0.825s] -- Up-to-date: /home/f1tenth/f1tenth_mrc_ws/install/pure_pursuit/share/pure_pursuit/environment/ament_prefix_path.sh
[0.826s] -- Up-to-date: /home/f1tenth/f1tenth_mrc_ws/install/pure_pursuit/share/pure_pursuit/environment/ament_prefix_path.dsv
[0.826s] -- Up-to-date: /home/f1tenth/f1tenth_mrc_ws/install/pure_pursuit/share/pure_pursuit/environment/path.sh
[0.827s] -- Up-to-date: /home/f1tenth/f1tenth_mrc_ws/install/pure_pursuit/share/pure_pursuit/environment/path.dsv
[0.827s] -- Up-to-date: /home/f1tenth/f1tenth_mrc_ws/install/pure_pursuit/share/pure_pursuit/local_setup.bash
[0.828s] -- Up-to-date: /home/f1tenth/f1tenth_mrc_ws/install/pure_pursuit/share/pure_pursuit/local_setup.sh
[0.828s] -- Up-to-date: /home/f1tenth/f1tenth_mrc_ws/install/pure_pursuit/share/pure_pursuit/local_setup.zsh
[0.829s] -- Up-to-date: /home/f1tenth/f1tenth_mrc_ws/install/pure_pursuit/share/pure_pursuit/local_setup.dsv
[0.829s] -- Installing: /home/f1tenth/f1tenth_mrc_ws/install/pure_pursuit/share/pure_pursuit/package.dsv
[0.831s] -- Up-to-date: /home/f1tenth/f1tenth_mrc_ws/install/pure_pursuit/share/ament_index/resource_index/packages/pure_pursuit
[0.831s] -- Up-to-date: /home/f1tenth/f1tenth_mrc_ws/install/pure_pursuit/share/pure_pursuit/cmake/pure_pursuitConfig.cmake
[0.832s] -- Up-to-date: /home/f1tenth/f1tenth_mrc_ws/install/pure_pursuit/share/pure_pursuit/cmake/pure_pursuitConfig-version.cmake
[0.832s] -- Up-to-date: /home/f1tenth/f1tenth_mrc_ws/install/pure_pursuit/share/pure_pursuit/package.xml
[0.844s] Invoked command in '/home/f1tenth/f1tenth_mrc_ws/build/pure_pursuit' returned '0': CMAKE_PREFIX_PATH=${CMAKE_PREFIX_PATH}:/home/f1tenth/f1tenth_mrc_ws/install/waypoint_logger:/home/f1tenth/f1tenth_mrc_ws/install/rrt_package:/home/f1tenth/f1tenth_mrc_ws/install/ppo_racing:/home/f1tenth/f1tenth_mrc_ws/install/particle_filter:/home/f1tenth/f1tenth_mrc_ws/install/f1tenth_gym_ros:/home/f1tenth/f1tenth_mrc_ws/install/camera_pkg:/opt/ros/foxy /usr/bin/cmake --install /home/f1tenth/f1tenth_mrc_ws/build/pure_pursuit
