[0.080s] Invoking command in '/home/f1tenth/realsense_ws/build/realsense2_description': AMENT_PREFIX_PATH=/home/f1tenth/realsense_ws/install/realsense2_camera_msgs:${AMENT_PREFIX_PATH} CMAKE_PREFIX_PATH=/home/f1tenth/realsense_ws/install/realsense2_camera_msgs:/opt/ros/foxy LD_LIBRARY_PATH=/home/f1tenth/realsense_ws/install/realsense2_camera_msgs/lib:${LD_LIBRARY_PATH} PYTHONPATH=/home/f1tenth/realsense_ws/install/realsense2_camera_msgs/lib/python3.8/site-packages:${PYTHONPATH} /usr/bin/cmake /home/f1tenth/realsense_ws/src/realsense-ros/realsense2_description -DCMAKE_INSTALL_PREFIX=/home/f1tenth/realsense_ws/install/realsense2_description
[0.321s] -- The C compiler identification is GNU 9.4.0
[0.545s] -- The CXX compiler identification is GNU 9.4.0
[0.565s] -- Check for working C compiler: /usr/bin/cc
[0.855s] -- Check for working C compiler: /usr/bin/cc -- works
[0.861s] -- Detecting C compiler ABI info
[1.157s] -- Detecting C compiler ABI info - done
[1.205s] -- Detecting C compile features
[1.207s] -- Detecting C compile features - done
[1.216s] -- Check for working CXX compiler: /usr/bin/c++
[1.538s] -- Check for working CXX compiler: /usr/bin/c++ -- works
[1.543s] -- Detecting CXX compiler ABI info
[1.882s] -- Detecting CXX compiler ABI info - done
[1.929s] -- Detecting CXX compile features
[1.930s] -- Detecting CXX compile features - done
[1.941s] -- Found ament_cmake: 0.9.12 (/opt/ros/foxy/share/ament_cmake/cmake)
[2.039s] -- Found PythonInterp: /usr/bin/python3 (found suitable version "3.8.10", minimum required is "3") 
[2.040s] -- Using PYTHON_EXECUTABLE: /usr/bin/python3
[3.169s] -- Configuring done
[3.178s] -- Generating done
[3.184s] -- Build files have been written to: /home/f1tenth/realsense_ws/build/realsense2_description
[3.198s] Invoked command in '/home/f1tenth/realsense_ws/build/realsense2_description' returned '0': AMENT_PREFIX_PATH=/home/f1tenth/realsense_ws/install/realsense2_camera_msgs:${AMENT_PREFIX_PATH} CMAKE_PREFIX_PATH=/home/f1tenth/realsense_ws/install/realsense2_camera_msgs:/opt/ros/foxy LD_LIBRARY_PATH=/home/f1tenth/realsense_ws/install/realsense2_camera_msgs/lib:${LD_LIBRARY_PATH} PYTHONPATH=/home/f1tenth/realsense_ws/install/realsense2_camera_msgs/lib/python3.8/site-packages:${PYTHONPATH} /usr/bin/cmake /home/f1tenth/realsense_ws/src/realsense-ros/realsense2_description -DCMAKE_INSTALL_PREFIX=/home/f1tenth/realsense_ws/install/realsense2_description
[3.210s] Invoking command in '/home/f1tenth/realsense_ws/build/realsense2_description': AMENT_PREFIX_PATH=/home/f1tenth/realsense_ws/install/realsense2_camera_msgs:${AMENT_PREFIX_PATH} CMAKE_PREFIX_PATH=/home/f1tenth/realsense_ws/install/realsense2_camera_msgs:/opt/ros/foxy LD_LIBRARY_PATH=/home/f1tenth/realsense_ws/install/realsense2_camera_msgs/lib:${LD_LIBRARY_PATH} PYTHONPATH=/home/f1tenth/realsense_ws/install/realsense2_camera_msgs/lib/python3.8/site-packages:${PYTHONPATH} /usr/bin/cmake --build /home/f1tenth/realsense_ws/build/realsense2_description -- -j4 -l4
[3.366s] Invoked command in '/home/f1tenth/realsense_ws/build/realsense2_description' returned '0': AMENT_PREFIX_PATH=/home/f1tenth/realsense_ws/install/realsense2_camera_msgs:${AMENT_PREFIX_PATH} CMAKE_PREFIX_PATH=/home/f1tenth/realsense_ws/install/realsense2_camera_msgs:/opt/ros/foxy LD_LIBRARY_PATH=/home/f1tenth/realsense_ws/install/realsense2_camera_msgs/lib:${LD_LIBRARY_PATH} PYTHONPATH=/home/f1tenth/realsense_ws/install/realsense2_camera_msgs/lib/python3.8/site-packages:${PYTHONPATH} /usr/bin/cmake --build /home/f1tenth/realsense_ws/build/realsense2_description -- -j4 -l4
[3.376s] Invoking command in '/home/f1tenth/realsense_ws/build/realsense2_description': AMENT_PREFIX_PATH=/home/f1tenth/realsense_ws/install/realsense2_camera_msgs:${AMENT_PREFIX_PATH} CMAKE_PREFIX_PATH=/home/f1tenth/realsense_ws/install/realsense2_camera_msgs:/opt/ros/foxy LD_LIBRARY_PATH=/home/f1tenth/realsense_ws/install/realsense2_camera_msgs/lib:${LD_LIBRARY_PATH} PYTHONPATH=/home/f1tenth/realsense_ws/install/realsense2_camera_msgs/lib/python3.8/site-packages:${PYTHONPATH} /usr/bin/cmake --install /home/f1tenth/realsense_ws/build/realsense2_description
[3.405s] -- Install configuration: ""
[3.405s] -- Installing: /home/f1tenth/realsense_ws/install/realsense2_description/share/realsense2_description/launch
[3.407s] -- Installing: /home/f1tenth/realsense_ws/install/realsense2_description/share/realsense2_description/launch/view_model.launch.py
[3.408s] -- Installing: /home/f1tenth/realsense_ws/install/realsense2_description/share/realsense2_description/launch/launch_utils.py
[3.408s] -- Installing: /home/f1tenth/realsense_ws/install/realsense2_description/share/realsense2_description/meshes
[3.408s] -- Installing: /home/f1tenth/realsense_ws/install/realsense2_description/share/realsense2_description/meshes/d435.dae
[3.491s] -- Installing: /home/f1tenth/realsense_ws/install/realsense2_description/share/realsense2_description/meshes/l515.dae
[3.657s] -- Installing: /home/f1tenth/realsense_ws/install/realsense2_description/share/realsense2_description/meshes/d455.stl
[3.670s] -- Installing: /home/f1tenth/realsense_ws/install/realsense2_description/share/realsense2_description/meshes/plug_collision.stl
[3.671s] -- Installing: /home/f1tenth/realsense_ws/install/realsense2_description/share/realsense2_description/meshes/d415.stl
[3.778s] -- Installing: /home/f1tenth/realsense_ws/install/realsense2_description/share/realsense2_description/meshes/plug.stl
[3.780s] -- Installing: /home/f1tenth/realsense_ws/install/realsense2_description/share/realsense2_description/rviz
[3.781s] -- Installing: /home/f1tenth/realsense_ws/install/realsense2_description/share/realsense2_description/rviz/urdf.rviz
[3.781s] -- Installing: /home/f1tenth/realsense_ws/install/realsense2_description/share/realsense2_description/urdf
[3.782s] -- Installing: /home/f1tenth/realsense_ws/install/realsense2_description/share/realsense2_description/urdf/_l515.urdf.xacro
[3.782s] -- Installing: /home/f1tenth/realsense_ws/install/realsense2_description/share/realsense2_description/urdf/test_r410_camera.urdf.xacro
[3.783s] -- Installing: /home/f1tenth/realsense_ws/install/realsense2_description/share/realsense2_description/urdf/_d435.urdf.xacro
[3.783s] -- Installing: /home/f1tenth/realsense_ws/install/realsense2_description/share/realsense2_description/urdf/_r430.urdf.xacro
[3.784s] -- Installing: /home/f1tenth/realsense_ws/install/realsense2_description/share/realsense2_description/urdf/test_d455_camera.urdf.xacro
[3.784s] -- Installing: /home/f1tenth/realsense_ws/install/realsense2_description/share/realsense2_description/urdf/_d435i_imu_modules.urdf.xacro
[3.784s] -- Installing: /home/f1tenth/realsense_ws/install/realsense2_description/share/realsense2_description/urdf/_usb_plug.urdf.xacro
[3.785s] -- Installing: /home/f1tenth/realsense_ws/install/realsense2_description/share/realsense2_description/urdf/_d435i.urdf.xacro
[3.785s] -- Installing: /home/f1tenth/realsense_ws/install/realsense2_description/share/realsense2_description/urdf/test_d415_camera.urdf.xacro
[3.786s] -- Installing: /home/f1tenth/realsense_ws/install/realsense2_description/share/realsense2_description/urdf/test_d435_camera.urdf.xacro
[3.787s] -- Installing: /home/f1tenth/realsense_ws/install/realsense2_description/share/realsense2_description/urdf/test_l515_camera.urdf.xacro
[3.787s] -- Installing: /home/f1tenth/realsense_ws/install/realsense2_description/share/realsense2_description/urdf/_materials.urdf.xacro
[3.788s] -- Installing: /home/f1tenth/realsense_ws/install/realsense2_description/share/realsense2_description/urdf/test_d435i_camera.urdf.xacro
[3.788s] -- Installing: /home/f1tenth/realsense_ws/install/realsense2_description/share/realsense2_description/urdf/test_d435_multiple_cameras.urdf.xacro
[3.789s] -- Installing: /home/f1tenth/realsense_ws/install/realsense2_description/share/realsense2_description/urdf/_d455.urdf.xacro
[3.789s] -- Installing: /home/f1tenth/realsense_ws/install/realsense2_description/share/realsense2_description/urdf/_d415.urdf.xacro
[3.790s] -- Installing: /home/f1tenth/realsense_ws/install/realsense2_description/share/realsense2_description/urdf/test_r430_camera.urdf.xacro
[3.790s] -- Installing: /home/f1tenth/realsense_ws/install/realsense2_description/share/realsense2_description/urdf/_r410.urdf.xacro
[3.792s] -- Installing: /home/f1tenth/realsense_ws/install/realsense2_description/share/ament_index/resource_index/package_run_dependencies/realsense2_description
[3.793s] -- Installing: /home/f1tenth/realsense_ws/install/realsense2_description/share/ament_index/resource_index/parent_prefix_path/realsense2_description
[3.794s] -- Installing: /home/f1tenth/realsense_ws/install/realsense2_description/share/realsense2_description/environment/ament_prefix_path.sh
[3.794s] -- Installing: /home/f1tenth/realsense_ws/install/realsense2_description/share/realsense2_description/environment/ament_prefix_path.dsv
[3.795s] -- Installing: /home/f1tenth/realsense_ws/install/realsense2_description/share/realsense2_description/environment/path.sh
[3.796s] -- Installing: /home/f1tenth/realsense_ws/install/realsense2_description/share/realsense2_description/environment/path.dsv
[3.797s] -- Installing: /home/f1tenth/realsense_ws/install/realsense2_description/share/realsense2_description/local_setup.bash
[3.798s] -- Installing: /home/f1tenth/realsense_ws/install/realsense2_description/share/realsense2_description/local_setup.sh
[3.798s] -- Installing: /home/f1tenth/realsense_ws/install/realsense2_description/share/realsense2_description/local_setup.zsh
[3.799s] -- Installing: /home/f1tenth/realsense_ws/install/realsense2_description/share/realsense2_description/local_setup.dsv
[3.799s] -- Installing: /home/f1tenth/realsense_ws/install/realsense2_description/share/realsense2_description/package.dsv
[3.800s] -- Installing: /home/f1tenth/realsense_ws/install/realsense2_description/share/ament_index/resource_index/packages/realsense2_description
[3.801s] -- Installing: /home/f1tenth/realsense_ws/install/realsense2_description/share/realsense2_description/cmake/realsense2_descriptionConfig.cmake
[3.802s] -- Installing: /home/f1tenth/realsense_ws/install/realsense2_description/share/realsense2_description/cmake/realsense2_descriptionConfig-version.cmake
[3.803s] -- Installing: /home/f1tenth/realsense_ws/install/realsense2_description/share/realsense2_description/package.xml
[3.815s] Invoked command in '/home/f1tenth/realsense_ws/build/realsense2_description' returned '0': AMENT_PREFIX_PATH=/home/f1tenth/realsense_ws/install/realsense2_camera_msgs:${AMENT_PREFIX_PATH} CMAKE_PREFIX_PATH=/home/f1tenth/realsense_ws/install/realsense2_camera_msgs:/opt/ros/foxy LD_LIBRARY_PATH=/home/f1tenth/realsense_ws/install/realsense2_camera_msgs/lib:${LD_LIBRARY_PATH} PYTHONPATH=/home/f1tenth/realsense_ws/install/realsense2_camera_msgs/lib/python3.8/site-packages:${PYTHONPATH} /usr/bin/cmake --install /home/f1tenth/realsense_ws/build/realsense2_description
