[0.099s] Invoking command in '/home/f1tenth/f1tenth_mrc_ws/build/realsense2_description': AMENT_PREFIX_PATH=/home/f1tenth/f1tenth_mrc_ws/install/realsense2_camera_msgs:${AMENT_PREFIX_PATH} CMAKE_PREFIX_PATH=/home/f1tenth/f1tenth_mrc_ws/install/realsense2_camera_msgs:/opt/ros/foxy LD_LIBRARY_PATH=/home/f1tenth/f1tenth_mrc_ws/install/realsense2_camera_msgs/lib:${LD_LIBRARY_PATH} PYTHONPATH=/home/f1tenth/f1tenth_mrc_ws/install/realsense2_camera_msgs/lib/python3.8/site-packages:${PYTHONPATH} /usr/bin/cmake /home/f1tenth/f1tenth_mrc_ws/src/realsense-ros/realsense2_description -DCMAKE_INSTALL_PREFIX=/home/f1tenth/f1tenth_mrc_ws/install/realsense2_description
[0.369s] -- The C compiler identification is GNU 9.4.0
[0.617s] -- The CXX compiler identification is GNU 9.4.0
[0.635s] -- Check for working C compiler: /usr/bin/cc
[0.938s] -- Check for working C compiler: /usr/bin/cc -- works
[0.941s] -- Detecting C compiler ABI info
[1.245s] -- Detecting C compiler ABI info - done
[1.301s] -- Detecting C compile features
[1.303s] -- Detecting C compile features - done
[1.313s] -- Check for working CXX compiler: /usr/bin/c++
[1.649s] -- Check for working CXX compiler: /usr/bin/c++ -- works
[1.653s] -- Detecting CXX compiler ABI info
[2.006s] -- Detecting CXX compiler ABI info - done
[2.054s] -- Detecting CXX compile features
[2.056s] -- Detecting CXX compile features - done
[2.067s] -- Found ament_cmake: 0.9.12 (/opt/ros/foxy/share/ament_cmake/cmake)
[2.185s] -- Found PythonInterp: /usr/bin/python3 (found suitable version "3.8.10", minimum required is "3") 
[2.185s] -- Using PYTHON_EXECUTABLE: /usr/bin/python3
[3.318s] -- Configuring done
[3.327s] -- Generating done
[3.336s] -- Build files have been written to: /home/f1tenth/f1tenth_mrc_ws/build/realsense2_description
[3.350s] Invoked command in '/home/f1tenth/f1tenth_mrc_ws/build/realsense2_description' returned '0': AMENT_PREFIX_PATH=/home/f1tenth/f1tenth_mrc_ws/install/realsense2_camera_msgs:${AMENT_PREFIX_PATH} CMAKE_PREFIX_PATH=/home/f1tenth/f1tenth_mrc_ws/install/realsense2_camera_msgs:/opt/ros/foxy LD_LIBRARY_PATH=/home/f1tenth/f1tenth_mrc_ws/install/realsense2_camera_msgs/lib:${LD_LIBRARY_PATH} PYTHONPATH=/home/f1tenth/f1tenth_mrc_ws/install/realsense2_camera_msgs/lib/python3.8/site-packages:${PYTHONPATH} /usr/bin/cmake /home/f1tenth/f1tenth_mrc_ws/src/realsense-ros/realsense2_description -DCMAKE_INSTALL_PREFIX=/home/f1tenth/f1tenth_mrc_ws/install/realsense2_description
[3.363s] Invoking command in '/home/f1tenth/f1tenth_mrc_ws/build/realsense2_description': AMENT_PREFIX_PATH=/home/f1tenth/f1tenth_mrc_ws/install/realsense2_camera_msgs:${AMENT_PREFIX_PATH} CMAKE_PREFIX_PATH=/home/f1tenth/f1tenth_mrc_ws/install/realsense2_camera_msgs:/opt/ros/foxy LD_LIBRARY_PATH=/home/f1tenth/f1tenth_mrc_ws/install/realsense2_camera_msgs/lib:${LD_LIBRARY_PATH} PYTHONPATH=/home/f1tenth/f1tenth_mrc_ws/install/realsense2_camera_msgs/lib/python3.8/site-packages:${PYTHONPATH} /usr/bin/cmake --build /home/f1tenth/f1tenth_mrc_ws/build/realsense2_description -- -j4 -l4
[3.529s] Invoked command in '/home/f1tenth/f1tenth_mrc_ws/build/realsense2_description' returned '0': AMENT_PREFIX_PATH=/home/f1tenth/f1tenth_mrc_ws/install/realsense2_camera_msgs:${AMENT_PREFIX_PATH} CMAKE_PREFIX_PATH=/home/f1tenth/f1tenth_mrc_ws/install/realsense2_camera_msgs:/opt/ros/foxy LD_LIBRARY_PATH=/home/f1tenth/f1tenth_mrc_ws/install/realsense2_camera_msgs/lib:${LD_LIBRARY_PATH} PYTHONPATH=/home/f1tenth/f1tenth_mrc_ws/install/realsense2_camera_msgs/lib/python3.8/site-packages:${PYTHONPATH} /usr/bin/cmake --build /home/f1tenth/f1tenth_mrc_ws/build/realsense2_description -- -j4 -l4
[3.544s] Invoking command in '/home/f1tenth/f1tenth_mrc_ws/build/realsense2_description': AMENT_PREFIX_PATH=/home/f1tenth/f1tenth_mrc_ws/install/realsense2_camera_msgs:${AMENT_PREFIX_PATH} CMAKE_PREFIX_PATH=/home/f1tenth/f1tenth_mrc_ws/install/realsense2_camera_msgs:/opt/ros/foxy LD_LIBRARY_PATH=/home/f1tenth/f1tenth_mrc_ws/install/realsense2_camera_msgs/lib:${LD_LIBRARY_PATH} PYTHONPATH=/home/f1tenth/f1tenth_mrc_ws/install/realsense2_camera_msgs/lib/python3.8/site-packages:${PYTHONPATH} /usr/bin/cmake --install /home/f1tenth/f1tenth_mrc_ws/build/realsense2_description
[3.576s] -- Install configuration: ""
[3.577s] -- Installing: /home/f1tenth/f1tenth_mrc_ws/install/realsense2_description/share/realsense2_description/launch
[3.578s] -- Installing: /home/f1tenth/f1tenth_mrc_ws/install/realsense2_description/share/realsense2_description/launch/view_model.launch.py
[3.581s] -- Installing: /home/f1tenth/f1tenth_mrc_ws/install/realsense2_description/share/realsense2_description/launch/launch_utils.py
[3.581s] -- Installing: /home/f1tenth/f1tenth_mrc_ws/install/realsense2_description/share/realsense2_description/meshes
[3.582s] -- Installing: /home/f1tenth/f1tenth_mrc_ws/install/realsense2_description/share/realsense2_description/meshes/d435.dae
[3.665s] -- Installing: /home/f1tenth/f1tenth_mrc_ws/install/realsense2_description/share/realsense2_description/meshes/d405.stl
[3.666s] -- Installing: /home/f1tenth/f1tenth_mrc_ws/install/realsense2_description/share/realsense2_description/meshes/l515.dae
[3.841s] -- Installing: /home/f1tenth/f1tenth_mrc_ws/install/realsense2_description/share/realsense2_description/meshes/d455.stl
[3.857s] -- Installing: /home/f1tenth/f1tenth_mrc_ws/install/realsense2_description/share/realsense2_description/meshes/plug_collision.stl
[3.859s] -- Installing: /home/f1tenth/f1tenth_mrc_ws/install/realsense2_description/share/realsense2_description/meshes/d415.stl
[3.982s] -- Installing: /home/f1tenth/f1tenth_mrc_ws/install/realsense2_description/share/realsense2_description/meshes/plug.stl
[3.983s] -- Installing: /home/f1tenth/f1tenth_mrc_ws/install/realsense2_description/share/realsense2_description/rviz
[3.984s] -- Installing: /home/f1tenth/f1tenth_mrc_ws/install/realsense2_description/share/realsense2_description/rviz/urdf.rviz
[3.985s] -- Installing: /home/f1tenth/f1tenth_mrc_ws/install/realsense2_description/share/realsense2_description/urdf
[3.985s] -- Installing: /home/f1tenth/f1tenth_mrc_ws/install/realsense2_description/share/realsense2_description/urdf/test_r410_camera.urdf.xacro
[3.986s] -- Installing: /home/f1tenth/f1tenth_mrc_ws/install/realsense2_description/share/realsense2_description/urdf/_d435.urdf.xacro
[3.987s] -- Installing: /home/f1tenth/f1tenth_mrc_ws/install/realsense2_description/share/realsense2_description/urdf/test_d405_camera.urdf.xacro
[3.988s] -- Installing: /home/f1tenth/f1tenth_mrc_ws/install/realsense2_description/share/realsense2_description/urdf/_r430.urdf.xacro
[3.988s] -- Installing: /home/f1tenth/f1tenth_mrc_ws/install/realsense2_description/share/realsense2_description/urdf/test_d455_camera.urdf.xacro
[3.989s] -- Installing: /home/f1tenth/f1tenth_mrc_ws/install/realsense2_description/share/realsense2_description/urdf/_d405.urdf.xacro
[3.990s] -- Installing: /home/f1tenth/f1tenth_mrc_ws/install/realsense2_description/share/realsense2_description/urdf/_d435i_imu_modules.urdf.xacro
[3.990s] -- Installing: /home/f1tenth/f1tenth_mrc_ws/install/realsense2_description/share/realsense2_description/urdf/_usb_plug.urdf.xacro
[3.991s] -- Installing: /home/f1tenth/f1tenth_mrc_ws/install/realsense2_description/share/realsense2_description/urdf/_d435i.urdf.xacro
[3.992s] -- Installing: /home/f1tenth/f1tenth_mrc_ws/install/realsense2_description/share/realsense2_description/urdf/test_d415_camera.urdf.xacro
[3.992s] -- Installing: /home/f1tenth/f1tenth_mrc_ws/install/realsense2_description/share/realsense2_description/urdf/test_d435_camera.urdf.xacro
[3.993s] -- Installing: /home/f1tenth/f1tenth_mrc_ws/install/realsense2_description/share/realsense2_description/urdf/_materials.urdf.xacro
[3.993s] -- Installing: /home/f1tenth/f1tenth_mrc_ws/install/realsense2_description/share/realsense2_description/urdf/test_d435i_camera.urdf.xacro
[3.994s] -- Installing: /home/f1tenth/f1tenth_mrc_ws/install/realsense2_description/share/realsense2_description/urdf/test_d435_multiple_cameras.urdf.xacro
[3.994s] -- Installing: /home/f1tenth/f1tenth_mrc_ws/install/realsense2_description/share/realsense2_description/urdf/_d455.urdf.xacro
[3.995s] -- Installing: /home/f1tenth/f1tenth_mrc_ws/install/realsense2_description/share/realsense2_description/urdf/_d415.urdf.xacro
[3.996s] -- Installing: /home/f1tenth/f1tenth_mrc_ws/install/realsense2_description/share/realsense2_description/urdf/test_r430_camera.urdf.xacro
[3.996s] -- Installing: /home/f1tenth/f1tenth_mrc_ws/install/realsense2_description/share/realsense2_description/urdf/_r410.urdf.xacro
[3.998s] -- Installing: /home/f1tenth/f1tenth_mrc_ws/install/realsense2_description/share/ament_index/resource_index/package_run_dependencies/realsense2_description
[3.999s] -- Installing: /home/f1tenth/f1tenth_mrc_ws/install/realsense2_description/share/ament_index/resource_index/parent_prefix_path/realsense2_description
[3.999s] -- Installing: /home/f1tenth/f1tenth_mrc_ws/install/realsense2_description/share/realsense2_description/environment/ament_prefix_path.sh
[4.000s] -- Installing: /home/f1tenth/f1tenth_mrc_ws/install/realsense2_description/share/realsense2_description/environment/ament_prefix_path.dsv
[4.001s] -- Installing: /home/f1tenth/f1tenth_mrc_ws/install/realsense2_description/share/realsense2_description/environment/path.sh
[4.002s] -- Installing: /home/f1tenth/f1tenth_mrc_ws/install/realsense2_description/share/realsense2_description/environment/path.dsv
[4.003s] -- Installing: /home/f1tenth/f1tenth_mrc_ws/install/realsense2_description/share/realsense2_description/local_setup.bash
[4.004s] -- Installing: /home/f1tenth/f1tenth_mrc_ws/install/realsense2_description/share/realsense2_description/local_setup.sh
[4.004s] -- Installing: /home/f1tenth/f1tenth_mrc_ws/install/realsense2_description/share/realsense2_description/local_setup.zsh
[4.004s] -- Installing: /home/f1tenth/f1tenth_mrc_ws/install/realsense2_description/share/realsense2_description/local_setup.dsv
[4.005s] -- Installing: /home/f1tenth/f1tenth_mrc_ws/install/realsense2_description/share/realsense2_description/package.dsv
[4.005s] -- Installing: /home/f1tenth/f1tenth_mrc_ws/install/realsense2_description/share/ament_index/resource_index/packages/realsense2_description
[4.006s] -- Installing: /home/f1tenth/f1tenth_mrc_ws/install/realsense2_description/share/realsense2_description/cmake/realsense2_descriptionConfig.cmake
[4.006s] -- Installing: /home/f1tenth/f1tenth_mrc_ws/install/realsense2_description/share/realsense2_description/cmake/realsense2_descriptionConfig-version.cmake
[4.007s] -- Installing: /home/f1tenth/f1tenth_mrc_ws/install/realsense2_description/share/realsense2_description/package.xml
[4.018s] Invoked command in '/home/f1tenth/f1tenth_mrc_ws/build/realsense2_description' returned '0': AMENT_PREFIX_PATH=/home/f1tenth/f1tenth_mrc_ws/install/realsense2_camera_msgs:${AMENT_PREFIX_PATH} CMAKE_PREFIX_PATH=/home/f1tenth/f1tenth_mrc_ws/install/realsense2_camera_msgs:/opt/ros/foxy LD_LIBRARY_PATH=/home/f1tenth/f1tenth_mrc_ws/install/realsense2_camera_msgs/lib:${LD_LIBRARY_PATH} PYTHONPATH=/home/f1tenth/f1tenth_mrc_ws/install/realsense2_camera_msgs/lib/python3.8/site-packages:${PYTHONPATH} /usr/bin/cmake --install /home/f1tenth/f1tenth_mrc_ws/build/realsense2_description
