/home/f1tenth/f1tenth_mrc_ws/install/waypoint_logger/lib/python3.8/site-packages/waypoint_logger/optitrack_logger.py
/home/f1tenth/f1tenth_mrc_ws/install/waypoint_logger/lib/python3.8/site-packages/waypoint_logger/mpc_logger.py
/home/f1tenth/f1tenth_mrc_ws/install/waypoint_logger/lib/python3.8/site-packages/waypoint_logger/logger.py
/home/f1tenth/f1tenth_mrc_ws/install/waypoint_logger/lib/python3.8/site-packages/waypoint_logger/__init__.py
/home/f1tenth/f1tenth_mrc_ws/install/waypoint_logger/lib/python3.8/site-packages/waypoint_logger/__pycache__/optitrack_logger.cpython-38.pyc
/home/f1tenth/f1tenth_mrc_ws/install/waypoint_logger/lib/python3.8/site-packages/waypoint_logger/__pycache__/mpc_logger.cpython-38.pyc
/home/f1tenth/f1tenth_mrc_ws/install/waypoint_logger/lib/python3.8/site-packages/waypoint_logger/__pycache__/logger.cpython-38.pyc
/home/f1tenth/f1tenth_mrc_ws/install/waypoint_logger/lib/python3.8/site-packages/waypoint_logger/__pycache__/__init__.cpython-38.pyc
/home/f1tenth/f1tenth_mrc_ws/install/waypoint_logger/share/ament_index/resource_index/packages/waypoint_logger
/home/f1tenth/f1tenth_mrc_ws/install/waypoint_logger/share/waypoint_logger/package.xml
/home/f1tenth/f1tenth_mrc_ws/install/waypoint_logger/lib/python3.8/site-packages/waypoint_logger-0.0.0-py3.8.egg-info/SOURCES.txt
/home/f1tenth/f1tenth_mrc_ws/install/waypoint_logger/lib/python3.8/site-packages/waypoint_logger-0.0.0-py3.8.egg-info/dependency_links.txt
/home/f1tenth/f1tenth_mrc_ws/install/waypoint_logger/lib/python3.8/site-packages/waypoint_logger-0.0.0-py3.8.egg-info/zip-safe
/home/f1tenth/f1tenth_mrc_ws/install/waypoint_logger/lib/python3.8/site-packages/waypoint_logger-0.0.0-py3.8.egg-info/entry_points.txt
/home/f1tenth/f1tenth_mrc_ws/install/waypoint_logger/lib/python3.8/site-packages/waypoint_logger-0.0.0-py3.8.egg-info/requires.txt
/home/f1tenth/f1tenth_mrc_ws/install/waypoint_logger/lib/python3.8/site-packages/waypoint_logger-0.0.0-py3.8.egg-info/PKG-INFO
/home/f1tenth/f1tenth_mrc_ws/install/waypoint_logger/lib/python3.8/site-packages/waypoint_logger-0.0.0-py3.8.egg-info/top_level.txt
/home/f1tenth/f1tenth_mrc_ws/install/waypoint_logger/lib/waypoint_logger/mpc_logger
/home/f1tenth/f1tenth_mrc_ws/install/waypoint_logger/lib/waypoint_logger/optitrack_logger
/home/f1tenth/f1tenth_mrc_ws/install/waypoint_logger/lib/waypoint_logger/waypoint_logger
