[3.299s] Invoking command in '/home/f1tenth/f1tenth_mrc_ws/src/particle_filter': PYTHONPATH=/home/f1tenth/f1tenth_mrc_ws/build/particle_filter/prefix_override:/usr/lib/python3/dist-packages/colcon_core/task/python/colcon_distutils_commands:/home/f1tenth/f1tenth_mrc_ws/install/particle_filter/lib/python3.8/site-packages:${PYTHONPATH} /usr/bin/python3 -W ignore:setup.py install is deprecated -W ignore:easy_install command is deprecated setup.py egg_info --egg-base ../../build/particle_filter build --build-base /home/f1tenth/f1tenth_mrc_ws/build/particle_filter/build install --record /home/f1tenth/f1tenth_mrc_ws/build/particle_filter/install.log --install-scripts $base/lib/particle_filter --single-version-externally-managed install_data
[4.333s] /home/f1tenth/.local/lib/python3.8/site-packages/setuptools/dist.py:717: UserWarning: Usage of dash-separated 'script-dir' will not be supported in future versions. Please use the underscore name 'script_dir' instead
[4.333s]   warnings.warn(
[4.520s] running egg_info
[4.523s] writing ../../build/particle_filter/particle_filter.egg-info/PKG-INFO
[4.524s] writing dependency_links to ../../build/particle_filter/particle_filter.egg-info/dependency_links.txt
[4.525s] writing entry points to ../../build/particle_filter/particle_filter.egg-info/entry_points.txt
[4.529s] writing requirements to ../../build/particle_filter/particle_filter.egg-info/requires.txt
[4.534s] writing top-level names to ../../build/particle_filter/particle_filter.egg-info/top_level.txt
[4.545s] reading manifest file '../../build/particle_filter/particle_filter.egg-info/SOURCES.txt'
[4.551s] writing manifest file '../../build/particle_filter/particle_filter.egg-info/SOURCES.txt'
[4.552s] running build
[4.552s] running build_py
[4.553s] running install
[4.556s] running install_lib
[4.563s] running install_data
[4.565s] running install_egg_info
[4.572s] removing '/home/f1tenth/f1tenth_mrc_ws/install/particle_filter/lib/python3.8/site-packages/particle_filter-0.2.0-py3.8.egg-info' (and everything under it)
[4.577s] Copying ../../build/particle_filter/particle_filter.egg-info to /home/f1tenth/f1tenth_mrc_ws/install/particle_filter/lib/python3.8/site-packages/particle_filter-0.2.0-py3.8.egg-info
[4.580s] running install_scripts
[4.665s] Installing particle_filter script to /home/f1tenth/f1tenth_mrc_ws/install/particle_filter/lib/particle_filter
[4.667s] writing list of installed files to '/home/f1tenth/f1tenth_mrc_ws/build/particle_filter/install.log'
[5.371s] Invoked command in '/home/f1tenth/f1tenth_mrc_ws/src/particle_filter' returned '0': PYTHONPATH=/home/f1tenth/f1tenth_mrc_ws/build/particle_filter/prefix_override:/usr/lib/python3/dist-packages/colcon_core/task/python/colcon_distutils_commands:/home/f1tenth/f1tenth_mrc_ws/install/particle_filter/lib/python3.8/site-packages:${PYTHONPATH} /usr/bin/python3 -W ignore:setup.py install is deprecated -W ignore:easy_install command is deprecated setup.py egg_info --egg-base ../../build/particle_filter build --build-base /home/f1tenth/f1tenth_mrc_ws/build/particle_filter/build install --record /home/f1tenth/f1tenth_mrc_ws/build/particle_filter/install.log --install-scripts $base/lib/particle_filter --single-version-externally-managed install_data
