[3.451s] Invoking command in '/home/f1tenth/f1tenth_mrc_ws/src/waypoint_logger': PYTHONPATH=/home/f1tenth/f1tenth_mrc_ws/build/waypoint_logger/prefix_override:/usr/lib/python3/dist-packages/colcon_core/task/python/colcon_distutils_commands:/home/f1tenth/f1tenth_mrc_ws/install/waypoint_logger/lib/python3.8/site-packages:${PYTHONPATH} /usr/bin/python3 -W ignore:setup.py install is deprecated -W ignore:easy_install command is deprecated setup.py egg_info --egg-base ../../build/waypoint_logger build --build-base /home/f1tenth/f1tenth_mrc_ws/build/waypoint_logger/build install --record /home/f1tenth/f1tenth_mrc_ws/build/waypoint_logger/install.log --install-scripts $base/lib/waypoint_logger --single-version-externally-managed install_data
[4.324s] /home/f1tenth/.local/lib/python3.8/site-packages/setuptools/dist.py:717: UserWarning: Usage of dash-separated 'script-dir' will not be supported in future versions. Please use the underscore name 'script_dir' instead
[4.324s]   warnings.warn(
[4.508s] running egg_info
[4.511s] writing ../../build/waypoint_logger/waypoint_logger.egg-info/PKG-INFO
[4.511s] writing dependency_links to ../../build/waypoint_logger/waypoint_logger.egg-info/dependency_links.txt
[4.512s] writing entry points to ../../build/waypoint_logger/waypoint_logger.egg-info/entry_points.txt
[4.514s] writing requirements to ../../build/waypoint_logger/waypoint_logger.egg-info/requires.txt
[4.514s] writing top-level names to ../../build/waypoint_logger/waypoint_logger.egg-info/top_level.txt
[4.528s] reading manifest file '../../build/waypoint_logger/waypoint_logger.egg-info/SOURCES.txt'
[4.533s] writing manifest file '../../build/waypoint_logger/waypoint_logger.egg-info/SOURCES.txt'
[4.533s] running build
[4.534s] running build_py
[4.539s] running install
[4.544s] running install_lib
[4.552s] running install_data
[4.554s] running install_egg_info
[4.567s] removing '/home/f1tenth/f1tenth_mrc_ws/install/waypoint_logger/lib/python3.8/site-packages/waypoint_logger-0.0.0-py3.8.egg-info' (and everything under it)
[4.567s] Copying ../../build/waypoint_logger/waypoint_logger.egg-info to /home/f1tenth/f1tenth_mrc_ws/install/waypoint_logger/lib/python3.8/site-packages/waypoint_logger-0.0.0-py3.8.egg-info
[4.572s] running install_scripts
[4.651s] Installing mpc_logger script to /home/f1tenth/f1tenth_mrc_ws/install/waypoint_logger/lib/waypoint_logger
[4.652s] Installing optitrack_logger script to /home/f1tenth/f1tenth_mrc_ws/install/waypoint_logger/lib/waypoint_logger
[4.653s] Installing waypoint_logger script to /home/f1tenth/f1tenth_mrc_ws/install/waypoint_logger/lib/waypoint_logger
[4.655s] writing list of installed files to '/home/f1tenth/f1tenth_mrc_ws/build/waypoint_logger/install.log'
[4.757s] Invoked command in '/home/f1tenth/f1tenth_mrc_ws/src/waypoint_logger' returned '0': PYTHONPATH=/home/f1tenth/f1tenth_mrc_ws/build/waypoint_logger/prefix_override:/usr/lib/python3/dist-packages/colcon_core/task/python/colcon_distutils_commands:/home/f1tenth/f1tenth_mrc_ws/install/waypoint_logger/lib/python3.8/site-packages:${PYTHONPATH} /usr/bin/python3 -W ignore:setup.py install is deprecated -W ignore:easy_install command is deprecated setup.py egg_info --egg-base ../../build/waypoint_logger build --build-base /home/f1tenth/f1tenth_mrc_ws/build/waypoint_logger/build install --record /home/f1tenth/f1tenth_mrc_ws/build/waypoint_logger/install.log --install-scripts $base/lib/waypoint_logger --single-version-externally-managed install_data
