running egg_info
creating ../../build/ppo_racing/ppo_racing.egg-info
writing ../../build/ppo_racing/ppo_racing.egg-info/PKG-INFO
writing dependency_links to ../../build/ppo_racing/ppo_racing.egg-info/dependency_links.txt
writing entry points to ../../build/ppo_racing/ppo_racing.egg-info/entry_points.txt
writing requirements to ../../build/ppo_racing/ppo_racing.egg-info/requires.txt
writing top-level names to ../../build/ppo_racing/ppo_racing.egg-info/top_level.txt
writing manifest file '../../build/ppo_racing/ppo_racing.egg-info/SOURCES.txt'
reading manifest file '../../build/ppo_racing/ppo_racing.egg-info/SOURCES.txt'
writing manifest file '../../build/ppo_racing/ppo_racing.egg-info/SOURCES.txt'
running build
running build_py
creating /home/f1tenth/f1tenth_mrc_ws/build/ppo_racing/build
creating /home/f1tenth/f1tenth_mrc_ws/build/ppo_racing/build/lib
creating /home/f1tenth/f1tenth_mrc_ws/build/ppo_racing/build/lib/ppo_racing
copying ppo_racing/pendulum_train.py -> /home/f1tenth/f1tenth_mrc_ws/build/ppo_racing/build/lib/ppo_racing
copying ppo_racing/test_gym.py -> /home/f1tenth/f1tenth_mrc_ws/build/ppo_racing/build/lib/ppo_racing
copying ppo_racing/multi_agent_policy_node.py -> /home/f1tenth/f1tenth_mrc_ws/build/ppo_racing/build/lib/ppo_racing
copying ppo_racing/test_logger.py -> /home/f1tenth/f1tenth_mrc_ws/build/ppo_racing/build/lib/ppo_racing
copying ppo_racing/ppo_agent.py -> /home/f1tenth/f1tenth_mrc_ws/build/ppo_racing/build/lib/ppo_racing
copying ppo_racing/custom_rendering.py -> /home/f1tenth/f1tenth_mrc_ws/build/ppo_racing/build/lib/ppo_racing
copying ppo_racing/opp_pose_to_odom.py -> /home/f1tenth/f1tenth_mrc_ws/build/ppo_racing/build/lib/ppo_racing
copying ppo_racing/env_wrapper.py -> /home/f1tenth/f1tenth_mrc_ws/build/ppo_racing/build/lib/ppo_racing
copying ppo_racing/policy_node_local_obs.py -> /home/f1tenth/f1tenth_mrc_ws/build/ppo_racing/build/lib/ppo_racing
copying ppo_racing/train.py -> /home/f1tenth/f1tenth_mrc_ws/build/ppo_racing/build/lib/ppo_racing
copying ppo_racing/pendulum _sb3_train.py -> /home/f1tenth/f1tenth_mrc_ws/build/ppo_racing/build/lib/ppo_racing
copying ppo_racing/utils.py -> /home/f1tenth/f1tenth_mrc_ws/build/ppo_racing/build/lib/ppo_racing
copying ppo_racing/__init__.py -> /home/f1tenth/f1tenth_mrc_ws/build/ppo_racing/build/lib/ppo_racing
copying ppo_racing/policy_node.py -> /home/f1tenth/f1tenth_mrc_ws/build/ppo_racing/build/lib/ppo_racing
copying ppo_racing/multi_env_train.py -> /home/f1tenth/f1tenth_mrc_ws/build/ppo_racing/build/lib/ppo_racing
copying ppo_racing/reward_node.py -> /home/f1tenth/f1tenth_mrc_ws/build/ppo_racing/build/lib/ppo_racing
copying ppo_racing/multi_agent_train.py -> /home/f1tenth/f1tenth_mrc_ws/build/ppo_racing/build/lib/ppo_racing
copying ppo_racing/custom_policy.py -> /home/f1tenth/f1tenth_mrc_ws/build/ppo_racing/build/lib/ppo_racing
running install
running install_lib
creating /home/f1tenth/f1tenth_mrc_ws/install/ppo_racing/lib/python3.8/site-packages/ppo_racing
copying /home/f1tenth/f1tenth_mrc_ws/build/ppo_racing/build/lib/ppo_racing/pendulum_train.py -> /home/f1tenth/f1tenth_mrc_ws/install/ppo_racing/lib/python3.8/site-packages/ppo_racing
copying /home/f1tenth/f1tenth_mrc_ws/build/ppo_racing/build/lib/ppo_racing/test_gym.py -> /home/f1tenth/f1tenth_mrc_ws/install/ppo_racing/lib/python3.8/site-packages/ppo_racing
copying /home/f1tenth/f1tenth_mrc_ws/build/ppo_racing/build/lib/ppo_racing/multi_agent_policy_node.py -> /home/f1tenth/f1tenth_mrc_ws/install/ppo_racing/lib/python3.8/site-packages/ppo_racing
copying /home/f1tenth/f1tenth_mrc_ws/build/ppo_racing/build/lib/ppo_racing/test_logger.py -> /home/f1tenth/f1tenth_mrc_ws/install/ppo_racing/lib/python3.8/site-packages/ppo_racing
copying /home/f1tenth/f1tenth_mrc_ws/build/ppo_racing/build/lib/ppo_racing/ppo_agent.py -> /home/f1tenth/f1tenth_mrc_ws/install/ppo_racing/lib/python3.8/site-packages/ppo_racing
copying /home/f1tenth/f1tenth_mrc_ws/build/ppo_racing/build/lib/ppo_racing/custom_rendering.py -> /home/f1tenth/f1tenth_mrc_ws/install/ppo_racing/lib/python3.8/site-packages/ppo_racing
copying /home/f1tenth/f1tenth_mrc_ws/build/ppo_racing/build/lib/ppo_racing/opp_pose_to_odom.py -> /home/f1tenth/f1tenth_mrc_ws/install/ppo_racing/lib/python3.8/site-packages/ppo_racing
copying /home/f1tenth/f1tenth_mrc_ws/build/ppo_racing/build/lib/ppo_racing/env_wrapper.py -> /home/f1tenth/f1tenth_mrc_ws/install/ppo_racing/lib/python3.8/site-packages/ppo_racing
copying /home/f1tenth/f1tenth_mrc_ws/build/ppo_racing/build/lib/ppo_racing/policy_node_local_obs.py -> /home/f1tenth/f1tenth_mrc_ws/install/ppo_racing/lib/python3.8/site-packages/ppo_racing
copying /home/f1tenth/f1tenth_mrc_ws/build/ppo_racing/build/lib/ppo_racing/train.py -> /home/f1tenth/f1tenth_mrc_ws/install/ppo_racing/lib/python3.8/site-packages/ppo_racing
copying /home/f1tenth/f1tenth_mrc_ws/build/ppo_racing/build/lib/ppo_racing/pendulum _sb3_train.py -> /home/f1tenth/f1tenth_mrc_ws/install/ppo_racing/lib/python3.8/site-packages/ppo_racing
copying /home/f1tenth/f1tenth_mrc_ws/build/ppo_racing/build/lib/ppo_racing/utils.py -> /home/f1tenth/f1tenth_mrc_ws/install/ppo_racing/lib/python3.8/site-packages/ppo_racing
copying /home/f1tenth/f1tenth_mrc_ws/build/ppo_racing/build/lib/ppo_racing/__init__.py -> /home/f1tenth/f1tenth_mrc_ws/install/ppo_racing/lib/python3.8/site-packages/ppo_racing
copying /home/f1tenth/f1tenth_mrc_ws/build/ppo_racing/build/lib/ppo_racing/policy_node.py -> /home/f1tenth/f1tenth_mrc_ws/install/ppo_racing/lib/python3.8/site-packages/ppo_racing
copying /home/f1tenth/f1tenth_mrc_ws/build/ppo_racing/build/lib/ppo_racing/multi_env_train.py -> /home/f1tenth/f1tenth_mrc_ws/install/ppo_racing/lib/python3.8/site-packages/ppo_racing
copying /home/f1tenth/f1tenth_mrc_ws/build/ppo_racing/build/lib/ppo_racing/reward_node.py -> /home/f1tenth/f1tenth_mrc_ws/install/ppo_racing/lib/python3.8/site-packages/ppo_racing
copying /home/f1tenth/f1tenth_mrc_ws/build/ppo_racing/build/lib/ppo_racing/multi_agent_train.py -> /home/f1tenth/f1tenth_mrc_ws/install/ppo_racing/lib/python3.8/site-packages/ppo_racing
copying /home/f1tenth/f1tenth_mrc_ws/build/ppo_racing/build/lib/ppo_racing/custom_policy.py -> /home/f1tenth/f1tenth_mrc_ws/install/ppo_racing/lib/python3.8/site-packages/ppo_racing
byte-compiling /home/f1tenth/f1tenth_mrc_ws/install/ppo_racing/lib/python3.8/site-packages/ppo_racing/pendulum_train.py to pendulum_train.cpython-38.pyc
byte-compiling /home/f1tenth/f1tenth_mrc_ws/install/ppo_racing/lib/python3.8/site-packages/ppo_racing/test_gym.py to test_gym.cpython-38.pyc
byte-compiling /home/f1tenth/f1tenth_mrc_ws/install/ppo_racing/lib/python3.8/site-packages/ppo_racing/multi_agent_policy_node.py to multi_agent_policy_node.cpython-38.pyc
byte-compiling /home/f1tenth/f1tenth_mrc_ws/install/ppo_racing/lib/python3.8/site-packages/ppo_racing/test_logger.py to test_logger.cpython-38.pyc
byte-compiling /home/f1tenth/f1tenth_mrc_ws/install/ppo_racing/lib/python3.8/site-packages/ppo_racing/ppo_agent.py to ppo_agent.cpython-38.pyc
byte-compiling /home/f1tenth/f1tenth_mrc_ws/install/ppo_racing/lib/python3.8/site-packages/ppo_racing/custom_rendering.py to custom_rendering.cpython-38.pyc
byte-compiling /home/f1tenth/f1tenth_mrc_ws/install/ppo_racing/lib/python3.8/site-packages/ppo_racing/opp_pose_to_odom.py to opp_pose_to_odom.cpython-38.pyc
byte-compiling /home/f1tenth/f1tenth_mrc_ws/install/ppo_racing/lib/python3.8/site-packages/ppo_racing/env_wrapper.py to env_wrapper.cpython-38.pyc
byte-compiling /home/f1tenth/f1tenth_mrc_ws/install/ppo_racing/lib/python3.8/site-packages/ppo_racing/policy_node_local_obs.py to policy_node_local_obs.cpython-38.pyc
byte-compiling /home/f1tenth/f1tenth_mrc_ws/install/ppo_racing/lib/python3.8/site-packages/ppo_racing/train.py to train.cpython-38.pyc
byte-compiling /home/f1tenth/f1tenth_mrc_ws/install/ppo_racing/lib/python3.8/site-packages/ppo_racing/pendulum _sb3_train.py to pendulum _sb3_train.cpython-38.pyc
byte-compiling /home/f1tenth/f1tenth_mrc_ws/install/ppo_racing/lib/python3.8/site-packages/ppo_racing/utils.py to utils.cpython-38.pyc
byte-compiling /home/f1tenth/f1tenth_mrc_ws/install/ppo_racing/lib/python3.8/site-packages/ppo_racing/__init__.py to __init__.cpython-38.pyc
byte-compiling /home/f1tenth/f1tenth_mrc_ws/install/ppo_racing/lib/python3.8/site-packages/ppo_racing/policy_node.py to policy_node.cpython-38.pyc
byte-compiling /home/f1tenth/f1tenth_mrc_ws/install/ppo_racing/lib/python3.8/site-packages/ppo_racing/multi_env_train.py to multi_env_train.cpython-38.pyc
byte-compiling /home/f1tenth/f1tenth_mrc_ws/install/ppo_racing/lib/python3.8/site-packages/ppo_racing/reward_node.py to reward_node.cpython-38.pyc
byte-compiling /home/f1tenth/f1tenth_mrc_ws/install/ppo_racing/lib/python3.8/site-packages/ppo_racing/multi_agent_train.py to multi_agent_train.cpython-38.pyc
byte-compiling /home/f1tenth/f1tenth_mrc_ws/install/ppo_racing/lib/python3.8/site-packages/ppo_racing/custom_policy.py to custom_policy.cpython-38.pyc
running install_data
creating /home/f1tenth/f1tenth_mrc_ws/install/ppo_racing/share/ament_index
creating /home/f1tenth/f1tenth_mrc_ws/install/ppo_racing/share/ament_index/resource_index
creating /home/f1tenth/f1tenth_mrc_ws/install/ppo_racing/share/ament_index/resource_index/packages
copying resource/ppo_racing -> /home/f1tenth/f1tenth_mrc_ws/install/ppo_racing/share/ament_index/resource_index/packages
copying package.xml -> /home/f1tenth/f1tenth_mrc_ws/install/ppo_racing/share/ppo_racing
running install_egg_info
Copying ../../build/ppo_racing/ppo_racing.egg-info to /home/f1tenth/f1tenth_mrc_ws/install/ppo_racing/lib/python3.8/site-packages/ppo_racing-0.0.0-py3.8.egg-info
running install_scripts
Installing opp_pose_to_odom script to /home/f1tenth/f1tenth_mrc_ws/install/ppo_racing/lib/ppo_racing
Installing policy_node script to /home/f1tenth/f1tenth_mrc_ws/install/ppo_racing/lib/ppo_racing
Installing policy_node_local_obs script to /home/f1tenth/f1tenth_mrc_ws/install/ppo_racing/lib/ppo_racing
Installing test_logger script to /home/f1tenth/f1tenth_mrc_ws/install/ppo_racing/lib/ppo_racing
writing list of installed files to '/home/f1tenth/f1tenth_mrc_ws/build/ppo_racing/install.log'
