[0.107s] Invoking command in '/home/f1tenth/f1tenth_mrc_ws/build/wall_follow': CMAKE_PREFIX_PATH=${CMAKE_PREFIX_PATH}:/home/f1tenth/f1tenth_mrc_ws/install/waypoint_logger:/home/f1tenth/f1tenth_mrc_ws/install/rrt_package:/home/f1tenth/f1tenth_mrc_ws/install/ppo_racing:/home/f1tenth/f1tenth_mrc_ws/install/particle_filter:/home/f1tenth/f1tenth_mrc_ws/install/f1tenth_gym_ros:/home/f1tenth/f1tenth_mrc_ws/install/camera_pkg:/opt/ros/foxy /usr/bin/cmake --build /home/f1tenth/f1tenth_mrc_ws/build/wall_follow -- -j4 -l4
[0.435s] Invoked command in '/home/f1tenth/f1tenth_mrc_ws/build/wall_follow' returned '0': CMAKE_PREFIX_PATH=${CMAKE_PREFIX_PATH}:/home/f1tenth/f1tenth_mrc_ws/install/waypoint_logger:/home/f1tenth/f1tenth_mrc_ws/install/rrt_package:/home/f1tenth/f1tenth_mrc_ws/install/ppo_racing:/home/f1tenth/f1tenth_mrc_ws/install/particle_filter:/home/f1tenth/f1tenth_mrc_ws/install/f1tenth_gym_ros:/home/f1tenth/f1tenth_mrc_ws/install/camera_pkg:/opt/ros/foxy /usr/bin/cmake --build /home/f1tenth/f1tenth_mrc_ws/build/wall_follow -- -j4 -l4
[0.450s] Invoking command in '/home/f1tenth/f1tenth_mrc_ws/build/wall_follow': CMAKE_PREFIX_PATH=${CMAKE_PREFIX_PATH}:/home/f1tenth/f1tenth_mrc_ws/install/waypoint_logger:/home/f1tenth/f1tenth_mrc_ws/install/rrt_package:/home/f1tenth/f1tenth_mrc_ws/install/ppo_racing:/home/f1tenth/f1tenth_mrc_ws/install/particle_filter:/home/f1tenth/f1tenth_mrc_ws/install/f1tenth_gym_ros:/home/f1tenth/f1tenth_mrc_ws/install/camera_pkg:/opt/ros/foxy /usr/bin/cmake --install /home/f1tenth/f1tenth_mrc_ws/build/wall_follow
[0.516s] -- Install configuration: ""
[0.517s] -- Up-to-date: /home/f1tenth/f1tenth_mrc_ws/install/wall_follow/share/wall_follow/environment/pythonpath.sh
[0.518s] -- Up-to-date: /home/f1tenth/f1tenth_mrc_ws/install/wall_follow/share/wall_follow/environment/pythonpath.dsv
[0.520s] -- Up-to-date: /home/f1tenth/f1tenth_mrc_ws/install/wall_follow/lib/python3.8/site-packages/wall_follow
[0.523s] -- Up-to-date: /home/f1tenth/f1tenth_mrc_ws/install/wall_follow/lib/python3.8/site-packages/wall_follow/__init__.py
[0.734s] Listing '/home/f1tenth/f1tenth_mrc_ws/install/wall_follow/lib/python3.8/site-packages/wall_follow'...
[0.754s] -- Up-to-date: /home/f1tenth/f1tenth_mrc_ws/install/wall_follow/lib/wall_follow/wall_follow_node.py
[0.755s] -- Up-to-date: /home/f1tenth/f1tenth_mrc_ws/install/wall_follow/share/ament_index/resource_index/package_run_dependencies/wall_follow
[0.756s] -- Up-to-date: /home/f1tenth/f1tenth_mrc_ws/install/wall_follow/share/ament_index/resource_index/parent_prefix_path/wall_follow
[0.757s] -- Up-to-date: /home/f1tenth/f1tenth_mrc_ws/install/wall_follow/share/wall_follow/environment/ament_prefix_path.sh
[0.757s] -- Up-to-date: /home/f1tenth/f1tenth_mrc_ws/install/wall_follow/share/wall_follow/environment/ament_prefix_path.dsv
[0.758s] -- Up-to-date: /home/f1tenth/f1tenth_mrc_ws/install/wall_follow/share/wall_follow/environment/path.sh
[0.758s] -- Up-to-date: /home/f1tenth/f1tenth_mrc_ws/install/wall_follow/share/wall_follow/environment/path.dsv
[0.759s] -- Up-to-date: /home/f1tenth/f1tenth_mrc_ws/install/wall_follow/share/wall_follow/local_setup.bash
[0.760s] -- Up-to-date: /home/f1tenth/f1tenth_mrc_ws/install/wall_follow/share/wall_follow/local_setup.sh
[0.760s] -- Up-to-date: /home/f1tenth/f1tenth_mrc_ws/install/wall_follow/share/wall_follow/local_setup.zsh
[0.760s] -- Up-to-date: /home/f1tenth/f1tenth_mrc_ws/install/wall_follow/share/wall_follow/local_setup.dsv
[0.761s] -- Installing: /home/f1tenth/f1tenth_mrc_ws/install/wall_follow/share/wall_follow/package.dsv
[0.769s] -- Up-to-date: /home/f1tenth/f1tenth_mrc_ws/install/wall_follow/share/ament_index/resource_index/packages/wall_follow
[0.770s] -- Up-to-date: /home/f1tenth/f1tenth_mrc_ws/install/wall_follow/share/wall_follow/cmake/wall_followConfig.cmake
[0.771s] -- Up-to-date: /home/f1tenth/f1tenth_mrc_ws/install/wall_follow/share/wall_follow/cmake/wall_followConfig-version.cmake
[0.771s] -- Up-to-date: /home/f1tenth/f1tenth_mrc_ws/install/wall_follow/share/wall_follow/package.xml
[0.790s] Invoked command in '/home/f1tenth/f1tenth_mrc_ws/build/wall_follow' returned '0': CMAKE_PREFIX_PATH=${CMAKE_PREFIX_PATH}:/home/f1tenth/f1tenth_mrc_ws/install/waypoint_logger:/home/f1tenth/f1tenth_mrc_ws/install/rrt_package:/home/f1tenth/f1tenth_mrc_ws/install/ppo_racing:/home/f1tenth/f1tenth_mrc_ws/install/particle_filter:/home/f1tenth/f1tenth_mrc_ws/install/f1tenth_gym_ros:/home/f1tenth/f1tenth_mrc_ws/install/camera_pkg:/opt/ros/foxy /usr/bin/cmake --install /home/f1tenth/f1tenth_mrc_ws/build/wall_follow
