[0.059s] Invoking command in '/home/f1tenth/realsense_ws/build/realsense2_camera_msgs': CMAKE_PREFIX_PATH=/opt/ros/foxy /usr/bin/cmake /home/f1tenth/realsense_ws/src/realsense-ros/realsense2_camera_msgs -DCMAKE_INSTALL_PREFIX=/home/f1tenth/realsense_ws/install/realsense2_camera_msgs
[0.296s] -- The C compiler identification is GNU 9.4.0
[0.518s] -- The CXX compiler identification is GNU 9.4.0
[0.534s] -- Check for working C compiler: /usr/bin/cc
[0.816s] -- Check for working C compiler: /usr/bin/cc -- works
[0.821s] -- Detecting C compiler ABI info
[1.117s] -- Detecting C compiler ABI info - done
[1.166s] -- Detecting C compile features
[1.167s] -- Detecting C compile features - done
[1.175s] -- Check for working CXX compiler: /usr/bin/c++
[1.488s] -- Check for working CXX compiler: /usr/bin/c++ -- works
[1.492s] -- Detecting CXX compiler ABI info
[1.831s] -- Detecting CXX compiler ABI info - done
[1.881s] -- Detecting CXX compile features
[1.883s] -- Detecting CXX compile features - done
[1.892s] -- Found ament_cmake: 0.9.12 (/opt/ros/foxy/share/ament_cmake/cmake)
[1.983s] -- Found PythonInterp: /usr/bin/python3 (found suitable version "3.8.10", minimum required is "3") 
[1.984s] -- Using PYTHON_EXECUTABLE: /usr/bin/python3
[2.764s] -- Found rosidl_default_generators: 1.0.1 (/opt/ros/foxy/share/rosidl_default_generators/cmake)
[2.774s] -- Using all available rosidl_typesupport_c: rosidl_typesupport_fastrtps_c;rosidl_typesupport_introspection_c
[2.797s] -- Found rosidl_adapter: 1.3.1 (/opt/ros/foxy/share/rosidl_adapter/cmake)
[3.217s] -- Found OpenSSL: /usr/lib/aarch64-linux-gnu/libcrypto.so (found version "1.1.1f")  
[3.323s] -- Found FastRTPS: /opt/ros/foxy/include  
[3.602s] -- Using all available rosidl_typesupport_cpp: rosidl_typesupport_fastrtps_cpp;rosidl_typesupport_introspection_cpp
[3.696s] -- Found builtin_interfaces: 1.0.0 (/opt/ros/foxy/share/builtin_interfaces/cmake)
[3.741s] -- Found std_msgs: 2.0.5 (/opt/ros/foxy/share/std_msgs/cmake)
[3.883s] -- Found PythonInterp: /usr/bin/python3 (found version "3.8.10") 
[4.510s] -- Found ament_cmake_cppcheck: 0.9.8 (/opt/ros/foxy/share/ament_cmake_cppcheck/cmake)
[4.517s] -- Found ament_cmake_cpplint: 0.9.8 (/opt/ros/foxy/share/ament_cmake_cpplint/cmake)
[4.523s] -- Found ament_cmake_uncrustify: 0.9.8 (/opt/ros/foxy/share/ament_cmake_uncrustify/cmake)
[4.530s] -- Found ament_cmake_ros: 0.9.2 (/opt/ros/foxy/share/ament_cmake_ros/cmake)
[5.196s] -- Using all available rosidl_typesupport_c: rosidl_typesupport_fastrtps_c;rosidl_typesupport_introspection_c
[5.444s] -- Using all available rosidl_typesupport_cpp: rosidl_typesupport_fastrtps_cpp;rosidl_typesupport_introspection_cpp
[5.541s] -- Found PythonInterp: /usr/bin/python3 (found suitable version "3.8.10", minimum required is "3.5") 
[5.546s] -- Found python_cmake_module: 0.8.1 (/opt/ros/foxy/share/python_cmake_module/cmake)
[5.645s] -- Found PythonLibs: /usr/lib/aarch64-linux-gnu/libpython3.8.so (found suitable version "3.8.10", minimum required is "3.5") 
[5.646s] -- Using PYTHON_EXECUTABLE: /usr/bin/python3
[5.647s] -- Using PYTHON_INCLUDE_DIRS: /usr/include/python3.8
[5.647s] -- Using PYTHON_LIBRARIES: /usr/lib/aarch64-linux-gnu/libpython3.8.so
[5.728s] -- Found PythonExtra: .so  
[5.957s] -- Found ament_cmake_flake8: 0.9.8 (/opt/ros/foxy/share/ament_cmake_flake8/cmake)
[5.964s] -- Found ament_cmake_pep257: 0.9.8 (/opt/ros/foxy/share/ament_cmake_pep257/cmake)
[6.009s] -- Configuring done
[6.238s] -- Generating done
[6.301s] -- Build files have been written to: /home/f1tenth/realsense_ws/build/realsense2_camera_msgs
[6.335s] Invoked command in '/home/f1tenth/realsense_ws/build/realsense2_camera_msgs' returned '0': CMAKE_PREFIX_PATH=/opt/ros/foxy /usr/bin/cmake /home/f1tenth/realsense_ws/src/realsense-ros/realsense2_camera_msgs -DCMAKE_INSTALL_PREFIX=/home/f1tenth/realsense_ws/install/realsense2_camera_msgs
[6.350s] Invoking command in '/home/f1tenth/realsense_ws/build/realsense2_camera_msgs': CMAKE_PREFIX_PATH=/opt/ros/foxy /usr/bin/cmake --build /home/f1tenth/realsense_ws/build/realsense2_camera_msgs -- -j4 -l4
[6.511s] [35m[1mScanning dependencies of target realsense2_camera_msgs__cpp[0m
[6.515s] [  1%] [34m[1mGenerating C code for ROS interfaces[0m
[6.552s] [  3%] [34m[1mGenerating C++ code for ROS interfaces[0m
[8.052s] [  3%] Built target realsense2_camera_msgs__cpp
[8.166s] [  5%] [34m[1mGenerating C++ type support dispatch for ROS interfaces[0m
[8.169s] [  7%] [34m[1mGenerating C++ type support for eProsima Fast-RTPS[0m
[8.178s] [  9%] [34m[1mGenerating C++ introspection for ROS interfaces[0m
[8.209s] [35m[1mScanning dependencies of target realsense2_camera_msgs__rosidl_generator_c[0m
[8.281s] [ 10%] [32mBuilding C object CMakeFiles/realsense2_camera_msgs__rosidl_generator_c.dir/rosidl_generator_c/realsense2_camera_msgs/msg/detail/imu_info__functions.c.o[0m
[8.549s] [ 12%] [32mBuilding C object CMakeFiles/realsense2_camera_msgs__rosidl_generator_c.dir/rosidl_generator_c/realsense2_camera_msgs/msg/detail/extrinsics__functions.c.o[0m
[8.800s] [ 14%] [32mBuilding C object CMakeFiles/realsense2_camera_msgs__rosidl_generator_c.dir/rosidl_generator_c/realsense2_camera_msgs/msg/detail/metadata__functions.c.o[0m
[9.056s] [ 16%] [32mBuilding C object CMakeFiles/realsense2_camera_msgs__rosidl_generator_c.dir/rosidl_generator_c/realsense2_camera_msgs/srv/detail/device_info__functions.c.o[0m
[9.375s] [35m[1mScanning dependencies of target realsense2_camera_msgs__rosidl_typesupport_cpp[0m
[9.392s] [ 18%] [32m[1mLinking C shared library librealsense2_camera_msgs__rosidl_generator_c.so[0m
[9.450s] [ 20%] [32mBuilding CXX object CMakeFiles/realsense2_camera_msgs__rosidl_typesupport_cpp.dir/rosidl_typesupport_cpp/realsense2_camera_msgs/msg/imu_info__type_support.cpp.o[0m
[9.587s] [ 20%] Built target realsense2_camera_msgs__rosidl_generator_c
[9.736s] [ 21%] [34m[1mGenerating C introspection for ROS interfaces[0m
[9.763s] [35m[1mScanning dependencies of target realsense2_camera_msgs__rosidl_typesupport_introspection_cpp[0m
[9.842s] [35m[1mScanning dependencies of target realsense2_camera_msgs__rosidl_typesupport_fastrtps_cpp[0m
[9.877s] [ 23%] [32mBuilding CXX object CMakeFiles/realsense2_camera_msgs__rosidl_typesupport_introspection_cpp.dir/rosidl_typesupport_introspection_cpp/realsense2_camera_msgs/msg/detail/imu_info__type_support.cpp.o[0m
[9.992s] [ 25%] [32mBuilding CXX object CMakeFiles/realsense2_camera_msgs__rosidl_typesupport_fastrtps_cpp.dir/rosidl_typesupport_fastrtps_cpp/realsense2_camera_msgs/msg/detail/dds_fastrtps/imu_info__type_support.cpp.o[0m
[10.933s] [ 27%] [32mBuilding CXX object CMakeFiles/realsense2_camera_msgs__rosidl_typesupport_cpp.dir/rosidl_typesupport_cpp/realsense2_camera_msgs/msg/extrinsics__type_support.cpp.o[0m
[11.616s] [ 29%] [32mBuilding CXX object CMakeFiles/realsense2_camera_msgs__rosidl_typesupport_introspection_cpp.dir/rosidl_typesupport_introspection_cpp/realsense2_camera_msgs/msg/detail/extrinsics__type_support.cpp.o[0m
[11.962s] [35m[1mScanning dependencies of target realsense2_camera_msgs__rosidl_typesupport_introspection_c[0m
[12.111s] [ 30%] [32mBuilding C object CMakeFiles/realsense2_camera_msgs__rosidl_typesupport_introspection_c.dir/rosidl_typesupport_introspection_c/realsense2_camera_msgs/msg/detail/imu_info__type_support.c.o[0m
[12.255s] [ 32%] [32mBuilding CXX object CMakeFiles/realsense2_camera_msgs__rosidl_typesupport_fastrtps_cpp.dir/rosidl_typesupport_fastrtps_cpp/realsense2_camera_msgs/msg/detail/dds_fastrtps/extrinsics__type_support.cpp.o[0m
[12.299s] [ 34%] [32mBuilding C object CMakeFiles/realsense2_camera_msgs__rosidl_typesupport_introspection_c.dir/rosidl_typesupport_introspection_c/realsense2_camera_msgs/msg/detail/extrinsics__type_support.c.o[0m
[12.421s] [ 36%] [32mBuilding CXX object CMakeFiles/realsense2_camera_msgs__rosidl_typesupport_cpp.dir/rosidl_typesupport_cpp/realsense2_camera_msgs/msg/metadata__type_support.cpp.o[0m
[12.496s] [ 38%] [32mBuilding C object CMakeFiles/realsense2_camera_msgs__rosidl_typesupport_introspection_c.dir/rosidl_typesupport_introspection_c/realsense2_camera_msgs/msg/detail/metadata__type_support.c.o[0m
[12.686s] [ 40%] [32mBuilding C object CMakeFiles/realsense2_camera_msgs__rosidl_typesupport_introspection_c.dir/rosidl_typesupport_introspection_c/realsense2_camera_msgs/srv/detail/device_info__type_support.c.o[0m
[12.876s] [ 41%] [32m[1mLinking C shared library librealsense2_camera_msgs__rosidl_typesupport_introspection_c.so[0m
[13.036s] [ 41%] Built target realsense2_camera_msgs__rosidl_typesupport_introspection_c
[13.077s] [ 43%] [32mBuilding CXX object CMakeFiles/realsense2_camera_msgs__rosidl_typesupport_cpp.dir/rosidl_typesupport_cpp/realsense2_camera_msgs/srv/device_info__type_support.cpp.o[0m
[13.148s] [ 45%] [32mBuilding CXX object CMakeFiles/realsense2_camera_msgs__rosidl_typesupport_introspection_cpp.dir/rosidl_typesupport_introspection_cpp/realsense2_camera_msgs/msg/detail/metadata__type_support.cpp.o[0m
[13.675s] [ 47%] [32mBuilding CXX object CMakeFiles/realsense2_camera_msgs__rosidl_typesupport_introspection_cpp.dir/rosidl_typesupport_introspection_cpp/realsense2_camera_msgs/srv/detail/device_info__type_support.cpp.o[0m
[14.097s] [ 49%] [32mBuilding CXX object CMakeFiles/realsense2_camera_msgs__rosidl_typesupport_fastrtps_cpp.dir/rosidl_typesupport_fastrtps_cpp/realsense2_camera_msgs/msg/detail/dds_fastrtps/metadata__type_support.cpp.o[0m
[14.394s] [ 50%] [32m[1mLinking CXX shared library librealsense2_camera_msgs__rosidl_typesupport_cpp.so[0m
[14.512s] [ 52%] [32mBuilding CXX object CMakeFiles/realsense2_camera_msgs__rosidl_typesupport_fastrtps_cpp.dir/rosidl_typesupport_fastrtps_cpp/realsense2_camera_msgs/srv/detail/dds_fastrtps/device_info__type_support.cpp.o[0m
[14.624s] [ 52%] Built target realsense2_camera_msgs__rosidl_typesupport_cpp
[14.677s] [ 54%] [34m[1mGenerating C type support dispatch for ROS interfaces[0m
[15.015s] [ 56%] [32m[1mLinking CXX shared library librealsense2_camera_msgs__rosidl_typesupport_introspection_cpp.so[0m
[15.336s] [ 56%] Built target realsense2_camera_msgs__rosidl_typesupport_introspection_cpp
[15.925s] [35m[1mScanning dependencies of target realsense2_camera_msgs__rosidl_typesupport_c[0m
[16.000s] [ 58%] [32mBuilding CXX object CMakeFiles/realsense2_camera_msgs__rosidl_typesupport_c.dir/rosidl_typesupport_c/realsense2_camera_msgs/msg/imu_info__type_support.cpp.o[0m
[16.018s] [ 60%] [32mBuilding CXX object CMakeFiles/realsense2_camera_msgs__rosidl_typesupport_c.dir/rosidl_typesupport_c/realsense2_camera_msgs/msg/metadata__type_support.cpp.o[0m
[16.019s] [ 61%] [32mBuilding CXX object CMakeFiles/realsense2_camera_msgs__rosidl_typesupport_c.dir/rosidl_typesupport_c/realsense2_camera_msgs/msg/extrinsics__type_support.cpp.o[0m
[16.200s] [ 63%] [32mBuilding CXX object CMakeFiles/realsense2_camera_msgs__rosidl_typesupport_c.dir/rosidl_typesupport_c/realsense2_camera_msgs/srv/device_info__type_support.cpp.o[0m
[16.364s] [ 65%] [32m[1mLinking CXX shared library librealsense2_camera_msgs__rosidl_typesupport_c.so[0m
[16.531s] [ 65%] Built target realsense2_camera_msgs__rosidl_typesupport_c
[16.590s] [ 67%] [32m[1mLinking CXX shared library librealsense2_camera_msgs__rosidl_typesupport_fastrtps_cpp.so[0m
[16.895s] [ 67%] Built target realsense2_camera_msgs__rosidl_typesupport_fastrtps_cpp
[16.934s] [ 69%] [34m[1mGenerating C type support for eProsima Fast-RTPS[0m
[18.199s] [35m[1mScanning dependencies of target realsense2_camera_msgs__rosidl_typesupport_fastrtps_c[0m
[18.294s] [ 72%] [32mBuilding CXX object CMakeFiles/realsense2_camera_msgs__rosidl_typesupport_fastrtps_c.dir/rosidl_typesupport_fastrtps_c/realsense2_camera_msgs/msg/detail/extrinsics__type_support_c.cpp.o[0m
[18.295s] [ 74%] [32mBuilding CXX object CMakeFiles/realsense2_camera_msgs__rosidl_typesupport_fastrtps_c.dir/rosidl_typesupport_fastrtps_c/realsense2_camera_msgs/msg/detail/imu_info__type_support_c.cpp.o[0m
[18.295s] [ 72%] [32mBuilding CXX object CMakeFiles/realsense2_camera_msgs__rosidl_typesupport_fastrtps_c.dir/rosidl_typesupport_fastrtps_c/realsense2_camera_msgs/msg/detail/metadata__type_support_c.cpp.o[0m
[18.319s] [ 76%] [32mBuilding CXX object CMakeFiles/realsense2_camera_msgs__rosidl_typesupport_fastrtps_c.dir/rosidl_typesupport_fastrtps_c/realsense2_camera_msgs/srv/detail/device_info__type_support_c.cpp.o[0m
[20.091s] [ 78%] [32m[1mLinking CXX shared library librealsense2_camera_msgs__rosidl_typesupport_fastrtps_c.so[0m
[20.396s] [ 78%] Built target realsense2_camera_msgs__rosidl_typesupport_fastrtps_c
[20.436s] [35m[1mScanning dependencies of target realsense2_camera_msgs[0m
[20.476s] [ 78%] Built target realsense2_camera_msgs
[20.516s] [35m[1mScanning dependencies of target realsense2_camera_msgs__py[0m
[20.557s] [ 80%] [34m[1mGenerating Python code for ROS interfaces[0m
[22.860s] [ 80%] Built target realsense2_camera_msgs__py
[22.904s] [35m[1mScanning dependencies of target realsense2_camera_msgs__python[0m
[23.018s] [ 81%] [32mBuilding C object CMakeFiles/realsense2_camera_msgs__python.dir/rosidl_generator_py/realsense2_camera_msgs/msg/_metadata_s.c.o[0m
[23.019s] [ 83%] [32mBuilding C object CMakeFiles/realsense2_camera_msgs__python.dir/rosidl_generator_py/realsense2_camera_msgs/msg/_extrinsics_s.c.o[0m
[23.019s] [ 85%] [32mBuilding C object CMakeFiles/realsense2_camera_msgs__python.dir/rosidl_generator_py/realsense2_camera_msgs/msg/_imu_info_s.c.o[0m
[23.043s] [ 87%] [32mBuilding C object CMakeFiles/realsense2_camera_msgs__python.dir/rosidl_generator_py/realsense2_camera_msgs/srv/_device_info_s.c.o[0m
[23.511s] [ 89%] [32m[1mLinking C shared library rosidl_generator_py/realsense2_camera_msgs/librealsense2_camera_msgs__python.so[0m
[23.691s] [ 89%] Built target realsense2_camera_msgs__python
[23.732s] [35m[1mScanning dependencies of target realsense2_camera_msgs__rosidl_typesupport_c__pyext[0m
[23.733s] [35m[1mScanning dependencies of target realsense2_camera_msgs__rosidl_typesupport_fastrtps_c__pyext[0m
[23.733s] [35m[1mScanning dependencies of target realsense2_camera_msgs__rosidl_typesupport_introspection_c__pyext[0m
[23.812s] [ 90%] [32mBuilding C object CMakeFiles/realsense2_camera_msgs__rosidl_typesupport_c__pyext.dir/rosidl_generator_py/realsense2_camera_msgs/_realsense2_camera_msgs_s.ep.rosidl_typesupport_c.c.o[0m
[23.825s] [ 92%] [32mBuilding C object CMakeFiles/realsense2_camera_msgs__rosidl_typesupport_introspection_c__pyext.dir/rosidl_generator_py/realsense2_camera_msgs/_realsense2_camera_msgs_s.ep.rosidl_typesupport_introspection_c.c.o[0m
[23.833s] [ 94%] [32mBuilding C object CMakeFiles/realsense2_camera_msgs__rosidl_typesupport_fastrtps_c__pyext.dir/rosidl_generator_py/realsense2_camera_msgs/_realsense2_camera_msgs_s.ep.rosidl_typesupport_fastrtps_c.c.o[0m
[24.233s] [ 98%] [32m[1mLinking C shared library rosidl_generator_py/realsense2_camera_msgs/realsense2_camera_msgs_s__rosidl_typesupport_introspection_c.cpython-38-aarch64-linux-gnu.so[0m
[24.233s] [ 98%] [32m[1mLinking C shared library rosidl_generator_py/realsense2_camera_msgs/realsense2_camera_msgs_s__rosidl_typesupport_c.cpython-38-aarch64-linux-gnu.so[0m
[24.287s] [100%] [32m[1mLinking CXX shared library rosidl_generator_py/realsense2_camera_msgs/realsense2_camera_msgs_s__rosidl_typesupport_fastrtps_c.cpython-38-aarch64-linux-gnu.so[0m
[24.403s] [100%] Built target realsense2_camera_msgs__rosidl_typesupport_c__pyext
[24.408s] [100%] Built target realsense2_camera_msgs__rosidl_typesupport_introspection_c__pyext
[24.552s] [100%] Built target realsense2_camera_msgs__rosidl_typesupport_fastrtps_c__pyext
[24.601s] Invoked command in '/home/f1tenth/realsense_ws/build/realsense2_camera_msgs' returned '0': CMAKE_PREFIX_PATH=/opt/ros/foxy /usr/bin/cmake --build /home/f1tenth/realsense_ws/build/realsense2_camera_msgs -- -j4 -l4
[24.657s] Invoking command in '/home/f1tenth/realsense_ws/build/realsense2_camera_msgs': CMAKE_PREFIX_PATH=/opt/ros/foxy /usr/bin/cmake --install /home/f1tenth/realsense_ws/build/realsense2_camera_msgs
[24.689s] -- Install configuration: ""
[24.690s] -- Installing: /home/f1tenth/realsense_ws/install/realsense2_camera_msgs/share/ament_index/resource_index/rosidl_interfaces/realsense2_camera_msgs
[24.691s] -- Installing: /home/f1tenth/realsense_ws/install/realsense2_camera_msgs/include/realsense2_camera_msgs
[24.691s] -- Installing: /home/f1tenth/realsense_ws/install/realsense2_camera_msgs/include/realsense2_camera_msgs/msg
[24.692s] -- Installing: /home/f1tenth/realsense_ws/install/realsense2_camera_msgs/include/realsense2_camera_msgs/msg/rosidl_generator_c__visibility_control.h
[24.692s] -- Installing: /home/f1tenth/realsense_ws/install/realsense2_camera_msgs/include/realsense2_camera_msgs/msg/imu_info.h
[24.693s] -- Installing: /home/f1tenth/realsense_ws/install/realsense2_camera_msgs/include/realsense2_camera_msgs/msg/metadata.h
[24.693s] -- Installing: /home/f1tenth/realsense_ws/install/realsense2_camera_msgs/include/realsense2_camera_msgs/msg/detail
[24.694s] -- Installing: /home/f1tenth/realsense_ws/install/realsense2_camera_msgs/include/realsense2_camera_msgs/msg/detail/extrinsics__functions.h
[24.694s] -- Installing: /home/f1tenth/realsense_ws/install/realsense2_camera_msgs/include/realsense2_camera_msgs/msg/detail/metadata__struct.h
[24.695s] -- Installing: /home/f1tenth/realsense_ws/install/realsense2_camera_msgs/include/realsense2_camera_msgs/msg/detail/imu_info__functions.c
[24.695s] -- Installing: /home/f1tenth/realsense_ws/install/realsense2_camera_msgs/include/realsense2_camera_msgs/msg/detail/extrinsics__functions.c
[24.695s] -- Installing: /home/f1tenth/realsense_ws/install/realsense2_camera_msgs/include/realsense2_camera_msgs/msg/detail/imu_info__struct.h
[24.696s] -- Installing: /home/f1tenth/realsense_ws/install/realsense2_camera_msgs/include/realsense2_camera_msgs/msg/detail/metadata__functions.h
[24.696s] -- Installing: /home/f1tenth/realsense_ws/install/realsense2_camera_msgs/include/realsense2_camera_msgs/msg/detail/metadata__functions.c
[24.697s] -- Installing: /home/f1tenth/realsense_ws/install/realsense2_camera_msgs/include/realsense2_camera_msgs/msg/detail/extrinsics__type_support.h
[24.697s] -- Installing: /home/f1tenth/realsense_ws/install/realsense2_camera_msgs/include/realsense2_camera_msgs/msg/detail/metadata__type_support.h
[24.698s] -- Installing: /home/f1tenth/realsense_ws/install/realsense2_camera_msgs/include/realsense2_camera_msgs/msg/detail/extrinsics__struct.h
[24.698s] -- Installing: /home/f1tenth/realsense_ws/install/realsense2_camera_msgs/include/realsense2_camera_msgs/msg/detail/imu_info__type_support.h
[24.699s] -- Installing: /home/f1tenth/realsense_ws/install/realsense2_camera_msgs/include/realsense2_camera_msgs/msg/detail/imu_info__functions.h
[24.699s] -- Installing: /home/f1tenth/realsense_ws/install/realsense2_camera_msgs/include/realsense2_camera_msgs/msg/extrinsics.h
[24.701s] -- Installing: /home/f1tenth/realsense_ws/install/realsense2_camera_msgs/include/realsense2_camera_msgs/srv
[24.702s] -- Installing: /home/f1tenth/realsense_ws/install/realsense2_camera_msgs/include/realsense2_camera_msgs/srv/device_info.h
[24.702s] -- Installing: /home/f1tenth/realsense_ws/install/realsense2_camera_msgs/include/realsense2_camera_msgs/srv/detail
[24.703s] -- Installing: /home/f1tenth/realsense_ws/install/realsense2_camera_msgs/include/realsense2_camera_msgs/srv/detail/device_info__struct.h
[24.703s] -- Installing: /home/f1tenth/realsense_ws/install/realsense2_camera_msgs/include/realsense2_camera_msgs/srv/detail/device_info__functions.h
[24.703s] -- Installing: /home/f1tenth/realsense_ws/install/realsense2_camera_msgs/include/realsense2_camera_msgs/srv/detail/device_info__type_support.h
[24.704s] -- Installing: /home/f1tenth/realsense_ws/install/realsense2_camera_msgs/include/realsense2_camera_msgs/srv/detail/device_info__functions.c
[24.704s] -- Installing: /home/f1tenth/realsense_ws/install/realsense2_camera_msgs/share/realsense2_camera_msgs/environment/library_path.sh
[24.705s] -- Installing: /home/f1tenth/realsense_ws/install/realsense2_camera_msgs/share/realsense2_camera_msgs/environment/library_path.dsv
[24.706s] -- Installing: /home/f1tenth/realsense_ws/install/realsense2_camera_msgs/lib/librealsense2_camera_msgs__rosidl_generator_c.so
[24.708s] -- Set runtime path of "/home/f1tenth/realsense_ws/install/realsense2_camera_msgs/lib/librealsense2_camera_msgs__rosidl_generator_c.so" to ""
[24.709s] -- Up-to-date: /home/f1tenth/realsense_ws/install/realsense2_camera_msgs/include/realsense2_camera_msgs
[24.709s] -- Up-to-date: /home/f1tenth/realsense_ws/install/realsense2_camera_msgs/include/realsense2_camera_msgs/msg
[24.710s] -- Installing: /home/f1tenth/realsense_ws/install/realsense2_camera_msgs/include/realsense2_camera_msgs/msg/rosidl_typesupport_fastrtps_c__visibility_control.h
[24.710s] -- Up-to-date: /home/f1tenth/realsense_ws/install/realsense2_camera_msgs/include/realsense2_camera_msgs/msg/detail
[24.711s] -- Installing: /home/f1tenth/realsense_ws/install/realsense2_camera_msgs/include/realsense2_camera_msgs/msg/detail/metadata__rosidl_typesupport_fastrtps_c.h
[24.711s] -- Installing: /home/f1tenth/realsense_ws/install/realsense2_camera_msgs/include/realsense2_camera_msgs/msg/detail/imu_info__rosidl_typesupport_fastrtps_c.h
[24.711s] -- Installing: /home/f1tenth/realsense_ws/install/realsense2_camera_msgs/include/realsense2_camera_msgs/msg/detail/extrinsics__rosidl_typesupport_fastrtps_c.h
[24.712s] -- Up-to-date: /home/f1tenth/realsense_ws/install/realsense2_camera_msgs/include/realsense2_camera_msgs/srv
[24.712s] -- Up-to-date: /home/f1tenth/realsense_ws/install/realsense2_camera_msgs/include/realsense2_camera_msgs/srv/detail
[24.712s] -- Installing: /home/f1tenth/realsense_ws/install/realsense2_camera_msgs/include/realsense2_camera_msgs/srv/detail/device_info__rosidl_typesupport_fastrtps_c.h
[24.713s] -- Installing: /home/f1tenth/realsense_ws/install/realsense2_camera_msgs/lib/librealsense2_camera_msgs__rosidl_typesupport_fastrtps_c.so
[24.715s] -- Set runtime path of "/home/f1tenth/realsense_ws/install/realsense2_camera_msgs/lib/librealsense2_camera_msgs__rosidl_typesupport_fastrtps_c.so" to ""
[24.715s] -- Up-to-date: /home/f1tenth/realsense_ws/install/realsense2_camera_msgs/include/realsense2_camera_msgs
[24.715s] -- Up-to-date: /home/f1tenth/realsense_ws/install/realsense2_camera_msgs/include/realsense2_camera_msgs/msg
[24.716s] -- Up-to-date: /home/f1tenth/realsense_ws/install/realsense2_camera_msgs/include/realsense2_camera_msgs/msg/detail
[24.716s] -- Installing: /home/f1tenth/realsense_ws/install/realsense2_camera_msgs/include/realsense2_camera_msgs/msg/detail/metadata__rosidl_typesupport_fastrtps_cpp.hpp
[24.717s] -- Installing: /home/f1tenth/realsense_ws/install/realsense2_camera_msgs/include/realsense2_camera_msgs/msg/detail/extrinsics__rosidl_typesupport_fastrtps_cpp.hpp
[24.717s] -- Installing: /home/f1tenth/realsense_ws/install/realsense2_camera_msgs/include/realsense2_camera_msgs/msg/detail/dds_fastrtps
[24.719s] -- Installing: /home/f1tenth/realsense_ws/install/realsense2_camera_msgs/include/realsense2_camera_msgs/msg/detail/imu_info__rosidl_typesupport_fastrtps_cpp.hpp
[24.719s] -- Installing: /home/f1tenth/realsense_ws/install/realsense2_camera_msgs/include/realsense2_camera_msgs/msg/rosidl_typesupport_fastrtps_cpp__visibility_control.h
[24.720s] -- Up-to-date: /home/f1tenth/realsense_ws/install/realsense2_camera_msgs/include/realsense2_camera_msgs/srv
[24.720s] -- Up-to-date: /home/f1tenth/realsense_ws/install/realsense2_camera_msgs/include/realsense2_camera_msgs/srv/detail
[24.720s] -- Installing: /home/f1tenth/realsense_ws/install/realsense2_camera_msgs/include/realsense2_camera_msgs/srv/detail/device_info__rosidl_typesupport_fastrtps_cpp.hpp
[24.720s] -- Installing: /home/f1tenth/realsense_ws/install/realsense2_camera_msgs/include/realsense2_camera_msgs/srv/detail/dds_fastrtps
[24.721s] -- Installing: /home/f1tenth/realsense_ws/install/realsense2_camera_msgs/lib/librealsense2_camera_msgs__rosidl_typesupport_fastrtps_cpp.so
[24.722s] -- Set runtime path of "/home/f1tenth/realsense_ws/install/realsense2_camera_msgs/lib/librealsense2_camera_msgs__rosidl_typesupport_fastrtps_cpp.so" to ""
[24.722s] -- Up-to-date: /home/f1tenth/realsense_ws/install/realsense2_camera_msgs/include/realsense2_camera_msgs
[24.723s] -- Up-to-date: /home/f1tenth/realsense_ws/install/realsense2_camera_msgs/include/realsense2_camera_msgs/msg
[24.723s] -- Installing: /home/f1tenth/realsense_ws/install/realsense2_camera_msgs/include/realsense2_camera_msgs/msg/rosidl_typesupport_introspection_c__visibility_control.h
[24.724s] -- Up-to-date: /home/f1tenth/realsense_ws/install/realsense2_camera_msgs/include/realsense2_camera_msgs/msg/detail
[24.724s] -- Installing: /home/f1tenth/realsense_ws/install/realsense2_camera_msgs/include/realsense2_camera_msgs/msg/detail/extrinsics__type_support.c
[24.725s] -- Installing: /home/f1tenth/realsense_ws/install/realsense2_camera_msgs/include/realsense2_camera_msgs/msg/detail/imu_info__type_support.c
[24.725s] -- Installing: /home/f1tenth/realsense_ws/install/realsense2_camera_msgs/include/realsense2_camera_msgs/msg/detail/metadata__type_support.c
[24.725s] -- Installing: /home/f1tenth/realsense_ws/install/realsense2_camera_msgs/include/realsense2_camera_msgs/msg/detail/metadata__rosidl_typesupport_introspection_c.h
[24.727s] -- Installing: /home/f1tenth/realsense_ws/install/realsense2_camera_msgs/include/realsense2_camera_msgs/msg/detail/extrinsics__rosidl_typesupport_introspection_c.h
[24.727s] -- Installing: /home/f1tenth/realsense_ws/install/realsense2_camera_msgs/include/realsense2_camera_msgs/msg/detail/imu_info__rosidl_typesupport_introspection_c.h
[24.727s] -- Up-to-date: /home/f1tenth/realsense_ws/install/realsense2_camera_msgs/include/realsense2_camera_msgs/srv
[24.728s] -- Up-to-date: /home/f1tenth/realsense_ws/install/realsense2_camera_msgs/include/realsense2_camera_msgs/srv/detail
[24.728s] -- Installing: /home/f1tenth/realsense_ws/install/realsense2_camera_msgs/include/realsense2_camera_msgs/srv/detail/device_info__rosidl_typesupport_introspection_c.h
[24.728s] -- Installing: /home/f1tenth/realsense_ws/install/realsense2_camera_msgs/include/realsense2_camera_msgs/srv/detail/device_info__type_support.c
[24.729s] -- Installing: /home/f1tenth/realsense_ws/install/realsense2_camera_msgs/lib/librealsense2_camera_msgs__rosidl_typesupport_introspection_c.so
[24.730s] -- Set runtime path of "/home/f1tenth/realsense_ws/install/realsense2_camera_msgs/lib/librealsense2_camera_msgs__rosidl_typesupport_introspection_c.so" to ""
[24.731s] -- Installing: /home/f1tenth/realsense_ws/install/realsense2_camera_msgs/lib/librealsense2_camera_msgs__rosidl_typesupport_c.so
[24.733s] -- Set runtime path of "/home/f1tenth/realsense_ws/install/realsense2_camera_msgs/lib/librealsense2_camera_msgs__rosidl_typesupport_c.so" to ""
[24.734s] -- Up-to-date: /home/f1tenth/realsense_ws/install/realsense2_camera_msgs/include/realsense2_camera_msgs
[24.735s] -- Up-to-date: /home/f1tenth/realsense_ws/install/realsense2_camera_msgs/include/realsense2_camera_msgs/msg
[24.735s] -- Installing: /home/f1tenth/realsense_ws/install/realsense2_camera_msgs/include/realsense2_camera_msgs/msg/extrinsics.hpp
[24.736s] -- Installing: /home/f1tenth/realsense_ws/install/realsense2_camera_msgs/include/realsense2_camera_msgs/msg/metadata.hpp
[24.736s] -- Installing: /home/f1tenth/realsense_ws/install/realsense2_camera_msgs/include/realsense2_camera_msgs/msg/imu_info.hpp
[24.737s] -- Up-to-date: /home/f1tenth/realsense_ws/install/realsense2_camera_msgs/include/realsense2_camera_msgs/msg/detail
[24.737s] -- Installing: /home/f1tenth/realsense_ws/install/realsense2_camera_msgs/include/realsense2_camera_msgs/msg/detail/extrinsics__type_support.hpp
[24.738s] -- Installing: /home/f1tenth/realsense_ws/install/realsense2_camera_msgs/include/realsense2_camera_msgs/msg/detail/imu_info__builder.hpp
[24.738s] -- Installing: /home/f1tenth/realsense_ws/install/realsense2_camera_msgs/include/realsense2_camera_msgs/msg/detail/extrinsics__builder.hpp
[24.738s] -- Installing: /home/f1tenth/realsense_ws/install/realsense2_camera_msgs/include/realsense2_camera_msgs/msg/detail/metadata__traits.hpp
[24.739s] -- Installing: /home/f1tenth/realsense_ws/install/realsense2_camera_msgs/include/realsense2_camera_msgs/msg/detail/imu_info__type_support.hpp
[24.740s] -- Installing: /home/f1tenth/realsense_ws/install/realsense2_camera_msgs/include/realsense2_camera_msgs/msg/detail/extrinsics__struct.hpp
[24.740s] -- Installing: /home/f1tenth/realsense_ws/install/realsense2_camera_msgs/include/realsense2_camera_msgs/msg/detail/metadata__builder.hpp
[24.742s] -- Installing: /home/f1tenth/realsense_ws/install/realsense2_camera_msgs/include/realsense2_camera_msgs/msg/detail/metadata__type_support.hpp
[24.744s] -- Installing: /home/f1tenth/realsense_ws/install/realsense2_camera_msgs/include/realsense2_camera_msgs/msg/detail/imu_info__struct.hpp
[24.744s] -- Installing: /home/f1tenth/realsense_ws/install/realsense2_camera_msgs/include/realsense2_camera_msgs/msg/detail/extrinsics__traits.hpp
[24.745s] -- Installing: /home/f1tenth/realsense_ws/install/realsense2_camera_msgs/include/realsense2_camera_msgs/msg/detail/metadata__struct.hpp
[24.745s] -- Installing: /home/f1tenth/realsense_ws/install/realsense2_camera_msgs/include/realsense2_camera_msgs/msg/detail/imu_info__traits.hpp
[24.745s] -- Installing: /home/f1tenth/realsense_ws/install/realsense2_camera_msgs/include/realsense2_camera_msgs/msg/rosidl_generator_cpp__visibility_control.hpp
[24.746s] -- Up-to-date: /home/f1tenth/realsense_ws/install/realsense2_camera_msgs/include/realsense2_camera_msgs/srv
[24.746s] -- Installing: /home/f1tenth/realsense_ws/install/realsense2_camera_msgs/include/realsense2_camera_msgs/srv/device_info.hpp
[24.747s] -- Up-to-date: /home/f1tenth/realsense_ws/install/realsense2_camera_msgs/include/realsense2_camera_msgs/srv/detail
[24.747s] -- Installing: /home/f1tenth/realsense_ws/install/realsense2_camera_msgs/include/realsense2_camera_msgs/srv/detail/device_info__builder.hpp
[24.748s] -- Installing: /home/f1tenth/realsense_ws/install/realsense2_camera_msgs/include/realsense2_camera_msgs/srv/detail/device_info__struct.hpp
[24.749s] -- Installing: /home/f1tenth/realsense_ws/install/realsense2_camera_msgs/include/realsense2_camera_msgs/srv/detail/device_info__type_support.hpp
[24.749s] -- Installing: /home/f1tenth/realsense_ws/install/realsense2_camera_msgs/include/realsense2_camera_msgs/srv/detail/device_info__traits.hpp
[24.750s] -- Up-to-date: /home/f1tenth/realsense_ws/install/realsense2_camera_msgs/include/realsense2_camera_msgs
[24.750s] -- Up-to-date: /home/f1tenth/realsense_ws/install/realsense2_camera_msgs/include/realsense2_camera_msgs/msg
[24.750s] -- Up-to-date: /home/f1tenth/realsense_ws/install/realsense2_camera_msgs/include/realsense2_camera_msgs/msg/detail
[24.751s] -- Installing: /home/f1tenth/realsense_ws/install/realsense2_camera_msgs/include/realsense2_camera_msgs/msg/detail/extrinsics__type_support.cpp
[24.751s] -- Installing: /home/f1tenth/realsense_ws/install/realsense2_camera_msgs/include/realsense2_camera_msgs/msg/detail/imu_info__type_support.cpp
[24.752s] -- Installing: /home/f1tenth/realsense_ws/install/realsense2_camera_msgs/include/realsense2_camera_msgs/msg/detail/imu_info__rosidl_typesupport_introspection_cpp.hpp
[24.752s] -- Installing: /home/f1tenth/realsense_ws/install/realsense2_camera_msgs/include/realsense2_camera_msgs/msg/detail/metadata__type_support.cpp
[24.752s] -- Installing: /home/f1tenth/realsense_ws/install/realsense2_camera_msgs/include/realsense2_camera_msgs/msg/detail/metadata__rosidl_typesupport_introspection_cpp.hpp
[24.753s] -- Installing: /home/f1tenth/realsense_ws/install/realsense2_camera_msgs/include/realsense2_camera_msgs/msg/detail/extrinsics__rosidl_typesupport_introspection_cpp.hpp
[24.753s] -- Up-to-date: /home/f1tenth/realsense_ws/install/realsense2_camera_msgs/include/realsense2_camera_msgs/srv
[24.753s] -- Up-to-date: /home/f1tenth/realsense_ws/install/realsense2_camera_msgs/include/realsense2_camera_msgs/srv/detail
[24.754s] -- Installing: /home/f1tenth/realsense_ws/install/realsense2_camera_msgs/include/realsense2_camera_msgs/srv/detail/device_info__rosidl_typesupport_introspection_cpp.hpp
[24.754s] -- Installing: /home/f1tenth/realsense_ws/install/realsense2_camera_msgs/include/realsense2_camera_msgs/srv/detail/device_info__type_support.cpp
[24.754s] -- Installing: /home/f1tenth/realsense_ws/install/realsense2_camera_msgs/lib/librealsense2_camera_msgs__rosidl_typesupport_introspection_cpp.so
[24.755s] -- Set runtime path of "/home/f1tenth/realsense_ws/install/realsense2_camera_msgs/lib/librealsense2_camera_msgs__rosidl_typesupport_introspection_cpp.so" to ""
[24.755s] -- Installing: /home/f1tenth/realsense_ws/install/realsense2_camera_msgs/lib/librealsense2_camera_msgs__rosidl_typesupport_cpp.so
[24.758s] -- Set runtime path of "/home/f1tenth/realsense_ws/install/realsense2_camera_msgs/lib/librealsense2_camera_msgs__rosidl_typesupport_cpp.so" to ""
[24.758s] -- Installing: /home/f1tenth/realsense_ws/install/realsense2_camera_msgs/share/realsense2_camera_msgs/environment/pythonpath.sh
[24.760s] -- Installing: /home/f1tenth/realsense_ws/install/realsense2_camera_msgs/share/realsense2_camera_msgs/environment/pythonpath.dsv
[24.760s] -- Installing: /home/f1tenth/realsense_ws/install/realsense2_camera_msgs/lib/python3.8/site-packages/realsense2_camera_msgs/__init__.py
[24.879s] Compiling '/home/f1tenth/realsense_ws/install/realsense2_camera_msgs/lib/python3.8/site-packages/realsense2_camera_msgs/__init__.py'...
[24.894s] -- Installing: /home/f1tenth/realsense_ws/install/realsense2_camera_msgs/lib/python3.8/site-packages/realsense2_camera_msgs/msg
[24.895s] -- Installing: /home/f1tenth/realsense_ws/install/realsense2_camera_msgs/lib/python3.8/site-packages/realsense2_camera_msgs/msg/_imu_info.py
[24.896s] -- Installing: /home/f1tenth/realsense_ws/install/realsense2_camera_msgs/lib/python3.8/site-packages/realsense2_camera_msgs/msg/_metadata_s.c
[24.897s] -- Installing: /home/f1tenth/realsense_ws/install/realsense2_camera_msgs/lib/python3.8/site-packages/realsense2_camera_msgs/msg/_metadata.py
[24.898s] -- Installing: /home/f1tenth/realsense_ws/install/realsense2_camera_msgs/lib/python3.8/site-packages/realsense2_camera_msgs/msg/_extrinsics.py
[24.899s] -- Installing: /home/f1tenth/realsense_ws/install/realsense2_camera_msgs/lib/python3.8/site-packages/realsense2_camera_msgs/msg/_extrinsics_s.c
[24.900s] -- Installing: /home/f1tenth/realsense_ws/install/realsense2_camera_msgs/lib/python3.8/site-packages/realsense2_camera_msgs/msg/__init__.py
[24.902s] -- Installing: /home/f1tenth/realsense_ws/install/realsense2_camera_msgs/lib/python3.8/site-packages/realsense2_camera_msgs/msg/_imu_info_s.c
[24.903s] -- Installing: /home/f1tenth/realsense_ws/install/realsense2_camera_msgs/lib/python3.8/site-packages/realsense2_camera_msgs/srv
[24.904s] -- Installing: /home/f1tenth/realsense_ws/install/realsense2_camera_msgs/lib/python3.8/site-packages/realsense2_camera_msgs/srv/_device_info_s.c
[24.905s] -- Installing: /home/f1tenth/realsense_ws/install/realsense2_camera_msgs/lib/python3.8/site-packages/realsense2_camera_msgs/srv/_device_info.py
[24.906s] -- Installing: /home/f1tenth/realsense_ws/install/realsense2_camera_msgs/lib/python3.8/site-packages/realsense2_camera_msgs/srv/__init__.py
[24.908s] -- Installing: /home/f1tenth/realsense_ws/install/realsense2_camera_msgs/lib/python3.8/site-packages/realsense2_camera_msgs/realsense2_camera_msgs_s__rosidl_typesupport_fastrtps_c.cpython-38-aarch64-linux-gnu.so
[24.910s] -- Set runtime path of "/home/f1tenth/realsense_ws/install/realsense2_camera_msgs/lib/python3.8/site-packages/realsense2_camera_msgs/realsense2_camera_msgs_s__rosidl_typesupport_fastrtps_c.cpython-38-aarch64-linux-gnu.so" to ""
[24.912s] -- Installing: /home/f1tenth/realsense_ws/install/realsense2_camera_msgs/lib/python3.8/site-packages/realsense2_camera_msgs/realsense2_camera_msgs_s__rosidl_typesupport_introspection_c.cpython-38-aarch64-linux-gnu.so
[24.915s] -- Set runtime path of "/home/f1tenth/realsense_ws/install/realsense2_camera_msgs/lib/python3.8/site-packages/realsense2_camera_msgs/realsense2_camera_msgs_s__rosidl_typesupport_introspection_c.cpython-38-aarch64-linux-gnu.so" to ""
[24.916s] -- Installing: /home/f1tenth/realsense_ws/install/realsense2_camera_msgs/lib/python3.8/site-packages/realsense2_camera_msgs/realsense2_camera_msgs_s__rosidl_typesupport_c.cpython-38-aarch64-linux-gnu.so
[24.918s] -- Set runtime path of "/home/f1tenth/realsense_ws/install/realsense2_camera_msgs/lib/python3.8/site-packages/realsense2_camera_msgs/realsense2_camera_msgs_s__rosidl_typesupport_c.cpython-38-aarch64-linux-gnu.so" to ""
[24.918s] -- Installing: /home/f1tenth/realsense_ws/install/realsense2_camera_msgs/lib/librealsense2_camera_msgs__python.so
[24.920s] -- Set runtime path of "/home/f1tenth/realsense_ws/install/realsense2_camera_msgs/lib/librealsense2_camera_msgs__python.so" to ""
[24.921s] -- Installing: /home/f1tenth/realsense_ws/install/realsense2_camera_msgs/share/realsense2_camera_msgs/msg/IMUInfo.idl
[24.922s] -- Installing: /home/f1tenth/realsense_ws/install/realsense2_camera_msgs/share/realsense2_camera_msgs/msg/Extrinsics.idl
[24.923s] -- Installing: /home/f1tenth/realsense_ws/install/realsense2_camera_msgs/share/realsense2_camera_msgs/msg/Metadata.idl
[24.923s] -- Installing: /home/f1tenth/realsense_ws/install/realsense2_camera_msgs/share/realsense2_camera_msgs/srv/DeviceInfo.idl
[24.924s] -- Installing: /home/f1tenth/realsense_ws/install/realsense2_camera_msgs/share/realsense2_camera_msgs/msg/IMUInfo.msg
[24.925s] -- Installing: /home/f1tenth/realsense_ws/install/realsense2_camera_msgs/share/realsense2_camera_msgs/msg/Extrinsics.msg
[24.927s] -- Installing: /home/f1tenth/realsense_ws/install/realsense2_camera_msgs/share/realsense2_camera_msgs/msg/Metadata.msg
[24.927s] -- Installing: /home/f1tenth/realsense_ws/install/realsense2_camera_msgs/share/realsense2_camera_msgs/srv/DeviceInfo.srv
[24.928s] -- Installing: /home/f1tenth/realsense_ws/install/realsense2_camera_msgs/share/realsense2_camera_msgs/srv/DeviceInfo_Request.msg
[24.929s] -- Installing: /home/f1tenth/realsense_ws/install/realsense2_camera_msgs/share/realsense2_camera_msgs/srv/DeviceInfo_Response.msg
[24.930s] -- Installing: /home/f1tenth/realsense_ws/install/realsense2_camera_msgs/share/ament_index/resource_index/package_run_dependencies/realsense2_camera_msgs
[24.931s] -- Installing: /home/f1tenth/realsense_ws/install/realsense2_camera_msgs/share/ament_index/resource_index/parent_prefix_path/realsense2_camera_msgs
[24.931s] -- Installing: /home/f1tenth/realsense_ws/install/realsense2_camera_msgs/share/realsense2_camera_msgs/environment/ament_prefix_path.sh
[24.932s] -- Installing: /home/f1tenth/realsense_ws/install/realsense2_camera_msgs/share/realsense2_camera_msgs/environment/ament_prefix_path.dsv
[24.933s] -- Installing: /home/f1tenth/realsense_ws/install/realsense2_camera_msgs/share/realsense2_camera_msgs/environment/path.sh
[24.933s] -- Installing: /home/f1tenth/realsense_ws/install/realsense2_camera_msgs/share/realsense2_camera_msgs/environment/path.dsv
[24.934s] -- Installing: /home/f1tenth/realsense_ws/install/realsense2_camera_msgs/share/realsense2_camera_msgs/local_setup.bash
[24.935s] -- Installing: /home/f1tenth/realsense_ws/install/realsense2_camera_msgs/share/realsense2_camera_msgs/local_setup.sh
[24.935s] -- Installing: /home/f1tenth/realsense_ws/install/realsense2_camera_msgs/share/realsense2_camera_msgs/local_setup.zsh
[24.936s] -- Installing: /home/f1tenth/realsense_ws/install/realsense2_camera_msgs/share/realsense2_camera_msgs/local_setup.dsv
[24.937s] -- Installing: /home/f1tenth/realsense_ws/install/realsense2_camera_msgs/share/realsense2_camera_msgs/package.dsv
[24.937s] -- Installing: /home/f1tenth/realsense_ws/install/realsense2_camera_msgs/share/ament_index/resource_index/packages/realsense2_camera_msgs
[24.938s] -- Installing: /home/f1tenth/realsense_ws/install/realsense2_camera_msgs/share/realsense2_camera_msgs/cmake/realsense2_camera_msgs__rosidl_generator_cExport.cmake
[24.939s] -- Installing: /home/f1tenth/realsense_ws/install/realsense2_camera_msgs/share/realsense2_camera_msgs/cmake/realsense2_camera_msgs__rosidl_generator_cExport-noconfig.cmake
[24.940s] -- Installing: /home/f1tenth/realsense_ws/install/realsense2_camera_msgs/share/realsense2_camera_msgs/cmake/realsense2_camera_msgs__rosidl_typesupport_introspection_cExport.cmake
[24.941s] -- Installing: /home/f1tenth/realsense_ws/install/realsense2_camera_msgs/share/realsense2_camera_msgs/cmake/realsense2_camera_msgs__rosidl_typesupport_introspection_cExport-noconfig.cmake
[24.943s] -- Installing: /home/f1tenth/realsense_ws/install/realsense2_camera_msgs/share/realsense2_camera_msgs/cmake/realsense2_camera_msgs__rosidl_typesupport_cExport.cmake
[24.945s] -- Installing: /home/f1tenth/realsense_ws/install/realsense2_camera_msgs/share/realsense2_camera_msgs/cmake/realsense2_camera_msgs__rosidl_typesupport_cExport-noconfig.cmake
[24.945s] -- Installing: /home/f1tenth/realsense_ws/install/realsense2_camera_msgs/share/realsense2_camera_msgs/cmake/realsense2_camera_msgs__rosidl_generator_cppExport.cmake
[24.946s] -- Installing: /home/f1tenth/realsense_ws/install/realsense2_camera_msgs/share/realsense2_camera_msgs/cmake/realsense2_camera_msgs__rosidl_typesupport_introspection_cppExport.cmake
[24.948s] -- Installing: /home/f1tenth/realsense_ws/install/realsense2_camera_msgs/share/realsense2_camera_msgs/cmake/realsense2_camera_msgs__rosidl_typesupport_introspection_cppExport-noconfig.cmake
[24.949s] -- Installing: /home/f1tenth/realsense_ws/install/realsense2_camera_msgs/share/realsense2_camera_msgs/cmake/realsense2_camera_msgs__rosidl_typesupport_cppExport.cmake
[24.949s] -- Installing: /home/f1tenth/realsense_ws/install/realsense2_camera_msgs/share/realsense2_camera_msgs/cmake/realsense2_camera_msgs__rosidl_typesupport_cppExport-noconfig.cmake
[24.950s] -- Installing: /home/f1tenth/realsense_ws/install/realsense2_camera_msgs/share/realsense2_camera_msgs/cmake/rosidl_cmake-extras.cmake
[24.951s] -- Installing: /home/f1tenth/realsense_ws/install/realsense2_camera_msgs/share/realsense2_camera_msgs/cmake/ament_cmake_export_dependencies-extras.cmake
[24.952s] -- Installing: /home/f1tenth/realsense_ws/install/realsense2_camera_msgs/share/realsense2_camera_msgs/cmake/ament_cmake_export_libraries-extras.cmake
[24.952s] -- Installing: /home/f1tenth/realsense_ws/install/realsense2_camera_msgs/share/realsense2_camera_msgs/cmake/ament_cmake_export_targets-extras.cmake
[24.953s] -- Installing: /home/f1tenth/realsense_ws/install/realsense2_camera_msgs/share/realsense2_camera_msgs/cmake/ament_cmake_export_include_directories-extras.cmake
[24.954s] -- Installing: /home/f1tenth/realsense_ws/install/realsense2_camera_msgs/share/realsense2_camera_msgs/cmake/rosidl_cmake_export_typesupport_libraries-extras.cmake
[24.954s] -- Installing: /home/f1tenth/realsense_ws/install/realsense2_camera_msgs/share/realsense2_camera_msgs/cmake/rosidl_cmake_export_typesupport_targets-extras.cmake
[24.955s] -- Installing: /home/f1tenth/realsense_ws/install/realsense2_camera_msgs/share/realsense2_camera_msgs/cmake/realsense2_camera_msgsConfig.cmake
[24.956s] -- Installing: /home/f1tenth/realsense_ws/install/realsense2_camera_msgs/share/realsense2_camera_msgs/cmake/realsense2_camera_msgsConfig-version.cmake
[24.956s] -- Installing: /home/f1tenth/realsense_ws/install/realsense2_camera_msgs/share/realsense2_camera_msgs/package.xml
[24.970s] Invoked command in '/home/f1tenth/realsense_ws/build/realsense2_camera_msgs' returned '0': CMAKE_PREFIX_PATH=/opt/ros/foxy /usr/bin/cmake --install /home/f1tenth/realsense_ws/build/realsense2_camera_msgs
