[0.721s] DEBUG:colcon:Command line arguments: ['/usr/bin/colcon', 'build']
[0.722s] DEBUG:colcon:Parsed command line arguments: Namespace(allow_overriding=[], ament_cmake_args=None, base_paths=['.'], build_base='build', catkin_cmake_args=None, catkin_skip_building_tests=False, cmake_args=None, cmake_clean_cache=False, cmake_clean_first=False, cmake_force_configure=False, cmake_target=None, cmake_target_skip_unavailable=False, continue_on_error=False, event_handlers=None, executor='parallel', ignore_user_meta=False, install_base='install', log_base=None, log_level=None, main=<bound method BuildVerb.main of <colcon_core.verb.build.BuildVerb object at 0xffff8295ad60>>, merge_install=False, metas=['./colcon.meta'], mixin=None, mixin_files=None, mixin_verb=('build',), packages_above=None, packages_above_and_dependencies=None, packages_above_depth=None, packages_end=None, packages_ignore=None, packages_ignore_regex=None, packages_select=None, packages_select_build_failed=False, packages_select_by_dep=None, packages_select_regex=None, packages_select_test_failures=False, packages_skip=None, packages_skip_build_finished=False, packages_skip_by_dep=None, packages_skip_regex=None, packages_skip_test_passed=False, packages_skip_up_to=None, packages_start=None, packages_up_to=None, packages_up_to_regex=None, parallel_workers=4, paths=None, symlink_install=False, test_result_base=None, verb_extension=<colcon_core.verb.build.BuildVerb object at 0xffff8295ad60>, verb_name='build', verb_parser=<colcon_mixin.mixin.mixin_argument.MixinArgumentDecorator object at 0xffff828e8400>)
[1.384s] Level 1:colcon.colcon_core.package_discovery:discover_packages(colcon_meta) check parameters
[1.384s] Level 1:colcon.colcon_core.package_discovery:discover_packages(recursive) check parameters
[1.384s] Level 1:colcon.colcon_core.package_discovery:discover_packages(ignore) check parameters
[1.385s] Level 1:colcon.colcon_core.package_discovery:discover_packages(path) check parameters
[1.385s] Level 1:colcon.colcon_core.package_discovery:discover_packages(colcon_meta) discover
[1.385s] Level 1:colcon.colcon_core.package_discovery:discover_packages(recursive) discover
[1.385s] INFO:colcon.colcon_core.package_discovery:Crawling recursively for packages in '/home/f1tenth/realsense_ws'
[1.386s] Level 1:colcon.colcon_core.package_identification:_identify(.) by extensions ['ignore', 'ignore_ament_install']
[1.386s] Level 1:colcon.colcon_core.package_identification:_identify(.) by extension 'ignore'
[1.386s] Level 1:colcon.colcon_core.package_identification:_identify(.) by extension 'ignore_ament_install'
[1.386s] Level 1:colcon.colcon_core.package_identification:_identify(.) by extensions ['colcon_pkg']
[1.386s] Level 1:colcon.colcon_core.package_identification:_identify(.) by extension 'colcon_pkg'
[1.387s] Level 1:colcon.colcon_core.package_identification:_identify(.) by extensions ['colcon_meta']
[1.387s] Level 1:colcon.colcon_core.package_identification:_identify(.) by extension 'colcon_meta'
[1.387s] Level 1:colcon.colcon_core.package_identification:_identify(.) by extensions ['ros']
[1.387s] Level 1:colcon.colcon_core.package_identification:_identify(.) by extension 'ros'
[1.458s] Level 1:colcon.colcon_core.package_identification:_identify(.) by extensions ['cmake', 'python']
[1.458s] Level 1:colcon.colcon_core.package_identification:_identify(.) by extension 'cmake'
[1.459s] Level 1:colcon.colcon_core.package_identification:_identify(.) by extension 'python'
[1.459s] Level 1:colcon.colcon_core.package_identification:_identify(.) by extensions ['python_setup_py']
[1.459s] Level 1:colcon.colcon_core.package_identification:_identify(.) by extension 'python_setup_py'
[1.460s] Level 1:colcon.colcon_core.package_identification:_identify(build) by extensions ['ignore', 'ignore_ament_install']
[1.460s] Level 1:colcon.colcon_core.package_identification:_identify(build) by extension 'ignore'
[1.460s] Level 1:colcon.colcon_core.package_identification:_identify(build) ignored
[1.461s] Level 1:colcon.colcon_core.package_identification:_identify(install) by extensions ['ignore', 'ignore_ament_install']
[1.461s] Level 1:colcon.colcon_core.package_identification:_identify(install) by extension 'ignore'
[1.461s] Level 1:colcon.colcon_core.package_identification:_identify(install) ignored
[1.462s] Level 1:colcon.colcon_core.package_identification:_identify(log) by extensions ['ignore', 'ignore_ament_install']
[1.462s] Level 1:colcon.colcon_core.package_identification:_identify(log) by extension 'ignore'
[1.462s] Level 1:colcon.colcon_core.package_identification:_identify(log) ignored
[1.462s] Level 1:colcon.colcon_core.package_identification:_identify(src) by extensions ['ignore', 'ignore_ament_install']
[1.463s] Level 1:colcon.colcon_core.package_identification:_identify(src) by extension 'ignore'
[1.463s] Level 1:colcon.colcon_core.package_identification:_identify(src) by extension 'ignore_ament_install'
[1.463s] Level 1:colcon.colcon_core.package_identification:_identify(src) by extensions ['colcon_pkg']
[1.463s] Level 1:colcon.colcon_core.package_identification:_identify(src) by extension 'colcon_pkg'
[1.463s] Level 1:colcon.colcon_core.package_identification:_identify(src) by extensions ['colcon_meta']
[1.463s] Level 1:colcon.colcon_core.package_identification:_identify(src) by extension 'colcon_meta'
[1.464s] Level 1:colcon.colcon_core.package_identification:_identify(src) by extensions ['ros']
[1.464s] Level 1:colcon.colcon_core.package_identification:_identify(src) by extension 'ros'
[1.464s] Level 1:colcon.colcon_core.package_identification:_identify(src) by extensions ['cmake', 'python']
[1.464s] Level 1:colcon.colcon_core.package_identification:_identify(src) by extension 'cmake'
[1.464s] Level 1:colcon.colcon_core.package_identification:_identify(src) by extension 'python'
[1.465s] Level 1:colcon.colcon_core.package_identification:_identify(src) by extensions ['python_setup_py']
[1.465s] Level 1:colcon.colcon_core.package_identification:_identify(src) by extension 'python_setup_py'
[1.465s] Level 1:colcon.colcon_core.package_identification:_identify(src/realsense-ros) by extensions ['ignore', 'ignore_ament_install']
[1.465s] Level 1:colcon.colcon_core.package_identification:_identify(src/realsense-ros) by extension 'ignore'
[1.466s] Level 1:colcon.colcon_core.package_identification:_identify(src/realsense-ros) by extension 'ignore_ament_install'
[1.466s] Level 1:colcon.colcon_core.package_identification:_identify(src/realsense-ros) by extensions ['colcon_pkg']
[1.466s] Level 1:colcon.colcon_core.package_identification:_identify(src/realsense-ros) by extension 'colcon_pkg'
[1.466s] Level 1:colcon.colcon_core.package_identification:_identify(src/realsense-ros) by extensions ['colcon_meta']
[1.466s] Level 1:colcon.colcon_core.package_identification:_identify(src/realsense-ros) by extension 'colcon_meta'
[1.466s] Level 1:colcon.colcon_core.package_identification:_identify(src/realsense-ros) by extensions ['ros']
[1.466s] Level 1:colcon.colcon_core.package_identification:_identify(src/realsense-ros) by extension 'ros'
[1.467s] Level 1:colcon.colcon_core.package_identification:_identify(src/realsense-ros) by extensions ['cmake', 'python']
[1.467s] Level 1:colcon.colcon_core.package_identification:_identify(src/realsense-ros) by extension 'cmake'
[1.467s] Level 1:colcon.colcon_core.package_identification:_identify(src/realsense-ros) by extension 'python'
[1.467s] Level 1:colcon.colcon_core.package_identification:_identify(src/realsense-ros) by extensions ['python_setup_py']
[1.467s] Level 1:colcon.colcon_core.package_identification:_identify(src/realsense-ros) by extension 'python_setup_py'
[1.468s] Level 1:colcon.colcon_core.package_identification:_identify(src/realsense-ros/realsense2_camera) by extensions ['ignore', 'ignore_ament_install']
[1.468s] Level 1:colcon.colcon_core.package_identification:_identify(src/realsense-ros/realsense2_camera) by extension 'ignore'
[1.468s] Level 1:colcon.colcon_core.package_identification:_identify(src/realsense-ros/realsense2_camera) by extension 'ignore_ament_install'
[1.468s] Level 1:colcon.colcon_core.package_identification:_identify(src/realsense-ros/realsense2_camera) by extensions ['colcon_pkg']
[1.469s] Level 1:colcon.colcon_core.package_identification:_identify(src/realsense-ros/realsense2_camera) by extension 'colcon_pkg'
[1.469s] Level 1:colcon.colcon_core.package_identification:_identify(src/realsense-ros/realsense2_camera) by extensions ['colcon_meta']
[1.469s] Level 1:colcon.colcon_core.package_identification:_identify(src/realsense-ros/realsense2_camera) by extension 'colcon_meta'
[1.469s] Level 1:colcon.colcon_core.package_identification:_identify(src/realsense-ros/realsense2_camera) by extensions ['ros']
[1.469s] Level 1:colcon.colcon_core.package_identification:_identify(src/realsense-ros/realsense2_camera) by extension 'ros'
[1.485s] DEBUG:colcon.colcon_core.package_identification:Package 'src/realsense-ros/realsense2_camera' with type 'ros.ament_cmake' and name 'realsense2_camera'
[1.486s] Level 1:colcon.colcon_core.package_identification:_identify(src/realsense-ros/realsense2_camera_msgs) by extensions ['ignore', 'ignore_ament_install']
[1.486s] Level 1:colcon.colcon_core.package_identification:_identify(src/realsense-ros/realsense2_camera_msgs) by extension 'ignore'
[1.487s] Level 1:colcon.colcon_core.package_identification:_identify(src/realsense-ros/realsense2_camera_msgs) by extension 'ignore_ament_install'
[1.487s] Level 1:colcon.colcon_core.package_identification:_identify(src/realsense-ros/realsense2_camera_msgs) by extensions ['colcon_pkg']
[1.487s] Level 1:colcon.colcon_core.package_identification:_identify(src/realsense-ros/realsense2_camera_msgs) by extension 'colcon_pkg'
[1.487s] Level 1:colcon.colcon_core.package_identification:_identify(src/realsense-ros/realsense2_camera_msgs) by extensions ['colcon_meta']
[1.487s] Level 1:colcon.colcon_core.package_identification:_identify(src/realsense-ros/realsense2_camera_msgs) by extension 'colcon_meta'
[1.488s] Level 1:colcon.colcon_core.package_identification:_identify(src/realsense-ros/realsense2_camera_msgs) by extensions ['ros']
[1.488s] Level 1:colcon.colcon_core.package_identification:_identify(src/realsense-ros/realsense2_camera_msgs) by extension 'ros'
[1.490s] DEBUG:colcon.colcon_core.package_identification:Package 'src/realsense-ros/realsense2_camera_msgs' with type 'ros.ament_cmake' and name 'realsense2_camera_msgs'
[1.491s] Level 1:colcon.colcon_core.package_identification:_identify(src/realsense-ros/realsense2_description) by extensions ['ignore', 'ignore_ament_install']
[1.491s] Level 1:colcon.colcon_core.package_identification:_identify(src/realsense-ros/realsense2_description) by extension 'ignore'
[1.491s] Level 1:colcon.colcon_core.package_identification:_identify(src/realsense-ros/realsense2_description) by extension 'ignore_ament_install'
[1.492s] Level 1:colcon.colcon_core.package_identification:_identify(src/realsense-ros/realsense2_description) by extensions ['colcon_pkg']
[1.492s] Level 1:colcon.colcon_core.package_identification:_identify(src/realsense-ros/realsense2_description) by extension 'colcon_pkg'
[1.492s] Level 1:colcon.colcon_core.package_identification:_identify(src/realsense-ros/realsense2_description) by extensions ['colcon_meta']
[1.492s] Level 1:colcon.colcon_core.package_identification:_identify(src/realsense-ros/realsense2_description) by extension 'colcon_meta'
[1.492s] Level 1:colcon.colcon_core.package_identification:_identify(src/realsense-ros/realsense2_description) by extensions ['ros']
[1.492s] Level 1:colcon.colcon_core.package_identification:_identify(src/realsense-ros/realsense2_description) by extension 'ros'
[1.497s] DEBUG:colcon.colcon_core.package_identification:Package 'src/realsense-ros/realsense2_description' with type 'ros.ament_cmake' and name 'realsense2_description'
[1.497s] Level 1:colcon.colcon_core.package_discovery:discover_packages(recursive) using defaults
[1.497s] Level 1:colcon.colcon_core.package_discovery:discover_packages(ignore) discover
[1.497s] Level 1:colcon.colcon_core.package_discovery:discover_packages(ignore) using defaults
[1.497s] Level 1:colcon.colcon_core.package_discovery:discover_packages(path) discover
[1.498s] Level 1:colcon.colcon_core.package_discovery:discover_packages(path) using defaults
[1.568s] Level 1:colcon.colcon_core.package_discovery:discover_packages(prefix_path) check parameters
[1.568s] Level 1:colcon.colcon_core.package_discovery:discover_packages(prefix_path) discover
[1.575s] DEBUG:colcon.colcon_installed_package_information.package_discovery:Found 3 installed packages in /home/f1tenth/realsense_ws/install
[1.581s] DEBUG:colcon.colcon_installed_package_information.package_discovery:Found 307 installed packages in /opt/ros/foxy
[1.590s] Level 1:colcon.colcon_core.package_discovery:discover_packages(prefix_path) using defaults
[1.822s] Level 5:colcon.colcon_core.verb:set package 'realsense2_camera_msgs' build argument 'cmake_args' from command line to 'None'
[1.822s] Level 5:colcon.colcon_core.verb:set package 'realsense2_camera_msgs' build argument 'cmake_target' from command line to 'None'
[1.822s] Level 5:colcon.colcon_core.verb:set package 'realsense2_camera_msgs' build argument 'cmake_target_skip_unavailable' from command line to 'False'
[1.823s] Level 5:colcon.colcon_core.verb:set package 'realsense2_camera_msgs' build argument 'cmake_clean_cache' from command line to 'False'
[1.823s] Level 5:colcon.colcon_core.verb:set package 'realsense2_camera_msgs' build argument 'cmake_clean_first' from command line to 'False'
[1.823s] Level 5:colcon.colcon_core.verb:set package 'realsense2_camera_msgs' build argument 'cmake_force_configure' from command line to 'False'
[1.823s] Level 5:colcon.colcon_core.verb:set package 'realsense2_camera_msgs' build argument 'ament_cmake_args' from command line to 'None'
[1.823s] Level 5:colcon.colcon_core.verb:set package 'realsense2_camera_msgs' build argument 'catkin_cmake_args' from command line to 'None'
[1.823s] Level 5:colcon.colcon_core.verb:set package 'realsense2_camera_msgs' build argument 'catkin_skip_building_tests' from command line to 'False'
[1.823s] DEBUG:colcon.colcon_core.verb:Building package 'realsense2_camera_msgs' with the following arguments: {'ament_cmake_args': None, 'build_base': '/home/f1tenth/realsense_ws/build/realsense2_camera_msgs', 'catkin_cmake_args': None, 'catkin_skip_building_tests': False, 'cmake_args': None, 'cmake_clean_cache': False, 'cmake_clean_first': False, 'cmake_force_configure': False, 'cmake_target': None, 'cmake_target_skip_unavailable': False, 'install_base': '/home/f1tenth/realsense_ws/install/realsense2_camera_msgs', 'merge_install': False, 'path': '/home/f1tenth/realsense_ws/src/realsense-ros/realsense2_camera_msgs', 'symlink_install': False, 'test_result_base': None}
[1.825s] Level 5:colcon.colcon_core.verb:set package 'realsense2_camera' build argument 'cmake_args' from command line to 'None'
[1.825s] Level 5:colcon.colcon_core.verb:set package 'realsense2_camera' build argument 'cmake_target' from command line to 'None'
[1.825s] Level 5:colcon.colcon_core.verb:set package 'realsense2_camera' build argument 'cmake_target_skip_unavailable' from command line to 'False'
[1.825s] Level 5:colcon.colcon_core.verb:set package 'realsense2_camera' build argument 'cmake_clean_cache' from command line to 'False'
[1.826s] Level 5:colcon.colcon_core.verb:set package 'realsense2_camera' build argument 'cmake_clean_first' from command line to 'False'
[1.826s] Level 5:colcon.colcon_core.verb:set package 'realsense2_camera' build argument 'cmake_force_configure' from command line to 'False'
[1.826s] Level 5:colcon.colcon_core.verb:set package 'realsense2_camera' build argument 'ament_cmake_args' from command line to 'None'
[1.826s] Level 5:colcon.colcon_core.verb:set package 'realsense2_camera' build argument 'catkin_cmake_args' from command line to 'None'
[1.826s] Level 5:colcon.colcon_core.verb:set package 'realsense2_camera' build argument 'catkin_skip_building_tests' from command line to 'False'
[1.826s] DEBUG:colcon.colcon_core.verb:Building package 'realsense2_camera' with the following arguments: {'ament_cmake_args': None, 'build_base': '/home/f1tenth/realsense_ws/build/realsense2_camera', 'catkin_cmake_args': None, 'catkin_skip_building_tests': False, 'cmake_args': None, 'cmake_clean_cache': False, 'cmake_clean_first': False, 'cmake_force_configure': False, 'cmake_target': None, 'cmake_target_skip_unavailable': False, 'install_base': '/home/f1tenth/realsense_ws/install/realsense2_camera', 'merge_install': False, 'path': '/home/f1tenth/realsense_ws/src/realsense-ros/realsense2_camera', 'symlink_install': False, 'test_result_base': None}
[1.827s] Level 5:colcon.colcon_core.verb:set package 'realsense2_description' build argument 'cmake_args' from command line to 'None'
[1.828s] Level 5:colcon.colcon_core.verb:set package 'realsense2_description' build argument 'cmake_target' from command line to 'None'
[1.828s] Level 5:colcon.colcon_core.verb:set package 'realsense2_description' build argument 'cmake_target_skip_unavailable' from command line to 'False'
[1.828s] Level 5:colcon.colcon_core.verb:set package 'realsense2_description' build argument 'cmake_clean_cache' from command line to 'False'
[1.828s] Level 5:colcon.colcon_core.verb:set package 'realsense2_description' build argument 'cmake_clean_first' from command line to 'False'
[1.828s] Level 5:colcon.colcon_core.verb:set package 'realsense2_description' build argument 'cmake_force_configure' from command line to 'False'
[1.828s] Level 5:colcon.colcon_core.verb:set package 'realsense2_description' build argument 'ament_cmake_args' from command line to 'None'
[1.828s] Level 5:colcon.colcon_core.verb:set package 'realsense2_description' build argument 'catkin_cmake_args' from command line to 'None'
[1.828s] Level 5:colcon.colcon_core.verb:set package 'realsense2_description' build argument 'catkin_skip_building_tests' from command line to 'False'
[1.829s] DEBUG:colcon.colcon_core.verb:Building package 'realsense2_description' with the following arguments: {'ament_cmake_args': None, 'build_base': '/home/f1tenth/realsense_ws/build/realsense2_description', 'catkin_cmake_args': None, 'catkin_skip_building_tests': False, 'cmake_args': None, 'cmake_clean_cache': False, 'cmake_clean_first': False, 'cmake_force_configure': False, 'cmake_target': None, 'cmake_target_skip_unavailable': False, 'install_base': '/home/f1tenth/realsense_ws/install/realsense2_description', 'merge_install': False, 'path': '/home/f1tenth/realsense_ws/src/realsense-ros/realsense2_description', 'symlink_install': False, 'test_result_base': None}
[1.829s] INFO:colcon.colcon_core.executor:Executing jobs using 'parallel' executor
[1.833s] DEBUG:colcon.colcon_parallel_executor.executor.parallel:run_until_complete
[1.835s] INFO:colcon.colcon_ros.task.ament_cmake.build:Building ROS package in '/home/f1tenth/realsense_ws/src/realsense-ros/realsense2_camera_msgs' with build type 'ament_cmake'
[1.835s] INFO:colcon.colcon_cmake.task.cmake.build:Building CMake package in '/home/f1tenth/realsense_ws/src/realsense-ros/realsense2_camera_msgs'
[1.842s] INFO:colcon.colcon_core.plugin_system:Skipping extension 'colcon_core.shell.bat': Not used on non-Windows systems
[1.843s] INFO:colcon.colcon_core.shell:Skip shell extension 'powershell' for command environment: Not usable outside of PowerShell
[1.843s] DEBUG:colcon.colcon_core.shell:Skip shell extension 'dsv' for command environment
[1.903s] DEBUG:colcon.colcon_core.event_handler.log_command:Invoking command in '/home/f1tenth/realsense_ws/build/realsense2_camera_msgs': CMAKE_PREFIX_PATH=${CMAKE_PREFIX_PATH}:/opt/ros/foxy /usr/bin/cmake --build /home/f1tenth/realsense_ws/build/realsense2_camera_msgs -- -j4 -l4
[2.907s] DEBUG:colcon.colcon_core.event_handler.log_command:Invoked command in '/home/f1tenth/realsense_ws/build/realsense2_camera_msgs' returned '0': CMAKE_PREFIX_PATH=${CMAKE_PREFIX_PATH}:/opt/ros/foxy /usr/bin/cmake --build /home/f1tenth/realsense_ws/build/realsense2_camera_msgs -- -j4 -l4
[2.963s] DEBUG:colcon.colcon_core.event_handler.log_command:Invoking command in '/home/f1tenth/realsense_ws/build/realsense2_camera_msgs': CMAKE_PREFIX_PATH=${CMAKE_PREFIX_PATH}:/opt/ros/foxy /usr/bin/cmake --install /home/f1tenth/realsense_ws/build/realsense2_camera_msgs
[3.208s] Level 1:colcon.colcon_core.environment:create_environment_scripts_only(realsense2_camera_msgs)
[3.212s] DEBUG:colcon.colcon_core.event_handler.log_command:Invoked command in '/home/f1tenth/realsense_ws/build/realsense2_camera_msgs' returned '0': CMAKE_PREFIX_PATH=${CMAKE_PREFIX_PATH}:/opt/ros/foxy /usr/bin/cmake --install /home/f1tenth/realsense_ws/build/realsense2_camera_msgs
[3.221s] Level 1:colcon.colcon_core.environment:checking '/home/f1tenth/realsense_ws/install/realsense2_camera_msgs' for CMake module files
[3.224s] Level 1:colcon.colcon_core.environment:checking '/home/f1tenth/realsense_ws/install/realsense2_camera_msgs' for CMake config files
[3.227s] Level 1:colcon.colcon_core.shell:create_environment_hook('realsense2_camera_msgs', 'cmake_prefix_path')
[3.229s] INFO:colcon.colcon_core.shell:Creating environment hook '/home/f1tenth/realsense_ws/install/realsense2_camera_msgs/share/realsense2_camera_msgs/hook/cmake_prefix_path.ps1'
[3.233s] INFO:colcon.colcon_core.shell:Creating environment descriptor '/home/f1tenth/realsense_ws/install/realsense2_camera_msgs/share/realsense2_camera_msgs/hook/cmake_prefix_path.dsv'
[3.235s] INFO:colcon.colcon_core.shell:Creating environment hook '/home/f1tenth/realsense_ws/install/realsense2_camera_msgs/share/realsense2_camera_msgs/hook/cmake_prefix_path.sh'
[3.241s] Level 1:colcon.colcon_core.environment:checking '/home/f1tenth/realsense_ws/install/realsense2_camera_msgs/lib'
[3.241s] Level 1:colcon.colcon_core.shell:create_environment_hook('realsense2_camera_msgs', 'ld_library_path_lib')
[3.242s] INFO:colcon.colcon_core.shell:Creating environment hook '/home/f1tenth/realsense_ws/install/realsense2_camera_msgs/share/realsense2_camera_msgs/hook/ld_library_path_lib.ps1'
[3.244s] INFO:colcon.colcon_core.shell:Creating environment descriptor '/home/f1tenth/realsense_ws/install/realsense2_camera_msgs/share/realsense2_camera_msgs/hook/ld_library_path_lib.dsv'
[3.246s] INFO:colcon.colcon_core.shell:Creating environment hook '/home/f1tenth/realsense_ws/install/realsense2_camera_msgs/share/realsense2_camera_msgs/hook/ld_library_path_lib.sh'
[3.247s] Level 1:colcon.colcon_core.environment:checking '/home/f1tenth/realsense_ws/install/realsense2_camera_msgs/bin'
[3.248s] Level 1:colcon.colcon_core.environment:checking '/home/f1tenth/realsense_ws/install/realsense2_camera_msgs/lib/pkgconfig/realsense2_camera_msgs.pc'
[3.249s] Level 1:colcon.colcon_core.environment:checking '/home/f1tenth/realsense_ws/install/realsense2_camera_msgs/lib/python3.8/site-packages'
[3.249s] Level 1:colcon.colcon_core.shell:create_environment_hook('realsense2_camera_msgs', 'pythonpath')
[3.250s] INFO:colcon.colcon_core.shell:Creating environment hook '/home/f1tenth/realsense_ws/install/realsense2_camera_msgs/share/realsense2_camera_msgs/hook/pythonpath.ps1'
[3.251s] INFO:colcon.colcon_core.shell:Creating environment descriptor '/home/f1tenth/realsense_ws/install/realsense2_camera_msgs/share/realsense2_camera_msgs/hook/pythonpath.dsv'
[3.252s] INFO:colcon.colcon_core.shell:Creating environment hook '/home/f1tenth/realsense_ws/install/realsense2_camera_msgs/share/realsense2_camera_msgs/hook/pythonpath.sh'
[3.255s] Level 1:colcon.colcon_core.environment:checking '/home/f1tenth/realsense_ws/install/realsense2_camera_msgs/bin'
[3.256s] INFO:colcon.colcon_core.shell:Creating package script '/home/f1tenth/realsense_ws/install/realsense2_camera_msgs/share/realsense2_camera_msgs/package.ps1'
[3.259s] INFO:colcon.colcon_core.shell:Creating package descriptor '/home/f1tenth/realsense_ws/install/realsense2_camera_msgs/share/realsense2_camera_msgs/package.dsv'
[3.261s] INFO:colcon.colcon_core.shell:Creating package script '/home/f1tenth/realsense_ws/install/realsense2_camera_msgs/share/realsense2_camera_msgs/package.sh'
[3.264s] INFO:colcon.colcon_core.shell:Creating package script '/home/f1tenth/realsense_ws/install/realsense2_camera_msgs/share/realsense2_camera_msgs/package.bash'
[3.266s] INFO:colcon.colcon_core.shell:Creating package script '/home/f1tenth/realsense_ws/install/realsense2_camera_msgs/share/realsense2_camera_msgs/package.zsh'
[3.268s] Level 1:colcon.colcon_core.environment:create_file_with_runtime_dependencies(/home/f1tenth/realsense_ws/install/realsense2_camera_msgs/share/colcon-core/packages/realsense2_camera_msgs)
[3.271s] Level 1:colcon.colcon_core.environment:create_environment_scripts_only(realsense2_camera_msgs)
[3.272s] Level 1:colcon.colcon_core.environment:checking '/home/f1tenth/realsense_ws/install/realsense2_camera_msgs' for CMake module files
[3.275s] Level 1:colcon.colcon_core.environment:checking '/home/f1tenth/realsense_ws/install/realsense2_camera_msgs' for CMake config files
[3.277s] Level 1:colcon.colcon_core.shell:create_environment_hook('realsense2_camera_msgs', 'cmake_prefix_path')
[3.278s] INFO:colcon.colcon_core.shell:Creating environment hook '/home/f1tenth/realsense_ws/install/realsense2_camera_msgs/share/realsense2_camera_msgs/hook/cmake_prefix_path.ps1'
[3.280s] INFO:colcon.colcon_core.shell:Creating environment descriptor '/home/f1tenth/realsense_ws/install/realsense2_camera_msgs/share/realsense2_camera_msgs/hook/cmake_prefix_path.dsv'
[3.282s] INFO:colcon.colcon_core.shell:Creating environment hook '/home/f1tenth/realsense_ws/install/realsense2_camera_msgs/share/realsense2_camera_msgs/hook/cmake_prefix_path.sh'
[3.284s] Level 1:colcon.colcon_core.environment:checking '/home/f1tenth/realsense_ws/install/realsense2_camera_msgs/lib'
[3.284s] Level 1:colcon.colcon_core.shell:create_environment_hook('realsense2_camera_msgs', 'ld_library_path_lib')
[3.285s] INFO:colcon.colcon_core.shell:Creating environment hook '/home/f1tenth/realsense_ws/install/realsense2_camera_msgs/share/realsense2_camera_msgs/hook/ld_library_path_lib.ps1'
[3.286s] INFO:colcon.colcon_core.shell:Creating environment descriptor '/home/f1tenth/realsense_ws/install/realsense2_camera_msgs/share/realsense2_camera_msgs/hook/ld_library_path_lib.dsv'
[3.288s] INFO:colcon.colcon_core.shell:Creating environment hook '/home/f1tenth/realsense_ws/install/realsense2_camera_msgs/share/realsense2_camera_msgs/hook/ld_library_path_lib.sh'
[3.289s] Level 1:colcon.colcon_core.environment:checking '/home/f1tenth/realsense_ws/install/realsense2_camera_msgs/bin'
[3.289s] Level 1:colcon.colcon_core.environment:checking '/home/f1tenth/realsense_ws/install/realsense2_camera_msgs/lib/pkgconfig/realsense2_camera_msgs.pc'
[3.290s] Level 1:colcon.colcon_core.environment:checking '/home/f1tenth/realsense_ws/install/realsense2_camera_msgs/lib/python3.8/site-packages'
[3.290s] Level 1:colcon.colcon_core.shell:create_environment_hook('realsense2_camera_msgs', 'pythonpath')
[3.291s] INFO:colcon.colcon_core.shell:Creating environment hook '/home/f1tenth/realsense_ws/install/realsense2_camera_msgs/share/realsense2_camera_msgs/hook/pythonpath.ps1'
[3.292s] INFO:colcon.colcon_core.shell:Creating environment descriptor '/home/f1tenth/realsense_ws/install/realsense2_camera_msgs/share/realsense2_camera_msgs/hook/pythonpath.dsv'
[3.294s] INFO:colcon.colcon_core.shell:Creating environment hook '/home/f1tenth/realsense_ws/install/realsense2_camera_msgs/share/realsense2_camera_msgs/hook/pythonpath.sh'
[3.296s] Level 1:colcon.colcon_core.environment:checking '/home/f1tenth/realsense_ws/install/realsense2_camera_msgs/bin'
[3.297s] INFO:colcon.colcon_core.shell:Creating package script '/home/f1tenth/realsense_ws/install/realsense2_camera_msgs/share/realsense2_camera_msgs/package.ps1'
[3.299s] INFO:colcon.colcon_core.shell:Creating package descriptor '/home/f1tenth/realsense_ws/install/realsense2_camera_msgs/share/realsense2_camera_msgs/package.dsv'
[3.301s] INFO:colcon.colcon_core.shell:Creating package script '/home/f1tenth/realsense_ws/install/realsense2_camera_msgs/share/realsense2_camera_msgs/package.sh'
[3.303s] INFO:colcon.colcon_core.shell:Creating package script '/home/f1tenth/realsense_ws/install/realsense2_camera_msgs/share/realsense2_camera_msgs/package.bash'
[3.305s] INFO:colcon.colcon_core.shell:Creating package script '/home/f1tenth/realsense_ws/install/realsense2_camera_msgs/share/realsense2_camera_msgs/package.zsh'
[3.306s] Level 1:colcon.colcon_core.environment:create_file_with_runtime_dependencies(/home/f1tenth/realsense_ws/install/realsense2_camera_msgs/share/colcon-core/packages/realsense2_camera_msgs)
[3.308s] INFO:colcon.colcon_ros.task.ament_cmake.build:Building ROS package in '/home/f1tenth/realsense_ws/src/realsense-ros/realsense2_camera' with build type 'ament_cmake'
[3.308s] INFO:colcon.colcon_cmake.task.cmake.build:Building CMake package in '/home/f1tenth/realsense_ws/src/realsense-ros/realsense2_camera'
[3.310s] INFO:colcon.colcon_core.shell:Skip shell extension 'powershell' for command environment: Not usable outside of PowerShell
[3.310s] DEBUG:colcon.colcon_core.shell:Skip shell extension 'dsv' for command environment
[3.335s] INFO:colcon.colcon_ros.task.ament_cmake.build:Building ROS package in '/home/f1tenth/realsense_ws/src/realsense-ros/realsense2_description' with build type 'ament_cmake'
[3.338s] INFO:colcon.colcon_cmake.task.cmake.build:Building CMake package in '/home/f1tenth/realsense_ws/src/realsense-ros/realsense2_description'
[3.342s] INFO:colcon.colcon_core.shell:Skip shell extension 'powershell' for command environment: Not usable outside of PowerShell
[3.343s] DEBUG:colcon.colcon_core.shell:Skip shell extension 'dsv' for command environment
[3.397s] DEBUG:colcon.colcon_core.event_handler.log_command:Invoking command in '/home/f1tenth/realsense_ws/build/realsense2_camera': CMAKE_PREFIX_PATH=/home/f1tenth/realsense_ws/install/realsense2_camera_msgs:/home/f1tenth/realsense_ws/install/realsense2_description:/home/f1tenth/realsense_ws/install/realsense2_camera:/opt/ros/foxy LD_LIBRARY_PATH=/home/f1tenth/realsense_ws/install/realsense2_camera_msgs/lib:/home/f1tenth/realsense_ws/install/realsense2_camera/lib:/opt/ros/foxy/opt/yaml_cpp_vendor/lib:/opt/ros/foxy/opt/rviz_ogre_vendor/lib:/opt/ros/foxy/lib/aarch64-linux-gnu:/opt/ros/foxy/lib /usr/bin/cmake --build /home/f1tenth/realsense_ws/build/realsense2_camera -- -j4 -l4
[3.424s] DEBUG:colcon.colcon_core.event_handler.log_command:Invoking command in '/home/f1tenth/realsense_ws/build/realsense2_description': CMAKE_PREFIX_PATH=/home/f1tenth/realsense_ws/install/realsense2_camera_msgs:/home/f1tenth/realsense_ws/install/realsense2_description:/home/f1tenth/realsense_ws/install/realsense2_camera:/opt/ros/foxy LD_LIBRARY_PATH=/home/f1tenth/realsense_ws/install/realsense2_camera_msgs/lib:/home/f1tenth/realsense_ws/install/realsense2_camera/lib:/opt/ros/foxy/opt/yaml_cpp_vendor/lib:/opt/ros/foxy/opt/rviz_ogre_vendor/lib:/opt/ros/foxy/lib/aarch64-linux-gnu:/opt/ros/foxy/lib /usr/bin/cmake --build /home/f1tenth/realsense_ws/build/realsense2_description -- -j4 -l4
[3.585s] DEBUG:colcon.colcon_core.event_handler.log_command:Invoked command in '/home/f1tenth/realsense_ws/build/realsense2_description' returned '0': CMAKE_PREFIX_PATH=/home/f1tenth/realsense_ws/install/realsense2_camera_msgs:/home/f1tenth/realsense_ws/install/realsense2_description:/home/f1tenth/realsense_ws/install/realsense2_camera:/opt/ros/foxy LD_LIBRARY_PATH=/home/f1tenth/realsense_ws/install/realsense2_camera_msgs/lib:/home/f1tenth/realsense_ws/install/realsense2_camera/lib:/opt/ros/foxy/opt/yaml_cpp_vendor/lib:/opt/ros/foxy/opt/rviz_ogre_vendor/lib:/opt/ros/foxy/lib/aarch64-linux-gnu:/opt/ros/foxy/lib /usr/bin/cmake --build /home/f1tenth/realsense_ws/build/realsense2_description -- -j4 -l4
[3.590s] DEBUG:colcon.colcon_core.event_handler.log_command:Invoking command in '/home/f1tenth/realsense_ws/build/realsense2_description': CMAKE_PREFIX_PATH=/home/f1tenth/realsense_ws/install/realsense2_camera_msgs:/home/f1tenth/realsense_ws/install/realsense2_description:/home/f1tenth/realsense_ws/install/realsense2_camera:/opt/ros/foxy LD_LIBRARY_PATH=/home/f1tenth/realsense_ws/install/realsense2_camera_msgs/lib:/home/f1tenth/realsense_ws/install/realsense2_camera/lib:/opt/ros/foxy/opt/yaml_cpp_vendor/lib:/opt/ros/foxy/opt/rviz_ogre_vendor/lib:/opt/ros/foxy/lib/aarch64-linux-gnu:/opt/ros/foxy/lib /usr/bin/cmake --install /home/f1tenth/realsense_ws/build/realsense2_description
[3.662s] Level 1:colcon.colcon_core.environment:create_environment_scripts_only(realsense2_description)
[3.665s] Level 1:colcon.colcon_core.environment:checking '/home/f1tenth/realsense_ws/install/realsense2_description' for CMake module files
[3.667s] DEBUG:colcon.colcon_core.event_handler.log_command:Invoked command in '/home/f1tenth/realsense_ws/build/realsense2_description' returned '0': CMAKE_PREFIX_PATH=/home/f1tenth/realsense_ws/install/realsense2_camera_msgs:/home/f1tenth/realsense_ws/install/realsense2_description:/home/f1tenth/realsense_ws/install/realsense2_camera:/opt/ros/foxy LD_LIBRARY_PATH=/home/f1tenth/realsense_ws/install/realsense2_camera_msgs/lib:/home/f1tenth/realsense_ws/install/realsense2_camera/lib:/opt/ros/foxy/opt/yaml_cpp_vendor/lib:/opt/ros/foxy/opt/rviz_ogre_vendor/lib:/opt/ros/foxy/lib/aarch64-linux-gnu:/opt/ros/foxy/lib /usr/bin/cmake --install /home/f1tenth/realsense_ws/build/realsense2_description
[3.669s] Level 1:colcon.colcon_core.environment:checking '/home/f1tenth/realsense_ws/install/realsense2_description' for CMake config files
[3.672s] Level 1:colcon.colcon_core.shell:create_environment_hook('realsense2_description', 'cmake_prefix_path')
[3.674s] INFO:colcon.colcon_core.shell:Creating environment hook '/home/f1tenth/realsense_ws/install/realsense2_description/share/realsense2_description/hook/cmake_prefix_path.ps1'
[3.677s] INFO:colcon.colcon_core.shell:Creating environment descriptor '/home/f1tenth/realsense_ws/install/realsense2_description/share/realsense2_description/hook/cmake_prefix_path.dsv'
[3.679s] INFO:colcon.colcon_core.shell:Creating environment hook '/home/f1tenth/realsense_ws/install/realsense2_description/share/realsense2_description/hook/cmake_prefix_path.sh'
[3.682s] Level 1:colcon.colcon_core.environment:checking '/home/f1tenth/realsense_ws/install/realsense2_description/bin'
[3.682s] Level 1:colcon.colcon_core.environment:checking '/home/f1tenth/realsense_ws/install/realsense2_description/lib/pkgconfig/realsense2_description.pc'
[3.683s] Level 1:colcon.colcon_core.environment:checking '/home/f1tenth/realsense_ws/install/realsense2_description/lib/python3.8/site-packages'
[3.685s] Level 1:colcon.colcon_core.environment:checking '/home/f1tenth/realsense_ws/install/realsense2_description/bin'
[3.686s] INFO:colcon.colcon_core.shell:Creating package script '/home/f1tenth/realsense_ws/install/realsense2_description/share/realsense2_description/package.ps1'
[3.688s] INFO:colcon.colcon_core.shell:Creating package descriptor '/home/f1tenth/realsense_ws/install/realsense2_description/share/realsense2_description/package.dsv'
[3.690s] INFO:colcon.colcon_core.shell:Creating package script '/home/f1tenth/realsense_ws/install/realsense2_description/share/realsense2_description/package.sh'
[3.692s] INFO:colcon.colcon_core.shell:Creating package script '/home/f1tenth/realsense_ws/install/realsense2_description/share/realsense2_description/package.bash'
[3.696s] INFO:colcon.colcon_core.shell:Creating package script '/home/f1tenth/realsense_ws/install/realsense2_description/share/realsense2_description/package.zsh'
[3.698s] Level 1:colcon.colcon_core.environment:create_file_with_runtime_dependencies(/home/f1tenth/realsense_ws/install/realsense2_description/share/colcon-core/packages/realsense2_description)
[3.702s] Level 1:colcon.colcon_core.environment:create_environment_scripts_only(realsense2_description)
[3.704s] Level 1:colcon.colcon_core.environment:checking '/home/f1tenth/realsense_ws/install/realsense2_description' for CMake module files
[3.706s] Level 1:colcon.colcon_core.environment:checking '/home/f1tenth/realsense_ws/install/realsense2_description' for CMake config files
[3.707s] Level 1:colcon.colcon_core.shell:create_environment_hook('realsense2_description', 'cmake_prefix_path')
[3.708s] INFO:colcon.colcon_core.shell:Creating environment hook '/home/f1tenth/realsense_ws/install/realsense2_description/share/realsense2_description/hook/cmake_prefix_path.ps1'
[3.711s] INFO:colcon.colcon_core.shell:Creating environment descriptor '/home/f1tenth/realsense_ws/install/realsense2_description/share/realsense2_description/hook/cmake_prefix_path.dsv'
[3.713s] INFO:colcon.colcon_core.shell:Creating environment hook '/home/f1tenth/realsense_ws/install/realsense2_description/share/realsense2_description/hook/cmake_prefix_path.sh'
[3.717s] Level 1:colcon.colcon_core.environment:checking '/home/f1tenth/realsense_ws/install/realsense2_description/bin'
[3.717s] Level 1:colcon.colcon_core.environment:checking '/home/f1tenth/realsense_ws/install/realsense2_description/lib/pkgconfig/realsense2_description.pc'
[3.718s] Level 1:colcon.colcon_core.environment:checking '/home/f1tenth/realsense_ws/install/realsense2_description/lib/python3.8/site-packages'
[3.719s] Level 1:colcon.colcon_core.environment:checking '/home/f1tenth/realsense_ws/install/realsense2_description/bin'
[3.720s] INFO:colcon.colcon_core.shell:Creating package script '/home/f1tenth/realsense_ws/install/realsense2_description/share/realsense2_description/package.ps1'
[3.724s] INFO:colcon.colcon_core.shell:Creating package descriptor '/home/f1tenth/realsense_ws/install/realsense2_description/share/realsense2_description/package.dsv'
[3.727s] INFO:colcon.colcon_core.shell:Creating package script '/home/f1tenth/realsense_ws/install/realsense2_description/share/realsense2_description/package.sh'
[3.730s] INFO:colcon.colcon_core.shell:Creating package script '/home/f1tenth/realsense_ws/install/realsense2_description/share/realsense2_description/package.bash'
[3.734s] INFO:colcon.colcon_core.shell:Creating package script '/home/f1tenth/realsense_ws/install/realsense2_description/share/realsense2_description/package.zsh'
[3.737s] Level 1:colcon.colcon_core.environment:create_file_with_runtime_dependencies(/home/f1tenth/realsense_ws/install/realsense2_description/share/colcon-core/packages/realsense2_description)
[3.780s] DEBUG:colcon.colcon_core.event_handler.log_command:Invoked command in '/home/f1tenth/realsense_ws/build/realsense2_camera' returned '0': CMAKE_PREFIX_PATH=/home/f1tenth/realsense_ws/install/realsense2_camera_msgs:/home/f1tenth/realsense_ws/install/realsense2_description:/home/f1tenth/realsense_ws/install/realsense2_camera:/opt/ros/foxy LD_LIBRARY_PATH=/home/f1tenth/realsense_ws/install/realsense2_camera_msgs/lib:/home/f1tenth/realsense_ws/install/realsense2_camera/lib:/opt/ros/foxy/opt/yaml_cpp_vendor/lib:/opt/ros/foxy/opt/rviz_ogre_vendor/lib:/opt/ros/foxy/lib/aarch64-linux-gnu:/opt/ros/foxy/lib /usr/bin/cmake --build /home/f1tenth/realsense_ws/build/realsense2_camera -- -j4 -l4
[3.795s] DEBUG:colcon.colcon_core.event_handler.log_command:Invoking command in '/home/f1tenth/realsense_ws/build/realsense2_camera': CMAKE_PREFIX_PATH=/home/f1tenth/realsense_ws/install/realsense2_camera_msgs:/home/f1tenth/realsense_ws/install/realsense2_description:/home/f1tenth/realsense_ws/install/realsense2_camera:/opt/ros/foxy LD_LIBRARY_PATH=/home/f1tenth/realsense_ws/install/realsense2_camera_msgs/lib:/home/f1tenth/realsense_ws/install/realsense2_camera/lib:/opt/ros/foxy/opt/yaml_cpp_vendor/lib:/opt/ros/foxy/opt/rviz_ogre_vendor/lib:/opt/ros/foxy/lib/aarch64-linux-gnu:/opt/ros/foxy/lib /usr/bin/cmake --install /home/f1tenth/realsense_ws/build/realsense2_camera
[3.843s] Level 1:colcon.colcon_core.environment:create_environment_scripts_only(realsense2_camera)
[3.846s] Level 1:colcon.colcon_core.environment:checking '/home/f1tenth/realsense_ws/install/realsense2_camera' for CMake module files
[3.848s] DEBUG:colcon.colcon_core.event_handler.log_command:Invoked command in '/home/f1tenth/realsense_ws/build/realsense2_camera' returned '0': CMAKE_PREFIX_PATH=/home/f1tenth/realsense_ws/install/realsense2_camera_msgs:/home/f1tenth/realsense_ws/install/realsense2_description:/home/f1tenth/realsense_ws/install/realsense2_camera:/opt/ros/foxy LD_LIBRARY_PATH=/home/f1tenth/realsense_ws/install/realsense2_camera_msgs/lib:/home/f1tenth/realsense_ws/install/realsense2_camera/lib:/opt/ros/foxy/opt/yaml_cpp_vendor/lib:/opt/ros/foxy/opt/rviz_ogre_vendor/lib:/opt/ros/foxy/lib/aarch64-linux-gnu:/opt/ros/foxy/lib /usr/bin/cmake --install /home/f1tenth/realsense_ws/build/realsense2_camera
[3.851s] Level 1:colcon.colcon_core.environment:checking '/home/f1tenth/realsense_ws/install/realsense2_camera' for CMake config files
[3.853s] Level 1:colcon.colcon_core.shell:create_environment_hook('realsense2_camera', 'cmake_prefix_path')
[3.855s] INFO:colcon.colcon_core.shell:Creating environment hook '/home/f1tenth/realsense_ws/install/realsense2_camera/share/realsense2_camera/hook/cmake_prefix_path.ps1'
[3.858s] INFO:colcon.colcon_core.shell:Creating environment descriptor '/home/f1tenth/realsense_ws/install/realsense2_camera/share/realsense2_camera/hook/cmake_prefix_path.dsv'
[3.859s] INFO:colcon.colcon_core.shell:Creating environment hook '/home/f1tenth/realsense_ws/install/realsense2_camera/share/realsense2_camera/hook/cmake_prefix_path.sh'
[3.862s] Level 1:colcon.colcon_core.environment:checking '/home/f1tenth/realsense_ws/install/realsense2_camera/lib'
[3.862s] Level 1:colcon.colcon_core.shell:create_environment_hook('realsense2_camera', 'ld_library_path_lib')
[3.863s] INFO:colcon.colcon_core.shell:Creating environment hook '/home/f1tenth/realsense_ws/install/realsense2_camera/share/realsense2_camera/hook/ld_library_path_lib.ps1'
[3.868s] INFO:colcon.colcon_core.shell:Creating environment descriptor '/home/f1tenth/realsense_ws/install/realsense2_camera/share/realsense2_camera/hook/ld_library_path_lib.dsv'
[3.869s] INFO:colcon.colcon_core.shell:Creating environment hook '/home/f1tenth/realsense_ws/install/realsense2_camera/share/realsense2_camera/hook/ld_library_path_lib.sh'
[3.871s] Level 1:colcon.colcon_core.environment:checking '/home/f1tenth/realsense_ws/install/realsense2_camera/bin'
[3.871s] Level 1:colcon.colcon_core.environment:checking '/home/f1tenth/realsense_ws/install/realsense2_camera/lib/pkgconfig/realsense2_camera.pc'
[3.872s] Level 1:colcon.colcon_core.environment:checking '/home/f1tenth/realsense_ws/install/realsense2_camera/lib/python3.8/site-packages'
[3.873s] Level 1:colcon.colcon_core.environment:checking '/home/f1tenth/realsense_ws/install/realsense2_camera/bin'
[3.874s] INFO:colcon.colcon_core.shell:Creating package script '/home/f1tenth/realsense_ws/install/realsense2_camera/share/realsense2_camera/package.ps1'
[3.876s] INFO:colcon.colcon_core.shell:Creating package descriptor '/home/f1tenth/realsense_ws/install/realsense2_camera/share/realsense2_camera/package.dsv'
[3.878s] INFO:colcon.colcon_core.shell:Creating package script '/home/f1tenth/realsense_ws/install/realsense2_camera/share/realsense2_camera/package.sh'
[3.881s] INFO:colcon.colcon_core.shell:Creating package script '/home/f1tenth/realsense_ws/install/realsense2_camera/share/realsense2_camera/package.bash'
[3.883s] INFO:colcon.colcon_core.shell:Creating package script '/home/f1tenth/realsense_ws/install/realsense2_camera/share/realsense2_camera/package.zsh'
[3.885s] Level 1:colcon.colcon_core.environment:create_file_with_runtime_dependencies(/home/f1tenth/realsense_ws/install/realsense2_camera/share/colcon-core/packages/realsense2_camera)
[3.888s] Level 1:colcon.colcon_core.environment:create_environment_scripts_only(realsense2_camera)
[3.889s] Level 1:colcon.colcon_core.environment:checking '/home/f1tenth/realsense_ws/install/realsense2_camera' for CMake module files
[3.891s] Level 1:colcon.colcon_core.environment:checking '/home/f1tenth/realsense_ws/install/realsense2_camera' for CMake config files
[3.893s] Level 1:colcon.colcon_core.shell:create_environment_hook('realsense2_camera', 'cmake_prefix_path')
[3.893s] INFO:colcon.colcon_core.shell:Creating environment hook '/home/f1tenth/realsense_ws/install/realsense2_camera/share/realsense2_camera/hook/cmake_prefix_path.ps1'
[3.895s] INFO:colcon.colcon_core.shell:Creating environment descriptor '/home/f1tenth/realsense_ws/install/realsense2_camera/share/realsense2_camera/hook/cmake_prefix_path.dsv'
[3.896s] INFO:colcon.colcon_core.shell:Creating environment hook '/home/f1tenth/realsense_ws/install/realsense2_camera/share/realsense2_camera/hook/cmake_prefix_path.sh'
[3.898s] Level 1:colcon.colcon_core.environment:checking '/home/f1tenth/realsense_ws/install/realsense2_camera/lib'
[3.899s] Level 1:colcon.colcon_core.shell:create_environment_hook('realsense2_camera', 'ld_library_path_lib')
[3.900s] INFO:colcon.colcon_core.shell:Creating environment hook '/home/f1tenth/realsense_ws/install/realsense2_camera/share/realsense2_camera/hook/ld_library_path_lib.ps1'
[3.901s] INFO:colcon.colcon_core.shell:Creating environment descriptor '/home/f1tenth/realsense_ws/install/realsense2_camera/share/realsense2_camera/hook/ld_library_path_lib.dsv'
[3.903s] INFO:colcon.colcon_core.shell:Creating environment hook '/home/f1tenth/realsense_ws/install/realsense2_camera/share/realsense2_camera/hook/ld_library_path_lib.sh'
[3.905s] Level 1:colcon.colcon_core.environment:checking '/home/f1tenth/realsense_ws/install/realsense2_camera/bin'
[3.906s] Level 1:colcon.colcon_core.environment:checking '/home/f1tenth/realsense_ws/install/realsense2_camera/lib/pkgconfig/realsense2_camera.pc'
[3.906s] Level 1:colcon.colcon_core.environment:checking '/home/f1tenth/realsense_ws/install/realsense2_camera/lib/python3.8/site-packages'
[3.907s] Level 1:colcon.colcon_core.environment:checking '/home/f1tenth/realsense_ws/install/realsense2_camera/bin'
[3.909s] INFO:colcon.colcon_core.shell:Creating package script '/home/f1tenth/realsense_ws/install/realsense2_camera/share/realsense2_camera/package.ps1'
[3.911s] INFO:colcon.colcon_core.shell:Creating package descriptor '/home/f1tenth/realsense_ws/install/realsense2_camera/share/realsense2_camera/package.dsv'
[3.913s] INFO:colcon.colcon_core.shell:Creating package script '/home/f1tenth/realsense_ws/install/realsense2_camera/share/realsense2_camera/package.sh'
[3.915s] INFO:colcon.colcon_core.shell:Creating package script '/home/f1tenth/realsense_ws/install/realsense2_camera/share/realsense2_camera/package.bash'
[3.918s] INFO:colcon.colcon_core.shell:Creating package script '/home/f1tenth/realsense_ws/install/realsense2_camera/share/realsense2_camera/package.zsh'
[3.920s] Level 1:colcon.colcon_core.environment:create_file_with_runtime_dependencies(/home/f1tenth/realsense_ws/install/realsense2_camera/share/colcon-core/packages/realsense2_camera)
[3.921s] DEBUG:colcon.colcon_parallel_executor.executor.parallel:closing loop
[3.923s] DEBUG:colcon.colcon_parallel_executor.executor.parallel:loop closed
[3.923s] DEBUG:colcon.colcon_parallel_executor.executor.parallel:run_until_complete finished with '0'
[3.924s] DEBUG:colcon.colcon_core.event_reactor:joining thread
[3.945s] INFO:colcon.colcon_core.plugin_system:Skipping extension 'colcon_notification.desktop_notification.terminal_notifier': Not used on non-Darwin systems
[3.946s] INFO:colcon.colcon_core.plugin_system:Skipping extension 'colcon_notification.desktop_notification.win32': Not used on non-Windows systems
[3.946s] INFO:colcon.colcon_notification.desktop_notification:Sending desktop notification using 'notify2'
[4.013s] DEBUG:colcon.colcon_core.event_reactor:joined thread
[4.015s] INFO:colcon.colcon_core.shell:Creating prefix script '/home/f1tenth/realsense_ws/install/local_setup.ps1'
[4.019s] INFO:colcon.colcon_core.shell:Creating prefix util module '/home/f1tenth/realsense_ws/install/_local_setup_util_ps1.py'
[4.024s] INFO:colcon.colcon_core.shell:Creating prefix chain script '/home/f1tenth/realsense_ws/install/setup.ps1'
[4.029s] INFO:colcon.colcon_core.shell:Creating prefix script '/home/f1tenth/realsense_ws/install/local_setup.sh'
[4.032s] INFO:colcon.colcon_core.shell:Creating prefix util module '/home/f1tenth/realsense_ws/install/_local_setup_util_sh.py'
[4.034s] INFO:colcon.colcon_core.shell:Creating prefix chain script '/home/f1tenth/realsense_ws/install/setup.sh'
[4.039s] INFO:colcon.colcon_core.shell:Creating prefix script '/home/f1tenth/realsense_ws/install/local_setup.bash'
[4.041s] INFO:colcon.colcon_core.shell:Creating prefix chain script '/home/f1tenth/realsense_ws/install/setup.bash'
[4.045s] INFO:colcon.colcon_core.shell:Creating prefix script '/home/f1tenth/realsense_ws/install/local_setup.zsh'
[4.047s] INFO:colcon.colcon_core.shell:Creating prefix chain script '/home/f1tenth/realsense_ws/install/setup.zsh'
